=== Train: beta=1e-3 latent_dim=64 (no phase) ===
Device: cpu
Loading data...
  20729 cells, 3725 genes, 35 perturbations
  Filtering 1 cells with unknown perturbation assignment.
  Extra covariates: 14 dims (3 continuous + 11 categorical OHE)
Log1p-normalizing expression data...
  Train: 17635 cells | Val: 3093 cells

Model: 3725 genes | 34 perturbations | latent_dim=64
  Trainable parameters: 9,064,717

Training for up to 100 epochs (early stop patience=15)...

 Epoch   Train Total   Train Recon    Train KL   Val Total   Val Recon        LR    Time
------------------------------------------------------------------------------------------
     1        0.1953        0.1946      0.7543      0.1448      0.1446   1.0e-03    2.6s
     2        0.1491        0.1489      0.1907      0.1433      0.1432   1.0e-03    2.7s
     3        0.1461        0.1460      0.1449      0.1423      0.1421   1.0e-03    2.8s
     4        0.1444        0.1443      0.0989      0.1412      0.1411   1.0e-03    2.7s
     5        0.1421        0.1420      0.1634      0.1395      0.1394   1.0e-03    2.7s
     6        0.1386        0.1383      0.2455      0.1360      0.1358   1.0e-03    2.7s
     7        0.1357        0.1355      0.2284      0.1345      0.1342   1.0e-03    2.7s
     8        0.1339        0.1335      0.3250      0.1325      0.1322   1.0e-03    2.7s
     9        0.1320        0.1316      0.3779      0.1308      0.1304   1.0e-03    2.7s
    10        0.1294        0.1290      0.4055      0.1283      0.1279   1.0e-03    2.7s
    11        0.1278        0.1274      0.4418      0.1271      0.1267   1.0e-03    2.8s
    12        0.1268        0.1263      0.4842      0.1261      0.1257   1.0e-03    2.7s
    13        0.1259        0.1255      0.4917      0.1253      0.1248   1.0e-03    2.7s
    14        0.1249        0.1244      0.5077      0.1247      0.1242   1.0e-03    2.7s
    15        0.1242        0.1237      0.5360      0.1242      0.1236   1.0e-03    2.8s
    16        0.1236        0.1231      0.5372      0.1233      0.1228   1.0e-03    2.7s
    17        0.1229        0.1223      0.5548      0.1225      0.1220   1.0e-03    2.7s
    18        0.1221        0.1216      0.5682      0.1219      0.1213   1.0e-03    2.7s
    19        0.1215        0.1209      0.5947      0.1212      0.1206   1.0e-03    2.8s
    20        0.1208        0.1202      0.6075      0.1205      0.1199   1.0e-03    2.8s
    21        0.1202        0.1196      0.6299      0.1201      0.1194   1.0e-03    2.8s
    22        0.1197        0.1190      0.6299      0.1196      0.1190   1.0e-03    2.8s
    23        0.1193        0.1187      0.6264      0.1195      0.1189   1.0e-03    2.8s
    24        0.1189        0.1183      0.6192      0.1192      0.1186   1.0e-03    2.8s
    25        0.1185        0.1179      0.6167      0.1188      0.1182   1.0e-03    2.8s
    26        0.1183        0.1177      0.6162      0.1185      0.1179   1.0e-03    2.8s
    27        0.1179        0.1173      0.6142      0.1183      0.1177   1.0e-03    2.9s
    28        0.1177        0.1170      0.6161      0.1180      0.1174   1.0e-03    2.8s
    29        0.1175        0.1168      0.6182      0.1176      0.1170   1.0e-03    2.8s
    30        0.1171        0.1164      0.6215      0.1174      0.1168   1.0e-03    2.8s
    31        0.1167        0.1161      0.6300      0.1170      0.1164   1.0e-03    2.8s
    32        0.1165        0.1158      0.6337      0.1168      0.1162   1.0e-03    2.8s
    33        0.1161        0.1155      0.6344      0.1165      0.1159   1.0e-03    2.7s
    34        0.1159        0.1152      0.6293      0.1164      0.1158   1.0e-03    2.9s
    35        0.1157        0.1150      0.6262      0.1162      0.1155   1.0e-03    2.7s
    36        0.1155        0.1149      0.6232      0.1161      0.1155   1.0e-03    2.8s
    37        0.1153        0.1147      0.6165      0.1162      0.1156   1.0e-03    2.8s
    38        0.1151        0.1145      0.6101      0.1160      0.1154   1.0e-03    2.7s
    39        0.1151        0.1145      0.6070      0.1160      0.1153   1.0e-03    2.8s
    40        0.1148        0.1142      0.6072      0.1157      0.1152   1.0e-03    2.7s
    41        0.1147        0.1141      0.6027      0.1157      0.1151   1.0e-03    2.7s
    42        0.1146        0.1140      0.6066      0.1156      0.1150   1.0e-03    2.8s
    43        0.1145        0.1139      0.6018      0.1155      0.1149   1.0e-03    2.7s
    44        0.1142        0.1136      0.6027      0.1154      0.1148   1.0e-03    2.7s
    45        0.1141        0.1135      0.6045      0.1153      0.1148   1.0e-03    2.8s
    46        0.1140        0.1134      0.6024      0.1153      0.1147   1.0e-03    2.8s
    47        0.1138        0.1132      0.6005      0.1151      0.1145   1.0e-03    2.8s
    48        0.1138        0.1132      0.6022      0.1151      0.1145   1.0e-03    2.8s
    49        0.1136        0.1130      0.6010      0.1152      0.1146   1.0e-03    2.8s
    50        0.1135        0.1129      0.6037      0.1151      0.1145   1.0e-03    2.8s
    51        0.1134        0.1128      0.5976      0.1149      0.1143   1.0e-03    2.7s
    52        0.1133        0.1127      0.5979      0.1149      0.1143   1.0e-03    2.7s
    53        0.1132        0.1126      0.6005      0.1149      0.1143   1.0e-03    2.7s
    54        0.1131        0.1125      0.5959      0.1149      0.1143   1.0e-03    2.7s
    55        0.1130        0.1124      0.5977      0.1149      0.1143   1.0e-03    2.7s
    56        0.1129        0.1123      0.5951      0.1148      0.1142   1.0e-03    2.7s
    57        0.1128        0.1122      0.5893      0.1147      0.1141   1.0e-03    2.8s
    58        0.1127        0.1121      0.5863      0.1146      0.1141   1.0e-03    2.8s
    59        0.1126        0.1120      0.5897      0.1147      0.1141   1.0e-03    2.7s
    60        0.1126        0.1120      0.5833      0.1146      0.1140   1.0e-03    2.7s
    61        0.1124        0.1118      0.5825      0.1147      0.1142   1.0e-03    2.8s
    62        0.1124        0.1118      0.5799      0.1146      0.1140   1.0e-03    2.8s
    63        0.1123        0.1117      0.5801      0.1145      0.1140   1.0e-03    2.8s
    64        0.1122        0.1116      0.5795      0.1145      0.1140   1.0e-03    2.7s
    65        0.1120        0.1115      0.5749      0.1146      0.1140   1.0e-03    2.8s
    66        0.1121        0.1115      0.5742      0.1146      0.1140   1.0e-03    2.9s
    67        0.1119        0.1114      0.5755      0.1146      0.1140   1.0e-03    2.8s
    68        0.1119        0.1114      0.5751      0.1146      0.1140   1.0e-03    2.8s
    69        0.1119        0.1114      0.5748      0.1145      0.1140   5.0e-04    2.7s
    70        0.1114        0.1109      0.5738      0.1143      0.1137   5.0e-04    2.7s
    71        0.1113        0.1107      0.5742      0.1143      0.1137   5.0e-04    2.7s
    72        0.1113        0.1107      0.5722      0.1143      0.1137   5.0e-04    2.8s
    73        0.1112        0.1106      0.5720      0.1143      0.1138   5.0e-04    2.7s
    74        0.1112        0.1106      0.5728      0.1143      0.1138   5.0e-04    2.7s
    75        0.1111        0.1105      0.5720      0.1143      0.1138   5.0e-04    2.8s
    76        0.1111        0.1105      0.5702      0.1143      0.1137   5.0e-04    2.8s
    77        0.1111        0.1105      0.5721      0.1144      0.1138   2.5e-04    2.8s
    78        0.1108        0.1103      0.5700      0.1143      0.1137   2.5e-04    2.6s
    79        0.1108        0.1102      0.5703      0.1143      0.1137   2.5e-04    2.8s
    80        0.1107        0.1101      0.5710      0.1143      0.1137   2.5e-04    2.8s
    81        0.1107        0.1101      0.5721      0.1142      0.1137   2.5e-04    2.7s
    82        0.1107        0.1101      0.5707      0.1142      0.1137   2.5e-04    2.7s
    83        0.1107        0.1101      0.5704      0.1143      0.1137   2.5e-04    2.7s
    84        0.1108        0.1102      0.5695      0.1143      0.1137   2.5e-04    2.7s
    85        0.1106        0.1100      0.5692      0.1142      0.1137   2.5e-04    2.7s
    86        0.1106        0.1101      0.5716      0.1143      0.1137   2.5e-04    2.7s
    87        0.1106        0.1100      0.5701      0.1143      0.1138   1.3e-04    2.7s
    88        0.1106        0.1100      0.5675      0.1142      0.1137   1.3e-04    2.7s
    89        0.1104        0.1099      0.5687      0.1142      0.1137   1.3e-04    2.8s
    90        0.1104        0.1098      0.5707      0.1143      0.1137   1.3e-04    2.7s
    91        0.1105        0.1099      0.5693      0.1143      0.1137   1.3e-04    2.7s
    92        0.1103        0.1098      0.5688      0.1142      0.1137   1.3e-04    2.7s
    93        0.1104        0.1098      0.5674      0.1142      0.1137   1.3e-04    2.8s
    94        0.1104        0.1098      0.5679      0.1143      0.1137   6.3e-05    2.8s
    95        0.1102        0.1097      0.5665      0.1142      0.1137   6.3e-05    2.8s
    96        0.1103        0.1098      0.5681      0.1142      0.1137   6.3e-05    2.7s
    97        0.1103        0.1097      0.5678      0.1142      0.1136   6.3e-05    2.7s
    98        0.1103        0.1098      0.5677      0.1143      0.1137   6.3e-05    2.7s
    99        0.1103        0.1097      0.5702      0.1142      0.1136   6.3e-05    2.7s
   100        0.1102        0.1097      0.5697      0.1142      0.1136   3.1e-05    2.8s

Done. Best val loss: 0.1142
Checkpoints and logs saved to: /project/xuanyao/jiaming/deeplearning/results_papalexi_nophase/beta1e-3_dim64
=== Analyze ===
Device: cpu
Loading data...
  20729 cells, 3725 genes, 34 perturbations
Log1p-normalizing...
  Filtering 1 cells with unknown perturbation.

Loading model from model_best.pt...

[1/4] Computing latent embeddings...
  Silhouette score (perturbation clusters, excl. NTC): -0.0451
Running UMAP (this may take a few minutes)...
UMAP(min_dist=0.3, n_jobs=1, n_neighbors=30, random_state=42, verbose=True)
Fri May 15 13:11:44 2026 Construct fuzzy simplicial set
Fri May 15 13:11:44 2026 Finding Nearest Neighbors
Fri May 15 13:11:44 2026 Building RP forest with 12 trees
Fri May 15 13:11:49 2026 NN descent for 14 iterations
	 1  /  14
	 2  /  14
	 3  /  14
	Stopping threshold met -- exiting after 3 iterations
Fri May 15 13:12:00 2026 Finished Nearest Neighbor Search
Fri May 15 13:12:04 2026 Construct embedding
	completed  0  /  200 epochs
	completed  20  /  200 epochs
	completed  40  /  200 epochs
	completed  60  /  200 epochs
	completed  80  /  200 epochs
	completed  100  /  200 epochs
	completed  120  /  200 epochs
	completed  140  /  200 epochs
	completed  160  /  200 epochs
	completed  180  /  200 epochs
Fri May 15 13:12:23 2026 Finished embedding
  Saved: /project/xuanyao/jiaming/deeplearning/results_papalexi_nophase/beta1e-3_dim64/figures/umap_latent.png
  Saved covariate UMAPs: umap_n_nonzero.png, umap_n_umis.png, umap_lane.png, umap_bio_rep.png, umap_phase.png, umap_p_mito.png
Running expression-PCA UMAP for covariate verification...
  Saved expression UMAP covariates: umap_expr_n_nonzero.png, umap_expr_n_umis.png, umap_expr_lane.png, umap_expr_bio_rep.png, umap_expr_phase.png, umap_expr_p_mito.png
  Saved: /project/xuanyao/jiaming/deeplearning/results_papalexi_nophase/beta1e-3_dim64/figures/umap_per_perturbation.png

[2/4] Computing perturbation response scores (decode Δ vs NTC avg of 9 guides: ['NTg1', 'NTg10', 'NTg2', 'NTg3', 'NTg4']...)...
  NTg1                 (  303 cells) response range: [-0.098, 0.026] [NTC]
  NTg10                (  235 cells) response range: [-0.026, 0.056] [NTC]
  NTg2                 (  106 cells) response range: [-0.067, 0.035] [NTC]
  NTg3                 (  244 cells) response range: [-0.023, 0.022] [NTC]
  NTg4                 (  431 cells) response range: [-0.029, 0.063] [NTC]
  NTg5                 (  305 cells) response range: [-0.035, 0.038] [NTC]
  NTg7                 (  445 cells) response range: [-0.027, 0.029] [NTC]
  NTg8                 (   56 cells) response range: [-0.047, 0.039] [NTC]
  NTg9                 (  261 cells) response range: [-0.018, 0.029] [NTC]
  tar-ATF2             ( 1102 cells) response range: [-0.019, 0.029]
  tar-BRD4             (  341 cells) response range: [-0.277, 0.171]
  tar-CAV1             (  882 cells) response range: [-0.018, 0.030]
  tar-CD86             ( 1197 cells) response range: [-0.046, 0.015]
  tar-CMTM6            (  817 cells) response range: [-0.025, 0.022]
  tar-CUL3             (  274 cells) response range: [-0.088, 0.102]
  tar-ETV7             (  841 cells) response range: [-0.038, 0.076]
  tar-IFNGR1           ( 1341 cells) response range: [-0.802, 0.302]
  tar-IFNGR2           ( 1213 cells) response range: [-0.796, 0.289]
  tar-IRF1             ( 1073 cells) response range: [-0.840, 0.617]
  tar-IRF7             (  614 cells) response range: [-0.019, 0.033]
  tar-JAK2             ( 1024 cells) response range: [-0.929, 0.344]
  tar-MARCH8           ( 1003 cells) response range: [-0.020, 0.033]
  tar-MYC              (  108 cells) response range: [-0.093, 0.074]
  tar-NFKBIA           (  787 cells) response range: [-0.046, 0.030]
  tar-PDCD1LG2         (  617 cells) response range: [-0.025, 0.022]
  tar-POU2F2           (  662 cells) response range: [-0.020, 0.032]
  tar-SMAD4            (  659 cells) response range: [-0.564, 0.520]
  tar-SPI1             (   48 cells) response range: [-0.170, 0.109]
  tar-STAT1            (  444 cells) response range: [-0.685, 0.263]
  tar-STAT2            (  661 cells) response range: [-0.531, 0.123]
  tar-STAT3            (  493 cells) response range: [-0.024, 0.029]
  tar-STAT5A           (  659 cells) response range: [-0.033, 0.024]
  tar-TNFRSF14         (  964 cells) response range: [-0.037, 0.048]
  tar-UBE2L6           (  518 cells) response range: [-0.034, 0.060]
  NTC null: mean |response| per gene = 0.0022  std across NTC guides = 0.0026
  Saved: /project/xuanyao/jiaming/deeplearning/results_papalexi_nophase/beta1e-3_dim64/response_scores.csv
  Saved: /project/xuanyao/jiaming/deeplearning/results_papalexi_nophase/beta1e-3_dim64/figures/gene_response_heatmap.png
  Saved: /project/xuanyao/jiaming/deeplearning/results_papalexi_nophase/beta1e-3_dim64/figures/effect_size_vs_null.png
  NTC noise floor (mean+2SD): 0.0030
  Saved: /project/xuanyao/jiaming/deeplearning/results_papalexi_nophase/beta1e-3_dim64/figures/top_genes_per_pert.png

[3/4] Clustering perturbations by response vectors...
  Saved: /project/xuanyao/jiaming/deeplearning/results_papalexi_nophase/beta1e-3_dim64/figures/perturbation_clustermap.png

[4/4] Running hallmark pathway enrichment...
  Saved: /project/xuanyao/jiaming/deeplearning/results_papalexi_nophase/beta1e-3_dim64/figures/pathway_enrichment.png

[Bonus] Comparing CVAE response vs naive differential expression...
  Mean Spearman ρ (CVAE vs DE): 0.541
  Mean top-20 gene overlap:     6.6/20
  Saved: /project/xuanyao/jiaming/deeplearning/results_papalexi_nophase/beta1e-3_dim64/cvae_vs_de_comparison.csv

All figures saved to: /project/xuanyao/jiaming/deeplearning/results_papalexi_nophase/beta1e-3_dim64/figures
Done!
Done: beta1e-3_dim64
