=== Train: beta=0.1 latent_dim=256 (no perturbation) ===
Device: cpu
Loading data...
  20729 cells, 3725 genes, 35 perturbations
  Filtering 1 cells with unknown perturbation assignment.
  Extra covariates: 17 dims (3 continuous + 14 categorical OHE)
Log1p-normalizing expression data...
  Train: 17635 cells | Val: 3093 cells

Model: 3725 genes | 34 perturbations | latent_dim=256
  Trainable parameters: 9,216,397

Training for up to 100 epochs (early stop patience=15)...

 Epoch   Train Total   Train Recon    Train KL   Val Total   Val Recon        LR    Time
------------------------------------------------------------------------------------------
     1        0.2004        0.1978      0.0264      0.1447      0.1446   1.0e-03    2.6s
     2        0.1495        0.1491      0.0044      0.1435      0.1435   1.0e-03    2.8s
     3        0.1470        0.1467      0.0031      0.1447      0.1447   1.0e-03    2.9s
     4        0.1450        0.1448      0.0023      0.1445      0.1445   1.0e-03    2.9s
     5        0.1438        0.1436      0.0017      0.1435      0.1435   1.0e-03    3.0s
     6        0.1421        0.1420      0.0012      0.1431      0.1430   1.0e-03    3.0s
     7        0.1399        0.1398      0.0008      0.1421      0.1421   1.0e-03    3.0s
     8        0.1386        0.1383      0.0028      0.1385      0.1379   1.0e-03    3.0s
     9        0.1367        0.1361      0.0067      0.1394      0.1388   1.0e-03    3.0s
    10        0.1358        0.1350      0.0073      0.1376      0.1368   1.0e-03    3.0s
    11        0.1351        0.1343      0.0080      0.1366      0.1358   1.0e-03    3.0s
    12        0.1344        0.1335      0.0087      0.1356      0.1347   1.0e-03    3.0s
    13        0.1338        0.1328      0.0092      0.1343      0.1335   1.0e-03    3.0s
    14        0.1331        0.1322      0.0097      0.1333      0.1323   1.0e-03    3.0s
    15        0.1324        0.1313      0.0115      0.1321      0.1309   1.0e-03    3.0s
    16        0.1313        0.1299      0.0135      0.1306      0.1293   1.0e-03    2.9s
    17        0.1303        0.1289      0.0143      0.1304      0.1289   1.0e-03    2.9s
    18        0.1296        0.1281      0.0147      0.1294      0.1280   1.0e-03    3.0s
    19        0.1289        0.1275      0.0144      0.1294      0.1280   1.0e-03    3.0s
    20        0.1284        0.1269      0.0146      0.1286      0.1272   1.0e-03    3.1s
    21        0.1281        0.1267      0.0144      0.1285      0.1270   1.0e-03    3.1s
    22        0.1279        0.1264      0.0147      0.1282      0.1268   1.0e-03    3.1s
    23        0.1275        0.1260      0.0149      0.1280      0.1265   1.0e-03    3.0s
    24        0.1273        0.1258      0.0152      0.1278      0.1263   1.0e-03    3.1s
    25        0.1272        0.1257      0.0153      0.1275      0.1260   1.0e-03    3.0s
    26        0.1270        0.1254      0.0157      0.1274      0.1257   1.0e-03    3.1s
    27        0.1268        0.1252      0.0157      0.1273      0.1257   1.0e-03    3.0s
    28        0.1267        0.1251      0.0160      0.1271      0.1255   1.0e-03    3.0s
    29        0.1266        0.1250      0.0161      0.1269      0.1253   1.0e-03    3.0s
    30        0.1264        0.1248      0.0165      0.1266      0.1250   1.0e-03    3.0s
    31        0.1262        0.1245      0.0168      0.1266      0.1249   1.0e-03    3.1s
    32        0.1260        0.1243      0.0170      0.1265      0.1248   1.0e-03    3.0s
    33        0.1258        0.1241      0.0174      0.1259      0.1242   1.0e-03    2.9s
    34        0.1255        0.1237      0.0178      0.1258      0.1240   1.0e-03    3.0s
    35        0.1253        0.1235      0.0182      0.1257      0.1238   1.0e-03    3.1s
    36        0.1251        0.1232      0.0185      0.1254      0.1236   1.0e-03    3.1s
    37        0.1248        0.1229      0.0184      0.1252      0.1233   1.0e-03    3.0s
    38        0.1245        0.1227      0.0185      0.1252      0.1234   1.0e-03    3.0s
    39        0.1244        0.1226      0.0185      0.1249      0.1231   1.0e-03    3.0s
    40        0.1242        0.1224      0.0185      0.1250      0.1231   1.0e-03    3.0s
    41        0.1241        0.1222      0.0187      0.1247      0.1229   1.0e-03    3.0s
    42        0.1239        0.1220      0.0189      0.1245      0.1226   1.0e-03    3.1s
    43        0.1239        0.1220      0.0191      0.1243      0.1225   1.0e-03    3.1s
    44        0.1236        0.1217      0.0191      0.1243      0.1224   1.0e-03    3.0s
    45        0.1237        0.1218      0.0194      0.1242      0.1223   1.0e-03    3.1s
    46        0.1235        0.1216      0.0195      0.1242      0.1223   1.0e-03    3.1s
    47        0.1234        0.1214      0.0195      0.1241      0.1222   1.0e-03    3.1s
    48        0.1233        0.1213      0.0197      0.1241      0.1221   1.0e-03    3.0s
    49        0.1232        0.1212      0.0199      0.1241      0.1221   1.0e-03    2.9s
    50        0.1231        0.1211      0.0199      0.1241      0.1221   1.0e-03    3.0s
    51        0.1230        0.1210      0.0201      0.1239      0.1220   1.0e-03    3.1s
    52        0.1229        0.1209      0.0201      0.1239      0.1219   1.0e-03    3.0s
    53        0.1230        0.1209      0.0203      0.1238      0.1218   1.0e-03    3.0s
    54        0.1228        0.1208      0.0205      0.1239      0.1218   1.0e-03    3.0s
    55        0.1228        0.1207      0.0209      0.1236      0.1216   1.0e-03    3.1s
    56        0.1226        0.1205      0.0211      0.1236      0.1215   1.0e-03    3.1s
    57        0.1226        0.1204      0.0216      0.1234      0.1213   1.0e-03    3.0s
    58        0.1225        0.1203      0.0219      0.1233      0.1212   1.0e-03    2.9s
    59        0.1224        0.1202      0.0221      0.1233      0.1211   1.0e-03    3.1s
    60        0.1223        0.1200      0.0222      0.1235      0.1213   1.0e-03    3.0s
    61        0.1222        0.1199      0.0224      0.1232      0.1209   1.0e-03    3.0s
    62        0.1222        0.1199      0.0225      0.1231      0.1209   1.0e-03    3.0s
    63        0.1222        0.1199      0.0226      0.1232      0.1210   1.0e-03    3.0s
    64        0.1221        0.1198      0.0227      0.1231      0.1209   1.0e-03    3.0s
    65        0.1220        0.1197      0.0228      0.1233      0.1210   1.0e-03    3.0s
    66        0.1219        0.1196      0.0228      0.1231      0.1209   1.0e-03    3.0s
    67        0.1219        0.1196      0.0229      0.1232      0.1209   1.0e-03    3.1s
    68        0.1218        0.1195      0.0230      0.1231      0.1208   5.0e-04    3.0s
    69        0.1215        0.1192      0.0230      0.1228      0.1206   5.0e-04    2.9s
    70        0.1213        0.1190      0.0232      0.1228      0.1205   5.0e-04    3.0s
    71        0.1213        0.1189      0.0232      0.1228      0.1205   5.0e-04    2.9s
    72        0.1213        0.1190      0.0233      0.1228      0.1205   5.0e-04    2.8s
    73        0.1212        0.1189      0.0233      0.1227      0.1205   5.0e-04    2.9s
    74        0.1211        0.1188      0.0233      0.1228      0.1205   5.0e-04    2.9s
    75        0.1213        0.1189      0.0235      0.1228      0.1204   5.0e-04    2.8s
    76        0.1211        0.1187      0.0235      0.1227      0.1204   5.0e-04    2.8s
    77        0.1211        0.1188      0.0234      0.1227      0.1205   5.0e-04    2.9s
    78        0.1211        0.1187      0.0235      0.1228      0.1204   5.0e-04    2.8s
    79        0.1211        0.1188      0.0236      0.1228      0.1205   2.5e-04    2.8s
    80        0.1208        0.1184      0.0236      0.1227      0.1203   2.5e-04    2.8s
    81        0.1209        0.1185      0.0238      0.1227      0.1204   2.5e-04    2.8s
    82        0.1208        0.1184      0.0238      0.1227      0.1203   2.5e-04    2.8s
    83        0.1207        0.1183      0.0236      0.1227      0.1203   2.5e-04    2.8s
    84        0.1208        0.1184      0.0238      0.1227      0.1203   2.5e-04    2.9s
    85        0.1207        0.1183      0.0239      0.1227      0.1204   2.5e-04    2.8s
    86        0.1207        0.1184      0.0237      0.1227      0.1204   1.3e-04    2.9s
    87        0.1206        0.1182      0.0237      0.1226      0.1203   1.3e-04    2.8s
    88        0.1206        0.1182      0.0239      0.1226      0.1203   1.3e-04    2.8s
    89        0.1205        0.1181      0.0239      0.1226      0.1203   1.3e-04    2.8s
    90        0.1206        0.1182      0.0239      0.1226      0.1203   1.3e-04    2.8s
    91        0.1206        0.1182      0.0240      0.1227      0.1203   1.3e-04    2.9s
    92        0.1205        0.1181      0.0239      0.1226      0.1203   1.3e-04    2.9s
    93        0.1205        0.1181      0.0239      0.1226      0.1203   1.3e-04    2.9s
    94        0.1205        0.1181      0.0240      0.1226      0.1203   1.3e-04    2.9s
    95        0.1205        0.1181      0.0240      0.1227      0.1203   1.3e-04    2.9s
    96        0.1205        0.1181      0.0240      0.1226      0.1203   6.3e-05    2.7s
    97        0.1204        0.1180      0.0240      0.1226      0.1202   6.3e-05    2.8s
    98        0.1204        0.1180      0.0241      0.1226      0.1202   6.3e-05    2.7s
    99        0.1205        0.1181      0.0241      0.1226      0.1202   6.3e-05    2.7s
   100        0.1204        0.1180      0.0240      0.1226      0.1203   6.3e-05    2.7s

Done. Best val loss: 0.1226
Checkpoints and logs saved to: /project/xuanyao/jiaming/deeplearning/results_papalexi_no_pert/beta0.1_dim256
=== Analyze ===
Device: cpu
Loading data...
  20729 cells, 3725 genes, 34 perturbations
Log1p-normalizing...
  Filtering 1 cells with unknown perturbation.

Loading model from model_best.pt...

[1/4] Computing latent embeddings...
  Silhouette score (perturbation clusters, excl. NTC): -0.0748
Running UMAP (this may take a few minutes)...
UMAP(min_dist=0.3, n_jobs=1, n_neighbors=30, random_state=42, verbose=True)
Sat May 16 18:33:07 2026 Construct fuzzy simplicial set
Sat May 16 18:33:07 2026 Finding Nearest Neighbors
Sat May 16 18:33:07 2026 Building RP forest with 12 trees
Sat May 16 18:33:12 2026 NN descent for 14 iterations
	 1  /  14
	 2  /  14
	Stopping threshold met -- exiting after 2 iterations
Sat May 16 18:33:22 2026 Finished Nearest Neighbor Search
Sat May 16 18:33:26 2026 Construct embedding
	completed  0  /  200 epochs
	completed  20  /  200 epochs
	completed  40  /  200 epochs
	completed  60  /  200 epochs
	completed  80  /  200 epochs
	completed  100  /  200 epochs
	completed  120  /  200 epochs
	completed  140  /  200 epochs
	completed  160  /  200 epochs
	completed  180  /  200 epochs
Sat May 16 18:33:44 2026 Finished embedding
  Saved: /project/xuanyao/jiaming/deeplearning/results_papalexi_no_pert/beta0.1_dim256/figures/umap_latent.png
  Saved covariate UMAPs: umap_n_nonzero.png, umap_n_umis.png, umap_lane.png, umap_bio_rep.png, umap_phase.png, umap_p_mito.png
Running expression-PCA UMAP for covariate verification...
  Saved expression UMAP covariates: umap_expr_n_nonzero.png, umap_expr_n_umis.png, umap_expr_lane.png, umap_expr_bio_rep.png, umap_expr_phase.png, umap_expr_p_mito.png
  Saved: /project/xuanyao/jiaming/deeplearning/results_papalexi_no_pert/beta0.1_dim256/figures/umap_per_perturbation.png

[2/4] Computing perturbation response scores (decode Δ vs NTC avg of 9 guides: ['NTg1', 'NTg10', 'NTg2', 'NTg3', 'NTg4']...)...
  NTg1                 (  303 cells) response range: [-0.007, 0.005] [NTC]
  NTg10                (  235 cells) response range: [-0.019, 0.008] [NTC]
  NTg2                 (  106 cells) response range: [-0.026, 0.020] [NTC]
  NTg3                 (  244 cells) response range: [-0.019, 0.030] [NTC]
  NTg4                 (  431 cells) response range: [-0.011, 0.011] [NTC]
  NTg5                 (  305 cells) response range: [-0.013, 0.015] [NTC]
  NTg7                 (  445 cells) response range: [-0.026, 0.011] [NTC]
  NTg8                 (   56 cells) response range: [-0.012, 0.012] [NTC]
  NTg9                 (  261 cells) response range: [-0.006, 0.009] [NTC]
  tar-ATF2             ( 1102 cells) response range: [-0.029, 0.013]
  tar-BRD4             (  341 cells) response range: [-0.019, 0.018]
  tar-CAV1             (  882 cells) response range: [-0.018, 0.027]
  tar-CD86             ( 1197 cells) response range: [-0.016, 0.006]
  tar-CMTM6            (  817 cells) response range: [-0.020, 0.020]
  tar-CUL3             (  274 cells) response range: [-0.012, 0.017]
  tar-ETV7             (  841 cells) response range: [-0.005, 0.012]
  tar-IFNGR1           ( 1341 cells) response range: [-0.008, 0.012]
  tar-IFNGR2           ( 1213 cells) response range: [-0.011, 0.011]
  tar-IRF1             ( 1073 cells) response range: [-0.004, 0.007]
  tar-IRF7             (  614 cells) response range: [-0.023, 0.031]
  tar-JAK2             ( 1024 cells) response range: [-0.021, 0.015]
  tar-MARCH8           ( 1003 cells) response range: [-0.012, 0.012]
  tar-MYC              (  108 cells) response range: [-0.019, 0.012]
  tar-NFKBIA           (  787 cells) response range: [-0.008, 0.014]
  tar-PDCD1LG2         (  617 cells) response range: [-0.009, 0.027]
  tar-POU2F2           (  662 cells) response range: [-0.012, 0.019]
  tar-SMAD4            (  659 cells) response range: [-0.011, 0.007]
  tar-SPI1             (   48 cells) response range: [-0.021, 0.021]
  tar-STAT1            (  444 cells) response range: [-0.014, 0.019]
  tar-STAT2            (  661 cells) response range: [-0.011, 0.010]
  tar-STAT3            (  493 cells) response range: [-0.009, 0.018]
  tar-STAT5A           (  659 cells) response range: [-0.008, 0.013]
  tar-TNFRSF14         (  964 cells) response range: [-0.017, 0.021]
  tar-UBE2L6           (  518 cells) response range: [-0.008, 0.007]
  NTC null: mean |response| per gene = 0.0008  std across NTC guides = 0.0010
  Saved: /project/xuanyao/jiaming/deeplearning/results_papalexi_no_pert/beta0.1_dim256/response_scores.csv
  Saved: /project/xuanyao/jiaming/deeplearning/results_papalexi_no_pert/beta0.1_dim256/figures/gene_response_heatmap.png
  Saved: /project/xuanyao/jiaming/deeplearning/results_papalexi_no_pert/beta0.1_dim256/figures/effect_size_vs_null.png
  NTC noise floor (mean+2SD): 0.0011
  Saved: /project/xuanyao/jiaming/deeplearning/results_papalexi_no_pert/beta0.1_dim256/figures/top_genes_per_pert.png

[3/4] Clustering perturbations by response vectors...
  Saved: /project/xuanyao/jiaming/deeplearning/results_papalexi_no_pert/beta0.1_dim256/figures/perturbation_clustermap.png

[4/4] Running hallmark pathway enrichment...
  Saved: /project/xuanyao/jiaming/deeplearning/results_papalexi_no_pert/beta0.1_dim256/figures/pathway_enrichment.png

[Bonus] Comparing CVAE response vs naive differential expression...
  Mean Spearman ρ (CVAE vs DE): 0.529
  Mean top-20 gene overlap:     2.8/20
  Saved: /project/xuanyao/jiaming/deeplearning/results_papalexi_no_pert/beta0.1_dim256/cvae_vs_de_comparison.csv

All figures saved to: /project/xuanyao/jiaming/deeplearning/results_papalexi_no_pert/beta0.1_dim256/figures
Done!
Done: beta0.1_dim256
