=== Train: beta=1e-4 latent_dim=256 (no perturbation) ===
Device: cpu
Loading data...
  20729 cells, 3725 genes, 35 perturbations
  Filtering 1 cells with unknown perturbation assignment.
  Extra covariates: 17 dims (3 continuous + 14 categorical OHE)
Log1p-normalizing expression data...
  Train: 17635 cells | Val: 3093 cells

Model: 3725 genes | 34 perturbations | latent_dim=256
  Trainable parameters: 9,216,397

Training for up to 100 epochs (early stop patience=15)...

 Epoch   Train Total   Train Recon    Train KL   Val Total   Val Recon        LR    Time
------------------------------------------------------------------------------------------
     1        0.1948        0.1948      0.8973      0.1447      0.1445   1.0e-03    3.1s
     2        0.1488        0.1487      0.9128      0.1439      0.1438   1.0e-03    3.2s
     3        0.1470        0.1470      0.2609      0.1434      0.1434   1.0e-03    3.2s
     4        0.1451        0.1450      0.5506      0.1422      0.1421   1.0e-03    3.2s
     5        0.1431        0.1430      0.7433      0.1401      0.1400   1.0e-03    3.2s
     6        0.1386        0.1385      1.1570      0.1352      0.1351   1.0e-03    3.2s
     7        0.1351        0.1349      1.2710      0.1335      0.1333   1.0e-03    3.2s
     8        0.1330        0.1328      1.3208      0.1311      0.1310   1.0e-03    3.2s
     9        0.1306        0.1305      1.4082      0.1291      0.1289   1.0e-03    3.2s
    10        0.1277        0.1275      1.4871      0.1262      0.1260   1.0e-03    3.3s
    11        0.1258        0.1256      1.5442      0.1249      0.1248   1.0e-03    3.3s
    12        0.1247        0.1245      1.5758      0.1238      0.1237   1.0e-03    3.3s
    13        0.1233        0.1231      1.6139      0.1223      0.1222   1.0e-03    3.2s
    14        0.1222        0.1221      1.6771      0.1215      0.1214   1.0e-03    3.2s
    15        0.1214        0.1212      1.6964      0.1209      0.1208   1.0e-03    3.3s
    16        0.1206        0.1205      1.7146      0.1202      0.1200   1.0e-03    3.2s
    17        0.1200        0.1199      1.7415      0.1200      0.1198   1.0e-03    3.2s
    18        0.1196        0.1194      1.7516      0.1194      0.1192   1.0e-03    3.3s
    19        0.1189        0.1188      1.7460      0.1188      0.1187   1.0e-03    3.4s
    20        0.1184        0.1182      1.7419      0.1183      0.1181   1.0e-03    3.3s
    21        0.1179        0.1178      1.7744      0.1178      0.1176   1.0e-03    3.4s
    22        0.1175        0.1173      1.8068      0.1174      0.1172   1.0e-03    3.3s
    23        0.1169        0.1167      1.7848      0.1169      0.1167   1.0e-03    3.3s
    24        0.1166        0.1164      1.7732      0.1165      0.1164   1.0e-03    3.3s
    25        0.1163        0.1161      1.7902      0.1163      0.1161   1.0e-03    3.4s
    26        0.1160        0.1158      1.7870      0.1161      0.1159   1.0e-03    3.3s
    27        0.1157        0.1155      1.7994      0.1160      0.1158   1.0e-03    3.3s
    28        0.1156        0.1154      1.7967      0.1157      0.1155   1.0e-03    3.3s
    29        0.1153        0.1151      1.8051      0.1155      0.1153   1.0e-03    3.3s
    30        0.1150        0.1148      1.8167      0.1153      0.1151   1.0e-03    3.3s
    31        0.1147        0.1145      1.8255      0.1150      0.1149   1.0e-03    3.3s
    32        0.1145        0.1143      1.8339      0.1149      0.1147   1.0e-03    3.4s
    33        0.1143        0.1141      1.8312      0.1148      0.1146   1.0e-03    3.3s
    34        0.1140        0.1138      1.8625      0.1146      0.1144   1.0e-03    3.3s
    35        0.1138        0.1136      1.8621      0.1145      0.1143   1.0e-03    3.3s
    36        0.1137        0.1135      1.8701      0.1143      0.1141   1.0e-03    3.3s
    37        0.1134        0.1132      1.8910      0.1142      0.1140   1.0e-03    3.3s
    38        0.1133        0.1131      1.8952      0.1140      0.1138   1.0e-03    3.2s
    39        0.1131        0.1129      1.9000      0.1140      0.1139   1.0e-03    3.2s
    40        0.1129        0.1127      1.8920      0.1138      0.1136   1.0e-03    3.2s
    41        0.1127        0.1126      1.8914      0.1136      0.1134   1.0e-03    3.3s
    42        0.1125        0.1123      1.8900      0.1136      0.1134   1.0e-03    3.3s
    43        0.1125        0.1123      1.9051      0.1135      0.1133   1.0e-03    3.3s
    44        0.1123        0.1121      1.8972      0.1135      0.1133   1.0e-03    3.2s
    45        0.1122        0.1120      1.9026      0.1133      0.1131   1.0e-03    3.2s
    46        0.1121        0.1119      1.9134      0.1134      0.1132   1.0e-03    3.2s
    47        0.1119        0.1117      1.9179      0.1133      0.1131   1.0e-03    3.2s
    48        0.1117        0.1115      1.9272      0.1133      0.1131   1.0e-03    3.3s
    49        0.1116        0.1114      1.9403      0.1130      0.1128   1.0e-03    3.3s
    50        0.1115        0.1113      1.9368      0.1129      0.1127   1.0e-03    3.2s
    51        0.1113        0.1111      1.9413      0.1128      0.1126   1.0e-03    3.2s
    52        0.1111        0.1109      1.9446      0.1127      0.1125   1.0e-03    3.2s
    53        0.1112        0.1110      1.9525      0.1127      0.1125   1.0e-03    3.2s
    54        0.1110        0.1108      1.9462      0.1127      0.1125   1.0e-03    3.2s
    55        0.1109        0.1107      1.9517      0.1126      0.1124   1.0e-03    3.2s
    56        0.1107        0.1105      1.9675      0.1125      0.1123   1.0e-03    3.2s
    57        0.1107        0.1105      1.9690      0.1126      0.1124   1.0e-03    3.2s
    58        0.1106        0.1104      1.9731      0.1124      0.1122   1.0e-03    3.2s
    59        0.1104        0.1102      1.9807      0.1124      0.1122   1.0e-03    3.3s
    60        0.1103        0.1101      1.9699      0.1123      0.1121   1.0e-03    3.3s
    61        0.1102        0.1100      1.9928      0.1122      0.1120   1.0e-03    3.2s
    62        0.1101        0.1099      1.9843      0.1121      0.1119   1.0e-03    3.2s
    63        0.1101        0.1099      1.9768      0.1122      0.1120   1.0e-03    3.2s
    64        0.1100        0.1098      1.9968      0.1122      0.1120   1.0e-03    3.2s
    65        0.1099        0.1097      1.9836      0.1122      0.1120   1.0e-03    3.2s
    66        0.1097        0.1095      1.9860      0.1121      0.1119   1.0e-03    3.3s
    67        0.1097        0.1095      1.9868      0.1122      0.1120   1.0e-03    3.2s
    68        0.1097        0.1095      1.9903      0.1121      0.1119   1.0e-03    3.2s
    69        0.1096        0.1094      1.9940      0.1120      0.1118   1.0e-03    3.2s
    70        0.1094        0.1092      1.9903      0.1120      0.1118   1.0e-03    3.3s
    71        0.1094        0.1092      2.0008      0.1119      0.1117   1.0e-03    3.2s
    72        0.1093        0.1091      1.9902      0.1119      0.1117   1.0e-03    3.2s
    73        0.1092        0.1090      1.9942      0.1120      0.1118   1.0e-03    3.3s
    74        0.1091        0.1089      2.0146      0.1119      0.1117   1.0e-03    3.2s
    75        0.1091        0.1089      1.9985      0.1119      0.1117   1.0e-03    3.2s
    76        0.1090        0.1087      2.0067      0.1118      0.1116   1.0e-03    3.3s
    77        0.1089        0.1087      1.9987      0.1119      0.1117   1.0e-03    3.2s
    78        0.1089        0.1087      2.0053      0.1119      0.1117   1.0e-03    3.2s
    79        0.1089        0.1087      2.0019      0.1118      0.1116   1.0e-03    3.3s
    80        0.1087        0.1085      2.0014      0.1119      0.1117   1.0e-03    3.2s
    81        0.1087        0.1085      2.0069      0.1117      0.1115   1.0e-03    3.3s
    82        0.1086        0.1084      2.0092      0.1117      0.1115   1.0e-03    3.2s
    83        0.1085        0.1083      1.9996      0.1117      0.1115   1.0e-03    3.2s
    84        0.1086        0.1084      2.0000      0.1118      0.1116   1.0e-03    3.2s
    85        0.1084        0.1082      2.0038      0.1117      0.1115   1.0e-03    3.2s
    86        0.1084        0.1082      1.9958      0.1117      0.1115   1.0e-03    3.2s
    87        0.1082        0.1080      2.0037      0.1118      0.1116   1.0e-03    3.2s
    88        0.1083        0.1081      2.0022      0.1118      0.1116   5.0e-04    3.2s
    89        0.1078        0.1076      1.9949      0.1115      0.1113   5.0e-04    3.2s
    90        0.1076        0.1074      2.0051      0.1114      0.1112   5.0e-04    3.1s
    91        0.1076        0.1074      2.0076      0.1114      0.1112   5.0e-04    3.2s
    92        0.1075        0.1073      2.0104      0.1114      0.1112   5.0e-04    3.2s
    93        0.1075        0.1073      2.0038      0.1115      0.1113   5.0e-04    3.2s
    94        0.1075        0.1073      2.0023      0.1115      0.1113   5.0e-04    3.2s
    95        0.1074        0.1072      2.0192      0.1115      0.1113   5.0e-04    3.2s
    96        0.1074        0.1072      2.0106      0.1115      0.1113   5.0e-04    3.3s
    97        0.1073        0.1071      2.0086      0.1114      0.1112   2.5e-04    3.3s
    98        0.1071        0.1069      2.0102      0.1114      0.1112   2.5e-04    3.2s
    99        0.1072        0.1070      2.0117      0.1114      0.1112   2.5e-04    3.2s
   100        0.1070        0.1068      2.0112      0.1114      0.1112   2.5e-04    3.2s

Done. Best val loss: 0.1114
Checkpoints and logs saved to: /project/xuanyao/jiaming/deeplearning/results_papalexi_no_pert/beta1e-4_dim256
=== Analyze ===
Device: cpu
Loading data...
  20729 cells, 3725 genes, 34 perturbations
Log1p-normalizing...
  Filtering 1 cells with unknown perturbation.

Loading model from model_best.pt...

[1/4] Computing latent embeddings...
  Silhouette score (perturbation clusters, excl. NTC): -0.0233
Running UMAP (this may take a few minutes)...
UMAP(min_dist=0.3, n_jobs=1, n_neighbors=30, random_state=42, verbose=True)
Sat May 16 18:27:23 2026 Construct fuzzy simplicial set
Sat May 16 18:27:23 2026 Finding Nearest Neighbors
Sat May 16 18:27:23 2026 Building RP forest with 12 trees
Sat May 16 18:27:29 2026 NN descent for 14 iterations
	 1  /  14
	 2  /  14
	 3  /  14
	Stopping threshold met -- exiting after 3 iterations
Sat May 16 18:27:43 2026 Finished Nearest Neighbor Search
Sat May 16 18:27:47 2026 Construct embedding
	completed  0  /  200 epochs
	completed  20  /  200 epochs
	completed  40  /  200 epochs
	completed  60  /  200 epochs
	completed  80  /  200 epochs
	completed  100  /  200 epochs
	completed  120  /  200 epochs
	completed  140  /  200 epochs
	completed  160  /  200 epochs
	completed  180  /  200 epochs
Sat May 16 18:28:13 2026 Finished embedding
  Saved: /project/xuanyao/jiaming/deeplearning/results_papalexi_no_pert/beta1e-4_dim256/figures/umap_latent.png
  Saved covariate UMAPs: umap_n_nonzero.png, umap_n_umis.png, umap_lane.png, umap_bio_rep.png, umap_phase.png, umap_p_mito.png
Running expression-PCA UMAP for covariate verification...
  Saved expression UMAP covariates: umap_expr_n_nonzero.png, umap_expr_n_umis.png, umap_expr_lane.png, umap_expr_bio_rep.png, umap_expr_phase.png, umap_expr_p_mito.png
  Saved: /project/xuanyao/jiaming/deeplearning/results_papalexi_no_pert/beta1e-4_dim256/figures/umap_per_perturbation.png

[2/4] Computing perturbation response scores (decode Δ vs NTC avg of 9 guides: ['NTg1', 'NTg10', 'NTg2', 'NTg3', 'NTg4']...)...
  NTg1                 (  303 cells) response range: [-0.015, 0.012] [NTC]
  NTg10                (  235 cells) response range: [-0.011, 0.019] [NTC]
  NTg2                 (  106 cells) response range: [-0.016, 0.012] [NTC]
  NTg3                 (  244 cells) response range: [-0.013, 0.015] [NTC]
  NTg4                 (  431 cells) response range: [-0.013, 0.009] [NTC]
  NTg5                 (  305 cells) response range: [-0.011, 0.029] [NTC]
  NTg7                 (  445 cells) response range: [-0.021, 0.016] [NTC]
  NTg8                 (   56 cells) response range: [-0.014, 0.018] [NTC]
  NTg9                 (  261 cells) response range: [-0.016, 0.013] [NTC]
  tar-ATF2             ( 1102 cells) response range: [-0.044, 0.013]
  tar-BRD4             (  341 cells) response range: [-0.025, 0.011]
  tar-CAV1             (  882 cells) response range: [-0.017, 0.023]
  tar-CD86             ( 1197 cells) response range: [-0.032, 0.017]
  tar-CMTM6            (  817 cells) response range: [-0.013, 0.016]
  tar-CUL3             (  274 cells) response range: [-0.013, 0.010]
  tar-ETV7             (  841 cells) response range: [-0.017, 0.013]
  tar-IFNGR1           ( 1341 cells) response range: [-0.007, 0.012]
  tar-IFNGR2           ( 1213 cells) response range: [-0.012, 0.018]
  tar-IRF1             ( 1073 cells) response range: [-0.013, 0.023]
  tar-IRF7             (  614 cells) response range: [-0.020, 0.009]
  tar-JAK2             ( 1024 cells) response range: [-0.021, 0.018]
  tar-MARCH8           ( 1003 cells) response range: [-0.021, 0.017]
  tar-MYC              (  108 cells) response range: [-0.009, 0.015]
  tar-NFKBIA           (  787 cells) response range: [-0.012, 0.012]
  tar-PDCD1LG2         (  617 cells) response range: [-0.013, 0.021]
  tar-POU2F2           (  662 cells) response range: [-0.013, 0.023]
  tar-SMAD4            (  659 cells) response range: [-0.022, 0.019]
  tar-SPI1             (   48 cells) response range: [-0.019, 0.037]
  tar-STAT1            (  444 cells) response range: [-0.017, 0.029]
  tar-STAT2            (  661 cells) response range: [-0.011, 0.020]
  tar-STAT3            (  493 cells) response range: [-0.018, 0.019]
  tar-STAT5A           (  659 cells) response range: [-0.012, 0.008]
  tar-TNFRSF14         (  964 cells) response range: [-0.017, 0.013]
  tar-UBE2L6           (  518 cells) response range: [-0.024, 0.021]
  NTC null: mean |response| per gene = 0.0009  std across NTC guides = 0.0010
  Saved: /project/xuanyao/jiaming/deeplearning/results_papalexi_no_pert/beta1e-4_dim256/response_scores.csv
  Saved: /project/xuanyao/jiaming/deeplearning/results_papalexi_no_pert/beta1e-4_dim256/figures/gene_response_heatmap.png
  Saved: /project/xuanyao/jiaming/deeplearning/results_papalexi_no_pert/beta1e-4_dim256/figures/effect_size_vs_null.png
  NTC noise floor (mean+2SD): 0.0011
  Saved: /project/xuanyao/jiaming/deeplearning/results_papalexi_no_pert/beta1e-4_dim256/figures/top_genes_per_pert.png

[3/4] Clustering perturbations by response vectors...
  Saved: /project/xuanyao/jiaming/deeplearning/results_papalexi_no_pert/beta1e-4_dim256/figures/perturbation_clustermap.png

[4/4] Running hallmark pathway enrichment...
  Saved: /project/xuanyao/jiaming/deeplearning/results_papalexi_no_pert/beta1e-4_dim256/figures/pathway_enrichment.png

[Bonus] Comparing CVAE response vs naive differential expression...
  Mean Spearman ρ (CVAE vs DE): 0.544
  Mean top-20 gene overlap:     2.3/20
  Saved: /project/xuanyao/jiaming/deeplearning/results_papalexi_no_pert/beta1e-4_dim256/cvae_vs_de_comparison.csv

All figures saved to: /project/xuanyao/jiaming/deeplearning/results_papalexi_no_pert/beta1e-4_dim256/figures
Done!
Done: beta1e-4_dim256
