=== Train: beta=1.0 latent_dim=32 (no bio_rep, no lane) ===
Device: cpu
Loading data...
  20729 cells, 3725 genes, 35 perturbations
  Filtering 1 cells with unknown perturbation assignment.
  Extra covariates: 6 dims (3 continuous + 3 categorical OHE)
Log1p-normalizing expression data...
  Train: 17635 cells | Val: 3093 cells

Model: 3725 genes | 34 perturbations | latent_dim=32
  Trainable parameters: 9,029,837

Training for up to 100 epochs (early stop patience=15)...

 Epoch   Train Total   Train Recon    Train KL   Val Total   Val Recon        LR    Time
------------------------------------------------------------------------------------------
     1        0.2196        0.1984      0.0212      0.1445      0.1443   1.0e-03    2.9s
     2        0.1541        0.1487      0.0054      0.1429      0.1429   1.0e-03    3.0s
     3        0.1489        0.1457      0.0032      0.1425      0.1425   1.0e-03    3.1s
     4        0.1456        0.1438      0.0018      0.1420      0.1420   1.0e-03    3.1s
     5        0.1425        0.1418      0.0008      0.1408      0.1408   1.0e-03    3.1s
     6        0.1406        0.1403      0.0003      0.1397      0.1397   1.0e-03    3.1s
     7        0.1392        0.1392      0.0001      0.1386      0.1386   1.0e-03    3.0s
     8        0.1378        0.1377      0.0000      0.1375      0.1375   1.0e-03    3.1s
     9        0.1366        0.1366      0.0000      0.1373      0.1373   1.0e-03    3.0s
    10        0.1360        0.1360      0.0000      0.1372      0.1372   1.0e-03    3.1s
    11        0.1357        0.1356      0.0000      0.1367      0.1367   1.0e-03    3.1s
    12        0.1353        0.1353      0.0000      0.1364      0.1364   1.0e-03    3.1s
    13        0.1350        0.1350      0.0000      0.1363      0.1363   1.0e-03    3.0s
    14        0.1348        0.1348      0.0000      0.1361      0.1361   1.0e-03    3.1s
    15        0.1345        0.1345      0.0000      0.1360      0.1360   1.0e-03    3.1s
    16        0.1344        0.1344      0.0000      0.1358      0.1358   1.0e-03    3.1s
    17        0.1341        0.1341      0.0000      0.1356      0.1355   1.0e-03    3.0s
    18        0.1340        0.1340      0.0000      0.1355      0.1355   1.0e-03    3.3s
    19        0.1339        0.1338      0.0000      0.1353      0.1353   1.0e-03    3.2s
    20        0.1338        0.1337      0.0000      0.1352      0.1352   1.0e-03    3.2s
    21        0.1337        0.1336      0.0000      0.1351      0.1351   1.0e-03    3.2s
    22        0.1335        0.1335      0.0000      0.1351      0.1351   1.0e-03    3.2s
    23        0.1335        0.1335      0.0000      0.1350      0.1350   1.0e-03    3.2s
    24        0.1335        0.1335      0.0000      0.1350      0.1350   1.0e-03    3.1s
    25        0.1333        0.1333      0.0000      0.1348      0.1348   1.0e-03    3.2s
    26        0.1333        0.1333      0.0000      0.1349      0.1349   1.0e-03    3.1s
    27        0.1332        0.1332      0.0000      0.1350      0.1350   1.0e-03    3.2s
    28        0.1331        0.1331      0.0000      0.1347      0.1347   1.0e-03    3.1s
    29        0.1331        0.1331      0.0000      0.1348      0.1348   1.0e-03    3.1s
    30        0.1331        0.1331      0.0000      0.1347      0.1347   1.0e-03    3.1s
    31        0.1330        0.1329      0.0000      0.1347      0.1347   1.0e-03    3.2s
    32        0.1329        0.1329      0.0000      0.1347      0.1347   1.0e-03    3.1s
    33        0.1329        0.1329      0.0000      0.1347      0.1347   1.0e-03    3.1s
    34        0.1328        0.1328      0.0000      0.1348      0.1348   1.0e-03    3.3s
    35        0.1328        0.1328      0.0000      0.1347      0.1347   1.0e-03    3.1s
    36        0.1327        0.1327      0.0000      0.1346      0.1346   1.0e-03    3.1s
    37        0.1327        0.1327      0.0000      0.1348      0.1348   1.0e-03    3.1s
    38        0.1327        0.1327      0.0000      0.1347      0.1347   1.0e-03    3.1s
    39        0.1327        0.1327      0.0000      0.1346      0.1346   1.0e-03    3.1s
    40        0.1326        0.1326      0.0000      0.1347      0.1347   1.0e-03    3.3s
    41        0.1326        0.1326      0.0000      0.1346      0.1346   1.0e-03    3.2s
    42        0.1325        0.1325      0.0000      0.1347      0.1347   5.0e-04    3.2s
    43        0.1324        0.1323      0.0000      0.1345      0.1345   5.0e-04    3.2s
    44        0.1322        0.1322      0.0000      0.1345      0.1345   5.0e-04    3.2s
    45        0.1323        0.1323      0.0000      0.1345      0.1345   5.0e-04    3.2s
    46        0.1322        0.1322      0.0000      0.1346      0.1346   5.0e-04    3.2s
    47        0.1322        0.1322      0.0000      0.1345      0.1345   5.0e-04    3.2s
    48        0.1322        0.1322      0.0000      0.1346      0.1346   5.0e-04    3.2s
    49        0.1322        0.1322      0.0000      0.1346      0.1346   5.0e-04    3.1s
    50        0.1322        0.1322      0.0000      0.1346      0.1346   2.5e-04    3.1s
    51        0.1321        0.1321      0.0000      0.1346      0.1346   2.5e-04    3.1s
    52        0.1320        0.1320      0.0000      0.1345      0.1345   2.5e-04    3.2s
    53        0.1320        0.1320      0.0000      0.1345      0.1345   2.5e-04    3.1s
    54        0.1320        0.1320      0.0000      0.1345      0.1345   2.5e-04    3.2s
    55        0.1319        0.1319      0.0000      0.1345      0.1345   2.5e-04    3.1s
    56        0.1319        0.1319      0.0000      0.1345      0.1345   1.3e-04    3.2s
    57        0.1319        0.1319      0.0000      0.1345      0.1345   1.3e-04    3.2s
    58        0.1319        0.1319      0.0000      0.1345      0.1345   1.3e-04    3.1s
    59        0.1319        0.1319      0.0000      0.1345      0.1345   1.3e-04    3.1s
    60        0.1318        0.1318      0.0000      0.1345      0.1345   1.3e-04    3.1s
    61        0.1319        0.1319      0.0000      0.1345      0.1345   1.3e-04    3.2s
    62        0.1318        0.1318      0.0000      0.1345      0.1345   6.3e-05    3.1s
    63        0.1318        0.1318      0.0000      0.1345      0.1345   6.3e-05    3.1s
    64        0.1318        0.1318      0.0000      0.1345      0.1345   6.3e-05    3.0s
    65        0.1318        0.1318      0.0000      0.1345      0.1345   6.3e-05    3.1s
    66        0.1319        0.1319      0.0000      0.1345      0.1345   6.3e-05    3.1s
    67        0.1318        0.1318      0.0000      0.1345      0.1345   6.3e-05    3.1s
    68        0.1317        0.1317      0.0000      0.1345      0.1345   6.3e-05    3.2s
    69        0.1317        0.1317      0.0000      0.1345      0.1345   6.3e-05    3.1s
    70        0.1318        0.1318      0.0000      0.1345      0.1345   3.1e-05    3.1s
    71        0.1318        0.1318      0.0000      0.1345      0.1345   3.1e-05    3.1s
    72        0.1318        0.1318      0.0000      0.1345      0.1345   3.1e-05    3.1s
    73        0.1317        0.1317      0.0000      0.1345      0.1345   3.1e-05    3.1s
    74        0.1317        0.1317      0.0000      0.1345      0.1345   3.1e-05    3.1s
    75        0.1318        0.1318      0.0000      0.1345      0.1345   3.1e-05    3.1s
    76        0.1316        0.1316      0.0000      0.1345      0.1345   1.6e-05    3.1s
    77        0.1317        0.1317      0.0000      0.1345      0.1345   1.6e-05    3.1s
    78        0.1318        0.1318      0.0000      0.1345      0.1345   1.6e-05    3.0s
    79        0.1317        0.1317      0.0000      0.1345      0.1345   1.6e-05    3.1s
    80        0.1317        0.1317      0.0000      0.1345      0.1345   1.6e-05    3.3s
    81        0.1318        0.1317      0.0000      0.1345      0.1345   1.6e-05    3.2s

Early stopping at epoch 81 (no improvement for 15 epochs)

Done. Best val loss: 0.1345
Checkpoints and logs saved to: /project/xuanyao/jiaming/deeplearning/results_papalexi_nobatch/beta1.0_dim32
=== Analyze ===
Device: cpu
Loading data...
  20729 cells, 3725 genes, 34 perturbations
Log1p-normalizing...
  Filtering 1 cells with unknown perturbation.

Loading model from model_best.pt...

[1/4] Computing latent embeddings...
  Silhouette score (perturbation clusters, excl. NTC): -0.1883
Running UMAP (this may take a few minutes)...
UMAP(min_dist=0.3, n_jobs=1, n_neighbors=30, random_state=42, verbose=True)
Sat May 16 15:45:49 2026 Construct fuzzy simplicial set
Sat May 16 15:45:49 2026 Finding Nearest Neighbors
Sat May 16 15:45:49 2026 Building RP forest with 12 trees
Sat May 16 15:45:55 2026 NN descent for 14 iterations
	 1  /  14
	 2  /  14
	 3  /  14
	Stopping threshold met -- exiting after 3 iterations
Sat May 16 15:46:09 2026 Finished Nearest Neighbor Search
Sat May 16 15:46:14 2026 Construct embedding
	completed  0  /  200 epochs
	completed  20  /  200 epochs
	completed  40  /  200 epochs
	completed  60  /  200 epochs
	completed  80  /  200 epochs
	completed  100  /  200 epochs
	completed  120  /  200 epochs
	completed  140  /  200 epochs
	completed  160  /  200 epochs
	completed  180  /  200 epochs
Sat May 16 15:46:39 2026 Finished embedding
  Saved: /project/xuanyao/jiaming/deeplearning/results_papalexi_nobatch/beta1.0_dim32/figures/umap_latent.png
  Saved covariate UMAPs: umap_n_nonzero.png, umap_n_umis.png, umap_lane.png, umap_bio_rep.png, umap_phase.png, umap_p_mito.png
Running expression-PCA UMAP for covariate verification...
  Saved expression UMAP covariates: umap_expr_n_nonzero.png, umap_expr_n_umis.png, umap_expr_lane.png, umap_expr_bio_rep.png, umap_expr_phase.png, umap_expr_p_mito.png
  Saved: /project/xuanyao/jiaming/deeplearning/results_papalexi_nobatch/beta1.0_dim32/figures/umap_per_perturbation.png

[2/4] Computing perturbation response scores (decode Δ vs NTC avg of 9 guides: ['NTg1', 'NTg10', 'NTg2', 'NTg3', 'NTg4']...)...
  NTg1                 (  303 cells) response range: [-0.065, 0.057] [NTC]
  NTg10                (  235 cells) response range: [-0.113, 0.044] [NTC]
  NTg2                 (  106 cells) response range: [-0.131, 0.156] [NTC]
  NTg3                 (  244 cells) response range: [-0.091, 0.045] [NTC]
  NTg4                 (  431 cells) response range: [-0.127, 0.355] [NTC]
  NTg5                 (  305 cells) response range: [-0.066, 0.037] [NTC]
  NTg7                 (  445 cells) response range: [-0.069, 0.048] [NTC]
  NTg8                 (   56 cells) response range: [-0.180, 0.116] [NTC]
  NTg9                 (  261 cells) response range: [-0.046, 0.051] [NTC]
  tar-ATF2             ( 1102 cells) response range: [-0.033, 0.098]
  tar-BRD4             (  341 cells) response range: [-0.240, 0.163]
  tar-CAV1             (  882 cells) response range: [-0.019, 0.023]
  tar-CD86             ( 1197 cells) response range: [-0.039, 0.109]
  tar-CMTM6            (  817 cells) response range: [-0.075, 0.137]
  tar-CUL3             (  274 cells) response range: [-0.265, 0.452]
  tar-ETV7             (  841 cells) response range: [-0.048, 0.152]
  tar-IFNGR1           ( 1341 cells) response range: [-1.668, 0.537]
  tar-IFNGR2           ( 1213 cells) response range: [-1.714, 0.581]
  tar-IRF1             ( 1073 cells) response range: [-0.954, 1.040]
  tar-IRF7             (  614 cells) response range: [-0.065, 0.176]
  tar-JAK2             ( 1024 cells) response range: [-1.853, 0.619]
  tar-MARCH8           ( 1003 cells) response range: [-0.079, 0.109]
  tar-MYC              (  108 cells) response range: [-0.165, 0.296]
  tar-NFKBIA           (  787 cells) response range: [-0.148, 0.295]
  tar-PDCD1LG2         (  617 cells) response range: [-0.038, 0.040]
  tar-POU2F2           (  662 cells) response range: [-0.096, 0.236]
  tar-SMAD4            (  659 cells) response range: [-1.113, 0.669]
  tar-SPI1             (   48 cells) response range: [-0.164, 0.133]
  tar-STAT1            (  444 cells) response range: [-1.733, 0.673]
  tar-STAT2            (  661 cells) response range: [-0.848, 0.178]
  tar-STAT3            (  493 cells) response range: [-0.060, 0.068]
  tar-STAT5A           (  659 cells) response range: [-0.042, 0.083]
  tar-TNFRSF14         (  964 cells) response range: [-0.041, 0.044]
  tar-UBE2L6           (  518 cells) response range: [-0.061, 0.101]
  NTC null: mean |response| per gene = 0.0052  std across NTC guides = 0.0065
  Saved: /project/xuanyao/jiaming/deeplearning/results_papalexi_nobatch/beta1.0_dim32/response_scores.csv
  Saved: /project/xuanyao/jiaming/deeplearning/results_papalexi_nobatch/beta1.0_dim32/figures/gene_response_heatmap.png
  Saved: /project/xuanyao/jiaming/deeplearning/results_papalexi_nobatch/beta1.0_dim32/figures/effect_size_vs_null.png
  NTC noise floor (mean+2SD): 0.0097
  Saved: /project/xuanyao/jiaming/deeplearning/results_papalexi_nobatch/beta1.0_dim32/figures/top_genes_per_pert.png

[3/4] Clustering perturbations by response vectors...
  Saved: /project/xuanyao/jiaming/deeplearning/results_papalexi_nobatch/beta1.0_dim32/figures/perturbation_clustermap.png

[4/4] Running hallmark pathway enrichment...
  Saved: /project/xuanyao/jiaming/deeplearning/results_papalexi_nobatch/beta1.0_dim32/figures/pathway_enrichment.png

[Bonus] Comparing CVAE response vs naive differential expression...
  Mean Spearman ρ (CVAE vs DE): 0.555
  Mean top-20 gene overlap:     8.4/20
  Saved: /project/xuanyao/jiaming/deeplearning/results_papalexi_nobatch/beta1.0_dim32/cvae_vs_de_comparison.csv

All figures saved to: /project/xuanyao/jiaming/deeplearning/results_papalexi_nobatch/beta1.0_dim32/figures
Done!
Done: beta1.0_dim32
