=== Train: beta=1e-3 latent_dim=256 (no perturbation) ===
Device: cpu
Loading data...
  20729 cells, 3725 genes, 35 perturbations
  Filtering 1 cells with unknown perturbation assignment.
  Extra covariates: 17 dims (3 continuous + 14 categorical OHE)
Log1p-normalizing expression data...
  Train: 17635 cells | Val: 3093 cells

Model: 3725 genes | 34 perturbations | latent_dim=256
  Trainable parameters: 9,216,397

Training for up to 100 epochs (early stop patience=15)...

 Epoch   Train Total   Train Recon    Train KL   Val Total   Val Recon        LR    Time
------------------------------------------------------------------------------------------
     1        0.1953        0.1948      0.5211      0.1447      0.1446   1.0e-03    2.6s
     2        0.1489        0.1488      0.1128      0.1438      0.1437   1.0e-03    3.0s
     3        0.1468        0.1467      0.0807      0.1428      0.1428   1.0e-03    3.0s
     4        0.1447        0.1447      0.0848      0.1421      0.1421   1.0e-03    3.1s
     5        0.1434        0.1433      0.0661      0.1414      0.1413   1.0e-03    3.0s
     6        0.1408        0.1406      0.1763      0.1366      0.1364   1.0e-03    3.1s
     7        0.1362        0.1360      0.2097      0.1347      0.1345   1.0e-03    3.0s
     8        0.1345        0.1343      0.2095      0.1331      0.1329   1.0e-03    3.0s
     9        0.1326        0.1323      0.2229      0.1316      0.1314   1.0e-03    3.0s
    10        0.1303        0.1301      0.2670      0.1293      0.1290   1.0e-03    3.1s
    11        0.1283        0.1280      0.2941      0.1277      0.1274   1.0e-03    3.1s
    12        0.1271        0.1268      0.2999      0.1263      0.1260   1.0e-03    3.1s
    13        0.1259        0.1255      0.3199      0.1255      0.1252   1.0e-03    3.1s
    14        0.1250        0.1247      0.3531      0.1246      0.1242   1.0e-03    3.2s
    15        0.1242        0.1238      0.3743      0.1238      0.1234   1.0e-03    3.0s
    16        0.1233        0.1229      0.3980      0.1229      0.1225   1.0e-03    3.0s
    17        0.1225        0.1221      0.4123      0.1220      0.1216   1.0e-03    3.1s
    18        0.1219        0.1215      0.4213      0.1214      0.1210   1.0e-03    3.1s
    19        0.1212        0.1207      0.4262      0.1207      0.1203   1.0e-03    3.1s
    20        0.1205        0.1201      0.4406      0.1203      0.1199   1.0e-03    3.3s
    21        0.1201        0.1197      0.4389      0.1200      0.1196   1.0e-03    3.2s
    22        0.1197        0.1193      0.4481      0.1198      0.1193   1.0e-03    3.2s
    23        0.1192        0.1188      0.4483      0.1193      0.1188   1.0e-03    3.2s
    24        0.1189        0.1185      0.4451      0.1190      0.1186   1.0e-03    3.1s
    25        0.1187        0.1182      0.4362      0.1187      0.1182   1.0e-03    3.0s
    26        0.1182        0.1178      0.4372      0.1184      0.1180   1.0e-03    3.1s
    27        0.1179        0.1175      0.4372      0.1179      0.1175   1.0e-03    3.1s
    28        0.1177        0.1172      0.4412      0.1177      0.1172   1.0e-03    3.0s
    29        0.1173        0.1169      0.4457      0.1174      0.1169   1.0e-03    3.1s
    30        0.1169        0.1164      0.4484      0.1169      0.1165   1.0e-03    3.1s
    31        0.1165        0.1161      0.4490      0.1167      0.1163   1.0e-03    3.2s
    32        0.1163        0.1158      0.4470      0.1164      0.1160   1.0e-03    3.1s
    33        0.1161        0.1156      0.4460      0.1162      0.1158   1.0e-03    3.0s
    34        0.1157        0.1153      0.4446      0.1160      0.1156   1.0e-03    3.1s
    35        0.1155        0.1151      0.4395      0.1159      0.1155   1.0e-03    3.1s
    36        0.1154        0.1149      0.4367      0.1157      0.1153   1.0e-03    3.0s
    37        0.1151        0.1147      0.4338      0.1156      0.1152   1.0e-03    3.1s
    38        0.1150        0.1145      0.4273      0.1156      0.1152   1.0e-03    3.1s
    39        0.1148        0.1144      0.4239      0.1154      0.1150   1.0e-03    3.0s
    40        0.1147        0.1143      0.4155      0.1153      0.1149   1.0e-03    3.0s
    41        0.1145        0.1140      0.4158      0.1153      0.1149   1.0e-03    3.0s
    42        0.1143        0.1138      0.4145      0.1150      0.1146   1.0e-03    3.0s
    43        0.1142        0.1138      0.4135      0.1149      0.1145   1.0e-03    3.0s
    44        0.1140        0.1135      0.4105      0.1151      0.1147   1.0e-03    3.0s
    45        0.1139        0.1134      0.4116      0.1147      0.1143   1.0e-03    3.0s
    46        0.1137        0.1133      0.4058      0.1146      0.1142   1.0e-03    3.0s
    47        0.1135        0.1130      0.4044      0.1146      0.1142   1.0e-03    3.0s
    48        0.1133        0.1129      0.4024      0.1146      0.1142   1.0e-03    3.1s
    49        0.1132        0.1128      0.3992      0.1145      0.1142   1.0e-03    3.1s
    50        0.1130        0.1126      0.3946      0.1143      0.1140   1.0e-03    3.0s
    51        0.1129        0.1125      0.3910      0.1143      0.1140   1.0e-03    3.1s
    52        0.1128        0.1124      0.3877      0.1142      0.1138   1.0e-03    3.1s
    53        0.1128        0.1124      0.3882      0.1143      0.1139   1.0e-03    3.0s
    54        0.1126        0.1123      0.3849      0.1142      0.1138   1.0e-03    3.1s
    55        0.1126        0.1122      0.3808      0.1141      0.1137   1.0e-03    3.1s
    56        0.1125        0.1121      0.3806      0.1141      0.1137   1.0e-03    3.1s
    57        0.1123        0.1120      0.3753      0.1141      0.1137   1.0e-03    3.1s
    58        0.1123        0.1119      0.3744      0.1141      0.1137   1.0e-03    3.0s
    59        0.1121        0.1118      0.3714      0.1139      0.1135   1.0e-03    3.1s
    60        0.1120        0.1116      0.3712      0.1139      0.1135   1.0e-03    3.0s
    61        0.1119        0.1116      0.3685      0.1138      0.1135   1.0e-03    3.0s
    62        0.1119        0.1115      0.3662      0.1139      0.1135   1.0e-03    3.0s
    63        0.1118        0.1115      0.3631      0.1138      0.1135   1.0e-03    3.1s
    64        0.1117        0.1113      0.3620      0.1137      0.1134   1.0e-03    3.1s
    65        0.1116        0.1113      0.3601      0.1138      0.1134   1.0e-03    3.0s
    66        0.1115        0.1111      0.3569      0.1138      0.1134   1.0e-03    3.0s
    67        0.1115        0.1111      0.3567      0.1140      0.1137   1.0e-03    3.1s
    68        0.1114        0.1111      0.3527      0.1137      0.1134   1.0e-03    3.0s
    69        0.1113        0.1110      0.3515      0.1137      0.1134   1.0e-03    3.0s
    70        0.1113        0.1109      0.3504      0.1137      0.1133   1.0e-03    3.0s
    71        0.1112        0.1108      0.3474      0.1137      0.1133   1.0e-03    3.0s
    72        0.1111        0.1108      0.3483      0.1137      0.1133   1.0e-03    3.1s
    73        0.1110        0.1107      0.3476      0.1137      0.1133   1.0e-03    3.0s
    74        0.1109        0.1106      0.3465      0.1136      0.1133   1.0e-03    3.3s
    75        0.1109        0.1106      0.3449      0.1137      0.1133   1.0e-03    3.1s
    76        0.1108        0.1105      0.3442      0.1136      0.1133   1.0e-03    3.0s
    77        0.1108        0.1104      0.3439      0.1138      0.1134   1.0e-03    3.1s
    78        0.1107        0.1104      0.3439      0.1137      0.1134   1.0e-03    3.1s
    79        0.1107        0.1104      0.3414      0.1135      0.1132   1.0e-03    3.1s
    80        0.1106        0.1102      0.3401      0.1137      0.1134   1.0e-03    3.1s
    81        0.1105        0.1102      0.3427      0.1136      0.1133   1.0e-03    3.0s
    82        0.1105        0.1101      0.3422      0.1135      0.1132   1.0e-03    3.0s
    83        0.1103        0.1100      0.3436      0.1135      0.1132   1.0e-03    2.9s
    84        0.1104        0.1100      0.3428      0.1136      0.1132   1.0e-03    2.9s
    85        0.1102        0.1098      0.3406      0.1135      0.1132   5.0e-04    2.8s
    86        0.1099        0.1095      0.3436      0.1133      0.1129   5.0e-04    3.0s
    87        0.1096        0.1093      0.3420      0.1133      0.1130   5.0e-04    2.9s
    88        0.1096        0.1093      0.3379      0.1132      0.1129   5.0e-04    2.8s
    89        0.1095        0.1092      0.3381      0.1133      0.1130   5.0e-04    3.1s
    90        0.1095        0.1092      0.3375      0.1133      0.1130   5.0e-04    2.9s
    91        0.1095        0.1091      0.3362      0.1132      0.1129   5.0e-04    2.8s
    92        0.1094        0.1091      0.3360      0.1133      0.1130   5.0e-04    2.9s
    93        0.1094        0.1091      0.3364      0.1133      0.1130   5.0e-04    2.9s
    94        0.1093        0.1090      0.3367      0.1132      0.1129   2.5e-04    2.9s
    95        0.1091        0.1088      0.3343      0.1132      0.1129   2.5e-04    2.9s
    96        0.1091        0.1088      0.3336      0.1132      0.1129   2.5e-04    2.9s
    97        0.1090        0.1087      0.3339      0.1132      0.1129   2.5e-04    2.9s
    98        0.1091        0.1087      0.3336      0.1132      0.1129   2.5e-04    2.9s
    99        0.1091        0.1087      0.3330      0.1132      0.1129   2.5e-04    2.7s
   100        0.1090        0.1087      0.3306      0.1132      0.1129   2.5e-04    2.7s

Done. Best val loss: 0.1132
Checkpoints and logs saved to: /project/xuanyao/jiaming/deeplearning/results_papalexi_no_pert/beta1e-3_dim256
=== Analyze ===
Device: cpu
Loading data...
  20729 cells, 3725 genes, 34 perturbations
Log1p-normalizing...
  Filtering 1 cells with unknown perturbation.

Loading model from model_best.pt...

[1/4] Computing latent embeddings...
  Silhouette score (perturbation clusters, excl. NTC): -0.0302
Running UMAP (this may take a few minutes)...
UMAP(min_dist=0.3, n_jobs=1, n_neighbors=30, random_state=42, verbose=True)
Sat May 16 18:26:47 2026 Construct fuzzy simplicial set
Sat May 16 18:26:47 2026 Finding Nearest Neighbors
Sat May 16 18:26:47 2026 Building RP forest with 12 trees
Sat May 16 18:26:51 2026 NN descent for 14 iterations
	 1  /  14
	 2  /  14
	 3  /  14
	Stopping threshold met -- exiting after 3 iterations
Sat May 16 18:27:02 2026 Finished Nearest Neighbor Search
Sat May 16 18:27:05 2026 Construct embedding
	completed  0  /  200 epochs
	completed  20  /  200 epochs
	completed  40  /  200 epochs
	completed  60  /  200 epochs
	completed  80  /  200 epochs
	completed  100  /  200 epochs
	completed  120  /  200 epochs
	completed  140  /  200 epochs
	completed  160  /  200 epochs
	completed  180  /  200 epochs
Sat May 16 18:27:25 2026 Finished embedding
  Saved: /project/xuanyao/jiaming/deeplearning/results_papalexi_no_pert/beta1e-3_dim256/figures/umap_latent.png
  Saved covariate UMAPs: umap_n_nonzero.png, umap_n_umis.png, umap_lane.png, umap_bio_rep.png, umap_phase.png, umap_p_mito.png
Running expression-PCA UMAP for covariate verification...
  Saved expression UMAP covariates: umap_expr_n_nonzero.png, umap_expr_n_umis.png, umap_expr_lane.png, umap_expr_bio_rep.png, umap_expr_phase.png, umap_expr_p_mito.png
  Saved: /project/xuanyao/jiaming/deeplearning/results_papalexi_no_pert/beta1e-3_dim256/figures/umap_per_perturbation.png

[2/4] Computing perturbation response scores (decode Δ vs NTC avg of 9 guides: ['NTg1', 'NTg10', 'NTg2', 'NTg3', 'NTg4']...)...
  NTg1                 (  303 cells) response range: [-0.024, 0.016] [NTC]
  NTg10                (  235 cells) response range: [-0.011, 0.019] [NTC]
  NTg2                 (  106 cells) response range: [-0.011, 0.014] [NTC]
  NTg3                 (  244 cells) response range: [-0.020, 0.013] [NTC]
  NTg4                 (  431 cells) response range: [-0.011, 0.009] [NTC]
  NTg5                 (  305 cells) response range: [-0.020, 0.014] [NTC]
  NTg7                 (  445 cells) response range: [-0.016, 0.016] [NTC]
  NTg8                 (   56 cells) response range: [-0.015, 0.011] [NTC]
  NTg9                 (  261 cells) response range: [-0.010, 0.009] [NTC]
  tar-ATF2             ( 1102 cells) response range: [-0.014, 0.007]
  tar-BRD4             (  341 cells) response range: [-0.011, 0.008]
  tar-CAV1             (  882 cells) response range: [-0.013, 0.020]
  tar-CD86             ( 1197 cells) response range: [-0.010, 0.013]
  tar-CMTM6            (  817 cells) response range: [-0.018, 0.016]
  tar-CUL3             (  274 cells) response range: [-0.018, 0.007]
  tar-ETV7             (  841 cells) response range: [-0.009, 0.013]
  tar-IFNGR1           ( 1341 cells) response range: [-0.008, 0.007]
  tar-IFNGR2           ( 1213 cells) response range: [-0.014, 0.010]
  tar-IRF1             ( 1073 cells) response range: [-0.013, 0.007]
  tar-IRF7             (  614 cells) response range: [-0.012, 0.007]
  tar-JAK2             ( 1024 cells) response range: [-0.015, 0.007]
  tar-MARCH8           ( 1003 cells) response range: [-0.023, 0.010]
  tar-MYC              (  108 cells) response range: [-0.018, 0.010]
  tar-NFKBIA           (  787 cells) response range: [-0.011, 0.010]
  tar-PDCD1LG2         (  617 cells) response range: [-0.011, 0.019]
  tar-POU2F2           (  662 cells) response range: [-0.010, 0.014]
  tar-SMAD4            (  659 cells) response range: [-0.033, 0.013]
  tar-SPI1             (   48 cells) response range: [-0.014, 0.012]
  tar-STAT1            (  444 cells) response range: [-0.012, 0.020]
  tar-STAT2            (  661 cells) response range: [-0.017, 0.011]
  tar-STAT3            (  493 cells) response range: [-0.008, 0.010]
  tar-STAT5A           (  659 cells) response range: [-0.012, 0.017]
  tar-TNFRSF14         (  964 cells) response range: [-0.016, 0.007]
  tar-UBE2L6           (  518 cells) response range: [-0.013, 0.018]
  NTC null: mean |response| per gene = 0.0007  std across NTC guides = 0.0009
  Saved: /project/xuanyao/jiaming/deeplearning/results_papalexi_no_pert/beta1e-3_dim256/response_scores.csv
  Saved: /project/xuanyao/jiaming/deeplearning/results_papalexi_no_pert/beta1e-3_dim256/figures/gene_response_heatmap.png
  Saved: /project/xuanyao/jiaming/deeplearning/results_papalexi_no_pert/beta1e-3_dim256/figures/effect_size_vs_null.png
  NTC noise floor (mean+2SD): 0.0009
  Saved: /project/xuanyao/jiaming/deeplearning/results_papalexi_no_pert/beta1e-3_dim256/figures/top_genes_per_pert.png

[3/4] Clustering perturbations by response vectors...
  Saved: /project/xuanyao/jiaming/deeplearning/results_papalexi_no_pert/beta1e-3_dim256/figures/perturbation_clustermap.png

[4/4] Running hallmark pathway enrichment...
  Saved: /project/xuanyao/jiaming/deeplearning/results_papalexi_no_pert/beta1e-3_dim256/figures/pathway_enrichment.png

[Bonus] Comparing CVAE response vs naive differential expression...
  Mean Spearman ρ (CVAE vs DE): 0.542
  Mean top-20 gene overlap:     2.5/20
  Saved: /project/xuanyao/jiaming/deeplearning/results_papalexi_no_pert/beta1e-3_dim256/cvae_vs_de_comparison.csv

All figures saved to: /project/xuanyao/jiaming/deeplearning/results_papalexi_no_pert/beta1e-3_dim256/figures
Done!
Done: beta1e-3_dim256
