=== Train: beta=1e-4 latent_dim=32 (no phase) ===
Device: cpu
Loading data...
  20729 cells, 3725 genes, 35 perturbations
  Filtering 1 cells with unknown perturbation assignment.
  Extra covariates: 14 dims (3 continuous + 11 categorical OHE)
Log1p-normalizing expression data...
  Train: 17635 cells | Val: 3093 cells

Model: 3725 genes | 34 perturbations | latent_dim=32
  Trainable parameters: 9,040,077

Training for up to 100 epochs (early stop patience=15)...

 Epoch   Train Total   Train Recon    Train KL   Val Total   Val Recon        LR    Time
------------------------------------------------------------------------------------------
     1        0.1953        0.1952      1.6413      0.1446      0.1444   1.0e-03    3.0s
     2        0.1485        0.1484      0.9322      0.1429      0.1429   1.0e-03    3.0s
     3        0.1455        0.1454      0.8515      0.1416      0.1415   1.0e-03    3.0s
     4        0.1429        0.1428      1.1416      0.1390      0.1389   1.0e-03    3.1s
     5        0.1384        0.1383      1.3891      0.1346      0.1345   1.0e-03    3.1s
     6        0.1350        0.1348      1.4872      0.1324      0.1322   1.0e-03    3.1s
     7        0.1325        0.1324      1.6522      0.1306      0.1304   1.0e-03    3.0s
     8        0.1297        0.1295      1.7534      0.1278      0.1276   1.0e-03    3.0s
     9        0.1275        0.1273      1.8207      0.1263      0.1261   1.0e-03    3.1s
    10        0.1261        0.1259      1.8614      0.1254      0.1252   1.0e-03    3.1s
    11        0.1250        0.1248      1.9260      0.1244      0.1242   1.0e-03    3.0s
    12        0.1242        0.1240      1.9845      0.1237      0.1235   1.0e-03    3.0s
    13        0.1230        0.1228      2.0178      0.1221      0.1219   1.0e-03    3.1s
    14        0.1219        0.1217      2.1145      0.1212      0.1210   1.0e-03    3.0s
    15        0.1210        0.1208      2.1333      0.1205      0.1203   1.0e-03    3.0s
    16        0.1203        0.1201      2.1636      0.1201      0.1199   1.0e-03    3.0s
    17        0.1197        0.1195      2.1949      0.1195      0.1193   1.0e-03    3.0s
    18        0.1192        0.1190      2.2505      0.1191      0.1189   1.0e-03    3.0s
    19        0.1186        0.1184      2.2333      0.1187      0.1184   1.0e-03    3.1s
    20        0.1182        0.1180      2.2524      0.1182      0.1180   1.0e-03    3.1s
    21        0.1178        0.1175      2.2920      0.1176      0.1174   1.0e-03    3.1s
    22        0.1173        0.1170      2.3417      0.1172      0.1169   1.0e-03    3.1s
    23        0.1168        0.1166      2.3801      0.1167      0.1165   1.0e-03    3.2s
    24        0.1165        0.1162      2.4065      0.1163      0.1160   1.0e-03    3.1s
    25        0.1160        0.1157      2.4472      0.1160      0.1157   1.0e-03    3.1s
    26        0.1157        0.1154      2.4605      0.1158      0.1155   1.0e-03    3.0s
    27        0.1153        0.1150      2.4701      0.1153      0.1151   1.0e-03    3.0s
    28        0.1149        0.1147      2.4647      0.1152      0.1150   1.0e-03    3.1s
    29        0.1147        0.1145      2.4882      0.1152      0.1150   1.0e-03    3.1s
    30        0.1146        0.1143      2.4961      0.1149      0.1147   1.0e-03    3.0s
    31        0.1143        0.1141      2.5061      0.1147      0.1145   1.0e-03    3.0s
    32        0.1141        0.1139      2.5304      0.1147      0.1144   1.0e-03    3.1s
    33        0.1140        0.1137      2.5223      0.1146      0.1143   1.0e-03    3.0s
    34        0.1137        0.1135      2.5235      0.1144      0.1142   1.0e-03    3.0s
    35        0.1135        0.1132      2.5401      0.1143      0.1140   1.0e-03    3.0s
    36        0.1134        0.1132      2.5420      0.1142      0.1139   1.0e-03    3.0s
    37        0.1132        0.1129      2.5805      0.1140      0.1138   1.0e-03    2.9s
    38        0.1131        0.1128      2.5672      0.1140      0.1137   1.0e-03    3.0s
    39        0.1129        0.1127      2.5910      0.1141      0.1139   1.0e-03    3.0s
    40        0.1127        0.1125      2.5965      0.1138      0.1135   1.0e-03    3.0s
    41        0.1126        0.1123      2.6172      0.1138      0.1135   1.0e-03    3.0s
    42        0.1124        0.1122      2.6213      0.1136      0.1134   1.0e-03    3.1s
    43        0.1122        0.1120      2.6509      0.1135      0.1133   1.0e-03    3.0s
    44        0.1120        0.1118      2.6510      0.1135      0.1133   1.0e-03    3.1s
    45        0.1119        0.1116      2.6373      0.1133      0.1130   1.0e-03    3.1s
    46        0.1118        0.1115      2.6439      0.1132      0.1129   1.0e-03    3.0s
    47        0.1116        0.1114      2.6535      0.1131      0.1128   1.0e-03    3.0s
    48        0.1115        0.1113      2.6604      0.1130      0.1128   1.0e-03    2.9s
    49        0.1114        0.1111      2.6676      0.1130      0.1127   1.0e-03    3.0s
    50        0.1113        0.1110      2.6949      0.1130      0.1127   1.0e-03    3.0s
    51        0.1112        0.1109      2.6653      0.1127      0.1125   1.0e-03    3.1s
    52        0.1110        0.1108      2.6759      0.1127      0.1124   1.0e-03    3.0s
    53        0.1109        0.1106      2.6872      0.1128      0.1125   1.0e-03    2.9s
    54        0.1108        0.1105      2.6990      0.1126      0.1124   1.0e-03    3.0s
    55        0.1108        0.1105      2.6983      0.1127      0.1124   1.0e-03    3.0s
    56        0.1106        0.1104      2.6914      0.1126      0.1124   1.0e-03    3.0s
    57        0.1106        0.1103      2.6944      0.1126      0.1123   1.0e-03    3.1s
    58        0.1104        0.1102      2.7027      0.1127      0.1124   1.0e-03    3.1s
    59        0.1104        0.1102      2.7030      0.1126      0.1124   1.0e-03    3.0s
    60        0.1104        0.1101      2.7317      0.1125      0.1122   1.0e-03    2.9s
    61        0.1103        0.1100      2.7012      0.1126      0.1124   1.0e-03    3.1s
    62        0.1101        0.1099      2.7153      0.1126      0.1123   1.0e-03    3.0s
    63        0.1101        0.1098      2.7235      0.1125      0.1122   1.0e-03    2.9s
    64        0.1100        0.1098      2.7236      0.1125      0.1122   1.0e-03    3.0s
    65        0.1099        0.1096      2.7296      0.1124      0.1121   1.0e-03    3.0s
    66        0.1098        0.1096      2.7332      0.1125      0.1122   1.0e-03    3.0s
    67        0.1098        0.1095      2.7339      0.1125      0.1122   1.0e-03    2.9s
    68        0.1097        0.1094      2.7160      0.1124      0.1121   1.0e-03    3.0s
    69        0.1096        0.1093      2.7344      0.1125      0.1122   1.0e-03    3.0s
    70        0.1096        0.1093      2.7455      0.1123      0.1121   1.0e-03    3.0s
    71        0.1095        0.1092      2.7544      0.1124      0.1121   1.0e-03    3.0s
    72        0.1094        0.1091      2.7242      0.1124      0.1121   1.0e-03    3.1s
    73        0.1093        0.1090      2.7359      0.1123      0.1120   1.0e-03    3.0s
    74        0.1092        0.1089      2.7434      0.1123      0.1121   1.0e-03    3.0s
    75        0.1092        0.1089      2.7547      0.1123      0.1120   1.0e-03    3.0s
    76        0.1091        0.1088      2.7478      0.1124      0.1121   1.0e-03    3.0s
    77        0.1091        0.1089      2.7364      0.1123      0.1120   1.0e-03    3.0s
    78        0.1090        0.1088      2.7479      0.1123      0.1121   1.0e-03    3.1s
    79        0.1090        0.1087      2.7523      0.1123      0.1120   1.0e-03    3.0s
    80        0.1089        0.1086      2.7558      0.1123      0.1120   1.0e-03    2.9s
    81        0.1088        0.1085      2.7472      0.1123      0.1121   1.0e-03    3.1s
    82        0.1087        0.1084      2.7725      0.1123      0.1120   1.0e-03    2.9s
    83        0.1088        0.1085      2.7577      0.1126      0.1123   5.0e-04    3.0s
    84        0.1083        0.1080      2.7773      0.1121      0.1118   5.0e-04    3.0s
    85        0.1080        0.1077      2.7598      0.1121      0.1118   5.0e-04    3.0s
    86        0.1081        0.1078      2.7741      0.1121      0.1118   5.0e-04    3.0s
    87        0.1080        0.1078      2.7648      0.1121      0.1118   5.0e-04    3.0s
    88        0.1079        0.1077      2.7787      0.1122      0.1119   5.0e-04    3.1s
    89        0.1079        0.1077      2.7844      0.1121      0.1118   5.0e-04    3.0s
    90        0.1079        0.1076      2.7846      0.1121      0.1118   5.0e-04    3.0s
    91        0.1078        0.1075      2.7802      0.1121      0.1118   2.5e-04    3.0s
    92        0.1076        0.1074      2.7890      0.1120      0.1117   2.5e-04    3.0s
    93        0.1075        0.1073      2.7854      0.1120      0.1117   2.5e-04    3.0s
    94        0.1075        0.1072      2.7824      0.1120      0.1117   2.5e-04    3.1s
    95        0.1076        0.1073      2.7882      0.1120      0.1118   2.5e-04    3.0s
    96        0.1075        0.1072      2.7815      0.1121      0.1118   2.5e-04    3.0s
    97        0.1075        0.1072      2.7901      0.1120      0.1118   2.5e-04    3.1s
    98        0.1075        0.1072      2.7908      0.1120      0.1117   2.5e-04    2.9s
    99        0.1074        0.1071      2.7880      0.1120      0.1117   2.5e-04    3.0s
   100        0.1075        0.1072      2.7850      0.1120      0.1117   1.3e-04    3.0s

Done. Best val loss: 0.1120
Checkpoints and logs saved to: /project/xuanyao/jiaming/deeplearning/results_papalexi_nophase/beta1e-4_dim32
=== Analyze ===
Device: cpu
Loading data...
  20729 cells, 3725 genes, 34 perturbations
Log1p-normalizing...
  Filtering 1 cells with unknown perturbation.

Loading model from model_best.pt...

[1/4] Computing latent embeddings...
  Silhouette score (perturbation clusters, excl. NTC): -0.0378
Running UMAP (this may take a few minutes)...
UMAP(min_dist=0.3, n_jobs=1, n_neighbors=30, random_state=42, verbose=True)
Fri May 15 13:12:11 2026 Construct fuzzy simplicial set
Fri May 15 13:12:11 2026 Finding Nearest Neighbors
Fri May 15 13:12:11 2026 Building RP forest with 12 trees
Fri May 15 13:12:17 2026 NN descent for 14 iterations
	 1  /  14
	 2  /  14
	 3  /  14
	Stopping threshold met -- exiting after 3 iterations
Fri May 15 13:12:30 2026 Finished Nearest Neighbor Search
Fri May 15 13:12:34 2026 Construct embedding
	completed  0  /  200 epochs
	completed  20  /  200 epochs
	completed  40  /  200 epochs
	completed  60  /  200 epochs
	completed  80  /  200 epochs
	completed  100  /  200 epochs
	completed  120  /  200 epochs
	completed  140  /  200 epochs
	completed  160  /  200 epochs
	completed  180  /  200 epochs
Fri May 15 13:12:59 2026 Finished embedding
  Saved: /project/xuanyao/jiaming/deeplearning/results_papalexi_nophase/beta1e-4_dim32/figures/umap_latent.png
  Saved covariate UMAPs: umap_n_nonzero.png, umap_n_umis.png, umap_lane.png, umap_bio_rep.png, umap_phase.png, umap_p_mito.png
Running expression-PCA UMAP for covariate verification...
  Saved expression UMAP covariates: umap_expr_n_nonzero.png, umap_expr_n_umis.png, umap_expr_lane.png, umap_expr_bio_rep.png, umap_expr_phase.png, umap_expr_p_mito.png
  Saved: /project/xuanyao/jiaming/deeplearning/results_papalexi_nophase/beta1e-4_dim32/figures/umap_per_perturbation.png

[2/4] Computing perturbation response scores (decode Δ vs NTC avg of 9 guides: ['NTg1', 'NTg10', 'NTg2', 'NTg3', 'NTg4']...)...
  NTg1                 (  303 cells) response range: [-0.092, 0.041] [NTC]
  NTg10                (  235 cells) response range: [-0.033, 0.073] [NTC]
  NTg2                 (  106 cells) response range: [-0.048, 0.023] [NTC]
  NTg3                 (  244 cells) response range: [-0.024, 0.026] [NTC]
  NTg4                 (  431 cells) response range: [-0.022, 0.052] [NTC]
  NTg5                 (  305 cells) response range: [-0.051, 0.060] [NTC]
  NTg7                 (  445 cells) response range: [-0.047, 0.026] [NTC]
  NTg8                 (   56 cells) response range: [-0.060, 0.033] [NTC]
  NTg9                 (  261 cells) response range: [-0.019, 0.039] [NTC]
  tar-ATF2             ( 1102 cells) response range: [-0.020, 0.032]
  tar-BRD4             (  341 cells) response range: [-0.216, 0.165]
  tar-CAV1             (  882 cells) response range: [-0.029, 0.035]
  tar-CD86             ( 1197 cells) response range: [-0.030, 0.015]
  tar-CMTM6            (  817 cells) response range: [-0.031, 0.018]
  tar-CUL3             (  274 cells) response range: [-0.087, 0.134]
  tar-ETV7             (  841 cells) response range: [-0.036, 0.035]
  tar-IFNGR1           ( 1341 cells) response range: [-0.664, 0.215]
  tar-IFNGR2           ( 1213 cells) response range: [-0.666, 0.241]
  tar-IRF1             ( 1073 cells) response range: [-0.769, 0.450]
  tar-IRF7             (  614 cells) response range: [-0.021, 0.039]
  tar-JAK2             ( 1024 cells) response range: [-0.739, 0.242]
  tar-MARCH8           ( 1003 cells) response range: [-0.026, 0.026]
  tar-MYC              (  108 cells) response range: [-0.085, 0.114]
  tar-NFKBIA           (  787 cells) response range: [-0.060, 0.046]
  tar-PDCD1LG2         (  617 cells) response range: [-0.036, 0.035]
  tar-POU2F2           (  662 cells) response range: [-0.045, 0.028]
  tar-SMAD4            (  659 cells) response range: [-0.533, 0.385]
  tar-SPI1             (   48 cells) response range: [-0.155, 0.127]
  tar-STAT1            (  444 cells) response range: [-0.598, 0.239]
  tar-STAT2            (  661 cells) response range: [-0.440, 0.130]
  tar-STAT3            (  493 cells) response range: [-0.026, 0.038]
  tar-STAT5A           (  659 cells) response range: [-0.041, 0.020]
  tar-TNFRSF14         (  964 cells) response range: [-0.044, 0.044]
  tar-UBE2L6           (  518 cells) response range: [-0.032, 0.044]
  NTC null: mean |response| per gene = 0.0023  std across NTC guides = 0.0028
  Saved: /project/xuanyao/jiaming/deeplearning/results_papalexi_nophase/beta1e-4_dim32/response_scores.csv
  Saved: /project/xuanyao/jiaming/deeplearning/results_papalexi_nophase/beta1e-4_dim32/figures/gene_response_heatmap.png
  Saved: /project/xuanyao/jiaming/deeplearning/results_papalexi_nophase/beta1e-4_dim32/figures/effect_size_vs_null.png
  NTC noise floor (mean+2SD): 0.0032
  Saved: /project/xuanyao/jiaming/deeplearning/results_papalexi_nophase/beta1e-4_dim32/figures/top_genes_per_pert.png

[3/4] Clustering perturbations by response vectors...
  Saved: /project/xuanyao/jiaming/deeplearning/results_papalexi_nophase/beta1e-4_dim32/figures/perturbation_clustermap.png

[4/4] Running hallmark pathway enrichment...
  Saved: /project/xuanyao/jiaming/deeplearning/results_papalexi_nophase/beta1e-4_dim32/figures/pathway_enrichment.png

[Bonus] Comparing CVAE response vs naive differential expression...
  Mean Spearman ρ (CVAE vs DE): 0.560
  Mean top-20 gene overlap:     6.9/20
  Saved: /project/xuanyao/jiaming/deeplearning/results_papalexi_nophase/beta1e-4_dim32/cvae_vs_de_comparison.csv

All figures saved to: /project/xuanyao/jiaming/deeplearning/results_papalexi_nophase/beta1e-4_dim32/figures
Done!
Done: beta1e-4_dim32
