=== Train: beta=1e-3 latent_dim=256 (no phase) ===
Device: cpu
Loading data...
  20729 cells, 3725 genes, 35 perturbations
  Filtering 1 cells with unknown perturbation assignment.
  Extra covariates: 14 dims (3 continuous + 11 categorical OHE)
Log1p-normalizing expression data...
  Train: 17635 cells | Val: 3093 cells

Model: 3725 genes | 34 perturbations | latent_dim=256
  Trainable parameters: 9,212,557

Training for up to 100 epochs (early stop patience=15)...

 Epoch   Train Total   Train Recon    Train KL   Val Total   Val Recon        LR    Time
------------------------------------------------------------------------------------------
     1        0.1956        0.1952      0.4757      0.1447      0.1446   1.0e-03    2.7s
     2        0.1488        0.1487      0.1203      0.1438      0.1438   1.0e-03    2.8s
     3        0.1467        0.1466      0.0804      0.1432      0.1431   1.0e-03    2.9s
     4        0.1450        0.1449      0.0875      0.1424      0.1423   1.0e-03    2.8s
     5        0.1438        0.1437      0.0552      0.1422      0.1421   1.0e-03    2.8s
     6        0.1430        0.1429      0.0474      0.1420      0.1420   1.0e-03    2.9s
     7        0.1415        0.1414      0.1054      0.1405      0.1403   1.0e-03    2.9s
     8        0.1381        0.1379      0.1723      0.1355      0.1354   1.0e-03    3.0s
     9        0.1351        0.1349      0.1757      0.1342      0.1341   1.0e-03    2.9s
    10        0.1339        0.1337      0.1711      0.1335      0.1333   1.0e-03    3.0s
    11        0.1329        0.1327      0.1700      0.1318      0.1316   1.0e-03    3.0s
    12        0.1306        0.1304      0.2541      0.1297      0.1294   1.0e-03    3.1s
    13        0.1288        0.1285      0.2733      0.1285      0.1283   1.0e-03    3.0s
    14        0.1274        0.1271      0.2764      0.1271      0.1268   1.0e-03    3.0s
    15        0.1264        0.1261      0.3214      0.1263      0.1260   1.0e-03    3.0s
    16        0.1259        0.1255      0.3248      0.1257      0.1254   1.0e-03    3.0s
    17        0.1251        0.1247      0.3362      0.1252      0.1248   1.0e-03    3.1s
    18        0.1244        0.1240      0.3505      0.1242      0.1238   1.0e-03    3.1s
    19        0.1235        0.1231      0.3622      0.1231      0.1227   1.0e-03    3.1s
    20        0.1225        0.1221      0.3859      0.1220      0.1216   1.0e-03    3.1s
    21        0.1217        0.1213      0.3988      0.1211      0.1207   1.0e-03    3.1s
    22        0.1208        0.1204      0.4096      0.1208      0.1204   1.0e-03    3.1s
    23        0.1204        0.1199      0.4127      0.1202      0.1198   1.0e-03    3.1s
    24        0.1199        0.1195      0.4221      0.1199      0.1195   1.0e-03    3.2s
    25        0.1195        0.1190      0.4255      0.1194      0.1189   1.0e-03    3.2s
    26        0.1190        0.1186      0.4289      0.1192      0.1188   1.0e-03    3.2s
    27        0.1188        0.1184      0.4246      0.1189      0.1184   1.0e-03    3.2s
    28        0.1184        0.1180      0.4171      0.1186      0.1182   1.0e-03    3.1s
    29        0.1182        0.1178      0.4137      0.1183      0.1179   1.0e-03    3.2s
    30        0.1178        0.1174      0.4160      0.1180      0.1176   1.0e-03    3.2s
    31        0.1175        0.1171      0.4138      0.1178      0.1174   1.0e-03    3.3s
    32        0.1172        0.1168      0.4175      0.1176      0.1171   1.0e-03    3.2s
    33        0.1170        0.1166      0.4130      0.1172      0.1168   1.0e-03    3.1s
    34        0.1167        0.1163      0.4120      0.1169      0.1165   1.0e-03    3.1s
    35        0.1163        0.1159      0.4168      0.1168      0.1164   1.0e-03    3.0s
    36        0.1161        0.1157      0.4182      0.1166      0.1162   1.0e-03    3.1s
    37        0.1159        0.1155      0.4161      0.1163      0.1159   1.0e-03    3.1s
    38        0.1156        0.1152      0.4186      0.1161      0.1157   1.0e-03    3.1s
    39        0.1153        0.1149      0.4236      0.1157      0.1153   1.0e-03    3.1s
    40        0.1150        0.1145      0.4256      0.1155      0.1151   1.0e-03    3.2s
    41        0.1147        0.1143      0.4250      0.1154      0.1150   1.0e-03    3.1s
    42        0.1146        0.1142      0.4237      0.1152      0.1148   1.0e-03    3.0s
    43        0.1144        0.1140      0.4181      0.1153      0.1149   1.0e-03    2.9s
    44        0.1142        0.1138      0.4159      0.1151      0.1147   1.0e-03    2.9s
    45        0.1141        0.1136      0.4121      0.1150      0.1146   1.0e-03    3.0s
    46        0.1139        0.1135      0.4078      0.1150      0.1146   1.0e-03    3.0s
    47        0.1138        0.1134      0.4037      0.1149      0.1145   1.0e-03    3.0s
    48        0.1136        0.1132      0.3992      0.1148      0.1144   1.0e-03    2.9s
    49        0.1136        0.1132      0.3972      0.1148      0.1144   1.0e-03    2.9s
    50        0.1135        0.1131      0.3906      0.1147      0.1143   1.0e-03    2.9s
    51        0.1133        0.1129      0.3898      0.1147      0.1143   1.0e-03    2.9s
    52        0.1132        0.1128      0.3861      0.1146      0.1142   1.0e-03    2.9s
    53        0.1131        0.1127      0.3827      0.1145      0.1141   1.0e-03    2.9s
    54        0.1129        0.1125      0.3807      0.1144      0.1141   1.0e-03    2.8s
    55        0.1127        0.1124      0.3828      0.1144      0.1140   1.0e-03    2.8s
    56        0.1127        0.1124      0.3782      0.1145      0.1141   1.0e-03    2.9s
    57        0.1125        0.1122      0.3802      0.1144      0.1140   1.0e-03    2.9s
    58        0.1125        0.1121      0.3736      0.1142      0.1138   1.0e-03    2.8s
    59        0.1125        0.1121      0.3714      0.1141      0.1138   1.0e-03    2.9s
    60        0.1123        0.1119      0.3716      0.1141      0.1137   1.0e-03    2.9s
    61        0.1123        0.1119      0.3695      0.1141      0.1137   1.0e-03    2.9s
    62        0.1122        0.1118      0.3651      0.1140      0.1136   1.0e-03    2.9s
    63        0.1120        0.1116      0.3657      0.1140      0.1136   1.0e-03    2.9s
    64        0.1119        0.1115      0.3634      0.1140      0.1136   1.0e-03    3.0s
    65        0.1119        0.1115      0.3618      0.1139      0.1136   1.0e-03    2.8s
    66        0.1119        0.1115      0.3577      0.1140      0.1136   1.0e-03    2.9s
    67        0.1117        0.1113      0.3562      0.1139      0.1136   1.0e-03    2.9s
    68        0.1116        0.1113      0.3559      0.1139      0.1135   1.0e-03    2.9s
    69        0.1116        0.1113      0.3532      0.1138      0.1135   1.0e-03    2.9s
    70        0.1115        0.1112      0.3521      0.1138      0.1135   1.0e-03    2.8s
    71        0.1115        0.1111      0.3505      0.1138      0.1135   1.0e-03    2.9s
    72        0.1114        0.1110      0.3499      0.1139      0.1135   1.0e-03    2.9s
    73        0.1112        0.1109      0.3502      0.1138      0.1135   1.0e-03    2.9s
    74        0.1112        0.1109      0.3480      0.1141      0.1137   1.0e-03    2.9s
    75        0.1113        0.1109      0.3472      0.1140      0.1136   5.0e-04    2.9s
    76        0.1108        0.1105      0.3460      0.1135      0.1132   5.0e-04    2.9s
    77        0.1107        0.1103      0.3430      0.1136      0.1132   5.0e-04    3.0s
    78        0.1106        0.1102      0.3426      0.1136      0.1133   5.0e-04    3.0s
    79        0.1105        0.1101      0.3415      0.1136      0.1132   5.0e-04    3.0s
    80        0.1105        0.1102      0.3403      0.1135      0.1132   5.0e-04    3.0s
    81        0.1104        0.1101      0.3410      0.1135      0.1132   5.0e-04    3.0s
    82        0.1104        0.1100      0.3401      0.1135      0.1132   5.0e-04    3.0s
    83        0.1104        0.1101      0.3405      0.1135      0.1132   5.0e-04    3.0s
    84        0.1103        0.1100      0.3389      0.1136      0.1132   5.0e-04    2.9s
    85        0.1103        0.1100      0.3392      0.1136      0.1132   5.0e-04    3.0s
    86        0.1102        0.1099      0.3388      0.1135      0.1132   2.5e-04    3.0s
    87        0.1100        0.1097      0.3395      0.1135      0.1131   2.5e-04    3.0s
    88        0.1099        0.1096      0.3361      0.1135      0.1131   2.5e-04    3.0s
    89        0.1099        0.1096      0.3360      0.1135      0.1131   2.5e-04    2.8s
    90        0.1099        0.1096      0.3346      0.1134      0.1131   2.5e-04    2.8s
    91        0.1098        0.1095      0.3349      0.1134      0.1131   2.5e-04    2.8s
    92        0.1098        0.1095      0.3351      0.1135      0.1131   2.5e-04    2.8s
    93        0.1098        0.1094      0.3356      0.1135      0.1131   2.5e-04    2.8s
    94        0.1097        0.1094      0.3363      0.1135      0.1131   2.5e-04    2.8s
    95        0.1097        0.1094      0.3350      0.1134      0.1131   2.5e-04    2.8s
    96        0.1097        0.1094      0.3358      0.1134      0.1131   2.5e-04    2.7s
    97        0.1097        0.1094      0.3365      0.1134      0.1131   2.5e-04    2.8s
    98        0.1097        0.1093      0.3365      0.1134      0.1131   2.5e-04    2.8s
    99        0.1097        0.1093      0.3356      0.1134      0.1130   2.5e-04    2.9s
   100        0.1096        0.1093      0.3360      0.1134      0.1131   2.5e-04    2.9s

Done. Best val loss: 0.1134
Checkpoints and logs saved to: /project/xuanyao/jiaming/deeplearning/results_papalexi_nophase/beta1e-3_dim256
=== Analyze ===
Device: cpu
Loading data...
  20729 cells, 3725 genes, 34 perturbations
Log1p-normalizing...
  Filtering 1 cells with unknown perturbation.

Loading model from model_best.pt...

[1/4] Computing latent embeddings...
  Silhouette score (perturbation clusters, excl. NTC): -0.0391
Running UMAP (this may take a few minutes)...
UMAP(min_dist=0.3, n_jobs=1, n_neighbors=30, random_state=42, verbose=True)
Sat May 16 15:29:37 2026 Construct fuzzy simplicial set
Sat May 16 15:29:37 2026 Finding Nearest Neighbors
Sat May 16 15:29:37 2026 Building RP forest with 12 trees
Sat May 16 15:29:42 2026 NN descent for 14 iterations
	 1  /  14
	 2  /  14
	 3  /  14
	Stopping threshold met -- exiting after 3 iterations
Sat May 16 15:29:53 2026 Finished Nearest Neighbor Search
Sat May 16 15:29:57 2026 Construct embedding
	completed  0  /  200 epochs
	completed  20  /  200 epochs
	completed  40  /  200 epochs
	completed  60  /  200 epochs
	completed  80  /  200 epochs
	completed  100  /  200 epochs
	completed  120  /  200 epochs
	completed  140  /  200 epochs
	completed  160  /  200 epochs
	completed  180  /  200 epochs
Sat May 16 15:30:16 2026 Finished embedding
  Saved: /project/xuanyao/jiaming/deeplearning/results_papalexi_nophase/beta1e-3_dim256/figures/umap_latent.png
  Saved covariate UMAPs: umap_n_nonzero.png, umap_n_umis.png, umap_lane.png, umap_bio_rep.png, umap_phase.png, umap_p_mito.png
Running expression-PCA UMAP for covariate verification...
  Saved expression UMAP covariates: umap_expr_n_nonzero.png, umap_expr_n_umis.png, umap_expr_lane.png, umap_expr_bio_rep.png, umap_expr_phase.png, umap_expr_p_mito.png
  Saved: /project/xuanyao/jiaming/deeplearning/results_papalexi_nophase/beta1e-3_dim256/figures/umap_per_perturbation.png

[2/4] Computing perturbation response scores (decode Δ vs NTC avg of 9 guides: ['NTg1', 'NTg10', 'NTg2', 'NTg3', 'NTg4']...)...
  NTg1                 (  303 cells) response range: [-0.079, 0.021] [NTC]
  NTg10                (  235 cells) response range: [-0.015, 0.046] [NTC]
  NTg2                 (  106 cells) response range: [-0.048, 0.024] [NTC]
  NTg3                 (  244 cells) response range: [-0.027, 0.017] [NTC]
  NTg4                 (  431 cells) response range: [-0.028, 0.037] [NTC]
  NTg5                 (  305 cells) response range: [-0.021, 0.038] [NTC]
  NTg7                 (  445 cells) response range: [-0.022, 0.025] [NTC]
  NTg8                 (   56 cells) response range: [-0.033, 0.029] [NTC]
  NTg9                 (  261 cells) response range: [-0.012, 0.027] [NTC]
  tar-ATF2             ( 1102 cells) response range: [-0.014, 0.023]
  tar-BRD4             (  341 cells) response range: [-0.149, 0.121]
  tar-CAV1             (  882 cells) response range: [-0.027, 0.029]
  tar-CD86             ( 1197 cells) response range: [-0.022, 0.019]
  tar-CMTM6            (  817 cells) response range: [-0.037, 0.022]
  tar-CUL3             (  274 cells) response range: [-0.061, 0.078]
  tar-ETV7             (  841 cells) response range: [-0.034, 0.048]
  tar-IFNGR1           ( 1341 cells) response range: [-0.610, 0.212]
  tar-IFNGR2           ( 1213 cells) response range: [-0.636, 0.211]
  tar-IRF1             ( 1073 cells) response range: [-0.765, 0.507]
  tar-IRF7             (  614 cells) response range: [-0.015, 0.029]
  tar-JAK2             ( 1024 cells) response range: [-0.695, 0.237]
  tar-MARCH8           ( 1003 cells) response range: [-0.013, 0.050]
  tar-MYC              (  108 cells) response range: [-0.064, 0.057]
  tar-NFKBIA           (  787 cells) response range: [-0.053, 0.032]
  tar-PDCD1LG2         (  617 cells) response range: [-0.031, 0.023]
  tar-POU2F2           (  662 cells) response range: [-0.024, 0.033]
  tar-SMAD4            (  659 cells) response range: [-0.552, 0.445]
  tar-SPI1             (   48 cells) response range: [-0.120, 0.067]
  tar-STAT1            (  444 cells) response range: [-0.441, 0.163]
  tar-STAT2            (  661 cells) response range: [-0.384, 0.088]
  tar-STAT3            (  493 cells) response range: [-0.021, 0.024]
  tar-STAT5A           (  659 cells) response range: [-0.034, 0.022]
  tar-TNFRSF14         (  964 cells) response range: [-0.018, 0.030]
  tar-UBE2L6           (  518 cells) response range: [-0.021, 0.037]
  NTC null: mean |response| per gene = 0.0016  std across NTC guides = 0.0020
  Saved: /project/xuanyao/jiaming/deeplearning/results_papalexi_nophase/beta1e-3_dim256/response_scores.csv
  Saved: /project/xuanyao/jiaming/deeplearning/results_papalexi_nophase/beta1e-3_dim256/figures/gene_response_heatmap.png
  Saved: /project/xuanyao/jiaming/deeplearning/results_papalexi_nophase/beta1e-3_dim256/figures/effect_size_vs_null.png
  NTC noise floor (mean+2SD): 0.0025
  Saved: /project/xuanyao/jiaming/deeplearning/results_papalexi_nophase/beta1e-3_dim256/figures/top_genes_per_pert.png

[3/4] Clustering perturbations by response vectors...
  Saved: /project/xuanyao/jiaming/deeplearning/results_papalexi_nophase/beta1e-3_dim256/figures/perturbation_clustermap.png

[4/4] Running hallmark pathway enrichment...
  Saved: /project/xuanyao/jiaming/deeplearning/results_papalexi_nophase/beta1e-3_dim256/figures/pathway_enrichment.png

[Bonus] Comparing CVAE response vs naive differential expression...
  Mean Spearman ρ (CVAE vs DE): 0.560
  Mean top-20 gene overlap:     6.6/20
  Saved: /project/xuanyao/jiaming/deeplearning/results_papalexi_nophase/beta1e-3_dim256/cvae_vs_de_comparison.csv

All figures saved to: /project/xuanyao/jiaming/deeplearning/results_papalexi_nophase/beta1e-3_dim256/figures
Done!
Done: beta1e-3_dim256
