=== Train: beta=1e-4 latent_dim=32 (no bio_rep, no lane) ===
Device: cpu
Loading data...
  20729 cells, 3725 genes, 35 perturbations
  Filtering 1 cells with unknown perturbation assignment.
  Extra covariates: 6 dims (3 continuous + 3 categorical OHE)
Log1p-normalizing expression data...
  Train: 17635 cells | Val: 3093 cells

Model: 3725 genes | 34 perturbations | latent_dim=32
  Trainable parameters: 9,029,837

Training for up to 100 epochs (early stop patience=15)...

 Epoch   Train Total   Train Recon    Train KL   Val Total   Val Recon        LR    Time
------------------------------------------------------------------------------------------
     1        0.1947        0.1945      1.7941      0.1446      0.1443   1.0e-03    2.8s
     2        0.1484        0.1483      1.1086      0.1430      0.1429   1.0e-03    2.9s
     3        0.1453        0.1452      0.9364      0.1412      0.1411   1.0e-03    2.9s
     4        0.1423        0.1422      1.3087      0.1384      0.1383   1.0e-03    2.9s
     5        0.1383        0.1382      1.5358      0.1344      0.1342   1.0e-03    3.0s
     6        0.1344        0.1342      1.7393      0.1322      0.1320   1.0e-03    3.0s
     7        0.1313        0.1311      1.8346      0.1292      0.1291   1.0e-03    3.0s
     8        0.1288        0.1286      1.8638      0.1275      0.1273   1.0e-03    2.9s
     9        0.1271        0.1269      1.9182      0.1261      0.1259   1.0e-03    3.0s
    10        0.1257        0.1255      1.9731      0.1246      0.1244   1.0e-03    3.0s
    11        0.1243        0.1241      2.0386      0.1232      0.1230   1.0e-03    2.9s
    12        0.1232        0.1230      2.0838      0.1222      0.1219   1.0e-03    3.0s
    13        0.1221        0.1219      2.1450      0.1214      0.1212   1.0e-03    3.0s
    14        0.1213        0.1211      2.1843      0.1209      0.1207   1.0e-03    3.0s
    15        0.1206        0.1204      2.2063      0.1204      0.1202   1.0e-03    2.9s
    16        0.1199        0.1197      2.2495      0.1196      0.1194   1.0e-03    2.9s
    17        0.1192        0.1190      2.2987      0.1190      0.1188   1.0e-03    3.0s
    18        0.1188        0.1185      2.3166      0.1188      0.1186   1.0e-03    2.9s
    19        0.1183        0.1181      2.3147      0.1183      0.1180   1.0e-03    3.0s
    20        0.1179        0.1177      2.3367      0.1178      0.1176   1.0e-03    3.1s
    21        0.1174        0.1172      2.3487      0.1174      0.1171   1.0e-03    3.0s
    22        0.1170        0.1167      2.3972      0.1170      0.1167   1.0e-03    3.0s
    23        0.1166        0.1164      2.4192      0.1168      0.1166   1.0e-03    2.9s
    24        0.1164        0.1161      2.4224      0.1164      0.1161   1.0e-03    2.9s
    25        0.1160        0.1157      2.4573      0.1162      0.1159   1.0e-03    3.0s
    26        0.1157        0.1155      2.4679      0.1160      0.1158   1.0e-03    3.0s
    27        0.1155        0.1152      2.4733      0.1159      0.1156   1.0e-03    3.0s
    28        0.1152        0.1150      2.4941      0.1156      0.1154   1.0e-03    2.9s
    29        0.1149        0.1147      2.4893      0.1154      0.1151   1.0e-03    3.0s
    30        0.1147        0.1145      2.5149      0.1151      0.1148   1.0e-03    2.9s
    31        0.1144        0.1141      2.5386      0.1151      0.1148   1.0e-03    3.0s
    32        0.1141        0.1139      2.5402      0.1148      0.1145   1.0e-03    3.0s
    33        0.1140        0.1137      2.5637      0.1146      0.1143   1.0e-03    2.9s
    34        0.1137        0.1134      2.5828      0.1143      0.1141   1.0e-03    3.0s
    35        0.1134        0.1132      2.6086      0.1142      0.1139   1.0e-03    2.9s
    36        0.1132        0.1130      2.6146      0.1141      0.1138   1.0e-03    2.9s
    37        0.1131        0.1128      2.6290      0.1138      0.1136   1.0e-03    2.9s
    38        0.1129        0.1126      2.6618      0.1138      0.1136   1.0e-03    2.9s
    39        0.1128        0.1125      2.6550      0.1137      0.1134   1.0e-03    2.9s
    40        0.1125        0.1122      2.6531      0.1135      0.1132   1.0e-03    3.0s
    41        0.1124        0.1122      2.6652      0.1136      0.1133   1.0e-03    3.0s
    42        0.1122        0.1120      2.6608      0.1135      0.1132   1.0e-03    2.9s
    43        0.1121        0.1119      2.6857      0.1133      0.1131   1.0e-03    2.9s
    44        0.1120        0.1118      2.6695      0.1134      0.1131   1.0e-03    3.0s
    45        0.1120        0.1117      2.6823      0.1133      0.1130   1.0e-03    3.0s
    46        0.1118        0.1115      2.6696      0.1132      0.1129   1.0e-03    3.0s
    47        0.1117        0.1115      2.6898      0.1132      0.1129   1.0e-03    3.0s
    48        0.1117        0.1114      2.6982      0.1132      0.1129   1.0e-03    3.0s
    49        0.1115        0.1112      2.7106      0.1131      0.1128   1.0e-03    2.9s
    50        0.1114        0.1112      2.6999      0.1131      0.1129   1.0e-03    3.0s
    51        0.1113        0.1111      2.7225      0.1130      0.1127   1.0e-03    3.0s
    52        0.1112        0.1109      2.7090      0.1130      0.1128   1.0e-03    3.0s
    53        0.1111        0.1108      2.7274      0.1129      0.1127   1.0e-03    2.9s
    54        0.1110        0.1107      2.7330      0.1128      0.1125   1.0e-03    2.9s
    55        0.1108        0.1106      2.7382      0.1129      0.1127   1.0e-03    2.9s
    56        0.1108        0.1105      2.7400      0.1128      0.1126   1.0e-03    2.9s
    57        0.1108        0.1105      2.7411      0.1129      0.1126   1.0e-03    2.9s
    58        0.1107        0.1104      2.7370      0.1128      0.1125   1.0e-03    2.8s
    59        0.1106        0.1103      2.7477      0.1127      0.1124   1.0e-03    2.9s
    60        0.1104        0.1101      2.7465      0.1126      0.1124   1.0e-03    3.0s
    61        0.1104        0.1101      2.7540      0.1126      0.1123   1.0e-03    2.9s
    62        0.1102        0.1099      2.7579      0.1126      0.1123   1.0e-03    2.9s
    63        0.1102        0.1099      2.7583      0.1126      0.1123   1.0e-03    2.8s
    64        0.1102        0.1099      2.7578      0.1126      0.1123   1.0e-03    2.9s
    65        0.1101        0.1098      2.7702      0.1125      0.1122   1.0e-03    2.9s
    66        0.1101        0.1098      2.7709      0.1126      0.1123   1.0e-03    2.8s
    67        0.1099        0.1097      2.7810      0.1125      0.1122   1.0e-03    2.8s
    68        0.1098        0.1095      2.7845      0.1125      0.1122   1.0e-03    2.9s
    69        0.1097        0.1094      2.7826      0.1125      0.1122   1.0e-03    2.8s
    70        0.1097        0.1094      2.7835      0.1124      0.1121   1.0e-03    2.8s
    71        0.1096        0.1094      2.7870      0.1124      0.1121   1.0e-03    2.9s
    72        0.1095        0.1092      2.8056      0.1124      0.1121   1.0e-03    2.8s
    73        0.1094        0.1091      2.7997      0.1124      0.1121   1.0e-03    2.9s
    74        0.1093        0.1090      2.8050      0.1124      0.1121   1.0e-03    2.9s
    75        0.1093        0.1090      2.8098      0.1125      0.1122   1.0e-03    2.8s
    76        0.1092        0.1089      2.7953      0.1123      0.1120   1.0e-03    2.8s
    77        0.1092        0.1089      2.8254      0.1123      0.1121   1.0e-03    2.8s
    78        0.1091        0.1088      2.8073      0.1124      0.1122   1.0e-03    2.8s
    79        0.1090        0.1087      2.8297      0.1122      0.1119   1.0e-03    2.8s
    80        0.1090        0.1087      2.8074      0.1123      0.1120   1.0e-03    2.7s
    81        0.1089        0.1086      2.8212      0.1123      0.1120   1.0e-03    2.7s
    82        0.1088        0.1085      2.8229      0.1123      0.1120   1.0e-03    2.7s
    83        0.1089        0.1086      2.8273      0.1126      0.1123   1.0e-03    2.6s
    84        0.1089        0.1086      2.8354      0.1124      0.1121   1.0e-03    2.7s
    85        0.1087        0.1084      2.8204      0.1123      0.1121   5.0e-04    2.7s
    86        0.1082        0.1079      2.8589      0.1121      0.1118   5.0e-04    2.7s
    87        0.1081        0.1078      2.8508      0.1120      0.1117   5.0e-04    2.7s
    88        0.1080        0.1077      2.8476      0.1121      0.1118   5.0e-04    2.6s
    89        0.1080        0.1077      2.8472      0.1120      0.1117   5.0e-04    2.7s
    90        0.1080        0.1077      2.8540      0.1121      0.1118   5.0e-04    2.7s
    91        0.1079        0.1076      2.8435      0.1120      0.1117   5.0e-04    2.6s
    92        0.1080        0.1077      2.8524      0.1121      0.1118   5.0e-04    2.7s
    93        0.1078        0.1075      2.8448      0.1120      0.1117   2.5e-04    2.7s
    94        0.1077        0.1074      2.8593      0.1120      0.1117   2.5e-04    2.6s
    95        0.1075        0.1073      2.8495      0.1120      0.1117   2.5e-04    2.6s
    96        0.1076        0.1073      2.8568      0.1120      0.1117   2.5e-04    2.6s
    97        0.1076        0.1073      2.8507      0.1120      0.1117   2.5e-04    2.6s
    98        0.1075        0.1072      2.8669      0.1120      0.1117   2.5e-04    2.7s
    99        0.1074        0.1072      2.8518      0.1120      0.1118   2.5e-04    2.7s
   100        0.1074        0.1072      2.8750      0.1120      0.1117   2.5e-04    2.6s

Done. Best val loss: 0.1120
Checkpoints and logs saved to: /project/xuanyao/jiaming/deeplearning/results_papalexi_nobatch/beta1e-4_dim32
=== Analyze ===
Device: cpu
Loading data...
  20729 cells, 3725 genes, 34 perturbations
Log1p-normalizing...
  Filtering 1 cells with unknown perturbation.

Loading model from model_best.pt...

[1/4] Computing latent embeddings...
  Silhouette score (perturbation clusters, excl. NTC): -0.0387
Running UMAP (this may take a few minutes)...
UMAP(min_dist=0.3, n_jobs=1, n_neighbors=30, random_state=42, verbose=True)
Sat May 16 15:36:11 2026 Construct fuzzy simplicial set
Sat May 16 15:36:11 2026 Finding Nearest Neighbors
Sat May 16 15:36:11 2026 Building RP forest with 12 trees
Sat May 16 15:36:16 2026 NN descent for 14 iterations
	 1  /  14
	 2  /  14
	 3  /  14
	Stopping threshold met -- exiting after 3 iterations
Sat May 16 15:36:26 2026 Finished Nearest Neighbor Search
Sat May 16 15:36:30 2026 Construct embedding
	completed  0  /  200 epochs
	completed  20  /  200 epochs
	completed  40  /  200 epochs
	completed  60  /  200 epochs
	completed  80  /  200 epochs
	completed  100  /  200 epochs
	completed  120  /  200 epochs
	completed  140  /  200 epochs
	completed  160  /  200 epochs
	completed  180  /  200 epochs
Sat May 16 15:36:49 2026 Finished embedding
  Saved: /project/xuanyao/jiaming/deeplearning/results_papalexi_nobatch/beta1e-4_dim32/figures/umap_latent.png
  Saved covariate UMAPs: umap_n_nonzero.png, umap_n_umis.png, umap_lane.png, umap_bio_rep.png, umap_phase.png, umap_p_mito.png
Running expression-PCA UMAP for covariate verification...
  Saved expression UMAP covariates: umap_expr_n_nonzero.png, umap_expr_n_umis.png, umap_expr_lane.png, umap_expr_bio_rep.png, umap_expr_phase.png, umap_expr_p_mito.png
  Saved: /project/xuanyao/jiaming/deeplearning/results_papalexi_nobatch/beta1e-4_dim32/figures/umap_per_perturbation.png

[2/4] Computing perturbation response scores (decode Δ vs NTC avg of 9 guides: ['NTg1', 'NTg10', 'NTg2', 'NTg3', 'NTg4']...)...
  NTg1                 (  303 cells) response range: [-0.026, 0.014] [NTC]
  NTg10                (  235 cells) response range: [-0.031, 0.036] [NTC]
  NTg2                 (  106 cells) response range: [-0.060, 0.048] [NTC]
  NTg3                 (  244 cells) response range: [-0.039, 0.020] [NTC]
  NTg4                 (  431 cells) response range: [-0.035, 0.121] [NTC]
  NTg5                 (  305 cells) response range: [-0.056, 0.047] [NTC]
  NTg7                 (  445 cells) response range: [-0.044, 0.022] [NTC]
  NTg8                 (   56 cells) response range: [-0.091, 0.043] [NTC]
  NTg9                 (  261 cells) response range: [-0.028, 0.028] [NTC]
  tar-ATF2             ( 1102 cells) response range: [-0.022, 0.033]
  tar-BRD4             (  341 cells) response range: [-0.223, 0.177]
  tar-CAV1             (  882 cells) response range: [-0.021, 0.029]
  tar-CD86             ( 1197 cells) response range: [-0.015, 0.033]
  tar-CMTM6            (  817 cells) response range: [-0.022, 0.036]
  tar-CUL3             (  274 cells) response range: [-0.112, 0.160]
  tar-ETV7             (  841 cells) response range: [-0.028, 0.048]
  tar-IFNGR1           ( 1341 cells) response range: [-0.667, 0.209]
  tar-IFNGR2           ( 1213 cells) response range: [-0.701, 0.237]
  tar-IRF1             ( 1073 cells) response range: [-0.762, 0.498]
  tar-IRF7             (  614 cells) response range: [-0.025, 0.037]
  tar-JAK2             ( 1024 cells) response range: [-0.752, 0.247]
  tar-MARCH8           ( 1003 cells) response range: [-0.020, 0.047]
  tar-MYC              (  108 cells) response range: [-0.127, 0.064]
  tar-NFKBIA           (  787 cells) response range: [-0.047, 0.063]
  tar-PDCD1LG2         (  617 cells) response range: [-0.030, 0.024]
  tar-POU2F2           (  662 cells) response range: [-0.031, 0.055]
  tar-SMAD4            (  659 cells) response range: [-0.506, 0.384]
  tar-SPI1             (   48 cells) response range: [-0.126, 0.138]
  tar-STAT1            (  444 cells) response range: [-0.581, 0.249]
  tar-STAT2            (  661 cells) response range: [-0.425, 0.117]
  tar-STAT3            (  493 cells) response range: [-0.025, 0.034]
  tar-STAT5A           (  659 cells) response range: [-0.043, 0.025]
  tar-TNFRSF14         (  964 cells) response range: [-0.036, 0.028]
  tar-UBE2L6           (  518 cells) response range: [-0.030, 0.045]
  NTC null: mean |response| per gene = 0.0023  std across NTC guides = 0.0028
  Saved: /project/xuanyao/jiaming/deeplearning/results_papalexi_nobatch/beta1e-4_dim32/response_scores.csv
  Saved: /project/xuanyao/jiaming/deeplearning/results_papalexi_nobatch/beta1e-4_dim32/figures/gene_response_heatmap.png
  Saved: /project/xuanyao/jiaming/deeplearning/results_papalexi_nobatch/beta1e-4_dim32/figures/effect_size_vs_null.png
  NTC noise floor (mean+2SD): 0.0035
  Saved: /project/xuanyao/jiaming/deeplearning/results_papalexi_nobatch/beta1e-4_dim32/figures/top_genes_per_pert.png

[3/4] Clustering perturbations by response vectors...
  Saved: /project/xuanyao/jiaming/deeplearning/results_papalexi_nobatch/beta1e-4_dim32/figures/perturbation_clustermap.png

[4/4] Running hallmark pathway enrichment...
  Saved: /project/xuanyao/jiaming/deeplearning/results_papalexi_nobatch/beta1e-4_dim32/figures/pathway_enrichment.png

[Bonus] Comparing CVAE response vs naive differential expression...
  Mean Spearman ρ (CVAE vs DE): 0.556
  Mean top-20 gene overlap:     7.7/20
  Saved: /project/xuanyao/jiaming/deeplearning/results_papalexi_nobatch/beta1e-4_dim32/cvae_vs_de_comparison.csv

All figures saved to: /project/xuanyao/jiaming/deeplearning/results_papalexi_nobatch/beta1e-4_dim32/figures
Done!
Done: beta1e-4_dim32
