=== Train: beta=1e-4 latent_dim=128 (no perturbation) ===
Device: cpu
Loading data...
  20729 cells, 3725 genes, 35 perturbations
  Filtering 1 cells with unknown perturbation assignment.
  Extra covariates: 17 dims (3 continuous + 14 categorical OHE)
Log1p-normalizing expression data...
  Train: 17635 cells | Val: 3093 cells

Model: 3725 genes | 34 perturbations | latent_dim=128
  Trainable parameters: 9,117,837

Training for up to 100 epochs (early stop patience=15)...

 Epoch   Train Total   Train Recon    Train KL   Val Total   Val Recon        LR    Time
------------------------------------------------------------------------------------------
     1        0.1961        0.1960      1.1056      0.1447      0.1445   1.0e-03    3.2s
     2        0.1488        0.1487      0.7409      0.1437      0.1437   1.0e-03    3.1s
     3        0.1464        0.1464      0.5803      0.1423      0.1422   1.0e-03    3.3s
     4        0.1441        0.1440      0.9616      0.1400      0.1399   1.0e-03    3.2s
     5        0.1394        0.1392      1.4995      0.1352      0.1350   1.0e-03    3.1s
     6        0.1358        0.1356      1.5080      0.1338      0.1337   1.0e-03    3.2s
     7        0.1337        0.1335      1.5314      0.1321      0.1320   1.0e-03    3.3s
     8        0.1316        0.1314      1.6473      0.1296      0.1294   1.0e-03    3.2s
     9        0.1286        0.1284      1.7209      0.1270      0.1268   1.0e-03    3.2s
    10        0.1265        0.1264      1.7209      0.1258      0.1256   1.0e-03    3.1s
    11        0.1254        0.1252      1.7392      0.1246      0.1245   1.0e-03    3.1s
    12        0.1243        0.1241      1.8400      0.1236      0.1234   1.0e-03    3.2s
    13        0.1233        0.1231      1.8745      0.1227      0.1225   1.0e-03    3.2s
    14        0.1223        0.1221      1.8768      0.1217      0.1215   1.0e-03    3.1s
    15        0.1213        0.1211      1.9052      0.1208      0.1206   1.0e-03    3.2s
    16        0.1206        0.1204      1.9057      0.1203      0.1201   1.0e-03    3.2s
    17        0.1200        0.1198      1.9355      0.1198      0.1196   1.0e-03    3.2s
    18        0.1196        0.1194      1.9437      0.1194      0.1192   1.0e-03    3.2s
    19        0.1190        0.1188      1.9390      0.1188      0.1186   1.0e-03    3.2s
    20        0.1185        0.1183      1.9260      0.1186      0.1184   1.0e-03    3.2s
    21        0.1181        0.1179      1.9339      0.1181      0.1179   1.0e-03    3.3s
    22        0.1176        0.1174      1.9573      0.1177      0.1175   1.0e-03    3.3s
    23        0.1172        0.1170      1.9696      0.1172      0.1170   1.0e-03    3.2s
    24        0.1168        0.1166      1.9992      0.1167      0.1165   1.0e-03    3.2s
    25        0.1163        0.1161      2.0174      0.1165      0.1163   1.0e-03    3.3s
    26        0.1161        0.1159      2.0169      0.1162      0.1160   1.0e-03    3.2s
    27        0.1158        0.1156      1.9986      0.1159      0.1157   1.0e-03    3.3s
    28        0.1155        0.1153      2.0189      0.1156      0.1154   1.0e-03    3.3s
    29        0.1151        0.1149      2.0243      0.1154      0.1152   1.0e-03    3.2s
    30        0.1149        0.1147      2.0632      0.1152      0.1150   1.0e-03    3.2s
    31        0.1147        0.1145      2.0572      0.1150      0.1148   1.0e-03    3.2s
    32        0.1144        0.1142      2.0736      0.1149      0.1147   1.0e-03    3.2s
    33        0.1142        0.1140      2.0839      0.1147      0.1145   1.0e-03    3.2s
    34        0.1140        0.1138      2.0888      0.1146      0.1144   1.0e-03    3.2s
    35        0.1138        0.1136      2.1147      0.1144      0.1142   1.0e-03    3.2s
    36        0.1136        0.1133      2.1195      0.1142      0.1140   1.0e-03    3.3s
    37        0.1133        0.1131      2.1278      0.1140      0.1138   1.0e-03    3.3s
    38        0.1131        0.1129      2.1397      0.1138      0.1136   1.0e-03    3.2s
    39        0.1129        0.1127      2.1529      0.1137      0.1135   1.0e-03    3.3s
    40        0.1127        0.1125      2.1424      0.1136      0.1134   1.0e-03    3.3s
    41        0.1125        0.1123      2.1497      0.1135      0.1133   1.0e-03    3.1s
    42        0.1124        0.1122      2.1648      0.1134      0.1132   1.0e-03    3.2s
    43        0.1123        0.1120      2.1611      0.1134      0.1132   1.0e-03    3.2s
    44        0.1121        0.1119      2.1622      0.1132      0.1130   1.0e-03    3.2s
    45        0.1120        0.1117      2.1803      0.1131      0.1129   1.0e-03    3.2s
    46        0.1118        0.1116      2.1853      0.1131      0.1129   1.0e-03    3.2s
    47        0.1117        0.1115      2.1743      0.1131      0.1128   1.0e-03    3.2s
    48        0.1117        0.1114      2.1878      0.1129      0.1127   1.0e-03    3.2s
    49        0.1115        0.1112      2.1818      0.1128      0.1126   1.0e-03    3.2s
    50        0.1114        0.1112      2.1872      0.1128      0.1126   1.0e-03    3.3s
    51        0.1112        0.1110      2.1884      0.1129      0.1127   1.0e-03    3.2s
    52        0.1112        0.1110      2.1941      0.1127      0.1124   1.0e-03    3.1s
    53        0.1110        0.1108      2.2076      0.1127      0.1125   1.0e-03    3.2s
    54        0.1109        0.1107      2.2077      0.1127      0.1125   1.0e-03    3.1s
    55        0.1109        0.1106      2.2006      0.1127      0.1125   1.0e-03    3.1s
    56        0.1107        0.1105      2.2175      0.1126      0.1123   1.0e-03    3.1s
    57        0.1106        0.1104      2.2041      0.1125      0.1123   1.0e-03    3.2s
    58        0.1106        0.1104      2.2038      0.1125      0.1123   1.0e-03    3.1s
    59        0.1104        0.1102      2.1999      0.1125      0.1123   1.0e-03    3.2s
    60        0.1104        0.1101      2.1971      0.1125      0.1122   1.0e-03    3.1s
    61        0.1103        0.1101      2.2236      0.1124      0.1122   1.0e-03    3.2s
    62        0.1102        0.1099      2.2101      0.1123      0.1121   1.0e-03    3.2s
    63        0.1101        0.1098      2.2168      0.1123      0.1121   1.0e-03    3.1s
    64        0.1100        0.1098      2.2134      0.1122      0.1120   1.0e-03    3.1s
    65        0.1099        0.1097      2.2284      0.1122      0.1120   1.0e-03    3.1s
    66        0.1098        0.1096      2.2347      0.1123      0.1121   1.0e-03    3.2s
    67        0.1098        0.1096      2.2389      0.1123      0.1121   1.0e-03    3.2s
    68        0.1097        0.1095      2.2396      0.1121      0.1119   1.0e-03    3.2s
    69        0.1097        0.1095      2.2274      0.1124      0.1122   1.0e-03    3.2s
    70        0.1095        0.1093      2.2391      0.1122      0.1120   1.0e-03    3.2s
    71        0.1095        0.1092      2.2380      0.1122      0.1119   1.0e-03    3.2s
    72        0.1095        0.1092      2.2415      0.1121      0.1118   1.0e-03    3.1s
    73        0.1094        0.1092      2.2447      0.1121      0.1118   1.0e-03    3.2s
    74        0.1093        0.1091      2.2387      0.1123      0.1121   1.0e-03    3.1s
    75        0.1092        0.1090      2.2381      0.1120      0.1118   1.0e-03    3.2s
    76        0.1092        0.1089      2.2311      0.1121      0.1119   1.0e-03    3.1s
    77        0.1091        0.1089      2.2376      0.1120      0.1118   1.0e-03    3.1s
    78        0.1090        0.1088      2.2430      0.1121      0.1118   1.0e-03    3.2s
    79        0.1090        0.1088      2.2339      0.1120      0.1117   1.0e-03    3.2s
    80        0.1089        0.1087      2.2367      0.1122      0.1119   1.0e-03    3.1s
    81        0.1088        0.1086      2.2363      0.1121      0.1119   1.0e-03    3.1s
    82        0.1088        0.1085      2.2313      0.1120      0.1118   1.0e-03    3.3s
    83        0.1087        0.1085      2.2355      0.1122      0.1120   1.0e-03    3.2s
    84        0.1086        0.1084      2.2262      0.1121      0.1118   1.0e-03    3.2s
    85        0.1086        0.1084      2.2191      0.1119      0.1117   1.0e-03    3.1s
    86        0.1085        0.1083      2.2274      0.1122      0.1120   1.0e-03    3.2s
    87        0.1084        0.1082      2.2378      0.1122      0.1120   1.0e-03    3.2s
    88        0.1084        0.1082      2.2159      0.1121      0.1118   1.0e-03    3.1s
    89        0.1084        0.1082      2.2343      0.1120      0.1118   1.0e-03    3.2s
    90        0.1083        0.1081      2.2279      0.1120      0.1118   1.0e-03    3.1s
    91        0.1083        0.1080      2.2477      0.1122      0.1120   5.0e-04    3.2s
    92        0.1078        0.1076      2.2528      0.1118      0.1116   5.0e-04    3.1s
    93        0.1077        0.1074      2.2338      0.1119      0.1117   5.0e-04    3.1s
    94        0.1076        0.1073      2.2418      0.1117      0.1115   5.0e-04    3.2s
    95        0.1075        0.1073      2.2400      0.1118      0.1115   5.0e-04    3.1s
    96        0.1075        0.1073      2.2335      0.1119      0.1117   5.0e-04    3.1s
    97        0.1074        0.1072      2.2460      0.1118      0.1116   5.0e-04    3.2s
    98        0.1075        0.1073      2.2425      0.1117      0.1115   5.0e-04    3.2s
    99        0.1074        0.1071      2.2389      0.1118      0.1116   5.0e-04    3.1s
   100        0.1074        0.1071      2.2450      0.1118      0.1116   2.5e-04    3.1s

Done. Best val loss: 0.1117
Checkpoints and logs saved to: /project/xuanyao/jiaming/deeplearning/results_papalexi_no_pert/beta1e-4_dim128
=== Analyze ===
Device: cpu
Loading data...
  20729 cells, 3725 genes, 34 perturbations
Log1p-normalizing...
  Filtering 1 cells with unknown perturbation.

Loading model from model_best.pt...

[1/4] Computing latent embeddings...
  Silhouette score (perturbation clusters, excl. NTC): -0.0246
Running UMAP (this may take a few minutes)...
UMAP(min_dist=0.3, n_jobs=1, n_neighbors=30, random_state=42, verbose=True)
Sat May 16 18:27:17 2026 Construct fuzzy simplicial set
Sat May 16 18:27:17 2026 Finding Nearest Neighbors
Sat May 16 18:27:17 2026 Building RP forest with 12 trees
Sat May 16 18:27:23 2026 NN descent for 14 iterations
	 1  /  14
	 2  /  14
	 3  /  14
	Stopping threshold met -- exiting after 3 iterations
Sat May 16 18:27:37 2026 Finished Nearest Neighbor Search
Sat May 16 18:27:42 2026 Construct embedding
	completed  0  /  200 epochs
	completed  20  /  200 epochs
	completed  40  /  200 epochs
	completed  60  /  200 epochs
	completed  80  /  200 epochs
	completed  100  /  200 epochs
	completed  120  /  200 epochs
	completed  140  /  200 epochs
	completed  160  /  200 epochs
	completed  180  /  200 epochs
Sat May 16 18:28:07 2026 Finished embedding
  Saved: /project/xuanyao/jiaming/deeplearning/results_papalexi_no_pert/beta1e-4_dim128/figures/umap_latent.png
  Saved covariate UMAPs: umap_n_nonzero.png, umap_n_umis.png, umap_lane.png, umap_bio_rep.png, umap_phase.png, umap_p_mito.png
Running expression-PCA UMAP for covariate verification...
  Saved expression UMAP covariates: umap_expr_n_nonzero.png, umap_expr_n_umis.png, umap_expr_lane.png, umap_expr_bio_rep.png, umap_expr_phase.png, umap_expr_p_mito.png
  Saved: /project/xuanyao/jiaming/deeplearning/results_papalexi_no_pert/beta1e-4_dim128/figures/umap_per_perturbation.png

[2/4] Computing perturbation response scores (decode Δ vs NTC avg of 9 guides: ['NTg1', 'NTg10', 'NTg2', 'NTg3', 'NTg4']...)...
  NTg1                 (  303 cells) response range: [-0.029, 0.026] [NTC]
  NTg10                (  235 cells) response range: [-0.037, 0.024] [NTC]
  NTg2                 (  106 cells) response range: [-0.037, 0.026] [NTC]
  NTg3                 (  244 cells) response range: [-0.015, 0.046] [NTC]
  NTg4                 (  431 cells) response range: [-0.018, 0.027] [NTC]
  NTg5                 (  305 cells) response range: [-0.022, 0.037] [NTC]
  NTg7                 (  445 cells) response range: [-0.030, 0.025] [NTC]
  NTg8                 (   56 cells) response range: [-0.023, 0.023] [NTC]
  NTg9                 (  261 cells) response range: [-0.022, 0.038] [NTC]
  tar-ATF2             ( 1102 cells) response range: [-0.033, 0.027]
  tar-BRD4             (  341 cells) response range: [-0.027, 0.043]
  tar-CAV1             (  882 cells) response range: [-0.021, 0.048]
  tar-CD86             ( 1197 cells) response range: [-0.029, 0.031]
  tar-CMTM6            (  817 cells) response range: [-0.057, 0.029]
  tar-CUL3             (  274 cells) response range: [-0.019, 0.071]
  tar-ETV7             (  841 cells) response range: [-0.038, 0.022]
  tar-IFNGR1           ( 1341 cells) response range: [-0.024, 0.013]
  tar-IFNGR2           ( 1213 cells) response range: [-0.030, 0.035]
  tar-IRF1             ( 1073 cells) response range: [-0.029, 0.026]
  tar-IRF7             (  614 cells) response range: [-0.030, 0.020]
  tar-JAK2             ( 1024 cells) response range: [-0.014, 0.035]
  tar-MARCH8           ( 1003 cells) response range: [-0.020, 0.020]
  tar-MYC              (  108 cells) response range: [-0.032, 0.031]
  tar-NFKBIA           (  787 cells) response range: [-0.024, 0.022]
  tar-PDCD1LG2         (  617 cells) response range: [-0.022, 0.043]
  tar-POU2F2           (  662 cells) response range: [-0.028, 0.036]
  tar-SMAD4            (  659 cells) response range: [-0.042, 0.037]
  tar-SPI1             (   48 cells) response range: [-0.027, 0.039]
  tar-STAT1            (  444 cells) response range: [-0.021, 0.039]
  tar-STAT2            (  661 cells) response range: [-0.031, 0.040]
  tar-STAT3            (  493 cells) response range: [-0.028, 0.034]
  tar-STAT5A           (  659 cells) response range: [-0.018, 0.053]
  tar-TNFRSF14         (  964 cells) response range: [-0.030, 0.082]
  tar-UBE2L6           (  518 cells) response range: [-0.033, 0.042]
  NTC null: mean |response| per gene = 0.0016  std across NTC guides = 0.0019
  Saved: /project/xuanyao/jiaming/deeplearning/results_papalexi_no_pert/beta1e-4_dim128/response_scores.csv
  Saved: /project/xuanyao/jiaming/deeplearning/results_papalexi_no_pert/beta1e-4_dim128/figures/gene_response_heatmap.png
  Saved: /project/xuanyao/jiaming/deeplearning/results_papalexi_no_pert/beta1e-4_dim128/figures/effect_size_vs_null.png
  NTC noise floor (mean+2SD): 0.0022
  Saved: /project/xuanyao/jiaming/deeplearning/results_papalexi_no_pert/beta1e-4_dim128/figures/top_genes_per_pert.png

[3/4] Clustering perturbations by response vectors...
  Saved: /project/xuanyao/jiaming/deeplearning/results_papalexi_no_pert/beta1e-4_dim128/figures/perturbation_clustermap.png

[4/4] Running hallmark pathway enrichment...
  Saved: /project/xuanyao/jiaming/deeplearning/results_papalexi_no_pert/beta1e-4_dim128/figures/pathway_enrichment.png

[Bonus] Comparing CVAE response vs naive differential expression...
  Mean Spearman ρ (CVAE vs DE): 0.551
  Mean top-20 gene overlap:     3.2/20
  Saved: /project/xuanyao/jiaming/deeplearning/results_papalexi_no_pert/beta1e-4_dim128/cvae_vs_de_comparison.csv

All figures saved to: /project/xuanyao/jiaming/deeplearning/results_papalexi_no_pert/beta1e-4_dim128/figures
Done!
Done: beta1e-4_dim128
