=== Train: beta=0.01 latent_dim=256 ===
Device: cpu
Loading data...
  20729 cells, 3725 genes, 35 perturbations
  Filtering 1 cells with unknown perturbation assignment.
  Extra covariates: 17 dims (3 continuous + 14 categorical OHE)
Log1p-normalizing expression data...
  Train: 17635 cells | Val: 3093 cells

Model: 3725 genes | 34 perturbations | latent_dim=256
  Trainable parameters: 9,216,397

Training for up to 100 epochs (early stop patience=15)...

 Epoch   Train Total   Train Recon    Train KL   Val Total   Val Recon        LR    Time
------------------------------------------------------------------------------------------
     1        0.1969        0.1953      0.1570      0.1450      0.1446   1.0e-03    3.4s
     2        0.1490        0.1488      0.0238      0.1435      0.1434   1.0e-03    4.0s
     3        0.1467        0.1466      0.0122      0.1428      0.1428   1.0e-03    3.9s
     4        0.1447        0.1446      0.0088      0.1428      0.1428   1.0e-03    3.4s
     5        0.1432        0.1431      0.0075      0.1416      0.1416   1.0e-03    3.7s
     6        0.1407        0.1406      0.0097      0.1412      0.1411   1.0e-03    3.7s
     7        0.1388        0.1387      0.0071      0.1403      0.1402   1.0e-03    3.7s
     8        0.1379        0.1379      0.0058      0.1395      0.1395   1.0e-03    3.5s
     9        0.1370        0.1370      0.0056      0.1398      0.1397   1.0e-03    3.9s
    10        0.1355        0.1354      0.0167      0.1362      0.1360   1.0e-03    3.7s
    11        0.1337        0.1334      0.0279      0.1347      0.1344   1.0e-03    3.6s
    12        0.1325        0.1322      0.0318      0.1333      0.1330   1.0e-03    3.7s
    13        0.1313        0.1309      0.0356      0.1306      0.1302   1.0e-03    3.9s
    14        0.1288        0.1283      0.0527      0.1283      0.1278   1.0e-03    3.8s
    15        0.1275        0.1270      0.0596      0.1275      0.1269   1.0e-03    3.5s
    16        0.1269        0.1262      0.0631      0.1271      0.1265   1.0e-03    3.6s
    17        0.1265        0.1258      0.0660      0.1265      0.1259   1.0e-03    3.5s
    18        0.1260        0.1253      0.0663      0.1259      0.1253   1.0e-03    3.8s
    19        0.1254        0.1248      0.0674      0.1255      0.1249   1.0e-03    3.7s
    20        0.1248        0.1241      0.0703      0.1250      0.1244   1.0e-03    3.6s
    21        0.1244        0.1236      0.0721      0.1246      0.1239   1.0e-03    3.8s
    22        0.1239        0.1232      0.0737      0.1243      0.1235   1.0e-03    4.0s
    23        0.1232        0.1225      0.0761      0.1235      0.1227   1.0e-03    3.7s
    24        0.1229        0.1221      0.0783      0.1226      0.1219   1.0e-03    3.9s
    25        0.1223        0.1214      0.0818      0.1218      0.1210   1.0e-03    3.9s
    26        0.1215        0.1207      0.0866      0.1213      0.1204   1.0e-03    3.7s
    27        0.1210        0.1201      0.0897      0.1206      0.1197   1.0e-03    3.7s
    28        0.1205        0.1196      0.0917      0.1202      0.1194   1.0e-03    3.6s
    29        0.1202        0.1192      0.0930      0.1200      0.1191   1.0e-03    3.8s
    30        0.1197        0.1188      0.0923      0.1197      0.1188   1.0e-03    3.8s
    31        0.1194        0.1184      0.0918      0.1194      0.1185   1.0e-03    3.6s
    32        0.1191        0.1182      0.0920      0.1190      0.1182   1.0e-03    3.5s
    33        0.1188        0.1178      0.0915      0.1187      0.1178   1.0e-03    3.7s
    34        0.1184        0.1174      0.0914      0.1185      0.1176   1.0e-03    3.6s
    35        0.1181        0.1172      0.0912      0.1182      0.1173   1.0e-03    3.5s
    36        0.1179        0.1170      0.0905      0.1180      0.1171   1.0e-03    3.7s
    37        0.1176        0.1167      0.0914      0.1179      0.1170   1.0e-03    3.5s
    38        0.1173        0.1164      0.0914      0.1175      0.1166   1.0e-03    3.8s
    39        0.1171        0.1162      0.0915      0.1173      0.1165   1.0e-03    3.7s
    40        0.1170        0.1160      0.0913      0.1173      0.1164   1.0e-03    3.7s
    41        0.1167        0.1158      0.0914      0.1171      0.1163   1.0e-03    3.6s
    42        0.1165        0.1156      0.0906      0.1170      0.1161   1.0e-03    3.6s
    43        0.1165        0.1155      0.0908      0.1169      0.1160   1.0e-03    3.8s
    44        0.1162        0.1153      0.0890      0.1169      0.1160   1.0e-03    3.7s
    45        0.1161        0.1152      0.0890      0.1168      0.1159   1.0e-03    3.7s
    46        0.1159        0.1151      0.0886      0.1169      0.1160   1.0e-03    3.7s
    47        0.1158        0.1149      0.0883      0.1167      0.1158   1.0e-03    3.5s
    48        0.1157        0.1148      0.0882      0.1166      0.1157   1.0e-03    3.5s
    49        0.1155        0.1146      0.0883      0.1166      0.1157   1.0e-03    3.6s
    50        0.1153        0.1145      0.0877      0.1165      0.1157   1.0e-03    3.7s
    51        0.1153        0.1144      0.0877      0.1165      0.1157   1.0e-03    3.9s
    52        0.1151        0.1142      0.0871      0.1165      0.1156   1.0e-03    3.7s
    53        0.1151        0.1143      0.0863      0.1165      0.1156   1.0e-03    3.6s
    54        0.1150        0.1141      0.0863      0.1163      0.1154   1.0e-03    3.5s
    55        0.1149        0.1140      0.0864      0.1162      0.1154   1.0e-03    3.6s
    56        0.1147        0.1138      0.0858      0.1162      0.1154   1.0e-03    3.5s
    57        0.1146        0.1138      0.0857      0.1162      0.1153   1.0e-03    3.4s
    58        0.1146        0.1137      0.0860      0.1161      0.1153   1.0e-03    3.4s
    59        0.1145        0.1136      0.0857      0.1161      0.1152   1.0e-03    3.7s
    60        0.1143        0.1135      0.0855      0.1161      0.1152   1.0e-03    3.6s
    61        0.1143        0.1134      0.0860      0.1160      0.1152   1.0e-03    3.5s
    62        0.1142        0.1134      0.0860      0.1159      0.1151   1.0e-03    3.6s
    63        0.1142        0.1133      0.0862      0.1160      0.1152   1.0e-03    3.6s
    64        0.1140        0.1132      0.0861      0.1161      0.1152   1.0e-03    3.7s
    65        0.1140        0.1131      0.0866      0.1160      0.1151   1.0e-03    3.8s
    66        0.1138        0.1130      0.0862      0.1160      0.1152   1.0e-03    3.6s
    67        0.1138        0.1130      0.0865      0.1161      0.1152   1.0e-03    3.6s
    68        0.1138        0.1129      0.0866      0.1159      0.1151   5.0e-04    3.5s
    69        0.1134        0.1125      0.0865      0.1157      0.1148   5.0e-04    3.6s
    70        0.1132        0.1123      0.0866      0.1157      0.1148   5.0e-04    3.7s
    71        0.1132        0.1123      0.0867      0.1157      0.1149   5.0e-04    3.7s
    72        0.1131        0.1123      0.0865      0.1157      0.1148   5.0e-04    3.5s
    73        0.1130        0.1122      0.0866      0.1157      0.1148   5.0e-04    3.5s
    74        0.1129        0.1121      0.0865      0.1157      0.1149   5.0e-04    3.4s
    75        0.1130        0.1122      0.0862      0.1157      0.1149   5.0e-04    3.4s
    76        0.1129        0.1120      0.0864      0.1156      0.1148   5.0e-04    3.9s
    77        0.1129        0.1120      0.0867      0.1157      0.1148   5.0e-04    3.3s
    78        0.1129        0.1120      0.0864      0.1157      0.1149   5.0e-04    3.5s
    79        0.1129        0.1120      0.0867      0.1157      0.1148   5.0e-04    3.3s
    80        0.1127        0.1119      0.0867      0.1157      0.1149   5.0e-04    3.9s
    81        0.1128        0.1119      0.0869      0.1158      0.1149   5.0e-04    5.1s
    82        0.1127        0.1119      0.0866      0.1157      0.1149   2.5e-04    3.7s
    83        0.1125        0.1116      0.0866      0.1156      0.1148   2.5e-04    3.4s
    84        0.1125        0.1116      0.0866      0.1157      0.1148   2.5e-04    3.6s
    85        0.1124        0.1115      0.0868      0.1157      0.1148   2.5e-04    3.0s
    86        0.1124        0.1115      0.0865      0.1156      0.1148   2.5e-04    3.0s
    87        0.1123        0.1114      0.0866      0.1156      0.1148   2.5e-04    3.1s
    88        0.1123        0.1115      0.0865      0.1156      0.1148   2.5e-04    3.0s
    89        0.1122        0.1114      0.0867      0.1156      0.1148   1.3e-04    2.9s
    90        0.1122        0.1113      0.0867      0.1156      0.1148   1.3e-04    3.0s
    91        0.1122        0.1113      0.0867      0.1156      0.1147   1.3e-04    3.0s
    92        0.1121        0.1112      0.0868      0.1156      0.1147   1.3e-04    3.5s
    93        0.1121        0.1113      0.0865      0.1156      0.1148   1.3e-04    3.0s
    94        0.1121        0.1112      0.0864      0.1156      0.1148   1.3e-04    3.0s
    95        0.1121        0.1112      0.0866      0.1156      0.1147   1.3e-04    2.8s
    96        0.1121        0.1112      0.0864      0.1156      0.1147   1.3e-04    2.8s
    97        0.1120        0.1111      0.0866      0.1156      0.1148   6.3e-05    3.0s
    98        0.1120        0.1111      0.0867      0.1156      0.1148   6.3e-05    3.0s
    99        0.1121        0.1112      0.0864      0.1156      0.1147   6.3e-05    3.1s
   100        0.1120        0.1111      0.0867      0.1156      0.1147   6.3e-05    3.0s

Done. Best val loss: 0.1156
Checkpoints and logs saved to: /project/xuanyao/jiaming/deeplearning/results_papalexi/beta0.01_dim256
=== Analyze ===
Device: cpu
Loading data...
  20729 cells, 3725 genes, 34 perturbations
Log1p-normalizing...
  Filtering 1 cells with unknown perturbation.

Loading model from model_best.pt...

[1/4] Computing latent embeddings...
  Silhouette score (perturbation clusters, excl. NTC): -0.0534
Running UMAP (this may take a few minutes)...
UMAP(min_dist=0.3, n_jobs=1, n_neighbors=30, random_state=42, verbose=True)
Sat May 16 15:18:57 2026 Construct fuzzy simplicial set
Sat May 16 15:18:57 2026 Finding Nearest Neighbors
Sat May 16 15:18:57 2026 Building RP forest with 12 trees
Sat May 16 15:19:02 2026 NN descent for 14 iterations
	 1  /  14
	 2  /  14
	Stopping threshold met -- exiting after 2 iterations
Sat May 16 15:19:14 2026 Finished Nearest Neighbor Search
Sat May 16 15:19:18 2026 Construct embedding
	completed  0  /  200 epochs
	completed  20  /  200 epochs
	completed  40  /  200 epochs
	completed  60  /  200 epochs
	completed  80  /  200 epochs
	completed  100  /  200 epochs
	completed  120  /  200 epochs
	completed  140  /  200 epochs
	completed  160  /  200 epochs
	completed  180  /  200 epochs
Sat May 16 15:19:38 2026 Finished embedding
  Saved: /project/xuanyao/jiaming/deeplearning/results_papalexi/beta0.01_dim256/figures/umap_latent.png
  Saved covariate UMAPs: umap_n_nonzero.png, umap_n_umis.png, umap_lane.png, umap_bio_rep.png, umap_phase.png, umap_p_mito.png
Running expression-PCA UMAP for covariate verification...
  Saved expression UMAP covariates: umap_expr_n_nonzero.png, umap_expr_n_umis.png, umap_expr_lane.png, umap_expr_bio_rep.png, umap_expr_phase.png, umap_expr_p_mito.png
  Saved: /project/xuanyao/jiaming/deeplearning/results_papalexi/beta0.01_dim256/figures/umap_per_perturbation.png

[2/4] Computing perturbation response scores (decode Δ vs NTC avg of 9 guides: ['NTg1', 'NTg10', 'NTg2', 'NTg3', 'NTg4']...)...
  NTg1                 (  303 cells) response range: [-0.095, 0.017] [NTC]
  NTg10                (  235 cells) response range: [-0.040, 0.047] [NTC]
  NTg2                 (  106 cells) response range: [-0.072, 0.075] [NTC]
  NTg3                 (  244 cells) response range: [-0.022, 0.026] [NTC]
  NTg4                 (  431 cells) response range: [-0.021, 0.035] [NTC]
  NTg5                 (  305 cells) response range: [-0.025, 0.038] [NTC]
  NTg7                 (  445 cells) response range: [-0.029, 0.028] [NTC]
  NTg8                 (   56 cells) response range: [-0.057, 0.075] [NTC]
  NTg9                 (  261 cells) response range: [-0.010, 0.024] [NTC]
  tar-ATF2             ( 1102 cells) response range: [-0.012, 0.023]
  tar-BRD4             (  341 cells) response range: [-0.130, 0.103]
  tar-CAV1             (  882 cells) response range: [-0.013, 0.021]
  tar-CD86             ( 1197 cells) response range: [-0.015, 0.014]
  tar-CMTM6            (  817 cells) response range: [-0.016, 0.027]
  tar-CUL3             (  274 cells) response range: [-0.094, 0.093]
  tar-ETV7             (  841 cells) response range: [-0.036, 0.072]
  tar-IFNGR1           ( 1341 cells) response range: [-1.063, 0.369]
  tar-IFNGR2           ( 1213 cells) response range: [-1.074, 0.361]
  tar-IRF1             ( 1073 cells) response range: [-0.834, 0.611]
  tar-IRF7             (  614 cells) response range: [-0.017, 0.042]
  tar-JAK2             ( 1024 cells) response range: [-1.199, 0.416]
  tar-MARCH8           ( 1003 cells) response range: [-0.020, 0.035]
  tar-MYC              (  108 cells) response range: [-0.085, 0.098]
  tar-NFKBIA           (  787 cells) response range: [-0.046, 0.031]
  tar-PDCD1LG2         (  617 cells) response range: [-0.020, 0.043]
  tar-POU2F2           (  662 cells) response range: [-0.017, 0.042]
  tar-SMAD4            (  659 cells) response range: [-0.532, 0.468]
  tar-SPI1             (   48 cells) response range: [-0.144, 0.101]
  tar-STAT1            (  444 cells) response range: [-0.809, 0.308]
  tar-STAT2            (  661 cells) response range: [-0.525, 0.112]
  tar-STAT3            (  493 cells) response range: [-0.024, 0.017]
  tar-STAT5A           (  659 cells) response range: [-0.045, 0.023]
  tar-TNFRSF14         (  964 cells) response range: [-0.024, 0.031]
  tar-UBE2L6           (  518 cells) response range: [-0.030, 0.057]
  NTC null: mean |response| per gene = 0.0019  std across NTC guides = 0.0024
  Saved: /project/xuanyao/jiaming/deeplearning/results_papalexi/beta0.01_dim256/response_scores.csv
  Saved: /project/xuanyao/jiaming/deeplearning/results_papalexi/beta0.01_dim256/figures/gene_response_heatmap.png
  Saved: /project/xuanyao/jiaming/deeplearning/results_papalexi/beta0.01_dim256/figures/effect_size_vs_null.png
  NTC noise floor (mean+2SD): 0.0032
  Saved: /project/xuanyao/jiaming/deeplearning/results_papalexi/beta0.01_dim256/figures/top_genes_per_pert.png

[3/4] Clustering perturbations by response vectors...
  Saved: /project/xuanyao/jiaming/deeplearning/results_papalexi/beta0.01_dim256/figures/perturbation_clustermap.png

[4/4] Running hallmark pathway enrichment...
  Saved: /project/xuanyao/jiaming/deeplearning/results_papalexi/beta0.01_dim256/figures/pathway_enrichment.png

[Bonus] Comparing CVAE response vs naive differential expression...
  Mean Spearman ρ (CVAE vs DE): 0.552
  Mean top-20 gene overlap:     6.9/20
  Saved: /project/xuanyao/jiaming/deeplearning/results_papalexi/beta0.01_dim256/cvae_vs_de_comparison.csv

All figures saved to: /project/xuanyao/jiaming/deeplearning/results_papalexi/beta0.01_dim256/figures
Done!
Done: beta0.01_dim256
