=== Train: beta=1.0 latent_dim=128 (no phase) ===
Device: cpu
Loading data...
  20729 cells, 3725 genes, 35 perturbations
  Filtering 1 cells with unknown perturbation assignment.
  Extra covariates: 14 dims (3 continuous + 11 categorical OHE)
Log1p-normalizing expression data...
  Train: 17635 cells | Val: 3093 cells

Model: 3725 genes | 34 perturbations | latent_dim=128
  Trainable parameters: 9,113,997

Training for up to 100 epochs (early stop patience=15)...

 Epoch   Train Total   Train Recon    Train KL   Val Total   Val Recon        LR    Time
------------------------------------------------------------------------------------------
     1        0.2186        0.1996      0.0189      0.1449      0.1447   1.0e-03    2.4s
     2        0.1539        0.1494      0.0044      0.1434      0.1434   1.0e-03    2.6s
     3        0.1494        0.1468      0.0026      0.1444      0.1444   1.0e-03    2.7s
     4        0.1463        0.1450      0.0013      0.1441      0.1440   1.0e-03    2.7s
     5        0.1441        0.1437      0.0004      0.1428      0.1428   1.0e-03    2.7s
     6        0.1421        0.1420      0.0001      0.1431      0.1431   1.0e-03    2.7s
     7        0.1406        0.1406      0.0000      0.1417      0.1417   1.0e-03    2.7s
     8        0.1393        0.1393      0.0000      0.1407      0.1407   1.0e-03    2.7s
     9        0.1382        0.1382      0.0000      0.1400      0.1400   1.0e-03    2.7s
    10        0.1375        0.1374      0.0000      0.1394      0.1394   1.0e-03    2.7s
    11        0.1368        0.1368      0.0000      0.1388      0.1388   1.0e-03    2.6s
    12        0.1360        0.1360      0.0000      0.1379      0.1379   1.0e-03    2.8s
    13        0.1355        0.1354      0.0000      0.1378      0.1377   1.0e-03    2.7s
    14        0.1351        0.1351      0.0000      0.1374      0.1374   1.0e-03    2.8s
    15        0.1350        0.1350      0.0000      0.1368      0.1368   1.0e-03    2.7s
    16        0.1347        0.1347      0.0000      0.1365      0.1365   1.0e-03    2.7s
    17        0.1345        0.1345      0.0000      0.1365      0.1365   1.0e-03    2.8s
    18        0.1343        0.1343      0.0000      0.1363      0.1363   1.0e-03    3.0s
    19        0.1340        0.1340      0.0000      0.1363      0.1363   1.0e-03    3.1s
    20        0.1339        0.1339      0.0000      0.1361      0.1361   1.0e-03    3.0s
    21        0.1339        0.1338      0.0000      0.1358      0.1358   1.0e-03    3.1s
    22        0.1338        0.1338      0.0000      0.1357      0.1357   1.0e-03    3.2s
    23        0.1337        0.1337      0.0000      0.1358      0.1358   1.0e-03    3.2s
    24        0.1337        0.1337      0.0000      0.1356      0.1356   1.0e-03    3.1s
    25        0.1334        0.1334      0.0000      0.1354      0.1354   1.0e-03    3.1s
    26        0.1335        0.1335      0.0000      0.1356      0.1356   1.0e-03    3.1s
    27        0.1334        0.1334      0.0000      0.1352      0.1352   1.0e-03    3.1s
    28        0.1333        0.1333      0.0000      0.1353      0.1353   1.0e-03    3.1s
    29        0.1333        0.1333      0.0000      0.1352      0.1352   1.0e-03    3.1s
    30        0.1331        0.1331      0.0000      0.1354      0.1354   1.0e-03    3.2s
    31        0.1330        0.1330      0.0000      0.1351      0.1351   1.0e-03    3.1s
    32        0.1330        0.1330      0.0000      0.1347      0.1347   1.0e-03    3.2s
    33        0.1328        0.1328      0.0000      0.1348      0.1348   1.0e-03    3.0s
    34        0.1328        0.1328      0.0000      0.1347      0.1347   1.0e-03    3.0s
    35        0.1328        0.1328      0.0000      0.1347      0.1347   1.0e-03    3.1s
    36        0.1327        0.1327      0.0000      0.1346      0.1346   1.0e-03    3.1s
    37        0.1326        0.1326      0.0000      0.1347      0.1347   1.0e-03    3.1s
    38        0.1326        0.1326      0.0000      0.1344      0.1344   1.0e-03    3.1s
    39        0.1324        0.1324      0.0000      0.1344      0.1344   1.0e-03    3.2s
    40        0.1325        0.1325      0.0000      0.1345      0.1345   1.0e-03    3.1s
    41        0.1325        0.1325      0.0000      0.1345      0.1345   1.0e-03    3.1s
    42        0.1323        0.1323      0.0000      0.1344      0.1344   1.0e-03    3.2s
    43        0.1324        0.1324      0.0000      0.1343      0.1343   1.0e-03    3.1s
    44        0.1324        0.1324      0.0000      0.1345      0.1345   1.0e-03    3.0s
    45        0.1323        0.1323      0.0000      0.1342      0.1342   1.0e-03    3.0s
    46        0.1322        0.1322      0.0000      0.1344      0.1344   1.0e-03    3.2s
    47        0.1322        0.1322      0.0000      0.1342      0.1342   1.0e-03    3.1s
    48        0.1322        0.1322      0.0000      0.1343      0.1343   1.0e-03    3.2s
    49        0.1322        0.1322      0.0000      0.1344      0.1344   1.0e-03    3.0s
    50        0.1322        0.1322      0.0000      0.1343      0.1343   1.0e-03    3.0s
    51        0.1321        0.1321      0.0000      0.1342      0.1342   5.0e-04    3.1s
    52        0.1319        0.1319      0.0000      0.1341      0.1341   5.0e-04    3.1s
    53        0.1317        0.1317      0.0000      0.1341      0.1341   5.0e-04    3.0s
    54        0.1318        0.1318      0.0000      0.1343      0.1343   5.0e-04    3.1s
    55        0.1317        0.1317      0.0000      0.1342      0.1342   5.0e-04    3.1s
    56        0.1317        0.1317      0.0000      0.1342      0.1342   5.0e-04    3.1s
    57        0.1317        0.1317      0.0000      0.1341      0.1341   5.0e-04    3.2s
    58        0.1316        0.1316      0.0000      0.1341      0.1341   5.0e-04    3.1s
    59        0.1317        0.1317      0.0000      0.1341      0.1341   5.0e-04    3.1s
    60        0.1316        0.1316      0.0000      0.1342      0.1342   5.0e-04    3.1s
    61        0.1315        0.1315      0.0000      0.1341      0.1341   5.0e-04    3.1s
    62        0.1317        0.1317      0.0000      0.1342      0.1341   5.0e-04    3.1s
    63        0.1317        0.1317      0.0000      0.1341      0.1341   5.0e-04    3.1s
    64        0.1315        0.1315      0.0000      0.1341      0.1341   2.5e-04    3.1s
    65        0.1314        0.1314      0.0000      0.1340      0.1340   2.5e-04    3.2s
    66        0.1314        0.1314      0.0000      0.1341      0.1341   2.5e-04    3.2s
    67        0.1313        0.1313      0.0000      0.1340      0.1340   2.5e-04    3.1s
    68        0.1314        0.1314      0.0000      0.1340      0.1340   2.5e-04    3.0s
    69        0.1314        0.1314      0.0000      0.1340      0.1340   2.5e-04    3.1s
    70        0.1313        0.1313      0.0000      0.1341      0.1341   2.5e-04    3.0s
    71        0.1313        0.1313      0.0000      0.1340      0.1340   1.3e-04    3.0s
    72        0.1312        0.1312      0.0000      0.1340      0.1340   1.3e-04    3.0s
    73        0.1312        0.1312      0.0000      0.1340      0.1340   1.3e-04    3.0s
    74        0.1313        0.1313      0.0000      0.1341      0.1341   1.3e-04    2.9s
    75        0.1313        0.1313      0.0000      0.1341      0.1341   1.3e-04    3.1s
    76        0.1312        0.1312      0.0000      0.1341      0.1341   1.3e-04    3.1s
    77        0.1312        0.1312      0.0000      0.1341      0.1341   6.3e-05    3.0s
    78        0.1312        0.1312      0.0000      0.1340      0.1340   6.3e-05    3.0s
    79        0.1311        0.1311      0.0000      0.1341      0.1341   6.3e-05    3.0s
    80        0.1311        0.1311      0.0000      0.1340      0.1340   6.3e-05    2.9s
    81        0.1311        0.1311      0.0000      0.1340      0.1340   6.3e-05    3.0s
    82        0.1312        0.1312      0.0000      0.1341      0.1341   6.3e-05    3.0s
    83        0.1311        0.1311      0.0000      0.1341      0.1341   3.1e-05    3.0s
    84        0.1311        0.1311      0.0000      0.1341      0.1341   3.1e-05    3.0s
    85        0.1311        0.1311      0.0000      0.1341      0.1341   3.1e-05    3.0s
    86        0.1311        0.1311      0.0000      0.1340      0.1340   3.1e-05    2.9s
    87        0.1310        0.1310      0.0000      0.1341      0.1341   3.1e-05    3.0s
    88        0.1311        0.1311      0.0000      0.1341      0.1341   3.1e-05    2.9s
    89        0.1311        0.1311      0.0000      0.1341      0.1341   1.6e-05    3.0s
    90        0.1311        0.1311      0.0000      0.1340      0.1340   1.6e-05    2.9s
    91        0.1310        0.1310      0.0000      0.1341      0.1341   1.6e-05    2.9s
    92        0.1311        0.1311      0.0000      0.1341      0.1341   1.6e-05    2.9s
    93        0.1311        0.1311      0.0000      0.1341      0.1341   1.6e-05    2.8s

Early stopping at epoch 93 (no improvement for 15 epochs)

Done. Best val loss: 0.1340
Checkpoints and logs saved to: /project/xuanyao/jiaming/deeplearning/results_papalexi_nophase/beta1.0_dim128
=== Analyze ===
Device: cpu
Loading data...
  20729 cells, 3725 genes, 34 perturbations
Log1p-normalizing...
  Filtering 1 cells with unknown perturbation.

Loading model from model_best.pt...

[1/4] Computing latent embeddings...
  Silhouette score (perturbation clusters, excl. NTC): -0.1438
Running UMAP (this may take a few minutes)...
UMAP(min_dist=0.3, n_jobs=1, n_neighbors=30, random_state=42, verbose=True)
Sat May 16 15:35:32 2026 Construct fuzzy simplicial set
Sat May 16 15:35:32 2026 Finding Nearest Neighbors
Sat May 16 15:35:32 2026 Building RP forest with 12 trees
Sat May 16 15:35:37 2026 NN descent for 14 iterations
	 1  /  14
	 2  /  14
	 3  /  14
	Stopping threshold met -- exiting after 3 iterations
Sat May 16 15:35:49 2026 Finished Nearest Neighbor Search
Sat May 16 15:35:54 2026 Construct embedding
	completed  0  /  200 epochs
	completed  20  /  200 epochs
	completed  40  /  200 epochs
	completed  60  /  200 epochs
	completed  80  /  200 epochs
	completed  100  /  200 epochs
	completed  120  /  200 epochs
	completed  140  /  200 epochs
	completed  160  /  200 epochs
	completed  180  /  200 epochs
Sat May 16 15:36:14 2026 Finished embedding
  Saved: /project/xuanyao/jiaming/deeplearning/results_papalexi_nophase/beta1.0_dim128/figures/umap_latent.png
  Saved covariate UMAPs: umap_n_nonzero.png, umap_n_umis.png, umap_lane.png, umap_bio_rep.png, umap_phase.png, umap_p_mito.png
Running expression-PCA UMAP for covariate verification...
  Saved expression UMAP covariates: umap_expr_n_nonzero.png, umap_expr_n_umis.png, umap_expr_lane.png, umap_expr_bio_rep.png, umap_expr_phase.png, umap_expr_p_mito.png
  Saved: /project/xuanyao/jiaming/deeplearning/results_papalexi_nophase/beta1.0_dim128/figures/umap_per_perturbation.png

[2/4] Computing perturbation response scores (decode Δ vs NTC avg of 9 guides: ['NTg1', 'NTg10', 'NTg2', 'NTg3', 'NTg4']...)...
  NTg1                 (  303 cells) response range: [-0.118, 0.062] [NTC]
  NTg10                (  235 cells) response range: [-0.040, 0.034] [NTC]
  NTg2                 (  106 cells) response range: [-0.097, 0.037] [NTC]
  NTg3                 (  244 cells) response range: [-0.079, 0.090] [NTC]
  NTg4                 (  431 cells) response range: [-0.043, 0.046] [NTC]
  NTg5                 (  305 cells) response range: [-0.073, 0.059] [NTC]
  NTg7                 (  445 cells) response range: [-0.046, 0.039] [NTC]
  NTg8                 (   56 cells) response range: [-0.037, 0.051] [NTC]
  NTg9                 (  261 cells) response range: [-0.034, 0.041] [NTC]
  tar-ATF2             ( 1102 cells) response range: [-0.018, 0.027]
  tar-BRD4             (  341 cells) response range: [-0.166, 0.109]
  tar-CAV1             (  882 cells) response range: [-0.039, 0.024]
  tar-CD86             ( 1197 cells) response range: [-0.031, 0.032]
  tar-CMTM6            (  817 cells) response range: [-0.032, 0.024]
  tar-CUL3             (  274 cells) response range: [-0.214, 0.351]
  tar-ETV7             (  841 cells) response range: [-0.049, 0.098]
  tar-IFNGR1           ( 1341 cells) response range: [-1.708, 0.581]
  tar-IFNGR2           ( 1213 cells) response range: [-1.761, 0.570]
  tar-IRF1             ( 1073 cells) response range: [-0.971, 0.810]
  tar-IRF7             (  614 cells) response range: [-0.048, 0.042]
  tar-JAK2             ( 1024 cells) response range: [-1.876, 0.630]
  tar-MARCH8           ( 1003 cells) response range: [-0.064, 0.047]
  tar-MYC              (  108 cells) response range: [-0.190, 0.344]
  tar-NFKBIA           (  787 cells) response range: [-0.061, 0.072]
  tar-PDCD1LG2         (  617 cells) response range: [-0.034, 0.047]
  tar-POU2F2           (  662 cells) response range: [-0.047, 0.078]
  tar-SMAD4            (  659 cells) response range: [-1.064, 0.551]
  tar-SPI1             (   48 cells) response range: [-0.124, 0.074]
  tar-STAT1            (  444 cells) response range: [-1.843, 0.645]
  tar-STAT2            (  661 cells) response range: [-0.861, 0.199]
  tar-STAT3            (  493 cells) response range: [-0.087, 0.054]
  tar-STAT5A           (  659 cells) response range: [-0.048, 0.035]
  tar-TNFRSF14         (  964 cells) response range: [-0.044, 0.036]
  tar-UBE2L6           (  518 cells) response range: [-0.055, 0.058]
  NTC null: mean |response| per gene = 0.0038  std across NTC guides = 0.0047
  Saved: /project/xuanyao/jiaming/deeplearning/results_papalexi_nophase/beta1.0_dim128/response_scores.csv
  Saved: /project/xuanyao/jiaming/deeplearning/results_papalexi_nophase/beta1.0_dim128/figures/gene_response_heatmap.png
  Saved: /project/xuanyao/jiaming/deeplearning/results_papalexi_nophase/beta1.0_dim128/figures/effect_size_vs_null.png
  NTC noise floor (mean+2SD): 0.0056
  Saved: /project/xuanyao/jiaming/deeplearning/results_papalexi_nophase/beta1.0_dim128/figures/top_genes_per_pert.png

[3/4] Clustering perturbations by response vectors...
  Saved: /project/xuanyao/jiaming/deeplearning/results_papalexi_nophase/beta1.0_dim128/figures/perturbation_clustermap.png

[4/4] Running hallmark pathway enrichment...
  Saved: /project/xuanyao/jiaming/deeplearning/results_papalexi_nophase/beta1.0_dim128/figures/pathway_enrichment.png

[Bonus] Comparing CVAE response vs naive differential expression...
  Mean Spearman ρ (CVAE vs DE): 0.553
  Mean top-20 gene overlap:     6.7/20
  Saved: /project/xuanyao/jiaming/deeplearning/results_papalexi_nophase/beta1.0_dim128/cvae_vs_de_comparison.csv

All figures saved to: /project/xuanyao/jiaming/deeplearning/results_papalexi_nophase/beta1.0_dim128/figures
Done!
Done: beta1.0_dim128
