=== Train: beta=1e-3 latent_dim=64 (no perturbation) ===
Device: cpu
Loading data...
  20729 cells, 3725 genes, 35 perturbations
  Filtering 1 cells with unknown perturbation assignment.
  Extra covariates: 17 dims (3 continuous + 14 categorical OHE)
Log1p-normalizing expression data...
  Train: 17635 cells | Val: 3093 cells

Model: 3725 genes | 34 perturbations | latent_dim=64
  Trainable parameters: 9,068,557

Training for up to 100 epochs (early stop patience=15)...

 Epoch   Train Total   Train Recon    Train KL   Val Total   Val Recon        LR    Time
------------------------------------------------------------------------------------------
     1        0.1958        0.1952      0.6088      0.1447      0.1445   1.0e-03    3.2s
     2        0.1489        0.1487      0.1765      0.1432      0.1431   1.0e-03    3.9s
     3        0.1461        0.1460      0.1361      0.1421      0.1420   1.0e-03    4.1s
     4        0.1437        0.1435      0.1598      0.1402      0.1400   1.0e-03    3.4s
     5        0.1406        0.1404      0.2134      0.1373      0.1371   1.0e-03    3.5s
     6        0.1368        0.1365      0.2409      0.1346      0.1344   1.0e-03    4.7s
     7        0.1346        0.1343      0.3216      0.1330      0.1327   1.0e-03    4.2s
     8        0.1327        0.1323      0.3429      0.1310      0.1306   1.0e-03    4.6s
     9        0.1303        0.1298      0.4263      0.1287      0.1283   1.0e-03    4.1s
    10        0.1282        0.1277      0.4470      0.1278      0.1273   1.0e-03    4.6s
    11        0.1273        0.1269      0.4356      0.1269      0.1265   1.0e-03    4.3s
    12        0.1265        0.1261      0.4493      0.1263      0.1258   1.0e-03    4.0s
    13        0.1258        0.1253      0.4539      0.1256      0.1251   1.0e-03    3.9s
    14        0.1250        0.1245      0.4656      0.1245      0.1240   1.0e-03    3.8s
    15        0.1241        0.1236      0.4976      0.1237      0.1232   1.0e-03    4.4s
    16        0.1234        0.1229      0.5202      0.1232      0.1227   1.0e-03    4.7s
    17        0.1226        0.1221      0.5401      0.1222      0.1216   1.0e-03    4.1s
    18        0.1218        0.1213      0.5552      0.1217      0.1211   1.0e-03    4.1s
    19        0.1213        0.1208      0.5569      0.1211      0.1206   1.0e-03    4.8s
    20        0.1208        0.1202      0.5682      0.1206      0.1200   1.0e-03    4.6s
    21        0.1204        0.1198      0.5754      0.1202      0.1196   1.0e-03    4.3s
    22        0.1199        0.1193      0.5804      0.1198      0.1192   1.0e-03    4.1s
    23        0.1195        0.1189      0.5763      0.1195      0.1189   1.0e-03    5.0s
    24        0.1191        0.1185      0.5827      0.1192      0.1186   1.0e-03    4.2s
    25        0.1188        0.1182      0.5814      0.1187      0.1181   1.0e-03    4.1s
    26        0.1184        0.1178      0.5845      0.1184      0.1178   1.0e-03    4.5s
    27        0.1181        0.1175      0.5779      0.1182      0.1177   1.0e-03    5.1s
    28        0.1177        0.1172      0.5727      0.1180      0.1175   1.0e-03    4.4s
    29        0.1175        0.1169      0.5652      0.1179      0.1173   1.0e-03    3.9s
    30        0.1173        0.1167      0.5642      0.1176      0.1171   1.0e-03    4.3s
    31        0.1171        0.1165      0.5610      0.1176      0.1170   1.0e-03    3.7s
    32        0.1168        0.1163      0.5549      0.1173      0.1168   1.0e-03    4.5s
    33        0.1166        0.1160      0.5572      0.1171      0.1166   1.0e-03    4.3s
    34        0.1164        0.1158      0.5668      0.1169      0.1163   1.0e-03    4.4s
    35        0.1160        0.1155      0.5767      0.1165      0.1159   1.0e-03    4.4s
    36        0.1158        0.1152      0.5835      0.1164      0.1158   1.0e-03    4.7s
    37        0.1156        0.1150      0.5895      0.1160      0.1154   1.0e-03    4.2s
    38        0.1153        0.1147      0.5883      0.1158      0.1152   1.0e-03    4.2s
    39        0.1150        0.1144      0.5887      0.1156      0.1151   1.0e-03    3.5s
    40        0.1149        0.1143      0.5894      0.1156      0.1150   1.0e-03    3.7s
    41        0.1147        0.1141      0.5855      0.1154      0.1148   1.0e-03    3.9s
    42        0.1145        0.1139      0.5847      0.1154      0.1149   1.0e-03    4.7s
    43        0.1143        0.1137      0.5807      0.1153      0.1148   1.0e-03    3.9s
    44        0.1142        0.1136      0.5787      0.1152      0.1147   1.0e-03    4.3s
    45        0.1141        0.1135      0.5811      0.1152      0.1146   1.0e-03    4.5s
    46        0.1138        0.1133      0.5783      0.1151      0.1145   1.0e-03    4.4s
    47        0.1138        0.1132      0.5810      0.1150      0.1144   1.0e-03    4.0s
    48        0.1137        0.1131      0.5768      0.1150      0.1145   1.0e-03    4.1s
    49        0.1136        0.1130      0.5762      0.1150      0.1144   1.0e-03    4.3s
    50        0.1135        0.1129      0.5750      0.1150      0.1144   1.0e-03    4.1s
    51        0.1134        0.1129      0.5733      0.1149      0.1143   1.0e-03    4.2s
    52        0.1132        0.1127      0.5725      0.1148      0.1142   1.0e-03    4.9s
    53        0.1131        0.1126      0.5737      0.1148      0.1142   1.0e-03    4.0s
    54        0.1130        0.1124      0.5681      0.1150      0.1144   1.0e-03    3.6s
    55        0.1130        0.1124      0.5694      0.1146      0.1141   1.0e-03    4.9s
    56        0.1129        0.1123      0.5711      0.1147      0.1142   1.0e-03    4.0s
    57        0.1127        0.1121      0.5702      0.1146      0.1141   1.0e-03    3.9s
    58        0.1127        0.1121      0.5681      0.1148      0.1142   1.0e-03    4.9s
    59        0.1126        0.1121      0.5693      0.1146      0.1140   1.0e-03    4.4s
    60        0.1126        0.1120      0.5669      0.1146      0.1140   1.0e-03    5.0s
    61        0.1124        0.1118      0.5705      0.1146      0.1140   1.0e-03    4.3s
    62        0.1124        0.1118      0.5705      0.1144      0.1139   1.0e-03    4.1s
    63        0.1122        0.1116      0.5736      0.1145      0.1139   1.0e-03    4.8s
    64        0.1121        0.1116      0.5730      0.1145      0.1139   1.0e-03    4.5s
    65        0.1120        0.1114      0.5757      0.1143      0.1137   1.0e-03    4.1s
    66        0.1120        0.1114      0.5770      0.1144      0.1139   1.0e-03    4.6s
    67        0.1119        0.1113      0.5727      0.1142      0.1137   1.0e-03    4.6s
    68        0.1118        0.1112      0.5771      0.1142      0.1137   1.0e-03    5.4s
    69        0.1118        0.1112      0.5738      0.1144      0.1138   1.0e-03    4.2s
    70        0.1116        0.1110      0.5730      0.1142      0.1136   1.0e-03    3.7s
    71        0.1115        0.1110      0.5763      0.1143      0.1137   1.0e-03    4.9s
    72        0.1114        0.1109      0.5747      0.1142      0.1137   1.0e-03    4.2s
    73        0.1114        0.1109      0.5744      0.1142      0.1137   1.0e-03    5.1s
    74        0.1114        0.1108      0.5752      0.1143      0.1137   1.0e-03    5.1s
    75        0.1112        0.1106      0.5770      0.1142      0.1137   1.0e-03    4.2s
    76        0.1112        0.1106      0.5746      0.1141      0.1136   1.0e-03    4.1s
    77        0.1111        0.1106      0.5768      0.1142      0.1136   1.0e-03    3.6s
    78        0.1112        0.1106      0.5755      0.1143      0.1137   1.0e-03    3.5s
    79        0.1111        0.1105      0.5790      0.1142      0.1137   1.0e-03    3.3s
    80        0.1110        0.1104      0.5754      0.1142      0.1137   1.0e-03    3.7s
    81        0.1109        0.1103      0.5772      0.1142      0.1136   1.0e-03    3.6s
    82        0.1110        0.1104      0.5779      0.1142      0.1136   5.0e-04    3.4s
    83        0.1105        0.1099      0.5790      0.1141      0.1135   5.0e-04    3.4s
    84        0.1103        0.1097      0.5768      0.1140      0.1134   5.0e-04    3.3s
    85        0.1102        0.1097      0.5785      0.1141      0.1135   5.0e-04    3.2s
    86        0.1102        0.1096      0.5772      0.1140      0.1134   5.0e-04    3.3s
    87        0.1102        0.1096      0.5787      0.1140      0.1135   5.0e-04    3.2s
    88        0.1101        0.1095      0.5784      0.1140      0.1134   5.0e-04    3.3s
    89        0.1102        0.1096      0.5784      0.1140      0.1135   5.0e-04    3.4s
    90        0.1102        0.1096      0.5793      0.1141      0.1135   2.5e-04    3.4s
    91        0.1098        0.1093      0.5778      0.1140      0.1134   2.5e-04    3.4s
    92        0.1098        0.1092      0.5801      0.1139      0.1133   2.5e-04    3.1s
    93        0.1098        0.1092      0.5782      0.1140      0.1134   2.5e-04    3.7s
    94        0.1097        0.1092      0.5783      0.1139      0.1134   2.5e-04    3.6s
    95        0.1097        0.1091      0.5802      0.1140      0.1134   2.5e-04    3.6s
    96        0.1097        0.1092      0.5804      0.1140      0.1134   2.5e-04    3.7s
    97        0.1096        0.1091      0.5793      0.1140      0.1134   2.5e-04    3.4s
    98        0.1096        0.1091      0.5809      0.1140      0.1134   1.3e-04    3.1s
    99        0.1096        0.1090      0.5811      0.1139      0.1134   1.3e-04    3.4s
   100        0.1095        0.1089      0.5813      0.1139      0.1134   1.3e-04    3.3s

Done. Best val loss: 0.1139
Checkpoints and logs saved to: /project/xuanyao/jiaming/deeplearning/results_papalexi_no_pert/beta1e-3_dim64
=== Analyze ===
Device: cpu
Loading data...
  20729 cells, 3725 genes, 34 perturbations
Log1p-normalizing...
  Filtering 1 cells with unknown perturbation.

Loading model from model_best.pt...

[1/4] Computing latent embeddings...
  Silhouette score (perturbation clusters, excl. NTC): -0.0314
Running UMAP (this may take a few minutes)...
UMAP(min_dist=0.3, n_jobs=1, n_neighbors=30, random_state=42, verbose=True)
Sat May 16 18:28:41 2026 Construct fuzzy simplicial set
Sat May 16 18:28:41 2026 Finding Nearest Neighbors
Sat May 16 18:28:41 2026 Building RP forest with 12 trees
Sat May 16 18:28:47 2026 NN descent for 14 iterations
	 1  /  14
	 2  /  14
	 3  /  14
	Stopping threshold met -- exiting after 3 iterations
Sat May 16 18:29:00 2026 Finished Nearest Neighbor Search
Sat May 16 18:29:05 2026 Construct embedding
	completed  0  /  200 epochs
	completed  20  /  200 epochs
	completed  40  /  200 epochs
	completed  60  /  200 epochs
	completed  80  /  200 epochs
	completed  100  /  200 epochs
	completed  120  /  200 epochs
	completed  140  /  200 epochs
	completed  160  /  200 epochs
	completed  180  /  200 epochs
Sat May 16 18:29:30 2026 Finished embedding
  Saved: /project/xuanyao/jiaming/deeplearning/results_papalexi_no_pert/beta1e-3_dim64/figures/umap_latent.png
  Saved covariate UMAPs: umap_n_nonzero.png, umap_n_umis.png, umap_lane.png, umap_bio_rep.png, umap_phase.png, umap_p_mito.png
Running expression-PCA UMAP for covariate verification...
  Saved expression UMAP covariates: umap_expr_n_nonzero.png, umap_expr_n_umis.png, umap_expr_lane.png, umap_expr_bio_rep.png, umap_expr_phase.png, umap_expr_p_mito.png
  Saved: /project/xuanyao/jiaming/deeplearning/results_papalexi_no_pert/beta1e-3_dim64/figures/umap_per_perturbation.png

[2/4] Computing perturbation response scores (decode Δ vs NTC avg of 9 guides: ['NTg1', 'NTg10', 'NTg2', 'NTg3', 'NTg4']...)...
  NTg1                 (  303 cells) response range: [-0.020, 0.089] [NTC]
  NTg10                (  235 cells) response range: [-0.041, 0.031] [NTC]
  NTg2                 (  106 cells) response range: [-0.047, 0.029] [NTC]
  NTg3                 (  244 cells) response range: [-0.057, 0.055] [NTC]
  NTg4                 (  431 cells) response range: [-0.044, 0.082] [NTC]
  NTg5                 (  305 cells) response range: [-0.044, 0.049] [NTC]
  NTg7                 (  445 cells) response range: [-0.042, 0.025] [NTC]
  NTg8                 (   56 cells) response range: [-0.079, 0.036] [NTC]
  NTg9                 (  261 cells) response range: [-0.037, 0.036] [NTC]
  tar-ATF2             ( 1102 cells) response range: [-0.036, 0.020]
  tar-BRD4             (  341 cells) response range: [-0.028, 0.042]
  tar-CAV1             (  882 cells) response range: [-0.040, 0.038]
  tar-CD86             ( 1197 cells) response range: [-0.038, 0.065]
  tar-CMTM6            (  817 cells) response range: [-0.032, 0.020]
  tar-CUL3             (  274 cells) response range: [-0.036, 0.045]
  tar-ETV7             (  841 cells) response range: [-0.026, 0.058]
  tar-IFNGR1           ( 1341 cells) response range: [-0.030, 0.021]
  tar-IFNGR2           ( 1213 cells) response range: [-0.046, 0.028]
  tar-IRF1             ( 1073 cells) response range: [-0.043, 0.023]
  tar-IRF7             (  614 cells) response range: [-0.083, 0.045]
  tar-JAK2             ( 1024 cells) response range: [-0.049, 0.064]
  tar-MARCH8           ( 1003 cells) response range: [-0.055, 0.034]
  tar-MYC              (  108 cells) response range: [-0.044, 0.029]
  tar-NFKBIA           (  787 cells) response range: [-0.050, 0.040]
  tar-PDCD1LG2         (  617 cells) response range: [-0.064, 0.054]
  tar-POU2F2           (  662 cells) response range: [-0.080, 0.066]
  tar-SMAD4            (  659 cells) response range: [-0.055, 0.030]
  tar-SPI1             (   48 cells) response range: [-0.067, 0.039]
  tar-STAT1            (  444 cells) response range: [-0.046, 0.030]
  tar-STAT2            (  661 cells) response range: [-0.037, 0.036]
  tar-STAT3            (  493 cells) response range: [-0.050, 0.049]
  tar-STAT5A           (  659 cells) response range: [-0.048, 0.026]
  tar-TNFRSF14         (  964 cells) response range: [-0.045, 0.036]
  tar-UBE2L6           (  518 cells) response range: [-0.028, 0.053]
  NTC null: mean |response| per gene = 0.0024  std across NTC guides = 0.0030
  Saved: /project/xuanyao/jiaming/deeplearning/results_papalexi_no_pert/beta1e-3_dim64/response_scores.csv
  Saved: /project/xuanyao/jiaming/deeplearning/results_papalexi_no_pert/beta1e-3_dim64/figures/gene_response_heatmap.png
  Saved: /project/xuanyao/jiaming/deeplearning/results_papalexi_no_pert/beta1e-3_dim64/figures/effect_size_vs_null.png
  NTC noise floor (mean+2SD): 0.0036
  Saved: /project/xuanyao/jiaming/deeplearning/results_papalexi_no_pert/beta1e-3_dim64/figures/top_genes_per_pert.png

[3/4] Clustering perturbations by response vectors...
  Saved: /project/xuanyao/jiaming/deeplearning/results_papalexi_no_pert/beta1e-3_dim64/figures/perturbation_clustermap.png

[4/4] Running hallmark pathway enrichment...
  Saved: /project/xuanyao/jiaming/deeplearning/results_papalexi_no_pert/beta1e-3_dim64/figures/pathway_enrichment.png

[Bonus] Comparing CVAE response vs naive differential expression...
  Mean Spearman ρ (CVAE vs DE): 0.535
  Mean top-20 gene overlap:     2.8/20
  Saved: /project/xuanyao/jiaming/deeplearning/results_papalexi_no_pert/beta1e-3_dim64/cvae_vs_de_comparison.csv

All figures saved to: /project/xuanyao/jiaming/deeplearning/results_papalexi_no_pert/beta1e-3_dim64/figures
Done!
Done: beta1e-3_dim64
