=== Train: beta=1e-4 latent_dim=64 (no perturbation) ===
Device: cpu
Loading data...
  20729 cells, 3725 genes, 35 perturbations
  Filtering 1 cells with unknown perturbation assignment.
  Extra covariates: 17 dims (3 continuous + 14 categorical OHE)
Log1p-normalizing expression data...
  Train: 17635 cells | Val: 3093 cells

Model: 3725 genes | 34 perturbations | latent_dim=64
  Trainable parameters: 9,068,557

Training for up to 100 epochs (early stop patience=15)...

 Epoch   Train Total   Train Recon    Train KL   Val Total   Val Recon        LR    Time
------------------------------------------------------------------------------------------
     1        0.1952        0.1951      1.3539      0.1447      0.1445   1.0e-03    3.0s
     2        0.1489        0.1488      0.8309      0.1434      0.1434   1.0e-03    3.0s
     3        0.1462        0.1461      0.8503      0.1419      0.1418   1.0e-03    3.2s
     4        0.1428        0.1427      1.3621      0.1377      0.1375   1.0e-03    3.2s
     5        0.1376        0.1375      1.5754      0.1341      0.1340   1.0e-03    3.2s
     6        0.1345        0.1344      1.6460      0.1320      0.1318   1.0e-03    3.2s
     7        0.1323        0.1321      1.7570      0.1300      0.1299   1.0e-03    3.1s
     8        0.1291        0.1289      1.8718      0.1274      0.1272   1.0e-03    3.2s
     9        0.1272        0.1270      1.8880      0.1261      0.1259   1.0e-03    3.1s
    10        0.1257        0.1255      1.9264      0.1247      0.1245   1.0e-03    3.1s
    11        0.1243        0.1241      1.9575      0.1233      0.1231   1.0e-03    3.2s
    12        0.1232        0.1230      1.9690      0.1223      0.1221   1.0e-03    3.1s
    13        0.1221        0.1219      2.0142      0.1213      0.1211   1.0e-03    3.0s
    14        0.1211        0.1209      2.0307      0.1205      0.1203   1.0e-03    3.1s
    15        0.1204        0.1202      2.0730      0.1198      0.1196   1.0e-03    3.2s
    16        0.1198        0.1196      2.0746      0.1194      0.1192   1.0e-03    3.1s
    17        0.1192        0.1190      2.0871      0.1188      0.1186   1.0e-03    3.2s
    18        0.1186        0.1184      2.1015      0.1183      0.1181   1.0e-03    3.1s
    19        0.1181        0.1179      2.1121      0.1180      0.1178   1.0e-03    3.2s
    20        0.1177        0.1175      2.1189      0.1176      0.1174   1.0e-03    3.2s
    21        0.1174        0.1171      2.1379      0.1171      0.1169   1.0e-03    3.2s
    22        0.1168        0.1166      2.1655      0.1167      0.1165   1.0e-03    3.3s
    23        0.1164        0.1162      2.1849      0.1164      0.1162   1.0e-03    3.2s
    24        0.1160        0.1157      2.1951      0.1161      0.1159   1.0e-03    3.2s
    25        0.1158        0.1156      2.2004      0.1160      0.1157   1.0e-03    3.2s
    26        0.1155        0.1153      2.2212      0.1156      0.1154   1.0e-03    3.3s
    27        0.1152        0.1150      2.2363      0.1155      0.1152   1.0e-03    3.2s
    28        0.1149        0.1147      2.2336      0.1151      0.1149   1.0e-03    3.1s
    29        0.1146        0.1144      2.2688      0.1149      0.1147   1.0e-03    3.2s
    30        0.1145        0.1143      2.2680      0.1148      0.1146   1.0e-03    3.2s
    31        0.1142        0.1140      2.2935      0.1147      0.1145   1.0e-03    3.1s
    32        0.1140        0.1138      2.2952      0.1146      0.1144   1.0e-03    3.2s
    33        0.1138        0.1136      2.3129      0.1144      0.1142   1.0e-03    3.2s
    34        0.1137        0.1135      2.3247      0.1144      0.1141   1.0e-03    3.1s
    35        0.1134        0.1131      2.3436      0.1140      0.1138   1.0e-03    3.1s
    36        0.1132        0.1130      2.3552      0.1140      0.1137   1.0e-03    3.1s
    37        0.1131        0.1129      2.3626      0.1139      0.1137   1.0e-03    3.2s
    38        0.1128        0.1126      2.3459      0.1137      0.1135   1.0e-03    3.1s
    39        0.1127        0.1124      2.3714      0.1136      0.1134   1.0e-03    3.2s
    40        0.1126        0.1124      2.3756      0.1135      0.1133   1.0e-03    3.2s
    41        0.1123        0.1121      2.3794      0.1133      0.1131   1.0e-03    3.2s
    42        0.1122        0.1120      2.4047      0.1133      0.1130   1.0e-03    3.1s
    43        0.1120        0.1118      2.3903      0.1131      0.1128   1.0e-03    3.1s
    44        0.1119        0.1117      2.3844      0.1131      0.1129   1.0e-03    3.1s
    45        0.1118        0.1115      2.3887      0.1130      0.1127   1.0e-03    3.1s
    46        0.1116        0.1113      2.4066      0.1129      0.1127   1.0e-03    3.1s
    47        0.1115        0.1113      2.4226      0.1127      0.1125   1.0e-03    3.2s
    48        0.1114        0.1111      2.4223      0.1128      0.1125   1.0e-03    3.1s
    49        0.1113        0.1110      2.4287      0.1126      0.1124   1.0e-03    3.2s
    50        0.1111        0.1109      2.4253      0.1127      0.1125   1.0e-03    3.2s
    51        0.1111        0.1108      2.4492      0.1125      0.1123   1.0e-03    3.1s
    52        0.1109        0.1106      2.4535      0.1125      0.1123   1.0e-03    3.1s
    53        0.1108        0.1105      2.4490      0.1125      0.1123   1.0e-03    3.1s
    54        0.1106        0.1104      2.4585      0.1125      0.1123   1.0e-03    3.1s
    55        0.1106        0.1103      2.4631      0.1124      0.1121   1.0e-03    3.1s
    56        0.1105        0.1102      2.4602      0.1123      0.1121   1.0e-03    3.2s
    57        0.1103        0.1101      2.4707      0.1122      0.1120   1.0e-03    3.2s
    58        0.1103        0.1101      2.4746      0.1124      0.1121   1.0e-03    3.2s
    59        0.1102        0.1100      2.4827      0.1124      0.1121   1.0e-03    3.1s
    60        0.1102        0.1099      2.4879      0.1122      0.1119   1.0e-03    3.1s
    61        0.1100        0.1098      2.4852      0.1122      0.1119   1.0e-03    3.1s
    62        0.1099        0.1097      2.4908      0.1122      0.1119   1.0e-03    3.1s
    63        0.1098        0.1096      2.4891      0.1121      0.1119   1.0e-03    3.1s
    64        0.1097        0.1095      2.4897      0.1121      0.1118   1.0e-03    3.2s
    65        0.1097        0.1094      2.4992      0.1121      0.1118   1.0e-03    3.2s
    66        0.1096        0.1094      2.4946      0.1120      0.1118   1.0e-03    3.1s
    67        0.1096        0.1093      2.4987      0.1120      0.1117   1.0e-03    3.2s
    68        0.1094        0.1092      2.5108      0.1120      0.1118   1.0e-03    3.1s
    69        0.1094        0.1092      2.5074      0.1120      0.1118   1.0e-03    3.1s
    70        0.1093        0.1090      2.5164      0.1120      0.1117   1.0e-03    3.0s
    71        0.1092        0.1090      2.5073      0.1120      0.1117   1.0e-03    3.1s
    72        0.1092        0.1089      2.5003      0.1121      0.1119   1.0e-03    3.1s
    73        0.1091        0.1089      2.5165      0.1120      0.1117   1.0e-03    3.2s
    74        0.1091        0.1088      2.5195      0.1121      0.1118   1.0e-03    3.1s
    75        0.1089        0.1087      2.5107      0.1120      0.1117   1.0e-03    3.1s
    76        0.1089        0.1086      2.5151      0.1120      0.1117   5.0e-04    3.1s
    77        0.1085        0.1082      2.5189      0.1116      0.1114   5.0e-04    3.1s
    78        0.1084        0.1081      2.5376      0.1117      0.1114   5.0e-04    3.2s
    79        0.1083        0.1081      2.5295      0.1117      0.1115   5.0e-04    3.1s
    80        0.1083        0.1080      2.5340      0.1117      0.1115   5.0e-04    3.1s
    81        0.1081        0.1079      2.5445      0.1116      0.1114   5.0e-04    3.1s
    82        0.1082        0.1079      2.5379      0.1116      0.1114   5.0e-04    3.2s
    83        0.1081        0.1079      2.5290      0.1118      0.1116   2.5e-04    3.1s
    84        0.1079        0.1076      2.5358      0.1116      0.1113   2.5e-04    3.1s
    85        0.1078        0.1075      2.5390      0.1116      0.1113   2.5e-04    3.1s
    86        0.1078        0.1076      2.5364      0.1116      0.1113   2.5e-04    3.1s
    87        0.1078        0.1076      2.5417      0.1116      0.1113   2.5e-04    3.1s
    88        0.1077        0.1075      2.5382      0.1116      0.1114   2.5e-04    3.1s
    89        0.1078        0.1075      2.5438      0.1115      0.1113   2.5e-04    3.2s
    90        0.1078        0.1075      2.5480      0.1116      0.1113   2.5e-04    3.1s
    91        0.1076        0.1074      2.5465      0.1116      0.1113   2.5e-04    3.1s
    92        0.1076        0.1074      2.5522      0.1116      0.1113   2.5e-04    3.2s
    93        0.1077        0.1074      2.5615      0.1116      0.1114   2.5e-04    3.2s
    94        0.1076        0.1073      2.5573      0.1116      0.1113   2.5e-04    3.1s
    95        0.1076        0.1073      2.5494      0.1115      0.1113   1.3e-04    3.2s
    96        0.1075        0.1072      2.5599      0.1115      0.1112   1.3e-04    3.1s
    97        0.1074        0.1071      2.5582      0.1114      0.1112   1.3e-04    3.0s
    98        0.1074        0.1072      2.5527      0.1115      0.1113   1.3e-04    3.1s
    99        0.1074        0.1072      2.5647      0.1115      0.1112   1.3e-04    3.1s
   100        0.1074        0.1071      2.5577      0.1115      0.1112   1.3e-04    3.1s

Done. Best val loss: 0.1114
Checkpoints and logs saved to: /project/xuanyao/jiaming/deeplearning/results_papalexi_no_pert/beta1e-4_dim64
=== Analyze ===
Device: cpu
Loading data...
  20729 cells, 3725 genes, 34 perturbations
Log1p-normalizing...
  Filtering 1 cells with unknown perturbation.

Loading model from model_best.pt...

[1/4] Computing latent embeddings...
  Silhouette score (perturbation clusters, excl. NTC): -0.0266
Running UMAP (this may take a few minutes)...
UMAP(min_dist=0.3, n_jobs=1, n_neighbors=30, random_state=42, verbose=True)
Sat May 16 18:27:07 2026 Construct fuzzy simplicial set
Sat May 16 18:27:07 2026 Finding Nearest Neighbors
Sat May 16 18:27:07 2026 Building RP forest with 12 trees
Sat May 16 18:27:14 2026 NN descent for 14 iterations
	 1  /  14
	 2  /  14
	 3  /  14
	Stopping threshold met -- exiting after 3 iterations
Sat May 16 18:27:27 2026 Finished Nearest Neighbor Search
Sat May 16 18:27:32 2026 Construct embedding
	completed  0  /  200 epochs
	completed  20  /  200 epochs
	completed  40  /  200 epochs
	completed  60  /  200 epochs
	completed  80  /  200 epochs
	completed  100  /  200 epochs
	completed  120  /  200 epochs
	completed  140  /  200 epochs
	completed  160  /  200 epochs
	completed  180  /  200 epochs
Sat May 16 18:27:57 2026 Finished embedding
  Saved: /project/xuanyao/jiaming/deeplearning/results_papalexi_no_pert/beta1e-4_dim64/figures/umap_latent.png
  Saved covariate UMAPs: umap_n_nonzero.png, umap_n_umis.png, umap_lane.png, umap_bio_rep.png, umap_phase.png, umap_p_mito.png
Running expression-PCA UMAP for covariate verification...
  Saved expression UMAP covariates: umap_expr_n_nonzero.png, umap_expr_n_umis.png, umap_expr_lane.png, umap_expr_bio_rep.png, umap_expr_phase.png, umap_expr_p_mito.png
  Saved: /project/xuanyao/jiaming/deeplearning/results_papalexi_no_pert/beta1e-4_dim64/figures/umap_per_perturbation.png

[2/4] Computing perturbation response scores (decode Δ vs NTC avg of 9 guides: ['NTg1', 'NTg10', 'NTg2', 'NTg3', 'NTg4']...)...
  NTg1                 (  303 cells) response range: [-0.050, 0.064] [NTC]
  NTg10                (  235 cells) response range: [-0.034, 0.040] [NTC]
  NTg2                 (  106 cells) response range: [-0.070, 0.041] [NTC]
  NTg3                 (  244 cells) response range: [-0.061, 0.038] [NTC]
  NTg4                 (  431 cells) response range: [-0.054, 0.053] [NTC]
  NTg5                 (  305 cells) response range: [-0.047, 0.057] [NTC]
  NTg7                 (  445 cells) response range: [-0.029, 0.033] [NTC]
  NTg8                 (   56 cells) response range: [-0.063, 0.038] [NTC]
  NTg9                 (  261 cells) response range: [-0.045, 0.028] [NTC]
  tar-ATF2             ( 1102 cells) response range: [-0.065, 0.060]
  tar-BRD4             (  341 cells) response range: [-0.028, 0.079]
  tar-CAV1             (  882 cells) response range: [-0.056, 0.020]
  tar-CD86             ( 1197 cells) response range: [-0.030, 0.052]
  tar-CMTM6            (  817 cells) response range: [-0.084, 0.035]
  tar-CUL3             (  274 cells) response range: [-0.064, 0.043]
  tar-ETV7             (  841 cells) response range: [-0.038, 0.018]
  tar-IFNGR1           ( 1341 cells) response range: [-0.049, 0.025]
  tar-IFNGR2           ( 1213 cells) response range: [-0.025, 0.029]
  tar-IRF1             ( 1073 cells) response range: [-0.034, 0.033]
  tar-IRF7             (  614 cells) response range: [-0.058, 0.056]
  tar-JAK2             ( 1024 cells) response range: [-0.027, 0.062]
  tar-MARCH8           ( 1003 cells) response range: [-0.061, 0.038]
  tar-MYC              (  108 cells) response range: [-0.032, 0.058]
  tar-NFKBIA           (  787 cells) response range: [-0.051, 0.037]
  tar-PDCD1LG2         (  617 cells) response range: [-0.063, 0.061]
  tar-POU2F2           (  662 cells) response range: [-0.040, 0.039]
  tar-SMAD4            (  659 cells) response range: [-0.034, 0.053]
  tar-SPI1             (   48 cells) response range: [-0.033, 0.042]
  tar-STAT1            (  444 cells) response range: [-0.039, 0.038]
  tar-STAT2            (  661 cells) response range: [-0.050, 0.052]
  tar-STAT3            (  493 cells) response range: [-0.060, 0.044]
  tar-STAT5A           (  659 cells) response range: [-0.042, 0.034]
  tar-TNFRSF14         (  964 cells) response range: [-0.037, 0.040]
  tar-UBE2L6           (  518 cells) response range: [-0.037, 0.063]
  NTC null: mean |response| per gene = 0.0026  std across NTC guides = 0.0031
  Saved: /project/xuanyao/jiaming/deeplearning/results_papalexi_no_pert/beta1e-4_dim64/response_scores.csv
  Saved: /project/xuanyao/jiaming/deeplearning/results_papalexi_no_pert/beta1e-4_dim64/figures/gene_response_heatmap.png
  Saved: /project/xuanyao/jiaming/deeplearning/results_papalexi_no_pert/beta1e-4_dim64/figures/effect_size_vs_null.png
  NTC noise floor (mean+2SD): 0.0035
  Saved: /project/xuanyao/jiaming/deeplearning/results_papalexi_no_pert/beta1e-4_dim64/figures/top_genes_per_pert.png

[3/4] Clustering perturbations by response vectors...
  Saved: /project/xuanyao/jiaming/deeplearning/results_papalexi_no_pert/beta1e-4_dim64/figures/perturbation_clustermap.png

[4/4] Running hallmark pathway enrichment...
  Saved: /project/xuanyao/jiaming/deeplearning/results_papalexi_no_pert/beta1e-4_dim64/figures/pathway_enrichment.png

[Bonus] Comparing CVAE response vs naive differential expression...
  Mean Spearman ρ (CVAE vs DE): 0.538
  Mean top-20 gene overlap:     3.4/20
  Saved: /project/xuanyao/jiaming/deeplearning/results_papalexi_no_pert/beta1e-4_dim64/cvae_vs_de_comparison.csv

All figures saved to: /project/xuanyao/jiaming/deeplearning/results_papalexi_no_pert/beta1e-4_dim64/figures
Done!
Done: beta1e-4_dim64
