=== Train: beta=1e-4 latent_dim=128 (no bio_rep, no lane) ===
Device: cpu
Loading data...
  20729 cells, 3725 genes, 35 perturbations
  Filtering 1 cells with unknown perturbation assignment.
  Extra covariates: 6 dims (3 continuous + 3 categorical OHE)
Log1p-normalizing expression data...
  Train: 17635 cells | Val: 3093 cells

Model: 3725 genes | 34 perturbations | latent_dim=128
  Trainable parameters: 9,103,757

Training for up to 100 epochs (early stop patience=15)...

 Epoch   Train Total   Train Recon    Train KL   Val Total   Val Recon        LR    Time
------------------------------------------------------------------------------------------
     1        0.1964        0.1963      1.0752      0.1446      0.1445   1.0e-03    2.8s
     2        0.1489        0.1488      1.1069      0.1438      0.1437   1.0e-03    3.0s
     3        0.1467        0.1467      0.4242      0.1428      0.1428   1.0e-03    2.9s
     4        0.1446        0.1446      0.7903      0.1416      0.1415   1.0e-03    2.9s
     5        0.1424        0.1423      1.0589      0.1392      0.1391   1.0e-03    3.0s
     6        0.1384        0.1382      1.2591      0.1355      0.1354   1.0e-03    3.1s
     7        0.1356        0.1354      1.3463      0.1337      0.1335   1.0e-03    3.1s
     8        0.1329        0.1328      1.4445      0.1301      0.1300   1.0e-03    3.0s
     9        0.1289        0.1287      1.6473      0.1272      0.1271   1.0e-03    3.0s
    10        0.1266        0.1265      1.6762      0.1256      0.1254   1.0e-03    3.0s
    11        0.1254        0.1252      1.6483      0.1243      0.1242   1.0e-03    3.0s
    12        0.1241        0.1239      1.6681      0.1230      0.1229   1.0e-03    3.1s
    13        0.1230        0.1228      1.7202      0.1221      0.1219   1.0e-03    3.0s
    14        0.1220        0.1219      1.7285      0.1212      0.1210   1.0e-03    3.0s
    15        0.1212        0.1211      1.7402      0.1209      0.1207   1.0e-03    3.0s
    16        0.1207        0.1205      1.7755      0.1200      0.1198   1.0e-03    3.0s
    17        0.1198        0.1196      1.8741      0.1194      0.1192   1.0e-03    3.0s
    18        0.1192        0.1190      1.8738      0.1188      0.1186   1.0e-03    3.0s
    19        0.1186        0.1184      1.8925      0.1184      0.1182   1.0e-03    3.0s
    20        0.1181        0.1179      1.9045      0.1177      0.1175   1.0e-03    3.1s
    21        0.1176        0.1174      1.9206      0.1172      0.1170   1.0e-03    3.1s
    22        0.1172        0.1170      1.9258      0.1169      0.1167   1.0e-03    3.1s
    23        0.1167        0.1166      1.9282      0.1167      0.1165   1.0e-03    3.1s
    24        0.1163        0.1161      1.9540      0.1164      0.1162   1.0e-03    3.1s
    25        0.1161        0.1159      1.9622      0.1162      0.1160   1.0e-03    3.2s
    26        0.1158        0.1156      1.9785      0.1159      0.1157   1.0e-03    3.1s
    27        0.1154        0.1152      1.9874      0.1156      0.1154   1.0e-03    3.0s
    28        0.1151        0.1149      2.0190      0.1153      0.1151   1.0e-03    3.0s
    29        0.1150        0.1148      2.0059      0.1152      0.1150   1.0e-03    3.1s
    30        0.1146        0.1144      2.0175      0.1151      0.1149   1.0e-03    3.0s
    31        0.1144        0.1142      2.0322      0.1148      0.1146   1.0e-03    3.1s
    32        0.1143        0.1141      2.0350      0.1147      0.1145   1.0e-03    3.1s
    33        0.1141        0.1139      2.0406      0.1147      0.1145   1.0e-03    3.1s
    34        0.1138        0.1136      2.0535      0.1145      0.1143   1.0e-03    3.1s
    35        0.1138        0.1135      2.0597      0.1144      0.1142   1.0e-03    3.1s
    36        0.1135        0.1133      2.0730      0.1144      0.1142   1.0e-03    3.1s
    37        0.1134        0.1132      2.0589      0.1142      0.1140   1.0e-03    3.1s
    38        0.1132        0.1129      2.0652      0.1140      0.1138   1.0e-03    3.1s
    39        0.1130        0.1128      2.0786      0.1140      0.1137   1.0e-03    3.1s
    40        0.1129        0.1127      2.1070      0.1139      0.1137   1.0e-03    3.1s
    41        0.1128        0.1126      2.1002      0.1138      0.1136   1.0e-03    3.2s
    42        0.1126        0.1124      2.1220      0.1136      0.1134   1.0e-03    3.2s
    43        0.1124        0.1122      2.1300      0.1136      0.1134   1.0e-03    3.2s
    44        0.1123        0.1121      2.1198      0.1135      0.1133   1.0e-03    3.0s
    45        0.1121        0.1119      2.1297      0.1135      0.1133   1.0e-03    3.1s
    46        0.1120        0.1118      2.1321      0.1134      0.1132   1.0e-03    3.2s
    47        0.1119        0.1117      2.1527      0.1134      0.1132   1.0e-03    3.1s
    48        0.1118        0.1116      2.1387      0.1133      0.1131   1.0e-03    3.1s
    49        0.1119        0.1116      2.1562      0.1132      0.1130   1.0e-03    3.1s
    50        0.1116        0.1114      2.1537      0.1131      0.1129   1.0e-03    3.1s
    51        0.1116        0.1113      2.1632      0.1130      0.1128   1.0e-03    3.1s
    52        0.1114        0.1112      2.1625      0.1130      0.1128   1.0e-03    3.0s
    53        0.1112        0.1110      2.1728      0.1129      0.1127   1.0e-03    3.1s
    54        0.1112        0.1109      2.1659      0.1129      0.1127   1.0e-03    3.1s
    55        0.1111        0.1109      2.1748      0.1129      0.1127   1.0e-03    3.1s
    56        0.1109        0.1107      2.1722      0.1127      0.1125   1.0e-03    3.1s
    57        0.1108        0.1106      2.1935      0.1127      0.1125   1.0e-03    3.1s
    58        0.1108        0.1106      2.1980      0.1127      0.1125   1.0e-03    3.1s
    59        0.1107        0.1105      2.1994      0.1126      0.1124   1.0e-03    3.1s
    60        0.1105        0.1103      2.1971      0.1125      0.1123   1.0e-03    3.1s
    61        0.1105        0.1103      2.2042      0.1124      0.1122   1.0e-03    3.1s
    62        0.1103        0.1101      2.2128      0.1125      0.1123   1.0e-03    3.1s
    63        0.1103        0.1100      2.2034      0.1124      0.1122   1.0e-03    3.1s
    64        0.1101        0.1099      2.2051      0.1124      0.1122   1.0e-03    3.0s
    65        0.1101        0.1098      2.2046      0.1124      0.1122   1.0e-03    3.2s
    66        0.1100        0.1098      2.2158      0.1123      0.1121   1.0e-03    3.1s
    67        0.1099        0.1096      2.2223      0.1122      0.1120   1.0e-03    3.1s
    68        0.1099        0.1097      2.2136      0.1124      0.1121   1.0e-03    3.2s
    69        0.1098        0.1095      2.2208      0.1122      0.1120   1.0e-03    3.2s
    70        0.1097        0.1095      2.2293      0.1122      0.1120   1.0e-03    3.0s
    71        0.1095        0.1093      2.2210      0.1122      0.1120   1.0e-03    3.1s
    72        0.1096        0.1094      2.2215      0.1123      0.1121   1.0e-03    3.2s
    73        0.1094        0.1091      2.2315      0.1122      0.1120   1.0e-03    3.1s
    74        0.1094        0.1091      2.2322      0.1120      0.1118   1.0e-03    3.1s
    75        0.1093        0.1091      2.2327      0.1122      0.1120   1.0e-03    3.1s
    76        0.1092        0.1090      2.2294      0.1123      0.1120   1.0e-03    3.1s
    77        0.1092        0.1090      2.2241      0.1122      0.1119   1.0e-03    3.1s
    78        0.1091        0.1089      2.2255      0.1121      0.1118   1.0e-03    3.1s
    79        0.1090        0.1088      2.2466      0.1120      0.1118   1.0e-03    3.0s
    80        0.1090        0.1087      2.2338      0.1121      0.1119   5.0e-04    3.0s
    81        0.1085        0.1083      2.2272      0.1118      0.1116   5.0e-04    3.0s
    82        0.1084        0.1081      2.2368      0.1118      0.1116   5.0e-04    3.1s
    83        0.1083        0.1081      2.2485      0.1118      0.1116   5.0e-04    3.1s
    84        0.1083        0.1081      2.2446      0.1119      0.1117   5.0e-04    3.1s
    85        0.1082        0.1080      2.2335      0.1118      0.1116   5.0e-04    3.1s
    86        0.1083        0.1080      2.2558      0.1118      0.1115   5.0e-04    3.1s
    87        0.1081        0.1079      2.2454      0.1118      0.1116   5.0e-04    3.1s
    88        0.1082        0.1080      2.2467      0.1119      0.1117   5.0e-04    3.1s
    89        0.1081        0.1079      2.2503      0.1119      0.1117   5.0e-04    3.0s
    90        0.1081        0.1079      2.2449      0.1118      0.1116   5.0e-04    3.0s
    91        0.1081        0.1079      2.2576      0.1118      0.1116   5.0e-04    3.2s
    92        0.1081        0.1079      2.2593      0.1119      0.1116   2.5e-04    3.0s
    93        0.1077        0.1075      2.2572      0.1118      0.1115   2.5e-04    3.1s
    94        0.1076        0.1074      2.2594      0.1118      0.1116   2.5e-04    3.0s
    95        0.1076        0.1074      2.2657      0.1118      0.1115   2.5e-04    3.1s
    96        0.1077        0.1074      2.2628      0.1118      0.1116   2.5e-04    3.1s
    97        0.1076        0.1074      2.2575      0.1118      0.1116   2.5e-04    3.1s
    98        0.1076        0.1074      2.2534      0.1118      0.1116   1.3e-04    3.0s
    99        0.1075        0.1073      2.2617      0.1118      0.1115   1.3e-04    3.1s
   100        0.1074        0.1072      2.2637      0.1118      0.1115   1.3e-04    3.1s

Done. Best val loss: 0.1118
Checkpoints and logs saved to: /project/xuanyao/jiaming/deeplearning/results_papalexi_nobatch/beta1e-4_dim128
=== Analyze ===
Device: cpu
Loading data...
  20729 cells, 3725 genes, 34 perturbations
Log1p-normalizing...
  Filtering 1 cells with unknown perturbation.

Loading model from model_best.pt...

[1/4] Computing latent embeddings...
  Silhouette score (perturbation clusters, excl. NTC): -0.0360
Running UMAP (this may take a few minutes)...
UMAP(min_dist=0.3, n_jobs=1, n_neighbors=30, random_state=42, verbose=True)
Sat May 16 15:37:37 2026 Construct fuzzy simplicial set
Sat May 16 15:37:37 2026 Finding Nearest Neighbors
Sat May 16 15:37:37 2026 Building RP forest with 12 trees
Sat May 16 15:37:43 2026 NN descent for 14 iterations
	 1  /  14
	 2  /  14
	 3  /  14
	Stopping threshold met -- exiting after 3 iterations
Sat May 16 15:37:58 2026 Finished Nearest Neighbor Search
Sat May 16 15:38:03 2026 Construct embedding
	completed  0  /  200 epochs
	completed  20  /  200 epochs
	completed  40  /  200 epochs
	completed  60  /  200 epochs
	completed  80  /  200 epochs
	completed  100  /  200 epochs
	completed  120  /  200 epochs
	completed  140  /  200 epochs
	completed  160  /  200 epochs
	completed  180  /  200 epochs
Sat May 16 15:38:28 2026 Finished embedding
  Saved: /project/xuanyao/jiaming/deeplearning/results_papalexi_nobatch/beta1e-4_dim128/figures/umap_latent.png
  Saved covariate UMAPs: umap_n_nonzero.png, umap_n_umis.png, umap_lane.png, umap_bio_rep.png, umap_phase.png, umap_p_mito.png
Running expression-PCA UMAP for covariate verification...
  Saved expression UMAP covariates: umap_expr_n_nonzero.png, umap_expr_n_umis.png, umap_expr_lane.png, umap_expr_bio_rep.png, umap_expr_phase.png, umap_expr_p_mito.png
  Saved: /project/xuanyao/jiaming/deeplearning/results_papalexi_nobatch/beta1e-4_dim128/figures/umap_per_perturbation.png

[2/4] Computing perturbation response scores (decode Δ vs NTC avg of 9 guides: ['NTg1', 'NTg10', 'NTg2', 'NTg3', 'NTg4']...)...
  NTg1                 (  303 cells) response range: [-0.025, 0.016] [NTC]
  NTg10                (  235 cells) response range: [-0.028, 0.022] [NTC]
  NTg2                 (  106 cells) response range: [-0.068, 0.041] [NTC]
  NTg3                 (  244 cells) response range: [-0.018, 0.028] [NTC]
  NTg4                 (  431 cells) response range: [-0.024, 0.087] [NTC]
  NTg5                 (  305 cells) response range: [-0.032, 0.018] [NTC]
  NTg7                 (  445 cells) response range: [-0.015, 0.024] [NTC]
  NTg8                 (   56 cells) response range: [-0.055, 0.043] [NTC]
  NTg9                 (  261 cells) response range: [-0.045, 0.028] [NTC]
  tar-ATF2             ( 1102 cells) response range: [-0.016, 0.034]
  tar-BRD4             (  341 cells) response range: [-0.156, 0.130]
  tar-CAV1             (  882 cells) response range: [-0.026, 0.032]
  tar-CD86             ( 1197 cells) response range: [-0.020, 0.039]
  tar-CMTM6            (  817 cells) response range: [-0.022, 0.026]
  tar-CUL3             (  274 cells) response range: [-0.063, 0.089]
  tar-ETV7             (  841 cells) response range: [-0.018, 0.074]
  tar-IFNGR1           ( 1341 cells) response range: [-0.522, 0.182]
  tar-IFNGR2           ( 1213 cells) response range: [-0.530, 0.187]
  tar-IRF1             ( 1073 cells) response range: [-0.714, 0.386]
  tar-IRF7             (  614 cells) response range: [-0.015, 0.036]
  tar-JAK2             ( 1024 cells) response range: [-0.566, 0.216]
  tar-MARCH8           ( 1003 cells) response range: [-0.026, 0.053]
  tar-MYC              (  108 cells) response range: [-0.076, 0.071]
  tar-NFKBIA           (  787 cells) response range: [-0.055, 0.048]
  tar-PDCD1LG2         (  617 cells) response range: [-0.026, 0.020]
  tar-POU2F2           (  662 cells) response range: [-0.027, 0.060]
  tar-SMAD4            (  659 cells) response range: [-0.477, 0.324]
  tar-SPI1             (   48 cells) response range: [-0.140, 0.108]
  tar-STAT1            (  444 cells) response range: [-0.470, 0.186]
  tar-STAT2            (  661 cells) response range: [-0.323, 0.067]
  tar-STAT3            (  493 cells) response range: [-0.018, 0.025]
  tar-STAT5A           (  659 cells) response range: [-0.032, 0.029]
  tar-TNFRSF14         (  964 cells) response range: [-0.016, 0.036]
  tar-UBE2L6           (  518 cells) response range: [-0.027, 0.038]
  NTC null: mean |response| per gene = 0.0019  std across NTC guides = 0.0023
  Saved: /project/xuanyao/jiaming/deeplearning/results_papalexi_nobatch/beta1e-4_dim128/response_scores.csv
  Saved: /project/xuanyao/jiaming/deeplearning/results_papalexi_nobatch/beta1e-4_dim128/figures/gene_response_heatmap.png
  Saved: /project/xuanyao/jiaming/deeplearning/results_papalexi_nobatch/beta1e-4_dim128/figures/effect_size_vs_null.png
  NTC noise floor (mean+2SD): 0.0029
  Saved: /project/xuanyao/jiaming/deeplearning/results_papalexi_nobatch/beta1e-4_dim128/figures/top_genes_per_pert.png

[3/4] Clustering perturbations by response vectors...
  Saved: /project/xuanyao/jiaming/deeplearning/results_papalexi_nobatch/beta1e-4_dim128/figures/perturbation_clustermap.png

[4/4] Running hallmark pathway enrichment...
  Saved: /project/xuanyao/jiaming/deeplearning/results_papalexi_nobatch/beta1e-4_dim128/figures/pathway_enrichment.png

[Bonus] Comparing CVAE response vs naive differential expression...
  Mean Spearman ρ (CVAE vs DE): 0.574
  Mean top-20 gene overlap:     7.7/20
  Saved: /project/xuanyao/jiaming/deeplearning/results_papalexi_nobatch/beta1e-4_dim128/cvae_vs_de_comparison.csv

All figures saved to: /project/xuanyao/jiaming/deeplearning/results_papalexi_nobatch/beta1e-4_dim128/figures
Done!
Done: beta1e-4_dim128
