=== Train: beta=1.0 latent_dim=64 ===
Device: cpu
Loading data...
  20729 cells, 3725 genes, 35 perturbations
  Filtering 1 cells with unknown perturbation assignment.
  Extra covariates: 17 dims (3 continuous + 14 categorical OHE)
Log1p-normalizing expression data...
  Train: 17635 cells | Val: 3093 cells

Model: 3725 genes | 34 perturbations | latent_dim=64
  Trainable parameters: 9,068,557

Training for up to 100 epochs (early stop patience=15)...

 Epoch   Train Total   Train Recon    Train KL   Val Total   Val Recon        LR    Time
------------------------------------------------------------------------------------------
     1        0.2185        0.1984      0.0201      0.1447      0.1444   1.0e-03    2.7s
     2        0.1542        0.1491      0.0051      0.1432      0.1432   1.0e-03    2.8s
     3        0.1491        0.1462      0.0029      0.1432      0.1432   1.0e-03    2.8s
     4        0.1456        0.1441      0.0015      0.1413      0.1413   1.0e-03    2.8s
     5        0.1423        0.1416      0.0007      0.1412      0.1412   1.0e-03    2.8s
     6        0.1398        0.1395      0.0003      0.1400      0.1400   1.0e-03    2.9s
     7        0.1384        0.1383      0.0001      0.1390      0.1389   1.0e-03    2.8s
     8        0.1371        0.1371      0.0000      0.1376      0.1376   1.0e-03    2.8s
     9        0.1360        0.1359      0.0000      0.1365      0.1365   1.0e-03    2.9s
    10        0.1348        0.1348      0.0000      0.1354      0.1354   1.0e-03    2.8s
    11        0.1342        0.1342      0.0000      0.1352      0.1352   1.0e-03    2.8s
    12        0.1339        0.1339      0.0000      0.1349      0.1349   1.0e-03    2.9s
    13        0.1336        0.1335      0.0000      0.1345      0.1345   1.0e-03    2.9s
    14        0.1332        0.1332      0.0000      0.1343      0.1343   1.0e-03    2.8s
    15        0.1330        0.1330      0.0000      0.1340      0.1340   1.0e-03    3.0s
    16        0.1328        0.1327      0.0000      0.1339      0.1339   1.0e-03    2.9s
    17        0.1326        0.1326      0.0000      0.1337      0.1337   1.0e-03    2.8s
    18        0.1324        0.1324      0.0000      0.1336      0.1336   1.0e-03    2.9s
    19        0.1323        0.1322      0.0000      0.1335      0.1335   1.0e-03    2.9s
    20        0.1322        0.1322      0.0000      0.1336      0.1336   1.0e-03    3.1s
    21        0.1321        0.1321      0.0000      0.1333      0.1333   1.0e-03    3.1s
    22        0.1319        0.1319      0.0000      0.1333      0.1333   1.0e-03    3.3s
    23        0.1318        0.1318      0.0000      0.1332      0.1332   1.0e-03    3.1s
    24        0.1315        0.1315      0.0000      0.1331      0.1331   1.0e-03    3.1s
    25        0.1316        0.1316      0.0000      0.1331      0.1331   1.0e-03    3.1s
    26        0.1315        0.1315      0.0000      0.1330      0.1330   1.0e-03    3.2s
    27        0.1314        0.1314      0.0000      0.1329      0.1329   1.0e-03    3.1s
    28        0.1312        0.1312      0.0000      0.1330      0.1330   1.0e-03    3.1s
    29        0.1312        0.1312      0.0000      0.1329      0.1329   1.0e-03    3.1s
    30        0.1312        0.1311      0.0000      0.1328      0.1328   1.0e-03    3.2s
    31        0.1310        0.1310      0.0000      0.1328      0.1328   1.0e-03    3.2s
    32        0.1309        0.1309      0.0000      0.1328      0.1328   1.0e-03    3.1s
    33        0.1309        0.1309      0.0000      0.1327      0.1327   1.0e-03    3.2s
    34        0.1309        0.1309      0.0000      0.1327      0.1327   1.0e-03    3.1s
    35        0.1307        0.1307      0.0000      0.1326      0.1326   1.0e-03    3.0s
    36        0.1307        0.1307      0.0000      0.1327      0.1327   1.0e-03    3.1s
    37        0.1307        0.1307      0.0000      0.1327      0.1327   1.0e-03    3.1s
    38        0.1306        0.1306      0.0000      0.1327      0.1327   1.0e-03    3.1s
    39        0.1305        0.1305      0.0000      0.1326      0.1326   1.0e-03    3.2s
    40        0.1306        0.1306      0.0000      0.1327      0.1327   1.0e-03    3.1s
    41        0.1304        0.1304      0.0000      0.1328      0.1328   1.0e-03    3.1s
    42        0.1304        0.1304      0.0000      0.1326      0.1326   1.0e-03    3.1s
    43        0.1303        0.1303      0.0000      0.1326      0.1326   1.0e-03    3.0s
    44        0.1304        0.1304      0.0000      0.1326      0.1326   1.0e-03    3.1s
    45        0.1303        0.1303      0.0000      0.1327      0.1327   5.0e-04    3.1s
    46        0.1299        0.1299      0.0000      0.1325      0.1325   5.0e-04    3.1s
    47        0.1299        0.1299      0.0000      0.1325      0.1325   5.0e-04    3.1s
    48        0.1299        0.1299      0.0000      0.1325      0.1325   5.0e-04    3.0s
    49        0.1299        0.1299      0.0000      0.1325      0.1325   5.0e-04    3.1s
    50        0.1298        0.1298      0.0000      0.1325      0.1325   5.0e-04    3.1s
    51        0.1299        0.1299      0.0000      0.1325      0.1325   5.0e-04    3.1s
    52        0.1298        0.1298      0.0000      0.1326      0.1326   2.5e-04    3.1s
    53        0.1296        0.1296      0.0000      0.1325      0.1325   2.5e-04    3.0s
    54        0.1295        0.1295      0.0000      0.1324      0.1324   2.5e-04    2.9s
    55        0.1296        0.1296      0.0000      0.1325      0.1325   2.5e-04    3.0s
    56        0.1295        0.1295      0.0000      0.1325      0.1325   2.5e-04    3.0s
    57        0.1295        0.1295      0.0000      0.1325      0.1325   2.5e-04    3.0s
    58        0.1295        0.1295      0.0000      0.1325      0.1325   2.5e-04    3.0s
    59        0.1295        0.1295      0.0000      0.1325      0.1325   2.5e-04    2.8s
    60        0.1295        0.1295      0.0000      0.1326      0.1326   1.3e-04    2.8s
    61        0.1294        0.1294      0.0000      0.1325      0.1325   1.3e-04    2.8s
    62        0.1293        0.1293      0.0000      0.1325      0.1325   1.3e-04    2.8s
    63        0.1293        0.1293      0.0000      0.1325      0.1325   1.3e-04    2.8s
    64        0.1293        0.1293      0.0000      0.1325      0.1325   1.3e-04    2.8s
    65        0.1293        0.1293      0.0000      0.1325      0.1325   1.3e-04    2.8s
    66        0.1293        0.1293      0.0000      0.1325      0.1325   6.3e-05    2.8s
    67        0.1293        0.1293      0.0000      0.1325      0.1325   6.3e-05    2.8s
    68        0.1292        0.1292      0.0000      0.1325      0.1325   6.3e-05    2.8s
    69        0.1293        0.1293      0.0000      0.1325      0.1325   6.3e-05    2.7s

Early stopping at epoch 69 (no improvement for 15 epochs)

Done. Best val loss: 0.1324
Checkpoints and logs saved to: /project/xuanyao/jiaming/deeplearning/results_papalexi/beta1.0_dim64
=== Analyze ===
Device: cpu
Loading data...
  20729 cells, 3725 genes, 34 perturbations
Log1p-normalizing...
  Filtering 1 cells with unknown perturbation.

Loading model from model_best.pt...

[1/4] Computing latent embeddings...
  Silhouette score (perturbation clusters, excl. NTC): -0.1331
Running UMAP (this may take a few minutes)...
UMAP(min_dist=0.3, n_jobs=1, n_neighbors=30, random_state=42, verbose=True)
Sat May 16 15:23:05 2026 Construct fuzzy simplicial set
Sat May 16 15:23:05 2026 Finding Nearest Neighbors
Sat May 16 15:23:05 2026 Building RP forest with 12 trees
Sat May 16 15:23:10 2026 NN descent for 14 iterations
	 1  /  14
	 2  /  14
	 3  /  14
	Stopping threshold met -- exiting after 3 iterations
Sat May 16 15:23:22 2026 Finished Nearest Neighbor Search
Sat May 16 15:23:26 2026 Construct embedding
	completed  0  /  200 epochs
	completed  20  /  200 epochs
	completed  40  /  200 epochs
	completed  60  /  200 epochs
	completed  80  /  200 epochs
	completed  100  /  200 epochs
	completed  120  /  200 epochs
	completed  140  /  200 epochs
	completed  160  /  200 epochs
	completed  180  /  200 epochs
Sat May 16 15:23:46 2026 Finished embedding
  Saved: /project/xuanyao/jiaming/deeplearning/results_papalexi/beta1.0_dim64/figures/umap_latent.png
  Saved covariate UMAPs: umap_n_nonzero.png, umap_n_umis.png, umap_lane.png, umap_bio_rep.png, umap_phase.png, umap_p_mito.png
Running expression-PCA UMAP for covariate verification...
  Saved expression UMAP covariates: umap_expr_n_nonzero.png, umap_expr_n_umis.png, umap_expr_lane.png, umap_expr_bio_rep.png, umap_expr_phase.png, umap_expr_p_mito.png
  Saved: /project/xuanyao/jiaming/deeplearning/results_papalexi/beta1.0_dim64/figures/umap_per_perturbation.png

[2/4] Computing perturbation response scores (decode Δ vs NTC avg of 9 guides: ['NTg1', 'NTg10', 'NTg2', 'NTg3', 'NTg4']...)...
  NTg1                 (  303 cells) response range: [-0.153, 0.071] [NTC]
  NTg10                (  235 cells) response range: [-0.053, 0.034] [NTC]
  NTg2                 (  106 cells) response range: [-0.098, 0.034] [NTC]
  NTg3                 (  244 cells) response range: [-0.059, 0.072] [NTC]
  NTg4                 (  431 cells) response range: [-0.043, 0.062] [NTC]
  NTg5                 (  305 cells) response range: [-0.036, 0.034] [NTC]
  NTg7                 (  445 cells) response range: [-0.067, 0.058] [NTC]
  NTg8                 (   56 cells) response range: [-0.030, 0.053] [NTC]
  NTg9                 (  261 cells) response range: [-0.037, 0.062] [NTC]
  tar-ATF2             ( 1102 cells) response range: [-0.018, 0.037]
  tar-BRD4             (  341 cells) response range: [-0.197, 0.143]
  tar-CAV1             (  882 cells) response range: [-0.029, 0.028]
  tar-CD86             ( 1197 cells) response range: [-0.023, 0.045]
  tar-CMTM6            (  817 cells) response range: [-0.054, 0.061]
  tar-CUL3             (  274 cells) response range: [-0.196, 0.304]
  tar-ETV7             (  841 cells) response range: [-0.034, 0.101]
  tar-IFNGR1           ( 1341 cells) response range: [-1.632, 0.559]
  tar-IFNGR2           ( 1213 cells) response range: [-1.706, 0.565]
  tar-IRF1             ( 1073 cells) response range: [-0.910, 0.803]
  tar-IRF7             (  614 cells) response range: [-0.054, 0.058]
  tar-JAK2             ( 1024 cells) response range: [-1.827, 0.624]
  tar-MARCH8           ( 1003 cells) response range: [-0.050, 0.058]
  tar-MYC              (  108 cells) response range: [-0.149, 0.371]
  tar-NFKBIA           (  787 cells) response range: [-0.096, 0.121]
  tar-PDCD1LG2         (  617 cells) response range: [-0.034, 0.062]
  tar-POU2F2           (  662 cells) response range: [-0.041, 0.066]
  tar-SMAD4            (  659 cells) response range: [-1.050, 0.547]
  tar-SPI1             (   48 cells) response range: [-0.194, 0.068]
  tar-STAT1            (  444 cells) response range: [-1.740, 0.649]
  tar-STAT2            (  661 cells) response range: [-0.850, 0.179]
  tar-STAT3            (  493 cells) response range: [-0.060, 0.051]
  tar-STAT5A           (  659 cells) response range: [-0.038, 0.033]
  tar-TNFRSF14         (  964 cells) response range: [-0.033, 0.041]
  tar-UBE2L6           (  518 cells) response range: [-0.052, 0.065]
  NTC null: mean |response| per gene = 0.0038  std across NTC guides = 0.0045
  Saved: /project/xuanyao/jiaming/deeplearning/results_papalexi/beta1.0_dim64/response_scores.csv
  Saved: /project/xuanyao/jiaming/deeplearning/results_papalexi/beta1.0_dim64/figures/gene_response_heatmap.png
  Saved: /project/xuanyao/jiaming/deeplearning/results_papalexi/beta1.0_dim64/figures/effect_size_vs_null.png
  NTC noise floor (mean+2SD): 0.0052
  Saved: /project/xuanyao/jiaming/deeplearning/results_papalexi/beta1.0_dim64/figures/top_genes_per_pert.png

[3/4] Clustering perturbations by response vectors...
  Saved: /project/xuanyao/jiaming/deeplearning/results_papalexi/beta1.0_dim64/figures/perturbation_clustermap.png

[4/4] Running hallmark pathway enrichment...
  Saved: /project/xuanyao/jiaming/deeplearning/results_papalexi/beta1.0_dim64/figures/pathway_enrichment.png

[Bonus] Comparing CVAE response vs naive differential expression...
  Mean Spearman ρ (CVAE vs DE): 0.542
  Mean top-20 gene overlap:     7.1/20
  Saved: /project/xuanyao/jiaming/deeplearning/results_papalexi/beta1.0_dim64/cvae_vs_de_comparison.csv

All figures saved to: /project/xuanyao/jiaming/deeplearning/results_papalexi/beta1.0_dim64/figures
Done!
Done: beta1.0_dim64
