=== Train: beta=0.01 latent_dim=32 (no phase) ===
Device: cpu
Loading data...
  20729 cells, 3725 genes, 35 perturbations
  Filtering 1 cells with unknown perturbation assignment.
  Extra covariates: 14 dims (3 continuous + 11 categorical OHE)
Log1p-normalizing expression data...
  Train: 17635 cells | Val: 3093 cells

Model: 3725 genes | 34 perturbations | latent_dim=32
  Trainable parameters: 9,040,077

Training for up to 100 epochs (early stop patience=15)...

 Epoch   Train Total   Train Recon    Train KL   Val Total   Val Recon        LR    Time
------------------------------------------------------------------------------------------
     1        0.1980        0.1968      0.1231      0.1442      0.1442   1.0e-03    2.8s
     2        0.1484        0.1483      0.0091      0.1429      0.1429   1.0e-03    2.9s
     3        0.1455        0.1454      0.0064      0.1424      0.1424   1.0e-03    2.9s
     4        0.1437        0.1436      0.0062      0.1415      0.1415   1.0e-03    2.9s
     5        0.1417        0.1416      0.0055      0.1404      0.1404   1.0e-03    3.0s
     6        0.1398        0.1398      0.0062      0.1391      0.1391   1.0e-03    2.9s
     7        0.1384        0.1383      0.0058      0.1381      0.1381   1.0e-03    2.9s
     8        0.1372        0.1371      0.0052      0.1372      0.1371   1.0e-03    2.9s
     9        0.1361        0.1361      0.0044      0.1366      0.1366   1.0e-03    2.9s
    10        0.1355        0.1355      0.0032      0.1365      0.1364   1.0e-03    3.0s
    11        0.1352        0.1352      0.0028      0.1361      0.1361   1.0e-03    2.9s
    12        0.1349        0.1349      0.0023      0.1359      0.1359   1.0e-03    3.0s
    13        0.1346        0.1346      0.0022      0.1355      0.1355   1.0e-03    3.0s
    14        0.1344        0.1344      0.0019      0.1354      0.1354   1.0e-03    2.9s
    15        0.1342        0.1342      0.0019      0.1352      0.1352   1.0e-03    3.0s
    16        0.1340        0.1340      0.0016      0.1352      0.1352   1.0e-03    2.9s
    17        0.1338        0.1337      0.0016      0.1349      0.1349   1.0e-03    3.0s
    18        0.1332        0.1329      0.0268      0.1327      0.1323   1.0e-03    3.0s
    19        0.1314        0.1308      0.0634      0.1314      0.1307   1.0e-03    3.1s
    20        0.1302        0.1294      0.0806      0.1301      0.1292   1.0e-03    3.1s
    21        0.1289        0.1281      0.0824      0.1291      0.1284   1.0e-03    3.1s
    22        0.1282        0.1273      0.0867      0.1287      0.1278   1.0e-03    3.1s
    23        0.1279        0.1269      0.0914      0.1284      0.1275   1.0e-03    3.0s
    24        0.1276        0.1266      0.0961      0.1278      0.1268   1.0e-03    3.1s
    25        0.1271        0.1261      0.1038      0.1274      0.1263   1.0e-03    3.0s
    26        0.1268        0.1257      0.1123      0.1271      0.1260   1.0e-03    3.0s
    27        0.1264        0.1252      0.1127      0.1269      0.1258   1.0e-03    3.0s
    28        0.1258        0.1247      0.1130      0.1267      0.1255   1.0e-03    3.0s
    29        0.1256        0.1245      0.1136      0.1263      0.1252   1.0e-03    3.1s
    30        0.1255        0.1243      0.1143      0.1262      0.1251   1.0e-03    3.1s
    31        0.1253        0.1241      0.1157      0.1261      0.1250   1.0e-03    3.0s
    32        0.1250        0.1239      0.1171      0.1261      0.1249   1.0e-03    3.0s
    33        0.1250        0.1238      0.1166      0.1258      0.1246   1.0e-03    3.1s
    34        0.1248        0.1236      0.1179      0.1258      0.1246   1.0e-03    3.0s
    35        0.1246        0.1234      0.1191      0.1257      0.1246   1.0e-03    3.0s
    36        0.1246        0.1234      0.1201      0.1256      0.1245   1.0e-03    3.0s
    37        0.1244        0.1232      0.1204      0.1256      0.1244   1.0e-03    2.9s
    38        0.1243        0.1231      0.1217      0.1256      0.1244   1.0e-03    2.9s
    39        0.1242        0.1230      0.1216      0.1256      0.1244   1.0e-03    2.9s
    40        0.1241        0.1229      0.1233      0.1254      0.1241   1.0e-03    2.9s
    41        0.1241        0.1229      0.1235      0.1255      0.1243   1.0e-03    2.9s
    42        0.1239        0.1227      0.1235      0.1253      0.1241   1.0e-03    2.9s
    43        0.1238        0.1226      0.1241      0.1253      0.1241   1.0e-03    2.9s
    44        0.1237        0.1224      0.1251      0.1253      0.1240   1.0e-03    2.8s
    45        0.1235        0.1223      0.1260      0.1253      0.1241   1.0e-03    2.8s
    46        0.1236        0.1223      0.1274      0.1253      0.1240   1.0e-03    2.8s
    47        0.1235        0.1222      0.1260      0.1252      0.1240   1.0e-03    2.8s
    48        0.1234        0.1222      0.1266      0.1253      0.1241   1.0e-03    2.9s
    49        0.1233        0.1220      0.1271      0.1251      0.1238   1.0e-03    2.8s
    50        0.1232        0.1219      0.1292      0.1251      0.1239   1.0e-03    2.9s
    51        0.1231        0.1219      0.1282      0.1252      0.1239   1.0e-03    2.8s
    52        0.1231        0.1218      0.1299      0.1251      0.1238   1.0e-03    2.8s
    53        0.1230        0.1217      0.1306      0.1251      0.1238   1.0e-03    2.8s
    54        0.1229        0.1216      0.1313      0.1251      0.1237   1.0e-03    2.8s
    55        0.1228        0.1215      0.1331      0.1249      0.1235   1.0e-03    2.8s
    56        0.1227        0.1213      0.1393      0.1247      0.1233   1.0e-03    2.8s
    57        0.1225        0.1211      0.1494      0.1244      0.1230   1.0e-03    2.9s
    58        0.1224        0.1209      0.1539      0.1242      0.1227   1.0e-03    2.8s
    59        0.1223        0.1207      0.1579      0.1242      0.1227   1.0e-03    2.8s
    60        0.1221        0.1205      0.1607      0.1240      0.1223   1.0e-03    2.8s
    61        0.1219        0.1203      0.1645      0.1239      0.1223   1.0e-03    2.8s
    62        0.1217        0.1200      0.1651      0.1239      0.1223   1.0e-03    2.8s
    63        0.1216        0.1199      0.1664      0.1238      0.1222   1.0e-03    2.8s
    64        0.1216        0.1199      0.1681      0.1239      0.1223   1.0e-03    2.8s
    65        0.1215        0.1198      0.1688      0.1238      0.1222   1.0e-03    2.8s
    66        0.1213        0.1196      0.1686      0.1239      0.1223   1.0e-03    2.9s
    67        0.1213        0.1196      0.1701      0.1238      0.1221   1.0e-03    2.8s
    68        0.1211        0.1194      0.1714      0.1238      0.1222   1.0e-03    2.8s
    69        0.1211        0.1194      0.1708      0.1238      0.1221   1.0e-03    2.9s
    70        0.1211        0.1194      0.1717      0.1236      0.1219   1.0e-03    2.8s
    71        0.1209        0.1192      0.1723      0.1237      0.1220   1.0e-03    2.8s
    72        0.1209        0.1192      0.1730      0.1238      0.1220   1.0e-03    3.0s
    73        0.1208        0.1191      0.1745      0.1237      0.1220   1.0e-03    3.0s
    74        0.1207        0.1190      0.1746      0.1236      0.1219   1.0e-03    2.9s
    75        0.1207        0.1189      0.1769      0.1237      0.1220   1.0e-03    2.9s
    76        0.1206        0.1189      0.1772      0.1236      0.1218   1.0e-03    3.0s
    77        0.1207        0.1188      0.1801      0.1236      0.1219   1.0e-03    2.9s
    78        0.1204        0.1186      0.1824      0.1236      0.1218   1.0e-03    2.9s
    79        0.1204        0.1185      0.1858      0.1234      0.1215   1.0e-03    2.8s
    80        0.1203        0.1184      0.1879      0.1235      0.1216   1.0e-03    2.9s
    81        0.1203        0.1184      0.1887      0.1233      0.1214   1.0e-03    2.9s
    82        0.1201        0.1182      0.1912      0.1233      0.1214   1.0e-03    2.9s
    83        0.1201        0.1182      0.1915      0.1234      0.1214   1.0e-03    2.8s
    84        0.1200        0.1181      0.1953      0.1235      0.1215   1.0e-03    2.6s
    85        0.1198        0.1178      0.1959      0.1231      0.1212   1.0e-03    2.6s
    86        0.1198        0.1178      0.1978      0.1231      0.1212   1.0e-03    2.7s
    87        0.1198        0.1178      0.2003      0.1231      0.1211   1.0e-03    2.7s
    88        0.1196        0.1176      0.2013      0.1231      0.1211   1.0e-03    2.7s
    89        0.1196        0.1175      0.2018      0.1231      0.1210   1.0e-03    2.7s
    90        0.1195        0.1174      0.2030      0.1231      0.1211   1.0e-03    2.7s
    91        0.1195        0.1174      0.2053      0.1231      0.1211   1.0e-03    2.7s
    92        0.1193        0.1173      0.2048      0.1232      0.1212   1.0e-03    2.6s
    93        0.1193        0.1172      0.2049      0.1230      0.1209   1.0e-03    2.7s
    94        0.1192        0.1171      0.2071      0.1230      0.1210   1.0e-03    2.7s
    95        0.1191        0.1170      0.2068      0.1229      0.1209   1.0e-03    2.7s
    96        0.1191        0.1170      0.2074      0.1231      0.1210   1.0e-03    2.6s
    97        0.1191        0.1170      0.2078      0.1232      0.1211   1.0e-03    2.6s
    98        0.1190        0.1169      0.2089      0.1232      0.1212   1.0e-03    2.5s
    99        0.1189        0.1168      0.2092      0.1231      0.1211   1.0e-03    2.5s
   100        0.1189        0.1168      0.2097      0.1231      0.1210   1.0e-03    2.6s

Done. Best val loss: 0.1229
Checkpoints and logs saved to: /project/xuanyao/jiaming/deeplearning/results_papalexi_nophase/beta0.01_dim32
=== Analyze ===
Device: cpu
Loading data...
  20729 cells, 3725 genes, 34 perturbations
Log1p-normalizing...
  Filtering 1 cells with unknown perturbation.

Loading model from model_best.pt...

[1/4] Computing latent embeddings...
  Silhouette score (perturbation clusters, excl. NTC): -0.0890
Running UMAP (this may take a few minutes)...
UMAP(min_dist=0.3, n_jobs=1, n_neighbors=30, random_state=42, verbose=True)
Sat May 16 15:29:48 2026 Construct fuzzy simplicial set
Sat May 16 15:29:48 2026 Finding Nearest Neighbors
Sat May 16 15:29:48 2026 Building RP forest with 12 trees
Sat May 16 15:29:53 2026 NN descent for 14 iterations
	 1  /  14
	 2  /  14
	Stopping threshold met -- exiting after 2 iterations
Sat May 16 15:30:03 2026 Finished Nearest Neighbor Search
Sat May 16 15:30:07 2026 Construct embedding
	completed  0  /  200 epochs
	completed  20  /  200 epochs
	completed  40  /  200 epochs
	completed  60  /  200 epochs
	completed  80  /  200 epochs
	completed  100  /  200 epochs
	completed  120  /  200 epochs
	completed  140  /  200 epochs
	completed  160  /  200 epochs
	completed  180  /  200 epochs
Sat May 16 15:30:26 2026 Finished embedding
  Saved: /project/xuanyao/jiaming/deeplearning/results_papalexi_nophase/beta0.01_dim32/figures/umap_latent.png
  Saved covariate UMAPs: umap_n_nonzero.png, umap_n_umis.png, umap_lane.png, umap_bio_rep.png, umap_phase.png, umap_p_mito.png
Running expression-PCA UMAP for covariate verification...
  Saved expression UMAP covariates: umap_expr_n_nonzero.png, umap_expr_n_umis.png, umap_expr_lane.png, umap_expr_bio_rep.png, umap_expr_phase.png, umap_expr_p_mito.png
  Saved: /project/xuanyao/jiaming/deeplearning/results_papalexi_nophase/beta0.01_dim32/figures/umap_per_perturbation.png

[2/4] Computing perturbation response scores (decode Δ vs NTC avg of 9 guides: ['NTg1', 'NTg10', 'NTg2', 'NTg3', 'NTg4']...)...
  NTg1                 (  303 cells) response range: [-0.159, 0.071] [NTC]
  NTg10                (  235 cells) response range: [-0.061, 0.116] [NTC]
  NTg2                 (  106 cells) response range: [-0.178, 0.072] [NTC]
  NTg3                 (  244 cells) response range: [-0.050, 0.042] [NTC]
  NTg4                 (  431 cells) response range: [-0.060, 0.060] [NTC]
  NTg5                 (  305 cells) response range: [-0.078, 0.066] [NTC]
  NTg7                 (  445 cells) response range: [-0.120, 0.047] [NTC]
  NTg8                 (   56 cells) response range: [-0.088, 0.076] [NTC]
  NTg9                 (  261 cells) response range: [-0.036, 0.072] [NTC]
  tar-ATF2             ( 1102 cells) response range: [-0.036, 0.051]
  tar-BRD4             (  341 cells) response range: [-0.311, 0.241]
  tar-CAV1             (  882 cells) response range: [-0.043, 0.049]
  tar-CD86             ( 1197 cells) response range: [-0.033, 0.037]
  tar-CMTM6            (  817 cells) response range: [-0.083, 0.042]
  tar-CUL3             (  274 cells) response range: [-0.217, 0.211]
  tar-ETV7             (  841 cells) response range: [-0.045, 0.076]
  tar-IFNGR1           ( 1341 cells) response range: [-1.537, 0.573]
  tar-IFNGR2           ( 1213 cells) response range: [-1.561, 0.612]
  tar-IRF1             ( 1073 cells) response range: [-0.843, 0.650]
  tar-IRF7             (  614 cells) response range: [-0.047, 0.029]
  tar-JAK2             ( 1024 cells) response range: [-1.676, 0.664]
  tar-MARCH8           ( 1003 cells) response range: [-0.060, 0.068]
  tar-MYC              (  108 cells) response range: [-0.266, 0.175]
  tar-NFKBIA           (  787 cells) response range: [-0.116, 0.094]
  tar-PDCD1LG2         (  617 cells) response range: [-0.040, 0.035]
  tar-POU2F2           (  662 cells) response range: [-0.067, 0.093]
  tar-SMAD4            (  659 cells) response range: [-0.894, 0.494]
  tar-SPI1             (   48 cells) response range: [-0.256, 0.260]
  tar-STAT1            (  444 cells) response range: [-1.487, 0.687]
  tar-STAT2            (  661 cells) response range: [-0.789, 0.179]
  tar-STAT3            (  493 cells) response range: [-0.062, 0.051]
  tar-STAT5A           (  659 cells) response range: [-0.126, 0.049]
  tar-TNFRSF14         (  964 cells) response range: [-0.083, 0.054]
  tar-UBE2L6           (  518 cells) response range: [-0.063, 0.062]
  NTC null: mean |response| per gene = 0.0052  std across NTC guides = 0.0060
  Saved: /project/xuanyao/jiaming/deeplearning/results_papalexi_nophase/beta0.01_dim32/response_scores.csv
  Saved: /project/xuanyao/jiaming/deeplearning/results_papalexi_nophase/beta0.01_dim32/figures/gene_response_heatmap.png
  Saved: /project/xuanyao/jiaming/deeplearning/results_papalexi_nophase/beta0.01_dim32/figures/effect_size_vs_null.png
  NTC noise floor (mean+2SD): 0.0065
  Saved: /project/xuanyao/jiaming/deeplearning/results_papalexi_nophase/beta0.01_dim32/figures/top_genes_per_pert.png

[3/4] Clustering perturbations by response vectors...
  Saved: /project/xuanyao/jiaming/deeplearning/results_papalexi_nophase/beta0.01_dim32/figures/perturbation_clustermap.png

[4/4] Running hallmark pathway enrichment...
  Saved: /project/xuanyao/jiaming/deeplearning/results_papalexi_nophase/beta0.01_dim32/figures/pathway_enrichment.png

[Bonus] Comparing CVAE response vs naive differential expression...
  Mean Spearman ρ (CVAE vs DE): 0.589
  Mean top-20 gene overlap:     7.9/20
  Saved: /project/xuanyao/jiaming/deeplearning/results_papalexi_nophase/beta0.01_dim32/cvae_vs_de_comparison.csv

All figures saved to: /project/xuanyao/jiaming/deeplearning/results_papalexi_nophase/beta0.01_dim32/figures
Done!
Done: beta0.01_dim32
