=== Train: beta=1.0 latent_dim=256 (no bio_rep, no lane) ===
Device: cpu
Loading data...
  20729 cells, 3725 genes, 35 perturbations
  Filtering 1 cells with unknown perturbation assignment.
  Extra covariates: 6 dims (3 continuous + 3 categorical OHE)
Log1p-normalizing expression data...
  Train: 17635 cells | Val: 3093 cells

Model: 3725 genes | 34 perturbations | latent_dim=256
  Trainable parameters: 9,202,317

Training for up to 100 epochs (early stop patience=15)...

 Epoch   Train Total   Train Recon    Train KL   Val Total   Val Recon        LR    Time
------------------------------------------------------------------------------------------
     1        0.2192        0.1997      0.0195      0.1450      0.1447   1.0e-03    3.1s
     2        0.1539        0.1495      0.0044      0.1435      0.1435   1.0e-03    3.3s
     3        0.1497        0.1469      0.0027      0.1449      0.1449   1.0e-03    3.2s
     4        0.1469        0.1453      0.0017      0.1461      0.1461   1.0e-03    3.3s
     5        0.1447        0.1439      0.0008      0.1455      0.1455   1.0e-03    3.2s
     6        0.1430        0.1427      0.0003      0.1441      0.1440   1.0e-03    3.3s
     7        0.1413        0.1412      0.0001      0.1461      0.1461   1.0e-03    3.3s
     8        0.1401        0.1400      0.0001      0.1449      0.1449   5.0e-04    3.2s
     9        0.1393        0.1392      0.0000      0.1449      0.1449   5.0e-04    3.2s
    10        0.1390        0.1390      0.0000      0.1445      0.1445   5.0e-04    3.2s
    11        0.1386        0.1386      0.0000      0.1448      0.1448   5.0e-04    3.2s
    12        0.1383        0.1383      0.0000      0.1441      0.1441   5.0e-04    3.2s
    13        0.1379        0.1379      0.0000      0.1438      0.1438   5.0e-04    3.2s
    14        0.1376        0.1376      0.0000      0.1429      0.1429   5.0e-04    3.1s
    15        0.1371        0.1371      0.0000      0.1423      0.1423   5.0e-04    3.2s
    16        0.1368        0.1368      0.0000      0.1415      0.1415   5.0e-04    3.2s
    17        0.1363        0.1362      0.0000      0.1407      0.1407   5.0e-04    3.2s
    18        0.1358        0.1358      0.0000      0.1401      0.1401   5.0e-04    3.2s
    19        0.1357        0.1357      0.0000      0.1395      0.1395   5.0e-04    3.5s
    20        0.1355        0.1355      0.0000      0.1388      0.1388   5.0e-04    3.4s
    21        0.1353        0.1353      0.0000      0.1384      0.1384   5.0e-04    3.4s
    22        0.1352        0.1352      0.0000      0.1382      0.1382   5.0e-04    3.4s
    23        0.1351        0.1350      0.0000      0.1382      0.1382   5.0e-04    3.4s
    24        0.1349        0.1349      0.0000      0.1380      0.1380   5.0e-04    3.4s
    25        0.1347        0.1347      0.0000      0.1379      0.1379   5.0e-04    3.4s
    26        0.1346        0.1346      0.0000      0.1378      0.1378   5.0e-04    3.4s
    27        0.1346        0.1346      0.0000      0.1377      0.1377   5.0e-04    3.3s
    28        0.1344        0.1344      0.0000      0.1376      0.1375   5.0e-04    3.4s
    29        0.1343        0.1343      0.0000      0.1377      0.1377   5.0e-04    3.3s
    30        0.1344        0.1344      0.0000      0.1377      0.1377   5.0e-04    3.3s
    31        0.1342        0.1342      0.0000      0.1374      0.1374   5.0e-04    3.3s
    32        0.1343        0.1342      0.0000      0.1372      0.1372   5.0e-04    3.4s
    33        0.1341        0.1341      0.0000      0.1375      0.1375   5.0e-04    3.3s
    34        0.1339        0.1339      0.0000      0.1374      0.1374   5.0e-04    3.3s
    35        0.1340        0.1340      0.0000      0.1373      0.1373   5.0e-04    3.3s
    36        0.1339        0.1339      0.0000      0.1371      0.1371   5.0e-04    3.4s
    37        0.1339        0.1339      0.0000      0.1371      0.1371   5.0e-04    3.3s
    38        0.1338        0.1338      0.0000      0.1368      0.1368   5.0e-04    3.4s
    39        0.1339        0.1338      0.0000      0.1368      0.1368   5.0e-04    3.4s
    40        0.1337        0.1337      0.0000      0.1367      0.1367   5.0e-04    3.4s
    41        0.1337        0.1337      0.0000      0.1368      0.1368   5.0e-04    3.3s
    42        0.1337        0.1337      0.0000      0.1367      0.1367   5.0e-04    3.3s
    43        0.1336        0.1336      0.0000      0.1367      0.1367   5.0e-04    3.4s
    44        0.1335        0.1335      0.0000      0.1365      0.1365   5.0e-04    3.3s
    45        0.1335        0.1335      0.0000      0.1366      0.1366   5.0e-04    3.3s
    46        0.1335        0.1335      0.0000      0.1365      0.1365   5.0e-04    3.3s
    47        0.1335        0.1335      0.0000      0.1361      0.1361   5.0e-04    3.4s
    48        0.1335        0.1335      0.0000      0.1363      0.1363   5.0e-04    3.3s
    49        0.1334        0.1334      0.0000      0.1362      0.1362   5.0e-04    3.3s
    50        0.1333        0.1333      0.0000      0.1360      0.1360   5.0e-04    3.3s
    51        0.1334        0.1334      0.0000      0.1363      0.1363   5.0e-04    3.3s
    52        0.1332        0.1332      0.0000      0.1359      0.1359   5.0e-04    3.3s
    53        0.1333        0.1333      0.0000      0.1360      0.1360   5.0e-04    3.3s
    54        0.1332        0.1332      0.0000      0.1361      0.1361   5.0e-04    3.4s
    55        0.1331        0.1331      0.0000      0.1358      0.1358   5.0e-04    3.3s
    56        0.1330        0.1330      0.0000      0.1361      0.1361   5.0e-04    3.2s
    57        0.1330        0.1330      0.0000      0.1360      0.1360   5.0e-04    3.3s
    58        0.1331        0.1331      0.0000      0.1358      0.1358   5.0e-04    3.3s
    59        0.1330        0.1330      0.0000      0.1360      0.1360   5.0e-04    3.3s
    60        0.1330        0.1330      0.0000      0.1356      0.1356   5.0e-04    3.2s
    61        0.1330        0.1330      0.0000      0.1356      0.1356   5.0e-04    3.4s
    62        0.1330        0.1330      0.0000      0.1356      0.1356   5.0e-04    3.4s
    63        0.1329        0.1329      0.0000      0.1356      0.1356   5.0e-04    3.3s
    64        0.1329        0.1329      0.0000      0.1355      0.1355   5.0e-04    3.4s
    65        0.1328        0.1328      0.0000      0.1356      0.1356   5.0e-04    3.3s
    66        0.1328        0.1328      0.0000      0.1355      0.1355   5.0e-04    3.3s
    67        0.1328        0.1328      0.0000      0.1356      0.1356   5.0e-04    3.3s
    68        0.1329        0.1329      0.0000      0.1354      0.1354   5.0e-04    3.3s
    69        0.1327        0.1327      0.0000      0.1354      0.1354   5.0e-04    3.4s
    70        0.1328        0.1328      0.0000      0.1353      0.1353   5.0e-04    3.3s
    71        0.1328        0.1328      0.0000      0.1353      0.1353   5.0e-04    3.3s
    72        0.1327        0.1327      0.0000      0.1355      0.1355   5.0e-04    3.3s
    73        0.1326        0.1326      0.0000      0.1353      0.1353   5.0e-04    3.3s
    74        0.1326        0.1326      0.0000      0.1354      0.1354   5.0e-04    3.3s
    75        0.1326        0.1326      0.0000      0.1353      0.1353   5.0e-04    3.2s
    76        0.1326        0.1326      0.0000      0.1352      0.1352   5.0e-04    3.2s
    77        0.1326        0.1326      0.0000      0.1352      0.1352   5.0e-04    3.3s
    78        0.1326        0.1326      0.0000      0.1353      0.1353   5.0e-04    3.2s
    79        0.1326        0.1326      0.0000      0.1351      0.1351   5.0e-04    3.2s
    80        0.1326        0.1326      0.0000      0.1352      0.1352   5.0e-04    3.2s
    81        0.1325        0.1325      0.0000      0.1351      0.1351   5.0e-04    3.3s
    82        0.1326        0.1326      0.0000      0.1351      0.1351   5.0e-04    3.2s
    83        0.1325        0.1325      0.0000      0.1352      0.1352   5.0e-04    3.3s
    84        0.1326        0.1326      0.0000      0.1353      0.1353   5.0e-04    3.3s
    85        0.1325        0.1325      0.0000      0.1353      0.1353   5.0e-04    3.2s
    86        0.1324        0.1324      0.0000      0.1351      0.1351   5.0e-04    3.2s
    87        0.1324        0.1324      0.0000      0.1351      0.1351   5.0e-04    3.2s
    88        0.1324        0.1324      0.0000      0.1350      0.1350   5.0e-04    3.3s
    89        0.1325        0.1325      0.0000      0.1352      0.1352   5.0e-04    3.3s
    90        0.1324        0.1324      0.0000      0.1352      0.1352   5.0e-04    3.2s
    91        0.1324        0.1324      0.0000      0.1350      0.1350   5.0e-04    3.2s
    92        0.1324        0.1324      0.0000      0.1351      0.1351   5.0e-04    3.1s
    93        0.1323        0.1323      0.0000      0.1349      0.1349   5.0e-04    3.2s
    94        0.1324        0.1324      0.0000      0.1351      0.1351   5.0e-04    3.2s
    95        0.1324        0.1324      0.0000      0.1351      0.1351   5.0e-04    3.2s
    96        0.1323        0.1323      0.0000      0.1349      0.1349   5.0e-04    3.2s
    97        0.1323        0.1323      0.0000      0.1351      0.1351   5.0e-04    3.3s
    98        0.1323        0.1323      0.0000      0.1351      0.1351   5.0e-04    3.1s
    99        0.1324        0.1324      0.0000      0.1350      0.1350   5.0e-04    3.1s
   100        0.1322        0.1322      0.0000      0.1350      0.1350   5.0e-04    3.2s

Done. Best val loss: 0.1349
Checkpoints and logs saved to: /project/xuanyao/jiaming/deeplearning/results_papalexi_nobatch/beta1.0_dim256
=== Analyze ===
Device: cpu
Loading data...
  20729 cells, 3725 genes, 34 perturbations
Log1p-normalizing...
  Filtering 1 cells with unknown perturbation.

Loading model from model_best.pt...

[1/4] Computing latent embeddings...
  Silhouette score (perturbation clusters, excl. NTC): -0.1021
Running UMAP (this may take a few minutes)...
UMAP(min_dist=0.3, n_jobs=1, n_neighbors=30, random_state=42, verbose=True)
Fri May 15 16:58:18 2026 Construct fuzzy simplicial set
Fri May 15 16:58:18 2026 Finding Nearest Neighbors
Fri May 15 16:58:18 2026 Building RP forest with 12 trees
Fri May 15 16:58:24 2026 NN descent for 14 iterations
	 1  /  14
	 2  /  14
	 3  /  14
	Stopping threshold met -- exiting after 3 iterations
Fri May 15 16:58:38 2026 Finished Nearest Neighbor Search
Fri May 15 16:58:43 2026 Construct embedding
	completed  0  /  200 epochs
	completed  20  /  200 epochs
	completed  40  /  200 epochs
	completed  60  /  200 epochs
	completed  80  /  200 epochs
	completed  100  /  200 epochs
	completed  120  /  200 epochs
	completed  140  /  200 epochs
	completed  160  /  200 epochs
	completed  180  /  200 epochs
Fri May 15 16:59:08 2026 Finished embedding
  Saved: /project/xuanyao/jiaming/deeplearning/results_papalexi_nobatch/beta1.0_dim256/figures/umap_latent.png
  Saved covariate UMAPs: umap_n_nonzero.png, umap_n_umis.png, umap_lane.png, umap_bio_rep.png, umap_phase.png, umap_p_mito.png
Running expression-PCA UMAP for covariate verification...
  Saved expression UMAP covariates: umap_expr_n_nonzero.png, umap_expr_n_umis.png, umap_expr_lane.png, umap_expr_bio_rep.png, umap_expr_phase.png, umap_expr_p_mito.png
  Saved: /project/xuanyao/jiaming/deeplearning/results_papalexi_nobatch/beta1.0_dim256/figures/umap_per_perturbation.png

[2/4] Computing perturbation response scores (decode Δ vs NTC avg of 9 guides: ['NTg1', 'NTg10', 'NTg2', 'NTg3', 'NTg4']...)...
  NTg1                 (  303 cells) response range: [-0.044, 0.052] [NTC]
  NTg10                (  235 cells) response range: [-0.078, 0.047] [NTC]
  NTg2                 (  106 cells) response range: [-0.115, 0.129] [NTC]
  NTg3                 (  244 cells) response range: [-0.045, 0.037] [NTC]
  NTg4                 (  431 cells) response range: [-0.093, 0.303] [NTC]
  NTg5                 (  305 cells) response range: [-0.070, 0.058] [NTC]
  NTg7                 (  445 cells) response range: [-0.058, 0.044] [NTC]
  NTg8                 (   56 cells) response range: [-0.129, 0.067] [NTC]
  NTg9                 (  261 cells) response range: [-0.037, 0.045] [NTC]
  tar-ATF2             ( 1102 cells) response range: [-0.031, 0.114]
  tar-BRD4             (  341 cells) response range: [-0.145, 0.079]
  tar-CAV1             (  882 cells) response range: [-0.010, 0.014]
  tar-CD86             ( 1197 cells) response range: [-0.023, 0.094]
  tar-CMTM6            (  817 cells) response range: [-0.038, 0.101]
  tar-CUL3             (  274 cells) response range: [-0.193, 0.507]
  tar-ETV7             (  841 cells) response range: [-0.037, 0.116]
  tar-IFNGR1           ( 1341 cells) response range: [-1.775, 0.605]
  tar-IFNGR2           ( 1213 cells) response range: [-1.792, 0.610]
  tar-IRF1             ( 1073 cells) response range: [-1.063, 1.176]
  tar-IRF7             (  614 cells) response range: [-0.056, 0.122]
  tar-JAK2             ( 1024 cells) response range: [-1.871, 0.668]
  tar-MARCH8           ( 1003 cells) response range: [-0.069, 0.109]
  tar-MYC              (  108 cells) response range: [-0.166, 0.268]
  tar-NFKBIA           (  787 cells) response range: [-0.110, 0.257]
  tar-PDCD1LG2         (  617 cells) response range: [-0.022, 0.047]
  tar-POU2F2           (  662 cells) response range: [-0.085, 0.186]
  tar-SMAD4            (  659 cells) response range: [-1.237, 0.732]
  tar-SPI1             (   48 cells) response range: [-0.141, 0.118]
  tar-STAT1            (  444 cells) response range: [-1.779, 0.748]
  tar-STAT2            (  661 cells) response range: [-0.933, 0.233]
  tar-STAT3            (  493 cells) response range: [-0.029, 0.089]
  tar-STAT5A           (  659 cells) response range: [-0.044, 0.100]
  tar-TNFRSF14         (  964 cells) response range: [-0.034, 0.049]
  tar-UBE2L6           (  518 cells) response range: [-0.043, 0.091]
  NTC null: mean |response| per gene = 0.0040  std across NTC guides = 0.0049
  Saved: /project/xuanyao/jiaming/deeplearning/results_papalexi_nobatch/beta1.0_dim256/response_scores.csv
  Saved: /project/xuanyao/jiaming/deeplearning/results_papalexi_nobatch/beta1.0_dim256/figures/gene_response_heatmap.png
  Saved: /project/xuanyao/jiaming/deeplearning/results_papalexi_nobatch/beta1.0_dim256/figures/effect_size_vs_null.png
  NTC noise floor (mean+2SD): 0.0070
  Saved: /project/xuanyao/jiaming/deeplearning/results_papalexi_nobatch/beta1.0_dim256/figures/top_genes_per_pert.png

[3/4] Clustering perturbations by response vectors...
  Saved: /project/xuanyao/jiaming/deeplearning/results_papalexi_nobatch/beta1.0_dim256/figures/perturbation_clustermap.png

[4/4] Running hallmark pathway enrichment...
  Saved: /project/xuanyao/jiaming/deeplearning/results_papalexi_nobatch/beta1.0_dim256/figures/pathway_enrichment.png

[Bonus] Comparing CVAE response vs naive differential expression...
  Mean Spearman ρ (CVAE vs DE): 0.571
  Mean top-20 gene overlap:     7.6/20
  Saved: /project/xuanyao/jiaming/deeplearning/results_papalexi_nobatch/beta1.0_dim256/cvae_vs_de_comparison.csv

All figures saved to: /project/xuanyao/jiaming/deeplearning/results_papalexi_nobatch/beta1.0_dim256/figures
Done!
Done: beta1.0_dim256
