=== Train: beta=1e-4 latent_dim=256 (no bio_rep, no lane) ===
Device: cpu
Loading data...
  20729 cells, 3725 genes, 35 perturbations
  Filtering 1 cells with unknown perturbation assignment.
  Extra covariates: 6 dims (3 continuous + 3 categorical OHE)
Log1p-normalizing expression data...
  Train: 17635 cells | Val: 3093 cells

Model: 3725 genes | 34 perturbations | latent_dim=256
  Trainable parameters: 9,202,317

Training for up to 100 epochs (early stop patience=15)...

 Epoch   Train Total   Train Recon    Train KL   Val Total   Val Recon        LR    Time
------------------------------------------------------------------------------------------
     1        0.1960        0.1959      0.8759      0.1447      0.1446   1.0e-03    3.0s
     2        0.1488        0.1487      1.0413      0.1439      0.1439   1.0e-03    3.1s
     3        0.1469        0.1469      0.2904      0.1437      0.1436   1.0e-03    3.1s
     4        0.1455        0.1454      0.4539      0.1423      0.1423   1.0e-03    3.1s
     5        0.1436        0.1436      0.6569      0.1417      0.1416   1.0e-03    3.0s
     6        0.1419        0.1418      0.8032      0.1398      0.1397   1.0e-03    3.1s
     7        0.1390        0.1389      1.0405      0.1374      0.1372   1.0e-03    3.2s
     8        0.1361        0.1360      1.0898      0.1349      0.1348   1.0e-03    3.1s
     9        0.1337        0.1336      1.2313      0.1321      0.1320   1.0e-03    3.1s
    10        0.1305        0.1303      1.4481      0.1280      0.1278   1.0e-03    3.2s
    11        0.1269        0.1268      1.4598      0.1261      0.1260   1.0e-03    3.1s
    12        0.1253        0.1252      1.4390      0.1245      0.1243   1.0e-03    3.2s
    13        0.1240        0.1239      1.4891      0.1232      0.1230   1.0e-03    3.1s
    14        0.1230        0.1228      1.5249      0.1224      0.1222   1.0e-03    3.1s
    15        0.1221        0.1219      1.5499      0.1216      0.1215   1.0e-03    3.1s
    16        0.1214        0.1212      1.5725      0.1210      0.1208   1.0e-03    3.1s
    17        0.1206        0.1205      1.6223      0.1203      0.1201   1.0e-03    3.1s
    18        0.1199        0.1197      1.6410      0.1196      0.1194   1.0e-03    3.2s
    19        0.1193        0.1192      1.6566      0.1190      0.1188   1.0e-03    3.1s
    20        0.1187        0.1186      1.6855      0.1186      0.1184   1.0e-03    3.1s
    21        0.1183        0.1181      1.6808      0.1183      0.1182   1.0e-03    3.2s
    22        0.1179        0.1177      1.6764      0.1178      0.1177   1.0e-03    3.2s
    23        0.1174        0.1172      1.6774      0.1173      0.1171   1.0e-03    3.3s
    24        0.1170        0.1168      1.7005      0.1168      0.1167   1.0e-03    3.2s
    25        0.1166        0.1164      1.7228      0.1166      0.1164   1.0e-03    3.0s
    26        0.1162        0.1161      1.7196      0.1163      0.1161   1.0e-03    3.2s
    27        0.1159        0.1157      1.7174      0.1160      0.1159   1.0e-03    3.1s
    28        0.1156        0.1155      1.7329      0.1159      0.1158   1.0e-03    3.1s
    29        0.1155        0.1153      1.7370      0.1157      0.1155   1.0e-03    3.1s
    30        0.1153        0.1151      1.7414      0.1154      0.1152   1.0e-03    3.1s
    31        0.1149        0.1148      1.7611      0.1153      0.1151   1.0e-03    3.2s
    32        0.1148        0.1146      1.7593      0.1151      0.1149   1.0e-03    3.1s
    33        0.1145        0.1143      1.7799      0.1149      0.1147   1.0e-03    3.2s
    34        0.1142        0.1140      1.7976      0.1149      0.1147   1.0e-03    3.2s
    35        0.1141        0.1139      1.8038      0.1145      0.1143   1.0e-03    3.2s
    36        0.1138        0.1136      1.8065      0.1143      0.1141   1.0e-03    3.1s
    37        0.1136        0.1134      1.8378      0.1142      0.1140   1.0e-03    3.2s
    38        0.1134        0.1133      1.8456      0.1140      0.1138   1.0e-03    3.1s
    39        0.1133        0.1131      1.8579      0.1139      0.1137   1.0e-03    3.1s
    40        0.1130        0.1128      1.8412      0.1139      0.1137   1.0e-03    3.2s
    41        0.1129        0.1127      1.8655      0.1138      0.1136   1.0e-03    3.1s
    42        0.1128        0.1126      1.8821      0.1137      0.1135   1.0e-03    3.2s
    43        0.1126        0.1125      1.8873      0.1137      0.1135   1.0e-03    3.2s
    44        0.1125        0.1123      1.8795      0.1135      0.1133   1.0e-03    3.1s
    45        0.1123        0.1122      1.8861      0.1135      0.1133   1.0e-03    3.1s
    46        0.1122        0.1121      1.8853      0.1134      0.1132   1.0e-03    3.1s
    47        0.1122        0.1120      1.8835      0.1134      0.1132   1.0e-03    3.2s
    48        0.1120        0.1119      1.8821      0.1133      0.1131   1.0e-03    3.1s
    49        0.1119        0.1117      1.8953      0.1133      0.1131   1.0e-03    3.1s
    50        0.1118        0.1116      1.8961      0.1131      0.1129   1.0e-03    3.1s
    51        0.1117        0.1115      1.8950      0.1131      0.1129   1.0e-03    3.2s
    52        0.1115        0.1113      1.9052      0.1131      0.1129   1.0e-03    3.1s
    53        0.1115        0.1113      1.9078      0.1130      0.1128   1.0e-03    3.1s
    54        0.1113        0.1111      1.9098      0.1129      0.1127   1.0e-03    3.1s
    55        0.1112        0.1110      1.9253      0.1127      0.1125   1.0e-03    3.2s
    56        0.1111        0.1109      1.9398      0.1128      0.1126   1.0e-03    3.1s
    57        0.1110        0.1108      1.9234      0.1127      0.1125   1.0e-03    3.2s
    58        0.1110        0.1108      1.9399      0.1126      0.1124   1.0e-03    3.1s
    59        0.1108        0.1106      1.9399      0.1126      0.1124   1.0e-03    3.1s
    60        0.1107        0.1105      1.9459      0.1126      0.1124   1.0e-03    3.1s
    61        0.1106        0.1104      1.9654      0.1124      0.1122   1.0e-03    3.2s
    62        0.1105        0.1103      1.9793      0.1126      0.1124   1.0e-03    3.2s
    63        0.1103        0.1101      1.9575      0.1122      0.1120   1.0e-03    3.1s
    64        0.1103        0.1101      1.9677      0.1122      0.1120   1.0e-03    3.1s
    65        0.1101        0.1099      1.9710      0.1122      0.1120   1.0e-03    3.1s
    66        0.1101        0.1099      1.9709      0.1123      0.1121   1.0e-03    3.1s
    67        0.1100        0.1098      1.9640      0.1121      0.1119   1.0e-03    3.0s
    68        0.1100        0.1098      1.9679      0.1121      0.1119   1.0e-03    3.0s
    69        0.1098        0.1096      1.9813      0.1122      0.1120   1.0e-03    2.9s
    70        0.1098        0.1096      1.9754      0.1120      0.1118   1.0e-03    2.9s
    71        0.1097        0.1095      1.9764      0.1120      0.1118   1.0e-03    3.0s
    72        0.1095        0.1093      1.9697      0.1120      0.1118   1.0e-03    3.0s
    73        0.1094        0.1092      1.9714      0.1120      0.1118   1.0e-03    3.0s
    74        0.1094        0.1092      1.9801      0.1119      0.1117   1.0e-03    2.9s
    75        0.1093        0.1091      1.9672      0.1120      0.1118   1.0e-03    3.0s
    76        0.1093        0.1091      1.9829      0.1119      0.1117   1.0e-03    3.0s
    77        0.1091        0.1090      1.9825      0.1119      0.1117   1.0e-03    3.0s
    78        0.1092        0.1090      1.9741      0.1119      0.1117   1.0e-03    2.9s
    79        0.1091        0.1089      1.9768      0.1119      0.1117   1.0e-03    3.0s
    80        0.1091        0.1089      1.9709      0.1118      0.1116   1.0e-03    3.0s
    81        0.1090        0.1088      1.9745      0.1119      0.1117   1.0e-03    3.0s
    82        0.1090        0.1088      1.9839      0.1118      0.1117   1.0e-03    3.0s
    83        0.1088        0.1086      1.9747      0.1119      0.1117   1.0e-03    3.0s
    84        0.1088        0.1086      1.9739      0.1120      0.1118   1.0e-03    3.0s
    85        0.1088        0.1086      1.9827      0.1119      0.1117   1.0e-03    2.9s
    86        0.1086        0.1084      1.9840      0.1121      0.1119   5.0e-04    2.9s
    87        0.1082        0.1080      1.9768      0.1116      0.1114   5.0e-04    3.0s
    88        0.1080        0.1078      1.9880      0.1115      0.1113   5.0e-04    2.9s
    89        0.1080        0.1078      1.9854      0.1116      0.1114   5.0e-04    3.0s
    90        0.1080        0.1078      1.9867      0.1116      0.1114   5.0e-04    3.0s
    91        0.1080        0.1078      2.0005      0.1115      0.1113   5.0e-04    3.1s
    92        0.1079        0.1077      1.9894      0.1117      0.1115   5.0e-04    3.0s
    93        0.1078        0.1076      1.9909      0.1116      0.1114   5.0e-04    2.9s
    94        0.1079        0.1077      1.9907      0.1116      0.1114   2.5e-04    3.0s
    95        0.1076        0.1074      1.9934      0.1116      0.1114   2.5e-04    3.0s
    96        0.1075        0.1073      1.9947      0.1115      0.1113   2.5e-04    2.9s
    97        0.1075        0.1073      1.9969      0.1115      0.1113   2.5e-04    3.0s
    98        0.1075        0.1073      1.9983      0.1115      0.1113   2.5e-04    2.9s
    99        0.1076        0.1074      1.9952      0.1115      0.1114   2.5e-04    3.0s
   100        0.1075        0.1073      2.0004      0.1115      0.1113   2.5e-04    3.0s

Done. Best val loss: 0.1115
Checkpoints and logs saved to: /project/xuanyao/jiaming/deeplearning/results_papalexi_nobatch/beta1e-4_dim256
=== Analyze ===
Device: cpu
Loading data...
  20729 cells, 3725 genes, 34 perturbations
Log1p-normalizing...
  Filtering 1 cells with unknown perturbation.

Loading model from model_best.pt...

[1/4] Computing latent embeddings...
  Silhouette score (perturbation clusters, excl. NTC): -0.0358
Running UMAP (this may take a few minutes)...
UMAP(min_dist=0.3, n_jobs=1, n_neighbors=30, random_state=42, verbose=True)
Sat May 16 15:39:16 2026 Construct fuzzy simplicial set
Sat May 16 15:39:16 2026 Finding Nearest Neighbors
Sat May 16 15:39:16 2026 Building RP forest with 12 trees
Sat May 16 15:39:22 2026 NN descent for 14 iterations
	 1  /  14
	 2  /  14
	 3  /  14
	Stopping threshold met -- exiting after 3 iterations
Sat May 16 15:39:36 2026 Finished Nearest Neighbor Search
Sat May 16 15:39:41 2026 Construct embedding
	completed  0  /  200 epochs
	completed  20  /  200 epochs
	completed  40  /  200 epochs
	completed  60  /  200 epochs
	completed  80  /  200 epochs
	completed  100  /  200 epochs
	completed  120  /  200 epochs
	completed  140  /  200 epochs
	completed  160  /  200 epochs
	completed  180  /  200 epochs
Sat May 16 15:40:06 2026 Finished embedding
  Saved: /project/xuanyao/jiaming/deeplearning/results_papalexi_nobatch/beta1e-4_dim256/figures/umap_latent.png
  Saved covariate UMAPs: umap_n_nonzero.png, umap_n_umis.png, umap_lane.png, umap_bio_rep.png, umap_phase.png, umap_p_mito.png
Running expression-PCA UMAP for covariate verification...
  Saved expression UMAP covariates: umap_expr_n_nonzero.png, umap_expr_n_umis.png, umap_expr_lane.png, umap_expr_bio_rep.png, umap_expr_phase.png, umap_expr_p_mito.png
  Saved: /project/xuanyao/jiaming/deeplearning/results_papalexi_nobatch/beta1e-4_dim256/figures/umap_per_perturbation.png

[2/4] Computing perturbation response scores (decode Δ vs NTC avg of 9 guides: ['NTg1', 'NTg10', 'NTg2', 'NTg3', 'NTg4']...)...
  NTg1                 (  303 cells) response range: [-0.024, 0.026] [NTC]
  NTg10                (  235 cells) response range: [-0.033, 0.036] [NTC]
  NTg2                 (  106 cells) response range: [-0.032, 0.030] [NTC]
  NTg3                 (  244 cells) response range: [-0.023, 0.017] [NTC]
  NTg4                 (  431 cells) response range: [-0.015, 0.073] [NTC]
  NTg5                 (  305 cells) response range: [-0.027, 0.022] [NTC]
  NTg7                 (  445 cells) response range: [-0.018, 0.024] [NTC]
  NTg8                 (   56 cells) response range: [-0.049, 0.023] [NTC]
  NTg9                 (  261 cells) response range: [-0.013, 0.039] [NTC]
  tar-ATF2             ( 1102 cells) response range: [-0.012, 0.019]
  tar-BRD4             (  341 cells) response range: [-0.135, 0.122]
  tar-CAV1             (  882 cells) response range: [-0.024, 0.028]
  tar-CD86             ( 1197 cells) response range: [-0.017, 0.023]
  tar-CMTM6            (  817 cells) response range: [-0.028, 0.023]
  tar-CUL3             (  274 cells) response range: [-0.064, 0.078]
  tar-ETV7             (  841 cells) response range: [-0.018, 0.044]
  tar-IFNGR1           ( 1341 cells) response range: [-0.460, 0.165]
  tar-IFNGR2           ( 1213 cells) response range: [-0.470, 0.174]
  tar-IRF1             ( 1073 cells) response range: [-0.672, 0.385]
  tar-IRF7             (  614 cells) response range: [-0.016, 0.035]
  tar-JAK2             ( 1024 cells) response range: [-0.499, 0.182]
  tar-MARCH8           ( 1003 cells) response range: [-0.014, 0.057]
  tar-MYC              (  108 cells) response range: [-0.056, 0.078]
  tar-NFKBIA           (  787 cells) response range: [-0.033, 0.047]
  tar-PDCD1LG2         (  617 cells) response range: [-0.020, 0.018]
  tar-POU2F2           (  662 cells) response range: [-0.025, 0.042]
  tar-SMAD4            (  659 cells) response range: [-0.443, 0.324]
  tar-SPI1             (   48 cells) response range: [-0.075, 0.103]
  tar-STAT1            (  444 cells) response range: [-0.375, 0.177]
  tar-STAT2            (  661 cells) response range: [-0.297, 0.072]
  tar-STAT3            (  493 cells) response range: [-0.018, 0.024]
  tar-STAT5A           (  659 cells) response range: [-0.019, 0.021]
  tar-TNFRSF14         (  964 cells) response range: [-0.013, 0.022]
  tar-UBE2L6           (  518 cells) response range: [-0.019, 0.034]
  NTC null: mean |response| per gene = 0.0016  std across NTC guides = 0.0019
  Saved: /project/xuanyao/jiaming/deeplearning/results_papalexi_nobatch/beta1e-4_dim256/response_scores.csv
  Saved: /project/xuanyao/jiaming/deeplearning/results_papalexi_nobatch/beta1e-4_dim256/figures/gene_response_heatmap.png
  Saved: /project/xuanyao/jiaming/deeplearning/results_papalexi_nobatch/beta1e-4_dim256/figures/effect_size_vs_null.png
  NTC noise floor (mean+2SD): 0.0023
  Saved: /project/xuanyao/jiaming/deeplearning/results_papalexi_nobatch/beta1e-4_dim256/figures/top_genes_per_pert.png

[3/4] Clustering perturbations by response vectors...
  Saved: /project/xuanyao/jiaming/deeplearning/results_papalexi_nobatch/beta1e-4_dim256/figures/perturbation_clustermap.png

[4/4] Running hallmark pathway enrichment...
  Saved: /project/xuanyao/jiaming/deeplearning/results_papalexi_nobatch/beta1e-4_dim256/figures/pathway_enrichment.png

[Bonus] Comparing CVAE response vs naive differential expression...
  Mean Spearman ρ (CVAE vs DE): 0.574
  Mean top-20 gene overlap:     7.4/20
  Saved: /project/xuanyao/jiaming/deeplearning/results_papalexi_nobatch/beta1e-4_dim256/cvae_vs_de_comparison.csv

All figures saved to: /project/xuanyao/jiaming/deeplearning/results_papalexi_nobatch/beta1e-4_dim256/figures
Done!
Done: beta1e-4_dim256
