=== Train: beta=0.01 latent_dim=32 ===
Device: cpu
Loading data...
  20729 cells, 3725 genes, 35 perturbations
  Filtering 1 cells with unknown perturbation assignment.
  Extra covariates: 17 dims (3 continuous + 14 categorical OHE)
Log1p-normalizing expression data...
  Train: 17635 cells | Val: 3093 cells

Model: 3725 genes | 34 perturbations | latent_dim=32
  Trainable parameters: 9,043,917

Training for up to 100 epochs (early stop patience=15)...

 Epoch   Train Total   Train Recon    Train KL   Val Total   Val Recon        LR    Time
------------------------------------------------------------------------------------------
     1        0.1980        0.1963      0.1718      0.1439      0.1439   1.0e-03    2.8s
     2        0.1481        0.1480      0.0105      0.1425      0.1425   1.0e-03    2.9s
     3        0.1447        0.1446      0.0087      0.1408      0.1407   1.0e-03    2.8s
     4        0.1418        0.1417      0.0089      0.1399      0.1399   1.0e-03    2.8s
     5        0.1396        0.1395      0.0073      0.1388      0.1387   1.0e-03    2.9s
     6        0.1382        0.1381      0.0070      0.1373      0.1372   1.0e-03    2.8s
     7        0.1367        0.1366      0.0064      0.1361      0.1360   1.0e-03    2.9s
     8        0.1353        0.1353      0.0061      0.1350      0.1349   1.0e-03    2.9s
     9        0.1341        0.1338      0.0292      0.1331      0.1326   1.0e-03    2.9s
    10        0.1329        0.1324      0.0505      0.1321      0.1316   1.0e-03    2.9s
    11        0.1320        0.1314      0.0598      0.1314      0.1308   1.0e-03    2.8s
    12        0.1313        0.1306      0.0655      0.1309      0.1302   1.0e-03    2.9s
    13        0.1299        0.1292      0.0765      0.1294      0.1285   1.0e-03    2.9s
    14        0.1286        0.1278      0.0835      0.1291      0.1282   1.0e-03    2.9s
    15        0.1281        0.1272      0.0862      0.1281      0.1273   1.0e-03    2.8s
    16        0.1277        0.1268      0.0902      0.1280      0.1271   1.0e-03    2.9s
    17        0.1272        0.1262      0.0965      0.1273      0.1263   1.0e-03    2.8s
    18        0.1268        0.1258      0.1029      0.1272      0.1261   1.0e-03    2.9s
    19        0.1262        0.1252      0.1054      0.1266      0.1255   1.0e-03    3.0s
    20        0.1260        0.1249      0.1063      0.1263      0.1253   1.0e-03    3.0s
    21        0.1256        0.1245      0.1070      0.1263      0.1252   1.0e-03    2.9s
    22        0.1254        0.1243      0.1078      0.1262      0.1251   1.0e-03    3.0s
    23        0.1252        0.1241      0.1091      0.1259      0.1248   1.0e-03    2.9s
    24        0.1250        0.1239      0.1092      0.1258      0.1248   1.0e-03    2.9s
    25        0.1249        0.1238      0.1101      0.1258      0.1246   1.0e-03    2.9s
    26        0.1248        0.1237      0.1109      0.1256      0.1245   1.0e-03    2.9s
    27        0.1245        0.1234      0.1114      0.1257      0.1246   1.0e-03    2.9s
    28        0.1244        0.1233      0.1126      0.1254      0.1242   1.0e-03    2.9s
    29        0.1243        0.1232      0.1123      0.1253      0.1242   1.0e-03    3.0s
    30        0.1242        0.1230      0.1137      0.1252      0.1241   1.0e-03    2.9s
    31        0.1241        0.1230      0.1132      0.1253      0.1241   1.0e-03    2.9s
    32        0.1240        0.1229      0.1144      0.1253      0.1242   1.0e-03    3.0s
    33        0.1239        0.1227      0.1148      0.1252      0.1240   1.0e-03    2.9s
    34        0.1237        0.1226      0.1141      0.1252      0.1240   1.0e-03    2.9s
    35        0.1237        0.1225      0.1160      0.1251      0.1239   1.0e-03    3.0s
    36        0.1236        0.1224      0.1170      0.1250      0.1238   1.0e-03    2.9s
    37        0.1235        0.1223      0.1170      0.1249      0.1237   1.0e-03    3.0s
    38        0.1234        0.1222      0.1179      0.1250      0.1238   1.0e-03    2.9s
    39        0.1232        0.1221      0.1179      0.1249      0.1238   1.0e-03    2.9s
    40        0.1232        0.1220      0.1188      0.1249      0.1237   1.0e-03    2.9s
    41        0.1231        0.1219      0.1196      0.1249      0.1238   1.0e-03    2.9s
    42        0.1230        0.1218      0.1202      0.1250      0.1238   1.0e-03    2.9s
    43        0.1229        0.1217      0.1216      0.1248      0.1236   1.0e-03    2.9s
    44        0.1229        0.1216      0.1279      0.1245      0.1232   1.0e-03    3.0s
    45        0.1226        0.1212      0.1365      0.1243      0.1229   1.0e-03    2.9s
    46        0.1224        0.1210      0.1410      0.1242      0.1228   1.0e-03    2.8s
    47        0.1223        0.1209      0.1441      0.1240      0.1225   1.0e-03    2.9s
    48        0.1222        0.1207      0.1466      0.1241      0.1227   1.0e-03    2.9s
    49        0.1220        0.1205      0.1489      0.1240      0.1225   1.0e-03    2.9s
    50        0.1219        0.1204      0.1514      0.1239      0.1224   1.0e-03    2.9s
    51        0.1218        0.1203      0.1530      0.1238      0.1223   1.0e-03    2.9s
    52        0.1217        0.1202      0.1551      0.1237      0.1221   1.0e-03    2.8s
    53        0.1215        0.1200      0.1552      0.1236      0.1219   1.0e-03    2.8s
    54        0.1215        0.1199      0.1567      0.1235      0.1220   1.0e-03    2.9s
    55        0.1213        0.1198      0.1562      0.1234      0.1219   1.0e-03    2.9s
    56        0.1213        0.1198      0.1572      0.1235      0.1219   1.0e-03    2.9s
    57        0.1212        0.1196      0.1573      0.1235      0.1220   1.0e-03    2.9s
    58        0.1211        0.1195      0.1585      0.1236      0.1220   1.0e-03    2.9s
    59        0.1210        0.1194      0.1595      0.1234      0.1219   1.0e-03    2.8s
    60        0.1209        0.1193      0.1593      0.1234      0.1218   1.0e-03    2.9s
    61        0.1208        0.1192      0.1604      0.1234      0.1218   5.0e-04    2.8s
    62        0.1205        0.1189      0.1612      0.1233      0.1216   5.0e-04    2.9s
    63        0.1204        0.1188      0.1618      0.1233      0.1217   5.0e-04    2.9s
    64        0.1203        0.1187      0.1621      0.1233      0.1217   5.0e-04    3.0s
    65        0.1202        0.1186      0.1629      0.1233      0.1217   5.0e-04    2.8s
    66        0.1202        0.1186      0.1625      0.1232      0.1215   5.0e-04    2.9s
    67        0.1202        0.1186      0.1625      0.1233      0.1216   5.0e-04    2.9s
    68        0.1202        0.1186      0.1628      0.1232      0.1216   5.0e-04    2.8s
    69        0.1201        0.1184      0.1640      0.1232      0.1216   5.0e-04    2.9s
    70        0.1201        0.1185      0.1635      0.1232      0.1216   5.0e-04    2.8s
    71        0.1200        0.1184      0.1643      0.1232      0.1215   5.0e-04    2.9s
    72        0.1199        0.1183      0.1636      0.1232      0.1216   2.5e-04    2.8s
    73        0.1198        0.1181      0.1643      0.1232      0.1216   2.5e-04    2.9s
    74        0.1197        0.1181      0.1640      0.1232      0.1216   2.5e-04    2.9s
    75        0.1197        0.1180      0.1645      0.1232      0.1216   2.5e-04    2.8s
    76        0.1196        0.1180      0.1651      0.1232      0.1216   2.5e-04    2.9s
    77        0.1197        0.1180      0.1654      0.1232      0.1215   2.5e-04    3.0s
    78        0.1196        0.1180      0.1652      0.1232      0.1216   1.3e-04    2.8s
    79        0.1196        0.1179      0.1659      0.1232      0.1215   1.3e-04    2.9s
    80        0.1196        0.1179      0.1649      0.1231      0.1215   1.3e-04    2.8s
    81        0.1195        0.1178      0.1659      0.1232      0.1215   1.3e-04    2.9s
    82        0.1195        0.1178      0.1662      0.1232      0.1215   1.3e-04    2.8s
    83        0.1194        0.1177      0.1650      0.1232      0.1216   1.3e-04    2.9s
    84        0.1194        0.1178      0.1659      0.1232      0.1215   1.3e-04    2.9s
    85        0.1195        0.1178      0.1665      0.1232      0.1215   1.3e-04    2.9s
    86        0.1194        0.1178      0.1663      0.1232      0.1215   6.3e-05    2.8s
    87        0.1193        0.1177      0.1659      0.1232      0.1215   6.3e-05    2.8s
    88        0.1193        0.1177      0.1665      0.1232      0.1215   6.3e-05    2.9s
    89        0.1193        0.1176      0.1665      0.1232      0.1215   6.3e-05    2.9s
    90        0.1193        0.1177      0.1666      0.1232      0.1216   6.3e-05    2.9s
    91        0.1193        0.1176      0.1663      0.1232      0.1215   6.3e-05    2.8s
    92        0.1192        0.1176      0.1659      0.1232      0.1215   3.1e-05    2.8s
    93        0.1193        0.1176      0.1667      0.1232      0.1215   3.1e-05    2.8s
    94        0.1193        0.1176      0.1668      0.1232      0.1215   3.1e-05    2.9s
    95        0.1193        0.1176      0.1665      0.1232      0.1215   3.1e-05    2.9s

Early stopping at epoch 95 (no improvement for 15 epochs)

Done. Best val loss: 0.1231
Checkpoints and logs saved to: /project/xuanyao/jiaming/deeplearning/results_papalexi/beta0.01_dim32
=== Analyze ===
Device: cpu
Loading data...
  20729 cells, 3725 genes, 34 perturbations
Log1p-normalizing...
  Filtering 1 cells with unknown perturbation.

Loading model from model_best.pt...

[1/4] Computing latent embeddings...
  Silhouette score (perturbation clusters, excl. NTC): -0.1062
Running UMAP (this may take a few minutes)...
UMAP(min_dist=0.3, n_jobs=1, n_neighbors=30, random_state=42, verbose=True)
Sat May 16 15:17:37 2026 Construct fuzzy simplicial set
Sat May 16 15:17:37 2026 Finding Nearest Neighbors
Sat May 16 15:17:37 2026 Building RP forest with 12 trees
Sat May 16 15:17:42 2026 NN descent for 14 iterations
	 1  /  14
	 2  /  14
	Stopping threshold met -- exiting after 2 iterations
Sat May 16 15:17:53 2026 Finished Nearest Neighbor Search
Sat May 16 15:17:57 2026 Construct embedding
	completed  0  /  200 epochs
	completed  20  /  200 epochs
	completed  40  /  200 epochs
	completed  60  /  200 epochs
	completed  80  /  200 epochs
	completed  100  /  200 epochs
	completed  120  /  200 epochs
	completed  140  /  200 epochs
	completed  160  /  200 epochs
	completed  180  /  200 epochs
Sat May 16 15:18:15 2026 Finished embedding
  Saved: /project/xuanyao/jiaming/deeplearning/results_papalexi/beta0.01_dim32/figures/umap_latent.png
  Saved covariate UMAPs: umap_n_nonzero.png, umap_n_umis.png, umap_lane.png, umap_bio_rep.png, umap_phase.png, umap_p_mito.png
Running expression-PCA UMAP for covariate verification...
  Saved expression UMAP covariates: umap_expr_n_nonzero.png, umap_expr_n_umis.png, umap_expr_lane.png, umap_expr_bio_rep.png, umap_expr_phase.png, umap_expr_p_mito.png
  Saved: /project/xuanyao/jiaming/deeplearning/results_papalexi/beta0.01_dim32/figures/umap_per_perturbation.png

[2/4] Computing perturbation response scores (decode Δ vs NTC avg of 9 guides: ['NTg1', 'NTg10', 'NTg2', 'NTg3', 'NTg4']...)...
  NTg1                 (  303 cells) response range: [-0.127, 0.049] [NTC]
  NTg10                (  235 cells) response range: [-0.044, 0.055] [NTC]
  NTg2                 (  106 cells) response range: [-0.147, 0.039] [NTC]
  NTg3                 (  244 cells) response range: [-0.071, 0.069] [NTC]
  NTg4                 (  431 cells) response range: [-0.064, 0.047] [NTC]
  NTg5                 (  305 cells) response range: [-0.041, 0.055] [NTC]
  NTg7                 (  445 cells) response range: [-0.057, 0.058] [NTC]
  NTg8                 (   56 cells) response range: [-0.073, 0.066] [NTC]
  NTg9                 (  261 cells) response range: [-0.046, 0.066] [NTC]
  tar-ATF2             ( 1102 cells) response range: [-0.035, 0.057]
  tar-BRD4             (  341 cells) response range: [-0.331, 0.277]
  tar-CAV1             (  882 cells) response range: [-0.040, 0.038]
  tar-CD86             ( 1197 cells) response range: [-0.037, 0.027]
  tar-CMTM6            (  817 cells) response range: [-0.062, 0.027]
  tar-CUL3             (  274 cells) response range: [-0.199, 0.213]
  tar-ETV7             (  841 cells) response range: [-0.047, 0.061]
  tar-IFNGR1           ( 1341 cells) response range: [-1.388, 0.519]
  tar-IFNGR2           ( 1213 cells) response range: [-1.422, 0.561]
  tar-IRF1             ( 1073 cells) response range: [-0.869, 0.686]
  tar-IRF7             (  614 cells) response range: [-0.042, 0.035]
  tar-JAK2             ( 1024 cells) response range: [-1.544, 0.592]
  tar-MARCH8           ( 1003 cells) response range: [-0.057, 0.064]
  tar-MYC              (  108 cells) response range: [-0.319, 0.216]
  tar-NFKBIA           (  787 cells) response range: [-0.112, 0.063]
  tar-PDCD1LG2         (  617 cells) response range: [-0.044, 0.036]
  tar-POU2F2           (  662 cells) response range: [-0.040, 0.060]
  tar-SMAD4            (  659 cells) response range: [-0.940, 0.494]
  tar-SPI1             (   48 cells) response range: [-0.265, 0.229]
  tar-STAT1            (  444 cells) response range: [-1.281, 0.643]
  tar-STAT2            (  661 cells) response range: [-0.807, 0.183]
  tar-STAT3            (  493 cells) response range: [-0.052, 0.083]
  tar-STAT5A           (  659 cells) response range: [-0.106, 0.057]
  tar-TNFRSF14         (  964 cells) response range: [-0.066, 0.036]
  tar-UBE2L6           (  518 cells) response range: [-0.051, 0.050]
  NTC null: mean |response| per gene = 0.0042  std across NTC guides = 0.0050
  Saved: /project/xuanyao/jiaming/deeplearning/results_papalexi/beta0.01_dim32/response_scores.csv
  Saved: /project/xuanyao/jiaming/deeplearning/results_papalexi/beta0.01_dim32/figures/gene_response_heatmap.png
  Saved: /project/xuanyao/jiaming/deeplearning/results_papalexi/beta0.01_dim32/figures/effect_size_vs_null.png
  NTC noise floor (mean+2SD): 0.0058
  Saved: /project/xuanyao/jiaming/deeplearning/results_papalexi/beta0.01_dim32/figures/top_genes_per_pert.png

[3/4] Clustering perturbations by response vectors...
  Saved: /project/xuanyao/jiaming/deeplearning/results_papalexi/beta0.01_dim32/figures/perturbation_clustermap.png

[4/4] Running hallmark pathway enrichment...
  Saved: /project/xuanyao/jiaming/deeplearning/results_papalexi/beta0.01_dim32/figures/pathway_enrichment.png

[Bonus] Comparing CVAE response vs naive differential expression...
  Mean Spearman ρ (CVAE vs DE): 0.551
  Mean top-20 gene overlap:     7.0/20
  Saved: /project/xuanyao/jiaming/deeplearning/results_papalexi/beta0.01_dim32/cvae_vs_de_comparison.csv

All figures saved to: /project/xuanyao/jiaming/deeplearning/results_papalexi/beta0.01_dim32/figures
Done!
Done: beta0.01_dim32
