=== Train: beta=1e-3 latent_dim=128 (no perturbation) ===
Device: cpu
Loading data...
  20729 cells, 3725 genes, 35 perturbations
  Filtering 1 cells with unknown perturbation assignment.
  Extra covariates: 17 dims (3 continuous + 14 categorical OHE)
Log1p-normalizing expression data...
  Train: 17635 cells | Val: 3093 cells

Model: 3725 genes | 34 perturbations | latent_dim=128
  Trainable parameters: 9,117,837

Training for up to 100 epochs (early stop patience=15)...

 Epoch   Train Total   Train Recon    Train KL   Val Total   Val Recon        LR    Time
------------------------------------------------------------------------------------------
     1        0.1966        0.1961      0.5791      0.1447      0.1446   1.0e-03    2.8s
     2        0.1488        0.1487      0.1493      0.1435      0.1434   1.0e-03    3.0s
     3        0.1463        0.1461      0.1223      0.1423      0.1422   1.0e-03    2.9s
     4        0.1444        0.1443      0.0837      0.1417      0.1417   1.0e-03    3.0s
     5        0.1416        0.1414      0.1894      0.1368      0.1365   1.0e-03    2.9s
     6        0.1369        0.1367      0.2526      0.1349      0.1347   1.0e-03    3.0s
     7        0.1352        0.1349      0.2501      0.1338      0.1336   1.0e-03    3.1s
     8        0.1335        0.1332      0.2672      0.1320      0.1318   1.0e-03    3.0s
     9        0.1315        0.1312      0.3297      0.1300      0.1296   1.0e-03    2.9s
    10        0.1291        0.1287      0.3616      0.1282      0.1279   1.0e-03    2.9s
    11        0.1279        0.1275      0.3488      0.1276      0.1272   1.0e-03    3.0s
    12        0.1270        0.1266      0.3699      0.1265      0.1261   1.0e-03    3.0s
    13        0.1258        0.1254      0.4216      0.1252      0.1248   1.0e-03    3.0s
    14        0.1249        0.1244      0.4411      0.1244      0.1240   1.0e-03    3.0s
    15        0.1239        0.1234      0.4633      0.1234      0.1229   1.0e-03    3.1s
    16        0.1231        0.1226      0.4850      0.1227      0.1223   1.0e-03    3.0s
    17        0.1224        0.1219      0.4976      0.1222      0.1217   1.0e-03    3.0s
    18        0.1219        0.1214      0.4994      0.1216      0.1211   1.0e-03    2.9s
    19        0.1213        0.1208      0.5081      0.1210      0.1205   1.0e-03    3.0s
    20        0.1207        0.1202      0.5171      0.1205      0.1200   1.0e-03    3.1s
    21        0.1202        0.1197      0.5183      0.1201      0.1195   1.0e-03    3.1s
    22        0.1197        0.1192      0.5262      0.1196      0.1191   1.0e-03    3.1s
    23        0.1194        0.1188      0.5246      0.1193      0.1188   1.0e-03    3.1s
    24        0.1190        0.1185      0.5166      0.1191      0.1186   1.0e-03    3.0s
    25        0.1186        0.1181      0.5100      0.1187      0.1182   1.0e-03    3.0s
    26        0.1184        0.1179      0.5008      0.1184      0.1179   1.0e-03    3.0s
    27        0.1181        0.1176      0.4894      0.1182      0.1177   1.0e-03    3.0s
    28        0.1179        0.1174      0.4860      0.1179      0.1174   1.0e-03    3.1s
    29        0.1175        0.1170      0.4842      0.1177      0.1172   1.0e-03    3.0s
    30        0.1172        0.1168      0.4783      0.1174      0.1170   1.0e-03    3.1s
    31        0.1171        0.1166      0.4720      0.1174      0.1169   1.0e-03    3.0s
    32        0.1167        0.1163      0.4673      0.1169      0.1165   1.0e-03    3.0s
    33        0.1164        0.1159      0.4659      0.1168      0.1163   1.0e-03    3.0s
    34        0.1163        0.1158      0.4605      0.1168      0.1164   1.0e-03    3.2s
    35        0.1161        0.1156      0.4535      0.1165      0.1161   1.0e-03    3.0s
    36        0.1158        0.1154      0.4524      0.1164      0.1160   1.0e-03    3.0s
    37        0.1156        0.1152      0.4474      0.1163      0.1158   1.0e-03    3.1s
    38        0.1154        0.1150      0.4444      0.1162      0.1157   1.0e-03    3.0s
    39        0.1152        0.1148      0.4422      0.1161      0.1157   1.0e-03    3.0s
    40        0.1150        0.1146      0.4489      0.1158      0.1154   1.0e-03    3.0s
    41        0.1148        0.1144      0.4481      0.1157      0.1153   1.0e-03    3.0s
    42        0.1147        0.1143      0.4499      0.1156      0.1152   1.0e-03    3.0s
    43        0.1145        0.1140      0.4497      0.1155      0.1150   1.0e-03    3.0s
    44        0.1144        0.1139      0.4434      0.1153      0.1149   1.0e-03    3.0s
    45        0.1142        0.1137      0.4457      0.1154      0.1150   1.0e-03    3.2s
    46        0.1141        0.1136      0.4429      0.1152      0.1147   1.0e-03    3.0s
    47        0.1139        0.1135      0.4422      0.1151      0.1147   1.0e-03    3.0s
    48        0.1139        0.1135      0.4367      0.1151      0.1147   1.0e-03    3.0s
    49        0.1137        0.1133      0.4346      0.1152      0.1147   1.0e-03    3.0s
    50        0.1136        0.1131      0.4332      0.1149      0.1145   1.0e-03    3.0s
    51        0.1134        0.1130      0.4318      0.1149      0.1145   1.0e-03    3.0s
    52        0.1134        0.1130      0.4311      0.1149      0.1145   1.0e-03    3.0s
    53        0.1132        0.1128      0.4310      0.1147      0.1143   1.0e-03    3.0s
    54        0.1131        0.1126      0.4278      0.1147      0.1143   1.0e-03    3.0s
    55        0.1130        0.1126      0.4262      0.1147      0.1143   1.0e-03    3.1s
    56        0.1129        0.1124      0.4275      0.1146      0.1142   1.0e-03    3.0s
    57        0.1127        0.1123      0.4278      0.1146      0.1142   1.0e-03    3.1s
    58        0.1128        0.1124      0.4252      0.1145      0.1141   1.0e-03    3.0s
    59        0.1125        0.1121      0.4257      0.1145      0.1141   1.0e-03    3.0s
    60        0.1124        0.1120      0.4267      0.1144      0.1140   1.0e-03    3.0s
    61        0.1124        0.1119      0.4280      0.1143      0.1139   1.0e-03    3.0s
    62        0.1122        0.1118      0.4255      0.1142      0.1138   1.0e-03    3.0s
    63        0.1121        0.1117      0.4286      0.1143      0.1138   1.0e-03    3.0s
    64        0.1120        0.1116      0.4278      0.1142      0.1137   1.0e-03    3.0s
    65        0.1119        0.1115      0.4256      0.1141      0.1137   1.0e-03    3.1s
    66        0.1118        0.1114      0.4253      0.1140      0.1136   1.0e-03    3.0s
    67        0.1118        0.1113      0.4257      0.1140      0.1136   1.0e-03    2.9s
    68        0.1117        0.1113      0.4238      0.1140      0.1136   1.0e-03    3.0s
    69        0.1116        0.1112      0.4228      0.1141      0.1137   1.0e-03    3.0s
    70        0.1114        0.1110      0.4225      0.1140      0.1136   1.0e-03    3.1s
    71        0.1114        0.1110      0.4227      0.1139      0.1135   1.0e-03    3.0s
    72        0.1114        0.1110      0.4206      0.1140      0.1136   1.0e-03    3.0s
    73        0.1113        0.1109      0.4229      0.1140      0.1136   1.0e-03    3.0s
    74        0.1112        0.1108      0.4238      0.1140      0.1136   1.0e-03    3.0s
    75        0.1111        0.1107      0.4239      0.1140      0.1135   1.0e-03    3.0s
    76        0.1111        0.1107      0.4217      0.1141      0.1137   1.0e-03    3.0s
    77        0.1111        0.1106      0.4224      0.1140      0.1136   5.0e-04    3.0s
    78        0.1106        0.1102      0.4201      0.1136      0.1132   5.0e-04    3.0s
    79        0.1105        0.1101      0.4199      0.1137      0.1133   5.0e-04    3.0s
    80        0.1104        0.1100      0.4194      0.1137      0.1133   5.0e-04    3.0s
    81        0.1103        0.1099      0.4203      0.1136      0.1132   5.0e-04    3.0s
    82        0.1103        0.1099      0.4198      0.1137      0.1133   5.0e-04    2.9s
    83        0.1103        0.1099      0.4194      0.1137      0.1133   5.0e-04    2.9s
    84        0.1103        0.1098      0.4207      0.1137      0.1133   5.0e-04    2.8s
    85        0.1102        0.1098      0.4184      0.1137      0.1133   5.0e-04    2.8s
    86        0.1102        0.1097      0.4205      0.1137      0.1132   5.0e-04    2.9s
    87        0.1101        0.1097      0.4190      0.1137      0.1133   2.5e-04    2.9s
    88        0.1099        0.1095      0.4213      0.1137      0.1133   2.5e-04    2.8s
    89        0.1100        0.1095      0.4192      0.1136      0.1132   2.5e-04    2.8s
    90        0.1098        0.1094      0.4179      0.1136      0.1132   2.5e-04    2.9s
    91        0.1098        0.1094      0.4189      0.1137      0.1133   2.5e-04    2.8s
    92        0.1098        0.1094      0.4189      0.1136      0.1132   2.5e-04    2.8s
    93        0.1098        0.1094      0.4206      0.1136      0.1132   2.5e-04    2.8s
    94        0.1097        0.1093      0.4202      0.1136      0.1132   2.5e-04    2.8s
    95        0.1097        0.1093      0.4174      0.1137      0.1133   2.5e-04    2.9s
    96        0.1097        0.1093      0.4193      0.1137      0.1133   1.3e-04    2.8s
    97        0.1096        0.1092      0.4194      0.1136      0.1132   1.3e-04    2.8s
    98        0.1096        0.1092      0.4190      0.1136      0.1132   1.3e-04    2.8s
    99        0.1095        0.1091      0.4195      0.1136      0.1132   1.3e-04    2.8s
   100        0.1095        0.1091      0.4200      0.1136      0.1132   1.3e-04    2.7s

Done. Best val loss: 0.1136
Checkpoints and logs saved to: /project/xuanyao/jiaming/deeplearning/results_papalexi_no_pert/beta1e-3_dim128
=== Analyze ===
Device: cpu
Loading data...
  20729 cells, 3725 genes, 34 perturbations
Log1p-normalizing...
  Filtering 1 cells with unknown perturbation.

Loading model from model_best.pt...

[1/4] Computing latent embeddings...
  Silhouette score (perturbation clusters, excl. NTC): -0.0302
Running UMAP (this may take a few minutes)...
UMAP(min_dist=0.3, n_jobs=1, n_neighbors=30, random_state=42, verbose=True)
Sat May 16 18:26:45 2026 Construct fuzzy simplicial set
Sat May 16 18:26:45 2026 Finding Nearest Neighbors
Sat May 16 18:26:45 2026 Building RP forest with 12 trees
Sat May 16 18:26:49 2026 NN descent for 14 iterations
	 1  /  14
	 2  /  14
	 3  /  14
	Stopping threshold met -- exiting after 3 iterations
Sat May 16 18:27:00 2026 Finished Nearest Neighbor Search
Sat May 16 18:27:04 2026 Construct embedding
	completed  0  /  200 epochs
	completed  20  /  200 epochs
	completed  40  /  200 epochs
	completed  60  /  200 epochs
	completed  80  /  200 epochs
	completed  100  /  200 epochs
	completed  120  /  200 epochs
	completed  140  /  200 epochs
	completed  160  /  200 epochs
	completed  180  /  200 epochs
Sat May 16 18:27:25 2026 Finished embedding
  Saved: /project/xuanyao/jiaming/deeplearning/results_papalexi_no_pert/beta1e-3_dim128/figures/umap_latent.png
  Saved covariate UMAPs: umap_n_nonzero.png, umap_n_umis.png, umap_lane.png, umap_bio_rep.png, umap_phase.png, umap_p_mito.png
Running expression-PCA UMAP for covariate verification...
  Saved expression UMAP covariates: umap_expr_n_nonzero.png, umap_expr_n_umis.png, umap_expr_lane.png, umap_expr_bio_rep.png, umap_expr_phase.png, umap_expr_p_mito.png
  Saved: /project/xuanyao/jiaming/deeplearning/results_papalexi_no_pert/beta1e-3_dim128/figures/umap_per_perturbation.png

[2/4] Computing perturbation response scores (decode Δ vs NTC avg of 9 guides: ['NTg1', 'NTg10', 'NTg2', 'NTg3', 'NTg4']...)...
  NTg1                 (  303 cells) response range: [-0.028, 0.020] [NTC]
  NTg10                (  235 cells) response range: [-0.021, 0.019] [NTC]
  NTg2                 (  106 cells) response range: [-0.023, 0.017] [NTC]
  NTg3                 (  244 cells) response range: [-0.027, 0.035] [NTC]
  NTg4                 (  431 cells) response range: [-0.016, 0.020] [NTC]
  NTg5                 (  305 cells) response range: [-0.016, 0.036] [NTC]
  NTg7                 (  445 cells) response range: [-0.039, 0.034] [NTC]
  NTg8                 (   56 cells) response range: [-0.037, 0.020] [NTC]
  NTg9                 (  261 cells) response range: [-0.019, 0.015] [NTC]
  tar-ATF2             ( 1102 cells) response range: [-0.017, 0.022]
  tar-BRD4             (  341 cells) response range: [-0.017, 0.023]
  tar-CAV1             (  882 cells) response range: [-0.018, 0.022]
  tar-CD86             ( 1197 cells) response range: [-0.039, 0.028]
  tar-CMTM6            (  817 cells) response range: [-0.043, 0.027]
  tar-CUL3             (  274 cells) response range: [-0.022, 0.019]
  tar-ETV7             (  841 cells) response range: [-0.032, 0.017]
  tar-IFNGR1           ( 1341 cells) response range: [-0.028, 0.018]
  tar-IFNGR2           ( 1213 cells) response range: [-0.056, 0.018]
  tar-IRF1             ( 1073 cells) response range: [-0.029, 0.019]
  tar-IRF7             (  614 cells) response range: [-0.026, 0.021]
  tar-JAK2             ( 1024 cells) response range: [-0.015, 0.032]
  tar-MARCH8           ( 1003 cells) response range: [-0.017, 0.033]
  tar-MYC              (  108 cells) response range: [-0.028, 0.036]
  tar-NFKBIA           (  787 cells) response range: [-0.028, 0.029]
  tar-PDCD1LG2         (  617 cells) response range: [-0.029, 0.046]
  tar-POU2F2           (  662 cells) response range: [-0.023, 0.031]
  tar-SMAD4            (  659 cells) response range: [-0.027, 0.047]
  tar-SPI1             (   48 cells) response range: [-0.027, 0.024]
  tar-STAT1            (  444 cells) response range: [-0.013, 0.020]
  tar-STAT2            (  661 cells) response range: [-0.015, 0.068]
  tar-STAT3            (  493 cells) response range: [-0.032, 0.023]
  tar-STAT5A           (  659 cells) response range: [-0.012, 0.048]
  tar-TNFRSF14         (  964 cells) response range: [-0.020, 0.031]
  tar-UBE2L6           (  518 cells) response range: [-0.028, 0.027]
  NTC null: mean |response| per gene = 0.0015  std across NTC guides = 0.0018
  Saved: /project/xuanyao/jiaming/deeplearning/results_papalexi_no_pert/beta1e-3_dim128/response_scores.csv
  Saved: /project/xuanyao/jiaming/deeplearning/results_papalexi_no_pert/beta1e-3_dim128/figures/gene_response_heatmap.png
  Saved: /project/xuanyao/jiaming/deeplearning/results_papalexi_no_pert/beta1e-3_dim128/figures/effect_size_vs_null.png
  NTC noise floor (mean+2SD): 0.0023
  Saved: /project/xuanyao/jiaming/deeplearning/results_papalexi_no_pert/beta1e-3_dim128/figures/top_genes_per_pert.png

[3/4] Clustering perturbations by response vectors...
  Saved: /project/xuanyao/jiaming/deeplearning/results_papalexi_no_pert/beta1e-3_dim128/figures/perturbation_clustermap.png

[4/4] Running hallmark pathway enrichment...
  Saved: /project/xuanyao/jiaming/deeplearning/results_papalexi_no_pert/beta1e-3_dim128/figures/pathway_enrichment.png

[Bonus] Comparing CVAE response vs naive differential expression...
  Mean Spearman ρ (CVAE vs DE): 0.535
  Mean top-20 gene overlap:     2.7/20
  Saved: /project/xuanyao/jiaming/deeplearning/results_papalexi_no_pert/beta1e-3_dim128/cvae_vs_de_comparison.csv

All figures saved to: /project/xuanyao/jiaming/deeplearning/results_papalexi_no_pert/beta1e-3_dim128/figures
Done!
Done: beta1e-3_dim128
