=== Train: beta=1e-4 latent_dim=64 (no bio_rep, no lane) ===
Device: cpu
Loading data...
  20729 cells, 3725 genes, 35 perturbations
  Filtering 1 cells with unknown perturbation assignment.
  Extra covariates: 6 dims (3 continuous + 3 categorical OHE)
Log1p-normalizing expression data...
  Train: 17635 cells | Val: 3093 cells

Model: 3725 genes | 34 perturbations | latent_dim=64
  Trainable parameters: 9,054,477

Training for up to 100 epochs (early stop patience=15)...

 Epoch   Train Total   Train Recon    Train KL   Val Total   Val Recon        LR    Time
------------------------------------------------------------------------------------------
     1        0.1954        0.1952      1.3551      0.1447      0.1446   1.0e-03    2.8s
     2        0.1489        0.1488      1.1123      0.1435      0.1435   1.0e-03    2.9s
     3        0.1462        0.1461      0.7075      0.1423      0.1422   1.0e-03    2.9s
     4        0.1440        0.1439      1.0457      0.1405      0.1404   1.0e-03    2.8s
     5        0.1411        0.1409      1.4522      0.1372      0.1371   1.0e-03    2.9s
     6        0.1370        0.1368      1.5449      0.1342      0.1341   1.0e-03    2.8s
     7        0.1336        0.1334      1.7111      0.1313      0.1311   1.0e-03    2.9s
     8        0.1302        0.1301      1.8251      0.1284      0.1282   1.0e-03    2.9s
     9        0.1282        0.1280      1.9175      0.1271      0.1269   1.0e-03    2.9s
    10        0.1268        0.1267      1.8673      0.1261      0.1260   1.0e-03    2.9s
    11        0.1257        0.1256      1.8464      0.1249      0.1247   1.0e-03    2.9s
    12        0.1245        0.1243      1.9345      0.1237      0.1235   1.0e-03    2.8s
    13        0.1232        0.1230      1.9556      0.1225      0.1224   1.0e-03    2.8s
    14        0.1222        0.1221      1.9805      0.1217      0.1215   1.0e-03    2.9s
    15        0.1213        0.1211      2.0051      0.1207      0.1205   1.0e-03    2.8s
    16        0.1204        0.1202      2.0483      0.1198      0.1196   1.0e-03    2.9s
    17        0.1196        0.1194      2.0900      0.1193      0.1191   1.0e-03    2.9s
    18        0.1191        0.1189      2.1163      0.1189      0.1187   1.0e-03    2.8s
    19        0.1186        0.1184      2.1302      0.1184      0.1182   1.0e-03    2.8s
    20        0.1181        0.1179      2.1405      0.1182      0.1180   1.0e-03    2.8s
    21        0.1177        0.1175      2.1532      0.1176      0.1174   1.0e-03    2.7s
    22        0.1172        0.1170      2.1766      0.1171      0.1168   1.0e-03    2.8s
    23        0.1167        0.1165      2.1986      0.1168      0.1166   1.0e-03    2.8s
    24        0.1163        0.1161      2.2167      0.1164      0.1162   1.0e-03    2.7s
    25        0.1160        0.1158      2.2367      0.1163      0.1161   1.0e-03    2.8s
    26        0.1158        0.1155      2.2433      0.1160      0.1157   1.0e-03    2.7s
    27        0.1155        0.1152      2.2566      0.1158      0.1156   1.0e-03    2.7s
    28        0.1153        0.1150      2.2690      0.1155      0.1153   1.0e-03    2.7s
    29        0.1150        0.1147      2.2857      0.1153      0.1151   1.0e-03    2.8s
    30        0.1146        0.1144      2.2887      0.1152      0.1149   1.0e-03    2.7s
    31        0.1145        0.1142      2.3109      0.1149      0.1147   1.0e-03    2.7s
    32        0.1142        0.1140      2.3164      0.1147      0.1145   1.0e-03    2.8s
    33        0.1140        0.1138      2.3357      0.1146      0.1144   1.0e-03    2.8s
    34        0.1140        0.1137      2.3267      0.1145      0.1143   1.0e-03    2.8s
    35        0.1137        0.1135      2.3401      0.1143      0.1141   1.0e-03    2.7s
    36        0.1134        0.1132      2.3475      0.1142      0.1139   1.0e-03    2.7s
    37        0.1133        0.1131      2.3601      0.1140      0.1138   1.0e-03    2.7s
    38        0.1132        0.1129      2.3664      0.1140      0.1138   1.0e-03    2.7s
    39        0.1130        0.1127      2.3855      0.1139      0.1137   1.0e-03    2.7s
    40        0.1127        0.1125      2.3785      0.1138      0.1136   1.0e-03    2.7s
    41        0.1126        0.1123      2.3946      0.1137      0.1134   1.0e-03    2.7s
    42        0.1125        0.1123      2.4136      0.1135      0.1132   1.0e-03    2.7s
    43        0.1123        0.1121      2.4192      0.1135      0.1132   1.0e-03    2.8s
    44        0.1121        0.1119      2.4208      0.1134      0.1131   1.0e-03    2.7s
    45        0.1120        0.1117      2.4252      0.1133      0.1131   1.0e-03    2.7s
    46        0.1119        0.1117      2.4211      0.1133      0.1130   1.0e-03    2.7s
    47        0.1118        0.1115      2.4367      0.1131      0.1129   1.0e-03    2.7s
    48        0.1117        0.1115      2.4296      0.1132      0.1129   1.0e-03    2.7s
    49        0.1115        0.1113      2.4469      0.1130      0.1128   1.0e-03    2.7s
    50        0.1114        0.1112      2.4445      0.1129      0.1127   1.0e-03    2.7s
    51        0.1112        0.1109      2.4427      0.1129      0.1126   1.0e-03    2.7s
    52        0.1111        0.1109      2.4594      0.1129      0.1126   1.0e-03    2.8s
    53        0.1111        0.1108      2.4531      0.1130      0.1127   1.0e-03    2.7s
    54        0.1109        0.1107      2.4697      0.1128      0.1126   1.0e-03    2.6s
    55        0.1108        0.1105      2.4782      0.1128      0.1126   1.0e-03    2.6s
    56        0.1107        0.1104      2.4682      0.1127      0.1124   1.0e-03    2.6s
    57        0.1107        0.1104      2.4913      0.1126      0.1124   1.0e-03    2.7s
    58        0.1105        0.1103      2.4814      0.1127      0.1125   1.0e-03    2.6s
    59        0.1104        0.1102      2.4869      0.1125      0.1123   1.0e-03    2.7s
    60        0.1104        0.1101      2.4932      0.1125      0.1123   1.0e-03    2.6s
    61        0.1104        0.1101      2.4879      0.1126      0.1123   1.0e-03    2.5s
    62        0.1102        0.1099      2.4783      0.1125      0.1123   1.0e-03    2.5s
    63        0.1101        0.1098      2.5088      0.1124      0.1121   1.0e-03    2.6s
    64        0.1101        0.1098      2.5104      0.1123      0.1121   1.0e-03    2.5s
    65        0.1100        0.1097      2.5085      0.1124      0.1121   1.0e-03    2.6s
    66        0.1098        0.1095      2.5098      0.1123      0.1120   1.0e-03    2.6s
    67        0.1098        0.1095      2.5276      0.1123      0.1120   1.0e-03    2.6s
    68        0.1096        0.1094      2.5137      0.1123      0.1120   1.0e-03    2.6s
    69        0.1096        0.1093      2.5204      0.1123      0.1120   1.0e-03    2.5s
    70        0.1096        0.1093      2.5290      0.1122      0.1119   1.0e-03    2.6s
    71        0.1095        0.1092      2.5242      0.1122      0.1120   1.0e-03    2.5s
    72        0.1094        0.1091      2.5332      0.1121      0.1119   1.0e-03    2.5s
    73        0.1093        0.1091      2.5170      0.1122      0.1119   1.0e-03    2.6s
    74        0.1093        0.1090      2.5414      0.1122      0.1119   1.0e-03    2.6s
    75        0.1091        0.1089      2.5449      0.1120      0.1118   1.0e-03    2.5s
    76        0.1091        0.1089      2.5417      0.1121      0.1119   1.0e-03    2.5s
    77        0.1091        0.1088      2.5390      0.1121      0.1118   1.0e-03    2.5s
    78        0.1089        0.1087      2.5424      0.1121      0.1118   1.0e-03    2.5s
    79        0.1090        0.1087      2.5620      0.1121      0.1119   1.0e-03    2.5s
    80        0.1088        0.1086      2.5535      0.1122      0.1120   1.0e-03    2.5s
    81        0.1089        0.1086      2.5416      0.1123      0.1120   5.0e-04    2.5s
    82        0.1084        0.1081      2.5268      0.1118      0.1116   5.0e-04    2.5s
    83        0.1083        0.1080      2.5646      0.1118      0.1115   5.0e-04    2.5s
    84        0.1082        0.1080      2.5521      0.1118      0.1116   5.0e-04    2.5s
    85        0.1081        0.1079      2.5607      0.1118      0.1116   5.0e-04    2.5s
    86        0.1081        0.1078      2.5686      0.1118      0.1116   5.0e-04    2.6s
    87        0.1080        0.1078      2.5534      0.1119      0.1116   5.0e-04    2.5s
    88        0.1080        0.1078      2.5679      0.1118      0.1116   5.0e-04    2.5s
    89        0.1080        0.1077      2.5775      0.1119      0.1116   2.5e-04    2.5s
    90        0.1077        0.1075      2.5714      0.1117      0.1114   2.5e-04    2.5s
    91        0.1077        0.1074      2.5716      0.1118      0.1115   2.5e-04    2.5s
    92        0.1076        0.1074      2.5703      0.1117      0.1115   2.5e-04    2.6s
    93        0.1077        0.1074      2.5742      0.1117      0.1115   2.5e-04    2.8s
    94        0.1077        0.1074      2.5892      0.1117      0.1114   2.5e-04    2.7s
    95        0.1075        0.1073      2.5865      0.1117      0.1114   2.5e-04    2.7s
    96        0.1076        0.1073      2.5776      0.1117      0.1115   1.3e-04    2.7s
    97        0.1075        0.1072      2.5786      0.1117      0.1114   1.3e-04    2.7s
    98        0.1073        0.1071      2.5906      0.1117      0.1114   1.3e-04    2.8s
    99        0.1074        0.1072      2.5802      0.1117      0.1114   1.3e-04    2.8s
   100        0.1074        0.1071      2.5810      0.1117      0.1114   1.3e-04    2.7s

Done. Best val loss: 0.1117
Checkpoints and logs saved to: /project/xuanyao/jiaming/deeplearning/results_papalexi_nobatch/beta1e-4_dim64
=== Analyze ===
Device: cpu
Loading data...
  20729 cells, 3725 genes, 34 perturbations
Log1p-normalizing...
  Filtering 1 cells with unknown perturbation.

Loading model from model_best.pt...

[1/4] Computing latent embeddings...
  Silhouette score (perturbation clusters, excl. NTC): -0.0390
Running UMAP (this may take a few minutes)...
UMAP(min_dist=0.3, n_jobs=1, n_neighbors=30, random_state=42, verbose=True)
Sat May 16 15:36:10 2026 Construct fuzzy simplicial set
Sat May 16 15:36:10 2026 Finding Nearest Neighbors
Sat May 16 15:36:10 2026 Building RP forest with 12 trees
Sat May 16 15:36:15 2026 NN descent for 14 iterations
	 1  /  14
	 2  /  14
	 3  /  14
	Stopping threshold met -- exiting after 3 iterations
Sat May 16 15:36:27 2026 Finished Nearest Neighbor Search
Sat May 16 15:36:31 2026 Construct embedding
	completed  0  /  200 epochs
	completed  20  /  200 epochs
	completed  40  /  200 epochs
	completed  60  /  200 epochs
	completed  80  /  200 epochs
	completed  100  /  200 epochs
	completed  120  /  200 epochs
	completed  140  /  200 epochs
	completed  160  /  200 epochs
	completed  180  /  200 epochs
Sat May 16 15:36:50 2026 Finished embedding
  Saved: /project/xuanyao/jiaming/deeplearning/results_papalexi_nobatch/beta1e-4_dim64/figures/umap_latent.png
  Saved covariate UMAPs: umap_n_nonzero.png, umap_n_umis.png, umap_lane.png, umap_bio_rep.png, umap_phase.png, umap_p_mito.png
Running expression-PCA UMAP for covariate verification...
  Saved expression UMAP covariates: umap_expr_n_nonzero.png, umap_expr_n_umis.png, umap_expr_lane.png, umap_expr_bio_rep.png, umap_expr_phase.png, umap_expr_p_mito.png
  Saved: /project/xuanyao/jiaming/deeplearning/results_papalexi_nobatch/beta1e-4_dim64/figures/umap_per_perturbation.png

[2/4] Computing perturbation response scores (decode Δ vs NTC avg of 9 guides: ['NTg1', 'NTg10', 'NTg2', 'NTg3', 'NTg4']...)...
  NTg1                 (  303 cells) response range: [-0.025, 0.023] [NTC]
  NTg10                (  235 cells) response range: [-0.025, 0.047] [NTC]
  NTg2                 (  106 cells) response range: [-0.069, 0.057] [NTC]
  NTg3                 (  244 cells) response range: [-0.025, 0.022] [NTC]
  NTg4                 (  431 cells) response range: [-0.025, 0.086] [NTC]
  NTg5                 (  305 cells) response range: [-0.034, 0.040] [NTC]
  NTg7                 (  445 cells) response range: [-0.031, 0.042] [NTC]
  NTg8                 (   56 cells) response range: [-0.074, 0.039] [NTC]
  NTg9                 (  261 cells) response range: [-0.023, 0.027] [NTC]
  tar-ATF2             ( 1102 cells) response range: [-0.022, 0.026]
  tar-BRD4             (  341 cells) response range: [-0.213, 0.157]
  tar-CAV1             (  882 cells) response range: [-0.018, 0.031]
  tar-CD86             ( 1197 cells) response range: [-0.018, 0.033]
  tar-CMTM6            (  817 cells) response range: [-0.029, 0.033]
  tar-CUL3             (  274 cells) response range: [-0.073, 0.110]
  tar-ETV7             (  841 cells) response range: [-0.022, 0.048]
  tar-IFNGR1           ( 1341 cells) response range: [-0.595, 0.204]
  tar-IFNGR2           ( 1213 cells) response range: [-0.619, 0.225]
  tar-IRF1             ( 1073 cells) response range: [-0.727, 0.508]
  tar-IRF7             (  614 cells) response range: [-0.022, 0.060]
  tar-JAK2             ( 1024 cells) response range: [-0.687, 0.234]
  tar-MARCH8           ( 1003 cells) response range: [-0.022, 0.029]
  tar-MYC              (  108 cells) response range: [-0.122, 0.071]
  tar-NFKBIA           (  787 cells) response range: [-0.051, 0.038]
  tar-PDCD1LG2         (  617 cells) response range: [-0.024, 0.033]
  tar-POU2F2           (  662 cells) response range: [-0.029, 0.035]
  tar-SMAD4            (  659 cells) response range: [-0.523, 0.348]
  tar-SPI1             (   48 cells) response range: [-0.090, 0.120]
  tar-STAT1            (  444 cells) response range: [-0.544, 0.223]
  tar-STAT2            (  661 cells) response range: [-0.382, 0.085]
  tar-STAT3            (  493 cells) response range: [-0.018, 0.033]
  tar-STAT5A           (  659 cells) response range: [-0.025, 0.023]
  tar-TNFRSF14         (  964 cells) response range: [-0.030, 0.032]
  tar-UBE2L6           (  518 cells) response range: [-0.023, 0.051]
  NTC null: mean |response| per gene = 0.0020  std across NTC guides = 0.0024
  Saved: /project/xuanyao/jiaming/deeplearning/results_papalexi_nobatch/beta1e-4_dim64/response_scores.csv
  Saved: /project/xuanyao/jiaming/deeplearning/results_papalexi_nobatch/beta1e-4_dim64/figures/gene_response_heatmap.png
  Saved: /project/xuanyao/jiaming/deeplearning/results_papalexi_nobatch/beta1e-4_dim64/figures/effect_size_vs_null.png
  NTC noise floor (mean+2SD): 0.0030
  Saved: /project/xuanyao/jiaming/deeplearning/results_papalexi_nobatch/beta1e-4_dim64/figures/top_genes_per_pert.png

[3/4] Clustering perturbations by response vectors...
  Saved: /project/xuanyao/jiaming/deeplearning/results_papalexi_nobatch/beta1e-4_dim64/figures/perturbation_clustermap.png

[4/4] Running hallmark pathway enrichment...
  Saved: /project/xuanyao/jiaming/deeplearning/results_papalexi_nobatch/beta1e-4_dim64/figures/pathway_enrichment.png

[Bonus] Comparing CVAE response vs naive differential expression...
  Mean Spearman ρ (CVAE vs DE): 0.564
  Mean top-20 gene overlap:     7.5/20
  Saved: /project/xuanyao/jiaming/deeplearning/results_papalexi_nobatch/beta1e-4_dim64/cvae_vs_de_comparison.csv

All figures saved to: /project/xuanyao/jiaming/deeplearning/results_papalexi_nobatch/beta1e-4_dim64/figures
Done!
Done: beta1e-4_dim64
