=== Train: beta=1.0 latent_dim=64 (no phase) ===
Device: cpu
Loading data...
  20729 cells, 3725 genes, 35 perturbations
  Filtering 1 cells with unknown perturbation assignment.
  Extra covariates: 14 dims (3 continuous + 11 categorical OHE)
Log1p-normalizing expression data...
  Train: 17635 cells | Val: 3093 cells

Model: 3725 genes | 34 perturbations | latent_dim=64
  Trainable parameters: 9,064,717

Training for up to 100 epochs (early stop patience=15)...

 Epoch   Train Total   Train Recon    Train KL   Val Total   Val Recon        LR    Time
------------------------------------------------------------------------------------------
     1        0.2191        0.1988      0.0203      0.1446      0.1444   1.0e-03    2.5s
     2        0.1542        0.1495      0.0047      0.1435      0.1435   1.0e-03    2.6s
     3        0.1493        0.1464      0.0029      0.1436      0.1436   1.0e-03    2.6s
     4        0.1464        0.1449      0.0015      0.1428      0.1427   1.0e-03    2.7s
     5        0.1438        0.1432      0.0006      0.1428      0.1428   1.0e-03    2.7s
     6        0.1415        0.1413      0.0002      0.1413      0.1413   1.0e-03    2.6s
     7        0.1397        0.1396      0.0001      0.1399      0.1399   1.0e-03    2.7s
     8        0.1383        0.1383      0.0000      0.1393      0.1393   1.0e-03    2.7s
     9        0.1375        0.1375      0.0000      0.1387      0.1387   1.0e-03    2.7s
    10        0.1366        0.1366      0.0000      0.1380      0.1379   1.0e-03    2.8s
    11        0.1358        0.1358      0.0000      0.1372      0.1372   1.0e-03    2.7s
    12        0.1353        0.1353      0.0000      0.1369      0.1369   1.0e-03    2.7s
    13        0.1351        0.1351      0.0000      0.1365      0.1365   1.0e-03    2.7s
    14        0.1346        0.1346      0.0000      0.1364      0.1364   1.0e-03    2.7s
    15        0.1344        0.1344      0.0000      0.1361      0.1361   1.0e-03    2.8s
    16        0.1343        0.1343      0.0000      0.1364      0.1364   1.0e-03    2.7s
    17        0.1341        0.1341      0.0000      0.1359      0.1359   1.0e-03    2.7s
    18        0.1339        0.1339      0.0000      0.1358      0.1358   1.0e-03    2.8s
    19        0.1339        0.1339      0.0000      0.1356      0.1356   1.0e-03    2.8s
    20        0.1338        0.1338      0.0000      0.1353      0.1353   1.0e-03    2.9s
    21        0.1336        0.1336      0.0000      0.1353      0.1353   1.0e-03    2.9s
    22        0.1335        0.1335      0.0000      0.1352      0.1352   1.0e-03    3.0s
    23        0.1333        0.1333      0.0000      0.1352      0.1352   1.0e-03    3.0s
    24        0.1332        0.1332      0.0000      0.1351      0.1351   1.0e-03    2.8s
    25        0.1331        0.1331      0.0000      0.1350      0.1349   1.0e-03    2.8s
    26        0.1332        0.1332      0.0000      0.1348      0.1348   1.0e-03    2.8s
    27        0.1330        0.1330      0.0000      0.1348      0.1348   1.0e-03    2.8s
    28        0.1329        0.1329      0.0000      0.1348      0.1348   1.0e-03    2.9s
    29        0.1330        0.1330      0.0000      0.1347      0.1346   1.0e-03    3.0s
    30        0.1328        0.1328      0.0000      0.1345      0.1345   1.0e-03    3.0s
    31        0.1327        0.1327      0.0000      0.1346      0.1346   1.0e-03    3.0s
    32        0.1327        0.1327      0.0000      0.1344      0.1344   1.0e-03    2.9s
    33        0.1326        0.1326      0.0000      0.1345      0.1345   1.0e-03    3.0s
    34        0.1325        0.1325      0.0000      0.1344      0.1344   1.0e-03    2.9s
    35        0.1325        0.1325      0.0000      0.1344      0.1344   1.0e-03    3.0s
    36        0.1324        0.1324      0.0000      0.1343      0.1343   1.0e-03    2.9s
    37        0.1323        0.1323      0.0000      0.1344      0.1344   1.0e-03    2.9s
    38        0.1323        0.1323      0.0000      0.1343      0.1343   1.0e-03    3.0s
    39        0.1324        0.1324      0.0000      0.1343      0.1343   1.0e-03    2.9s
    40        0.1322        0.1322      0.0000      0.1342      0.1342   1.0e-03    2.9s
    41        0.1322        0.1322      0.0000      0.1342      0.1342   1.0e-03    3.0s
    42        0.1322        0.1322      0.0000      0.1342      0.1342   1.0e-03    2.9s
    43        0.1322        0.1322      0.0000      0.1342      0.1342   1.0e-03    3.0s
    44        0.1321        0.1321      0.0000      0.1342      0.1342   1.0e-03    2.9s
    45        0.1320        0.1320      0.0000      0.1342      0.1342   1.0e-03    2.8s
    46        0.1320        0.1320      0.0000      0.1341      0.1341   1.0e-03    2.8s
    47        0.1320        0.1320      0.0000      0.1342      0.1342   1.0e-03    2.8s
    48        0.1320        0.1320      0.0000      0.1342      0.1342   1.0e-03    2.8s
    49        0.1319        0.1319      0.0000      0.1342      0.1342   1.0e-03    2.9s
    50        0.1318        0.1318      0.0000      0.1341      0.1341   1.0e-03    2.8s
    51        0.1318        0.1318      0.0000      0.1342      0.1342   1.0e-03    2.8s
    52        0.1319        0.1319      0.0000      0.1344      0.1344   1.0e-03    2.8s
    53        0.1317        0.1317      0.0000      0.1342      0.1342   1.0e-03    2.8s
    54        0.1317        0.1317      0.0000      0.1343      0.1343   1.0e-03    2.9s
    55        0.1317        0.1317      0.0000      0.1344      0.1344   1.0e-03    2.8s
    56        0.1317        0.1317      0.0000      0.1342      0.1342   5.0e-04    2.8s
    57        0.1313        0.1313      0.0000      0.1341      0.1341   5.0e-04    2.7s
    58        0.1313        0.1313      0.0000      0.1341      0.1341   5.0e-04    2.8s
    59        0.1312        0.1312      0.0000      0.1342      0.1342   5.0e-04    2.8s
    60        0.1313        0.1313      0.0000      0.1342      0.1342   5.0e-04    2.9s
    61        0.1311        0.1311      0.0000      0.1341      0.1341   5.0e-04    2.8s
    62        0.1312        0.1312      0.0000      0.1342      0.1341   2.5e-04    2.8s
    63        0.1310        0.1310      0.0000      0.1341      0.1341   2.5e-04    2.7s
    64        0.1309        0.1309      0.0000      0.1341      0.1341   2.5e-04    2.8s
    65        0.1309        0.1309      0.0000      0.1341      0.1341   2.5e-04    2.8s
    66        0.1309        0.1309      0.0000      0.1341      0.1341   2.5e-04    2.7s
    67        0.1309        0.1309      0.0000      0.1341      0.1341   2.5e-04    2.8s
    68        0.1309        0.1309      0.0000      0.1341      0.1341   2.5e-04    2.8s
    69        0.1310        0.1310      0.0000      0.1342      0.1342   2.5e-04    2.7s
    70        0.1308        0.1308      0.0000      0.1341      0.1341   2.5e-04    2.8s
    71        0.1308        0.1308      0.0000      0.1342      0.1342   1.3e-04    2.8s
    72        0.1308        0.1308      0.0000      0.1341      0.1341   1.3e-04    2.7s
    73        0.1307        0.1307      0.0000      0.1341      0.1341   1.3e-04    2.8s
    74        0.1307        0.1307      0.0000      0.1341      0.1341   1.3e-04    2.8s
    75        0.1307        0.1307      0.0000      0.1341      0.1341   1.3e-04    2.8s
    76        0.1307        0.1307      0.0000      0.1341      0.1341   1.3e-04    2.8s
    77        0.1307        0.1307      0.0000      0.1341      0.1341   6.3e-05    2.7s
    78        0.1306        0.1306      0.0000      0.1341      0.1341   6.3e-05    2.7s
    79        0.1306        0.1306      0.0000      0.1341      0.1341   6.3e-05    2.8s
    80        0.1306        0.1306      0.0000      0.1341      0.1341   6.3e-05    2.7s

Early stopping at epoch 80 (no improvement for 15 epochs)

Done. Best val loss: 0.1341
Checkpoints and logs saved to: /project/xuanyao/jiaming/deeplearning/results_papalexi_nophase/beta1.0_dim64
=== Analyze ===
Device: cpu
Loading data...
  20729 cells, 3725 genes, 34 perturbations
Log1p-normalizing...
  Filtering 1 cells with unknown perturbation.

Loading model from model_best.pt...

[1/4] Computing latent embeddings...
  Silhouette score (perturbation clusters, excl. NTC): -0.1321
Running UMAP (this may take a few minutes)...
UMAP(min_dist=0.3, n_jobs=1, n_neighbors=30, random_state=42, verbose=True)
Sat May 16 15:34:10 2026 Construct fuzzy simplicial set
Sat May 16 15:34:10 2026 Finding Nearest Neighbors
Sat May 16 15:34:10 2026 Building RP forest with 12 trees
Sat May 16 15:34:15 2026 NN descent for 14 iterations
	 1  /  14
	 2  /  14
	 3  /  14
	Stopping threshold met -- exiting after 3 iterations
Sat May 16 15:34:28 2026 Finished Nearest Neighbor Search
Sat May 16 15:34:32 2026 Construct embedding
	completed  0  /  200 epochs
	completed  20  /  200 epochs
	completed  40  /  200 epochs
	completed  60  /  200 epochs
	completed  80  /  200 epochs
	completed  100  /  200 epochs
	completed  120  /  200 epochs
	completed  140  /  200 epochs
	completed  160  /  200 epochs
	completed  180  /  200 epochs
Sat May 16 15:34:51 2026 Finished embedding
  Saved: /project/xuanyao/jiaming/deeplearning/results_papalexi_nophase/beta1.0_dim64/figures/umap_latent.png
  Saved covariate UMAPs: umap_n_nonzero.png, umap_n_umis.png, umap_lane.png, umap_bio_rep.png, umap_phase.png, umap_p_mito.png
Running expression-PCA UMAP for covariate verification...
  Saved expression UMAP covariates: umap_expr_n_nonzero.png, umap_expr_n_umis.png, umap_expr_lane.png, umap_expr_bio_rep.png, umap_expr_phase.png, umap_expr_p_mito.png
  Saved: /project/xuanyao/jiaming/deeplearning/results_papalexi_nophase/beta1.0_dim64/figures/umap_per_perturbation.png

[2/4] Computing perturbation response scores (decode Δ vs NTC avg of 9 guides: ['NTg1', 'NTg10', 'NTg2', 'NTg3', 'NTg4']...)...
  NTg1                 (  303 cells) response range: [-0.159, 0.087] [NTC]
  NTg10                (  235 cells) response range: [-0.047, 0.044] [NTC]
  NTg2                 (  106 cells) response range: [-0.101, 0.052] [NTC]
  NTg3                 (  244 cells) response range: [-0.076, 0.095] [NTC]
  NTg4                 (  431 cells) response range: [-0.042, 0.051] [NTC]
  NTg5                 (  305 cells) response range: [-0.062, 0.048] [NTC]
  NTg7                 (  445 cells) response range: [-0.052, 0.033] [NTC]
  NTg8                 (   56 cells) response range: [-0.026, 0.056] [NTC]
  NTg9                 (  261 cells) response range: [-0.038, 0.049] [NTC]
  tar-ATF2             ( 1102 cells) response range: [-0.020, 0.033]
  tar-BRD4             (  341 cells) response range: [-0.281, 0.247]
  tar-CAV1             (  882 cells) response range: [-0.032, 0.025]
  tar-CD86             ( 1197 cells) response range: [-0.061, 0.031]
  tar-CMTM6            (  817 cells) response range: [-0.048, 0.030]
  tar-CUL3             (  274 cells) response range: [-0.248, 0.287]
  tar-ETV7             (  841 cells) response range: [-0.043, 0.121]
  tar-IFNGR1           ( 1341 cells) response range: [-1.645, 0.567]
  tar-IFNGR2           ( 1213 cells) response range: [-1.694, 0.552]
  tar-IRF1             ( 1073 cells) response range: [-0.907, 0.756]
  tar-IRF7             (  614 cells) response range: [-0.070, 0.044]
  tar-JAK2             ( 1024 cells) response range: [-1.810, 0.620]
  tar-MARCH8           ( 1003 cells) response range: [-0.069, 0.050]
  tar-MYC              (  108 cells) response range: [-0.183, 0.385]
  tar-NFKBIA           (  787 cells) response range: [-0.101, 0.082]
  tar-PDCD1LG2         (  617 cells) response range: [-0.050, 0.047]
  tar-POU2F2           (  662 cells) response range: [-0.045, 0.072]
  tar-SMAD4            (  659 cells) response range: [-1.008, 0.523]
  tar-SPI1             (   48 cells) response range: [-0.153, 0.078]
  tar-STAT1            (  444 cells) response range: [-1.740, 0.611]
  tar-STAT2            (  661 cells) response range: [-0.860, 0.198]
  tar-STAT3            (  493 cells) response range: [-0.076, 0.071]
  tar-STAT5A           (  659 cells) response range: [-0.078, 0.051]
  tar-TNFRSF14         (  964 cells) response range: [-0.056, 0.038]
  tar-UBE2L6           (  518 cells) response range: [-0.036, 0.050]
  NTC null: mean |response| per gene = 0.0042  std across NTC guides = 0.0050
  Saved: /project/xuanyao/jiaming/deeplearning/results_papalexi_nophase/beta1.0_dim64/response_scores.csv
  Saved: /project/xuanyao/jiaming/deeplearning/results_papalexi_nophase/beta1.0_dim64/figures/gene_response_heatmap.png
  Saved: /project/xuanyao/jiaming/deeplearning/results_papalexi_nophase/beta1.0_dim64/figures/effect_size_vs_null.png
  NTC noise floor (mean+2SD): 0.0058
  Saved: /project/xuanyao/jiaming/deeplearning/results_papalexi_nophase/beta1.0_dim64/figures/top_genes_per_pert.png

[3/4] Clustering perturbations by response vectors...
  Saved: /project/xuanyao/jiaming/deeplearning/results_papalexi_nophase/beta1.0_dim64/figures/perturbation_clustermap.png

[4/4] Running hallmark pathway enrichment...
  Saved: /project/xuanyao/jiaming/deeplearning/results_papalexi_nophase/beta1.0_dim64/figures/pathway_enrichment.png

[Bonus] Comparing CVAE response vs naive differential expression...
  Mean Spearman ρ (CVAE vs DE): 0.549
  Mean top-20 gene overlap:     7.0/20
  Saved: /project/xuanyao/jiaming/deeplearning/results_papalexi_nophase/beta1.0_dim64/cvae_vs_de_comparison.csv

All figures saved to: /project/xuanyao/jiaming/deeplearning/results_papalexi_nophase/beta1.0_dim64/figures
Done!
Done: beta1.0_dim64
