=== Train: beta=1.0 latent_dim=256 (no perturbation) ===
Device: cpu
Loading data...
  20729 cells, 3725 genes, 35 perturbations
  Filtering 1 cells with unknown perturbation assignment.
  Extra covariates: 17 dims (3 continuous + 14 categorical OHE)
Log1p-normalizing expression data...
  Train: 17635 cells | Val: 3093 cells

Model: 3725 genes | 34 perturbations | latent_dim=256
  Trainable parameters: 9,216,397

Training for up to 100 epochs (early stop patience=15)...

 Epoch   Train Total   Train Recon    Train KL   Val Total   Val Recon        LR    Time
------------------------------------------------------------------------------------------
     1        0.2182        0.1988      0.0194      0.1450      0.1447   1.0e-03    2.9s
     2        0.1536        0.1493      0.0043      0.1436      0.1436   1.0e-03    3.1s
     3        0.1497        0.1469      0.0028      0.1447      0.1447   1.0e-03    3.0s
     4        0.1467        0.1450      0.0017      0.1450      0.1450   1.0e-03    3.0s
     5        0.1446        0.1438      0.0008      0.1443      0.1443   1.0e-03    3.1s
     6        0.1429        0.1426      0.0003      0.1424      0.1424   1.0e-03    3.0s
     7        0.1405        0.1403      0.0001      0.1429      0.1429   1.0e-03    3.1s
     8        0.1391        0.1391      0.0001      0.1415      0.1414   1.0e-03    3.2s
     9        0.1384        0.1384      0.0001      0.1416      0.1416   1.0e-03    3.2s
    10        0.1379        0.1379      0.0000      0.1405      0.1404   1.0e-03    3.1s
    11        0.1375        0.1374      0.0000      0.1402      0.1402   1.0e-03    3.1s
    12        0.1369        0.1369      0.0000      0.1392      0.1392   1.0e-03    3.1s
    13        0.1364        0.1363      0.0000      0.1391      0.1391   1.0e-03    3.1s
    14        0.1361        0.1360      0.0000      0.1381      0.1380   1.0e-03    3.0s
    15        0.1358        0.1358      0.0000      0.1376      0.1375   1.0e-03    3.1s
    16        0.1355        0.1354      0.0000      0.1375      0.1375   1.0e-03    3.1s
    17        0.1352        0.1352      0.0000      0.1372      0.1372   1.0e-03    3.0s
    18        0.1351        0.1351      0.0000      0.1368      0.1368   1.0e-03    3.1s
    19        0.1349        0.1349      0.0000      0.1369      0.1369   1.0e-03    3.3s
    20        0.1347        0.1347      0.0000      0.1365      0.1365   1.0e-03    3.2s
    21        0.1346        0.1346      0.0000      0.1365      0.1365   1.0e-03    3.3s
    22        0.1345        0.1345      0.0000      0.1364      0.1364   1.0e-03    3.2s
    23        0.1343        0.1343      0.0000      0.1362      0.1362   1.0e-03    3.2s
    24        0.1343        0.1343      0.0000      0.1362      0.1362   1.0e-03    3.1s
    25        0.1342        0.1342      0.0000      0.1361      0.1361   1.0e-03    3.2s
    26        0.1341        0.1341      0.0000      0.1360      0.1360   1.0e-03    3.2s
    27        0.1341        0.1341      0.0000      0.1360      0.1360   1.0e-03    3.2s
    28        0.1340        0.1340      0.0000      0.1358      0.1358   1.0e-03    3.1s
    29        0.1340        0.1339      0.0000      0.1360      0.1360   1.0e-03    3.2s
    30        0.1339        0.1339      0.0000      0.1357      0.1357   1.0e-03    3.2s
    31        0.1339        0.1338      0.0000      0.1356      0.1356   1.0e-03    3.2s
    32        0.1338        0.1338      0.0000      0.1357      0.1357   1.0e-03    3.2s
    33        0.1337        0.1337      0.0000      0.1357      0.1357   1.0e-03    3.2s
    34        0.1336        0.1336      0.0000      0.1356      0.1356   1.0e-03    3.2s
    35        0.1336        0.1336      0.0000      0.1353      0.1353   1.0e-03    3.1s
    36        0.1336        0.1336      0.0000      0.1354      0.1354   1.0e-03    3.2s
    37        0.1335        0.1335      0.0000      0.1356      0.1356   1.0e-03    3.2s
    38        0.1336        0.1336      0.0000      0.1355      0.1355   1.0e-03    3.1s
    39        0.1336        0.1336      0.0000      0.1353      0.1353   1.0e-03    3.2s
    40        0.1335        0.1335      0.0000      0.1355      0.1355   1.0e-03    3.1s
    41        0.1334        0.1334      0.0000      0.1355      0.1355   5.0e-04    3.1s
    42        0.1332        0.1332      0.0000      0.1352      0.1352   5.0e-04    3.2s
    43        0.1333        0.1333      0.0000      0.1353      0.1353   5.0e-04    3.3s
    44        0.1331        0.1331      0.0000      0.1351      0.1351   5.0e-04    3.1s
    45        0.1332        0.1332      0.0000      0.1352      0.1352   5.0e-04    3.1s
    46        0.1331        0.1331      0.0000      0.1351      0.1351   5.0e-04    3.2s
    47        0.1331        0.1331      0.0000      0.1351      0.1351   5.0e-04    3.2s
    48        0.1330        0.1330      0.0000      0.1352      0.1352   5.0e-04    3.3s
    49        0.1330        0.1330      0.0000      0.1352      0.1352   5.0e-04    3.2s
    50        0.1329        0.1329      0.0000      0.1351      0.1351   5.0e-04    3.2s
    51        0.1330        0.1330      0.0000      0.1352      0.1352   5.0e-04    3.2s
    52        0.1329        0.1329      0.0000      0.1351      0.1351   5.0e-04    3.2s
    53        0.1330        0.1330      0.0000      0.1351      0.1351   5.0e-04    3.2s
    54        0.1330        0.1330      0.0000      0.1351      0.1351   5.0e-04    3.1s
    55        0.1330        0.1330      0.0000      0.1351      0.1351   5.0e-04    3.1s
    56        0.1329        0.1329      0.0000      0.1351      0.1351   5.0e-04    3.1s
    57        0.1329        0.1329      0.0000      0.1351      0.1351   5.0e-04    3.1s
    58        0.1329        0.1329      0.0000      0.1350      0.1350   5.0e-04    3.2s
    59        0.1329        0.1329      0.0000      0.1351      0.1351   5.0e-04    3.1s
    60        0.1328        0.1328      0.0000      0.1350      0.1350   5.0e-04    3.2s
    61        0.1328        0.1328      0.0000      0.1350      0.1350   5.0e-04    3.1s
    62        0.1328        0.1328      0.0000      0.1350      0.1350   5.0e-04    3.2s
    63        0.1329        0.1329      0.0000      0.1350      0.1350   5.0e-04    3.1s
    64        0.1328        0.1328      0.0000      0.1349      0.1349   5.0e-04    3.1s
    65        0.1328        0.1328      0.0000      0.1350      0.1350   5.0e-04    3.2s
    66        0.1327        0.1327      0.0000      0.1349      0.1349   5.0e-04    3.1s
    67        0.1328        0.1328      0.0000      0.1350      0.1350   5.0e-04    3.2s
    68        0.1328        0.1328      0.0000      0.1349      0.1349   5.0e-04    3.1s
    69        0.1328        0.1328      0.0000      0.1349      0.1349   5.0e-04    3.1s
    70        0.1328        0.1328      0.0000      0.1350      0.1350   5.0e-04    3.1s
    71        0.1327        0.1327      0.0000      0.1350      0.1350   5.0e-04    3.1s
    72        0.1327        0.1327      0.0000      0.1348      0.1348   5.0e-04    3.1s
    73        0.1327        0.1327      0.0000      0.1349      0.1349   5.0e-04    3.1s
    74        0.1326        0.1326      0.0000      0.1349      0.1349   5.0e-04    3.1s
    75        0.1328        0.1327      0.0000      0.1349      0.1349   5.0e-04    3.1s
    76        0.1326        0.1326      0.0000      0.1350      0.1350   5.0e-04    3.1s
    77        0.1327        0.1327      0.0000      0.1349      0.1349   5.0e-04    3.1s
    78        0.1327        0.1327      0.0000      0.1349      0.1349   2.5e-04    3.0s
    79        0.1326        0.1326      0.0000      0.1349      0.1349   2.5e-04    2.8s
    80        0.1324        0.1324      0.0000      0.1349      0.1349   2.5e-04    2.9s
    81        0.1325        0.1325      0.0000      0.1349      0.1349   2.5e-04    2.9s
    82        0.1325        0.1325      0.0000      0.1349      0.1349   2.5e-04    2.9s
    83        0.1324        0.1324      0.0000      0.1348      0.1348   2.5e-04    2.9s
    84        0.1325        0.1325      0.0000      0.1349      0.1349   1.3e-04    2.9s
    85        0.1323        0.1323      0.0000      0.1349      0.1349   1.3e-04    2.9s
    86        0.1324        0.1324      0.0000      0.1349      0.1349   1.3e-04    2.9s
    87        0.1323        0.1323      0.0000      0.1348      0.1348   1.3e-04    2.9s

Early stopping at epoch 87 (no improvement for 15 epochs)

Done. Best val loss: 0.1348
Checkpoints and logs saved to: /project/xuanyao/jiaming/deeplearning/results_papalexi_no_pert/beta1.0_dim256
=== Analyze ===
Device: cpu
Loading data...
  20729 cells, 3725 genes, 34 perturbations
Log1p-normalizing...
  Filtering 1 cells with unknown perturbation.

Loading model from model_best.pt...

[1/4] Computing latent embeddings...
  Silhouette score (perturbation clusters, excl. NTC): -0.1291
Running UMAP (this may take a few minutes)...
UMAP(min_dist=0.3, n_jobs=1, n_neighbors=30, random_state=42, verbose=True)
Sat May 16 18:33:04 2026 Construct fuzzy simplicial set
Sat May 16 18:33:05 2026 Finding Nearest Neighbors
Sat May 16 18:33:05 2026 Building RP forest with 12 trees
Sat May 16 18:33:09 2026 NN descent for 14 iterations
	 1  /  14
	 2  /  14
	 3  /  14
	Stopping threshold met -- exiting after 3 iterations
Sat May 16 18:33:21 2026 Finished Nearest Neighbor Search
Sat May 16 18:33:24 2026 Construct embedding
	completed  0  /  200 epochs
	completed  20  /  200 epochs
	completed  40  /  200 epochs
	completed  60  /  200 epochs
	completed  80  /  200 epochs
	completed  100  /  200 epochs
	completed  120  /  200 epochs
	completed  140  /  200 epochs
	completed  160  /  200 epochs
	completed  180  /  200 epochs
Sat May 16 18:33:43 2026 Finished embedding
  Saved: /project/xuanyao/jiaming/deeplearning/results_papalexi_no_pert/beta1.0_dim256/figures/umap_latent.png
  Saved covariate UMAPs: umap_n_nonzero.png, umap_n_umis.png, umap_lane.png, umap_bio_rep.png, umap_phase.png, umap_p_mito.png
Running expression-PCA UMAP for covariate verification...
  Saved expression UMAP covariates: umap_expr_n_nonzero.png, umap_expr_n_umis.png, umap_expr_lane.png, umap_expr_bio_rep.png, umap_expr_phase.png, umap_expr_p_mito.png
  Saved: /project/xuanyao/jiaming/deeplearning/results_papalexi_no_pert/beta1.0_dim256/figures/umap_per_perturbation.png

[2/4] Computing perturbation response scores (decode Δ vs NTC avg of 9 guides: ['NTg1', 'NTg10', 'NTg2', 'NTg3', 'NTg4']...)...
  NTg1                 (  303 cells) response range: [-0.009, 0.009] [NTC]
  NTg10                (  235 cells) response range: [-0.005, 0.006] [NTC]
  NTg2                 (  106 cells) response range: [-0.009, 0.009] [NTC]
  NTg3                 (  244 cells) response range: [-0.007, 0.005] [NTC]
  NTg4                 (  431 cells) response range: [-0.009, 0.009] [NTC]
  NTg5                 (  305 cells) response range: [-0.015, 0.021] [NTC]
  NTg7                 (  445 cells) response range: [-0.005, 0.005] [NTC]
  NTg8                 (   56 cells) response range: [-0.018, 0.014] [NTC]
  NTg9                 (  261 cells) response range: [-0.008, 0.015] [NTC]
  tar-ATF2             ( 1102 cells) response range: [-0.012, 0.019]
  tar-BRD4             (  341 cells) response range: [-0.020, 0.027]
  tar-CAV1             (  882 cells) response range: [-0.025, 0.036]
  tar-CD86             ( 1197 cells) response range: [-0.013, 0.018]
  tar-CMTM6            (  817 cells) response range: [-0.016, 0.025]
  tar-CUL3             (  274 cells) response range: [-0.022, 0.030]
  tar-ETV7             (  841 cells) response range: [-0.004, 0.005]
  tar-IFNGR1           ( 1341 cells) response range: [-0.006, 0.004]
  tar-IFNGR2           ( 1213 cells) response range: [-0.010, 0.008]
  tar-IRF1             ( 1073 cells) response range: [-0.005, 0.005]
  tar-IRF7             (  614 cells) response range: [-0.032, 0.042]
  tar-JAK2             ( 1024 cells) response range: [-0.004, 0.005]
  tar-MARCH8           ( 1003 cells) response range: [-0.008, 0.013]
  tar-MYC              (  108 cells) response range: [-0.002, 0.004]
  tar-NFKBIA           (  787 cells) response range: [-0.016, 0.028]
  tar-PDCD1LG2         (  617 cells) response range: [-0.012, 0.017]
  tar-POU2F2           (  662 cells) response range: [-0.008, 0.017]
  tar-SMAD4            (  659 cells) response range: [-0.010, 0.005]
  tar-SPI1             (   48 cells) response range: [-0.010, 0.017]
  tar-STAT1            (  444 cells) response range: [-0.022, 0.038]
  tar-STAT2            (  661 cells) response range: [-0.009, 0.013]
  tar-STAT3            (  493 cells) response range: [-0.023, 0.037]
  tar-STAT5A           (  659 cells) response range: [-0.010, 0.009]
  tar-TNFRSF14         (  964 cells) response range: [-0.018, 0.024]
  tar-UBE2L6           (  518 cells) response range: [-0.008, 0.005]
  NTC null: mean |response| per gene = 0.0006  std across NTC guides = 0.0007
  Saved: /project/xuanyao/jiaming/deeplearning/results_papalexi_no_pert/beta1.0_dim256/response_scores.csv
  Saved: /project/xuanyao/jiaming/deeplearning/results_papalexi_no_pert/beta1.0_dim256/figures/gene_response_heatmap.png
  Saved: /project/xuanyao/jiaming/deeplearning/results_papalexi_no_pert/beta1.0_dim256/figures/effect_size_vs_null.png
  NTC noise floor (mean+2SD): 0.0011
  Saved: /project/xuanyao/jiaming/deeplearning/results_papalexi_no_pert/beta1.0_dim256/figures/top_genes_per_pert.png

[3/4] Clustering perturbations by response vectors...
  Saved: /project/xuanyao/jiaming/deeplearning/results_papalexi_no_pert/beta1.0_dim256/figures/perturbation_clustermap.png

[4/4] Running hallmark pathway enrichment...
  Saved: /project/xuanyao/jiaming/deeplearning/results_papalexi_no_pert/beta1.0_dim256/figures/pathway_enrichment.png

[Bonus] Comparing CVAE response vs naive differential expression...
  Mean Spearman ρ (CVAE vs DE): 0.500
  Mean top-20 gene overlap:     2.5/20
  Saved: /project/xuanyao/jiaming/deeplearning/results_papalexi_no_pert/beta1.0_dim256/cvae_vs_de_comparison.csv

All figures saved to: /project/xuanyao/jiaming/deeplearning/results_papalexi_no_pert/beta1.0_dim256/figures
Done!
Done: beta1.0_dim256
