=== Train: beta=0.01 latent_dim=256 (no perturbation) ===
Device: cpu
Loading data...
  20729 cells, 3725 genes, 35 perturbations
  Filtering 1 cells with unknown perturbation assignment.
  Extra covariates: 17 dims (3 continuous + 14 categorical OHE)
Log1p-normalizing expression data...
  Train: 17635 cells | Val: 3093 cells

Model: 3725 genes | 34 perturbations | latent_dim=256
  Trainable parameters: 9,216,397

Training for up to 100 epochs (early stop patience=15)...

 Epoch   Train Total   Train Recon    Train KL   Val Total   Val Recon        LR    Time
------------------------------------------------------------------------------------------
     1        0.1968        0.1952      0.1608      0.1450      0.1446   1.0e-03    2.8s
     2        0.1491        0.1489      0.0236      0.1435      0.1434   1.0e-03    3.0s
     3        0.1467        0.1466      0.0121      0.1429      0.1429   1.0e-03    2.9s
     4        0.1447        0.1446      0.0089      0.1429      0.1429   1.0e-03    3.0s
     5        0.1433        0.1432      0.0073      0.1421      0.1421   1.0e-03    2.9s
     6        0.1412        0.1411      0.0093      0.1419      0.1419   1.0e-03    3.0s
     7        0.1394        0.1393      0.0069      0.1412      0.1412   1.0e-03    3.0s
     8        0.1371        0.1368      0.0259      0.1376      0.1373   1.0e-03    2.9s
     9        0.1350        0.1347      0.0319      0.1351      0.1348   1.0e-03    2.9s
    10        0.1334        0.1331      0.0356      0.1347      0.1343   1.0e-03    2.9s
    11        0.1324        0.1320      0.0417      0.1322      0.1318   1.0e-03    2.9s
    12        0.1314        0.1309      0.0510      0.1313      0.1308   1.0e-03    3.0s
    13        0.1299        0.1293      0.0625      0.1294      0.1288   1.0e-03    2.9s
    14        0.1282        0.1275      0.0636      0.1279      0.1273   1.0e-03    2.9s
    15        0.1273        0.1266      0.0695      0.1272      0.1265   1.0e-03    3.0s
    16        0.1264        0.1257      0.0728      0.1263      0.1256   1.0e-03    2.9s
    17        0.1259        0.1251      0.0735      0.1255      0.1248   1.0e-03    2.9s
    18        0.1254        0.1246      0.0748      0.1253      0.1245   1.0e-03    3.0s
    19        0.1248        0.1241      0.0751      0.1248      0.1241   1.0e-03    3.0s
    20        0.1243        0.1235      0.0772      0.1244      0.1237   1.0e-03    3.0s
    21        0.1239        0.1231      0.0791      0.1235      0.1227   1.0e-03    3.1s
    22        0.1233        0.1225      0.0813      0.1230      0.1222   1.0e-03    3.0s
    23        0.1225        0.1217      0.0837      0.1223      0.1215   1.0e-03    3.0s
    24        0.1220        0.1212      0.0862      0.1216      0.1208   1.0e-03    3.0s
    25        0.1216        0.1207      0.0865      0.1215      0.1206   1.0e-03    3.0s
    26        0.1211        0.1203      0.0873      0.1212      0.1203   1.0e-03    2.9s
    27        0.1207        0.1198      0.0904      0.1204      0.1196   1.0e-03    3.0s
    28        0.1203        0.1194      0.0919      0.1201      0.1192   1.0e-03    3.0s
    29        0.1200        0.1191      0.0920      0.1199      0.1190   1.0e-03    3.1s
    30        0.1196        0.1187      0.0908      0.1195      0.1187   1.0e-03    3.0s
    31        0.1193        0.1184      0.0912      0.1196      0.1187   1.0e-03    3.0s
    32        0.1191        0.1182      0.0893      0.1193      0.1184   1.0e-03    2.9s
    33        0.1189        0.1180      0.0888      0.1192      0.1183   1.0e-03    3.1s
    34        0.1186        0.1178      0.0882      0.1190      0.1181   1.0e-03    3.0s
    35        0.1184        0.1175      0.0871      0.1188      0.1179   1.0e-03    3.0s
    36        0.1183        0.1174      0.0866      0.1186      0.1178   1.0e-03    2.9s
    37        0.1180        0.1171      0.0862      0.1184      0.1176   1.0e-03    2.9s
    38        0.1177        0.1169      0.0864      0.1182      0.1174   1.0e-03    2.9s
    39        0.1175        0.1167      0.0862      0.1180      0.1172   1.0e-03    3.0s
    40        0.1174        0.1165      0.0848      0.1178      0.1170   1.0e-03    2.9s
    41        0.1171        0.1163      0.0848      0.1177      0.1168   1.0e-03    2.9s
    42        0.1169        0.1161      0.0855      0.1176      0.1167   1.0e-03    2.9s
    43        0.1168        0.1160      0.0856      0.1174      0.1166   1.0e-03    2.9s
    44        0.1166        0.1157      0.0861      0.1174      0.1165   1.0e-03    2.9s
    45        0.1165        0.1156      0.0871      0.1172      0.1164   1.0e-03    3.0s
    46        0.1163        0.1154      0.0880      0.1173      0.1164   1.0e-03    2.9s
    47        0.1162        0.1153      0.0884      0.1171      0.1162   1.0e-03    2.9s
    48        0.1160        0.1151      0.0893      0.1170      0.1161   1.0e-03    3.0s
    49        0.1159        0.1150      0.0892      0.1170      0.1161   1.0e-03    3.0s
    50        0.1157        0.1148      0.0895      0.1169      0.1160   1.0e-03    3.0s
    51        0.1157        0.1148      0.0900      0.1168      0.1160   1.0e-03    3.0s
    52        0.1155        0.1146      0.0899      0.1170      0.1161   1.0e-03    3.0s
    53        0.1156        0.1147      0.0906      0.1167      0.1159   1.0e-03    3.0s
    54        0.1154        0.1145      0.0909      0.1167      0.1158   1.0e-03    3.0s
    55        0.1153        0.1144      0.0907      0.1167      0.1158   1.0e-03    2.9s
    56        0.1152        0.1143      0.0908      0.1168      0.1159   1.0e-03    2.9s
    57        0.1152        0.1143      0.0909      0.1166      0.1157   1.0e-03    2.9s
    58        0.1151        0.1142      0.0914      0.1166      0.1157   1.0e-03    2.9s
    59        0.1150        0.1141      0.0914      0.1166      0.1157   1.0e-03    3.0s
    60        0.1148        0.1139      0.0918      0.1166      0.1157   1.0e-03    3.0s
    61        0.1148        0.1139      0.0920      0.1166      0.1157   1.0e-03    3.0s
    62        0.1147        0.1138      0.0918      0.1165      0.1156   1.0e-03    3.0s
    63        0.1147        0.1138      0.0918      0.1164      0.1155   1.0e-03    2.9s
    64        0.1146        0.1136      0.0912      0.1164      0.1155   1.0e-03    2.9s
    65        0.1145        0.1136      0.0915      0.1164      0.1155   1.0e-03    2.9s
    66        0.1143        0.1134      0.0917      0.1163      0.1155   1.0e-03    2.9s
    67        0.1143        0.1134      0.0914      0.1164      0.1155   1.0e-03    3.0s
    68        0.1143        0.1133      0.0916      0.1164      0.1155   1.0e-03    2.9s
    69        0.1142        0.1133      0.0917      0.1163      0.1154   1.0e-03    3.0s
    70        0.1141        0.1132      0.0920      0.1163      0.1154   1.0e-03    2.9s
    71        0.1140        0.1131      0.0921      0.1162      0.1153   1.0e-03    2.9s
    72        0.1140        0.1130      0.0922      0.1163      0.1154   1.0e-03    2.9s
    73        0.1139        0.1130      0.0924      0.1162      0.1153   1.0e-03    2.9s
    74        0.1137        0.1128      0.0921      0.1162      0.1153   1.0e-03    2.9s
    75        0.1138        0.1128      0.0922      0.1161      0.1152   1.0e-03    2.9s
    76        0.1136        0.1127      0.0921      0.1161      0.1152   1.0e-03    2.9s
    77        0.1136        0.1127      0.0921      0.1161      0.1152   1.0e-03    2.9s
    78        0.1135        0.1126      0.0924      0.1160      0.1151   1.0e-03    2.9s
    79        0.1135        0.1126      0.0919      0.1160      0.1151   1.0e-03    3.0s
    80        0.1134        0.1124      0.0927      0.1160      0.1151   1.0e-03    3.0s
    81        0.1134        0.1124      0.0923      0.1160      0.1151   1.0e-03    3.0s
    82        0.1133        0.1124      0.0923      0.1160      0.1151   1.0e-03    2.9s
    83        0.1132        0.1122      0.0926      0.1161      0.1152   1.0e-03    3.0s
    84        0.1132        0.1123      0.0931      0.1160      0.1151   5.0e-04    2.8s
    85        0.1127        0.1118      0.0927      0.1158      0.1149   5.0e-04    2.9s
    86        0.1126        0.1117      0.0930      0.1158      0.1149   5.0e-04    2.8s
    87        0.1125        0.1116      0.0930      0.1158      0.1149   5.0e-04    2.9s
    88        0.1125        0.1115      0.0930      0.1158      0.1149   5.0e-04    3.0s
    89        0.1124        0.1115      0.0931      0.1158      0.1149   5.0e-04    2.9s
    90        0.1124        0.1115      0.0934      0.1158      0.1149   5.0e-04    2.9s
    91        0.1124        0.1114      0.0935      0.1158      0.1149   5.0e-04    2.9s
    92        0.1122        0.1113      0.0935      0.1158      0.1149   5.0e-04    2.9s
    93        0.1123        0.1114      0.0936      0.1158      0.1149   5.0e-04    2.9s
    94        0.1122        0.1113      0.0934      0.1159      0.1150   5.0e-04    2.9s
    95        0.1122        0.1113      0.0936      0.1159      0.1150   5.0e-04    2.9s
    96        0.1122        0.1113      0.0932      0.1158      0.1149   5.0e-04    2.8s
    97        0.1121        0.1112      0.0933      0.1158      0.1149   2.5e-04    2.9s
    98        0.1120        0.1110      0.0935      0.1157      0.1148   2.5e-04    2.8s
    99        0.1120        0.1110      0.0941      0.1157      0.1148   2.5e-04    2.6s
   100        0.1118        0.1109      0.0940      0.1157      0.1148   2.5e-04    2.6s

Done. Best val loss: 0.1157
Checkpoints and logs saved to: /project/xuanyao/jiaming/deeplearning/results_papalexi_no_pert/beta0.01_dim256
=== Analyze ===
Device: cpu
Loading data...
  20729 cells, 3725 genes, 34 perturbations
Log1p-normalizing...
  Filtering 1 cells with unknown perturbation.

Loading model from model_best.pt...

[1/4] Computing latent embeddings...
  Silhouette score (perturbation clusters, excl. NTC): -0.0403
Running UMAP (this may take a few minutes)...
UMAP(min_dist=0.3, n_jobs=1, n_neighbors=30, random_state=42, verbose=True)
Sat May 16 18:26:41 2026 Construct fuzzy simplicial set
Sat May 16 18:26:41 2026 Finding Nearest Neighbors
Sat May 16 18:26:41 2026 Building RP forest with 12 trees
Sat May 16 18:26:46 2026 NN descent for 14 iterations
	 1  /  14
	 2  /  14
	Stopping threshold met -- exiting after 2 iterations
Sat May 16 18:26:56 2026 Finished Nearest Neighbor Search
Sat May 16 18:26:59 2026 Construct embedding
	completed  0  /  200 epochs
	completed  20  /  200 epochs
	completed  40  /  200 epochs
	completed  60  /  200 epochs
	completed  80  /  200 epochs
	completed  100  /  200 epochs
	completed  120  /  200 epochs
	completed  140  /  200 epochs
	completed  160  /  200 epochs
	completed  180  /  200 epochs
Sat May 16 18:27:18 2026 Finished embedding
  Saved: /project/xuanyao/jiaming/deeplearning/results_papalexi_no_pert/beta0.01_dim256/figures/umap_latent.png
  Saved covariate UMAPs: umap_n_nonzero.png, umap_n_umis.png, umap_lane.png, umap_bio_rep.png, umap_phase.png, umap_p_mito.png
Running expression-PCA UMAP for covariate verification...
  Saved expression UMAP covariates: umap_expr_n_nonzero.png, umap_expr_n_umis.png, umap_expr_lane.png, umap_expr_bio_rep.png, umap_expr_phase.png, umap_expr_p_mito.png
  Saved: /project/xuanyao/jiaming/deeplearning/results_papalexi_no_pert/beta0.01_dim256/figures/umap_per_perturbation.png

[2/4] Computing perturbation response scores (decode Δ vs NTC avg of 9 guides: ['NTg1', 'NTg10', 'NTg2', 'NTg3', 'NTg4']...)...
  NTg1                 (  303 cells) response range: [-0.022, 0.013] [NTC]
  NTg10                (  235 cells) response range: [-0.008, 0.020] [NTC]
  NTg2                 (  106 cells) response range: [-0.013, 0.012] [NTC]
  NTg3                 (  244 cells) response range: [-0.013, 0.016] [NTC]
  NTg4                 (  431 cells) response range: [-0.015, 0.014] [NTC]
  NTg5                 (  305 cells) response range: [-0.014, 0.020] [NTC]
  NTg7                 (  445 cells) response range: [-0.015, 0.006] [NTC]
  NTg8                 (   56 cells) response range: [-0.011, 0.009] [NTC]
  NTg9                 (  261 cells) response range: [-0.015, 0.017] [NTC]
  tar-ATF2             ( 1102 cells) response range: [-0.043, 0.012]
  tar-BRD4             (  341 cells) response range: [-0.009, 0.015]
  tar-CAV1             (  882 cells) response range: [-0.013, 0.019]
  tar-CD86             ( 1197 cells) response range: [-0.013, 0.013]
  tar-CMTM6            (  817 cells) response range: [-0.015, 0.026]
  tar-CUL3             (  274 cells) response range: [-0.014, 0.019]
  tar-ETV7             (  841 cells) response range: [-0.015, 0.016]
  tar-IFNGR1           ( 1341 cells) response range: [-0.011, 0.013]
  tar-IFNGR2           ( 1213 cells) response range: [-0.020, 0.016]
  tar-IRF1             ( 1073 cells) response range: [-0.010, 0.013]
  tar-IRF7             (  614 cells) response range: [-0.009, 0.015]
  tar-JAK2             ( 1024 cells) response range: [-0.019, 0.023]
  tar-MARCH8           ( 1003 cells) response range: [-0.011, 0.010]
  tar-MYC              (  108 cells) response range: [-0.018, 0.011]
  tar-NFKBIA           (  787 cells) response range: [-0.030, 0.017]
  tar-PDCD1LG2         (  617 cells) response range: [-0.012, 0.021]
  tar-POU2F2           (  662 cells) response range: [-0.021, 0.024]
  tar-SMAD4            (  659 cells) response range: [-0.022, 0.012]
  tar-SPI1             (   48 cells) response range: [-0.009, 0.022]
  tar-STAT1            (  444 cells) response range: [-0.010, 0.025]
  tar-STAT2            (  661 cells) response range: [-0.020, 0.014]
  tar-STAT3            (  493 cells) response range: [-0.013, 0.022]
  tar-STAT5A           (  659 cells) response range: [-0.026, 0.017]
  tar-TNFRSF14         (  964 cells) response range: [-0.019, 0.014]
  tar-UBE2L6           (  518 cells) response range: [-0.014, 0.014]
  NTC null: mean |response| per gene = 0.0008  std across NTC guides = 0.0010
  Saved: /project/xuanyao/jiaming/deeplearning/results_papalexi_no_pert/beta0.01_dim256/response_scores.csv
  Saved: /project/xuanyao/jiaming/deeplearning/results_papalexi_no_pert/beta0.01_dim256/figures/gene_response_heatmap.png
  Saved: /project/xuanyao/jiaming/deeplearning/results_papalexi_no_pert/beta0.01_dim256/figures/effect_size_vs_null.png
  NTC noise floor (mean+2SD): 0.0010
  Saved: /project/xuanyao/jiaming/deeplearning/results_papalexi_no_pert/beta0.01_dim256/figures/top_genes_per_pert.png

[3/4] Clustering perturbations by response vectors...
  Saved: /project/xuanyao/jiaming/deeplearning/results_papalexi_no_pert/beta0.01_dim256/figures/perturbation_clustermap.png

[4/4] Running hallmark pathway enrichment...
  Saved: /project/xuanyao/jiaming/deeplearning/results_papalexi_no_pert/beta0.01_dim256/figures/pathway_enrichment.png

[Bonus] Comparing CVAE response vs naive differential expression...
  Mean Spearman ρ (CVAE vs DE): 0.543
  Mean top-20 gene overlap:     2.8/20
  Saved: /project/xuanyao/jiaming/deeplearning/results_papalexi_no_pert/beta0.01_dim256/cvae_vs_de_comparison.csv

All figures saved to: /project/xuanyao/jiaming/deeplearning/results_papalexi_no_pert/beta0.01_dim256/figures
Done!
Done: beta0.01_dim256
