=== Train: beta=1e-3 latent_dim=128 ===
Device: cpu
Loading data...
  20729 cells, 3725 genes, 35 perturbations
  Filtering 1 cells with unknown perturbation assignment.
  Extra covariates: 17 dims (3 continuous + 14 categorical OHE)
Log1p-normalizing expression data...
  Train: 17635 cells | Val: 3093 cells

Model: 3725 genes | 34 perturbations | latent_dim=128
  Trainable parameters: 9,117,837

Training for up to 100 epochs (early stop patience=15)...

 Epoch   Train Total   Train Recon    Train KL   Val Total   Val Recon        LR    Time
------------------------------------------------------------------------------------------
     1        0.1967        0.1961      0.5985      0.1447      0.1446   1.0e-03    2.5s
     2        0.1488        0.1487      0.1454      0.1435      0.1434   1.0e-03    2.8s
     3        0.1463        0.1462      0.1213      0.1423      0.1422   1.0e-03    2.8s
     4        0.1444        0.1443      0.0860      0.1417      0.1416   1.0e-03    2.8s
     5        0.1421        0.1419      0.1936      0.1391      0.1387   1.0e-03    2.9s
     6        0.1376        0.1374      0.2572      0.1354      0.1352   1.0e-03    2.9s
     7        0.1354        0.1351      0.2309      0.1342      0.1340   1.0e-03    2.8s
     8        0.1339        0.1336      0.2601      0.1331      0.1328   1.0e-03    2.8s
     9        0.1321        0.1318      0.2813      0.1307      0.1304   1.0e-03    2.8s
    10        0.1294        0.1291      0.3566      0.1279      0.1275   1.0e-03    2.7s
    11        0.1276        0.1273      0.3691      0.1268      0.1264   1.0e-03    2.8s
    12        0.1266        0.1262      0.3822      0.1260      0.1256   1.0e-03    2.7s
    13        0.1256        0.1252      0.3963      0.1251      0.1247   1.0e-03    2.8s
    14        0.1249        0.1245      0.4215      0.1243      0.1239   1.0e-03    2.8s
    15        0.1241        0.1237      0.4425      0.1239      0.1234   1.0e-03    2.8s
    16        0.1235        0.1231      0.4512      0.1233      0.1228   1.0e-03    2.8s
    17        0.1228        0.1223      0.4682      0.1223      0.1218   1.0e-03    2.7s
    18        0.1221        0.1216      0.4874      0.1214      0.1209   1.0e-03    2.8s
    19        0.1211        0.1206      0.5132      0.1206      0.1201   1.0e-03    2.9s
    20        0.1204        0.1199      0.5339      0.1200      0.1194   1.0e-03    2.8s
    21        0.1199        0.1194      0.5351      0.1197      0.1191   1.0e-03    2.8s
    22        0.1194        0.1189      0.5394      0.1193      0.1187   1.0e-03    2.8s
    23        0.1191        0.1185      0.5367      0.1190      0.1185   1.0e-03    2.8s
    24        0.1188        0.1183      0.5287      0.1187      0.1182   1.0e-03    2.8s
    25        0.1184        0.1179      0.5244      0.1185      0.1179   1.0e-03    2.7s
    26        0.1181        0.1176      0.5191      0.1181      0.1176   1.0e-03    2.8s
    27        0.1178        0.1173      0.5204      0.1179      0.1174   1.0e-03    2.9s
    28        0.1176        0.1171      0.5191      0.1177      0.1172   1.0e-03    2.8s
    29        0.1172        0.1166      0.5190      0.1173      0.1168   1.0e-03    2.9s
    30        0.1169        0.1164      0.5166      0.1169      0.1164   1.0e-03    2.8s
    31        0.1166        0.1161      0.5180      0.1167      0.1162   1.0e-03    2.8s
    32        0.1163        0.1157      0.5159      0.1166      0.1161   1.0e-03    2.8s
    33        0.1160        0.1155      0.5114      0.1164      0.1159   1.0e-03    2.7s
    34        0.1158        0.1153      0.5059      0.1162      0.1157   1.0e-03    2.7s
    35        0.1156        0.1151      0.5023      0.1161      0.1156   1.0e-03    2.8s
    36        0.1154        0.1149      0.5031      0.1160      0.1155   1.0e-03    2.9s
    37        0.1152        0.1147      0.4982      0.1158      0.1153   1.0e-03    2.8s
    38        0.1149        0.1144      0.4963      0.1156      0.1151   1.0e-03    2.8s
    39        0.1146        0.1142      0.4969      0.1155      0.1150   1.0e-03    2.9s
    40        0.1144        0.1140      0.4924      0.1155      0.1150   1.0e-03    2.9s
    41        0.1143        0.1138      0.4926      0.1154      0.1149   1.0e-03    2.8s
    42        0.1142        0.1137      0.4925      0.1151      0.1146   1.0e-03    2.8s
    43        0.1140        0.1135      0.4886      0.1149      0.1145   1.0e-03    2.8s
    44        0.1138        0.1133      0.4879      0.1148      0.1144   1.0e-03    2.8s
    45        0.1136        0.1131      0.4880      0.1148      0.1143   1.0e-03    2.7s
    46        0.1135        0.1130      0.4849      0.1146      0.1141   1.0e-03    2.8s
    47        0.1134        0.1129      0.4834      0.1146      0.1142   1.0e-03    2.8s
    48        0.1133        0.1128      0.4828      0.1144      0.1139   1.0e-03    2.8s
    49        0.1131        0.1126      0.4789      0.1145      0.1140   1.0e-03    2.9s
    50        0.1130        0.1125      0.4767      0.1143      0.1138   1.0e-03    2.7s
    51        0.1128        0.1123      0.4748      0.1143      0.1139   1.0e-03    2.8s
    52        0.1128        0.1123      0.4726      0.1142      0.1138   1.0e-03    2.7s
    53        0.1126        0.1121      0.4720      0.1142      0.1137   1.0e-03    2.8s
    54        0.1125        0.1120      0.4682      0.1142      0.1138   1.0e-03    2.8s
    55        0.1124        0.1120      0.4652      0.1140      0.1136   1.0e-03    2.8s
    56        0.1123        0.1118      0.4652      0.1141      0.1136   1.0e-03    2.7s
    57        0.1122        0.1117      0.4644      0.1140      0.1136   1.0e-03    2.7s
    58        0.1122        0.1117      0.4621      0.1141      0.1137   1.0e-03    2.7s
    59        0.1120        0.1116      0.4569      0.1140      0.1136   1.0e-03    2.8s
    60        0.1119        0.1115      0.4573      0.1140      0.1135   1.0e-03    2.8s
    61        0.1119        0.1114      0.4552      0.1140      0.1136   1.0e-03    2.7s
    62        0.1118        0.1113      0.4525      0.1139      0.1134   1.0e-03    2.8s
    63        0.1117        0.1112      0.4503      0.1140      0.1136   1.0e-03    2.8s
    64        0.1117        0.1112      0.4495      0.1140      0.1135   1.0e-03    2.8s
    65        0.1115        0.1111      0.4490      0.1140      0.1135   1.0e-03    2.7s
    66        0.1115        0.1110      0.4460      0.1139      0.1135   1.0e-03    2.8s
    67        0.1114        0.1110      0.4475      0.1139      0.1134   1.0e-03    2.8s
    68        0.1114        0.1109      0.4465      0.1138      0.1134   1.0e-03    2.8s
    69        0.1114        0.1109      0.4446      0.1139      0.1134   1.0e-03    2.8s
    70        0.1112        0.1107      0.4452      0.1139      0.1134   1.0e-03    2.8s
    71        0.1111        0.1107      0.4442      0.1138      0.1134   1.0e-03    2.8s
    72        0.1111        0.1107      0.4439      0.1138      0.1134   1.0e-03    2.8s
    73        0.1110        0.1106      0.4442      0.1139      0.1134   1.0e-03    2.7s
    74        0.1109        0.1105      0.4450      0.1139      0.1134   5.0e-04    2.7s
    75        0.1105        0.1100      0.4469      0.1135      0.1131   5.0e-04    2.8s
    76        0.1104        0.1099      0.4472      0.1135      0.1131   5.0e-04    2.8s
    77        0.1103        0.1098      0.4456      0.1135      0.1131   5.0e-04    2.8s
    78        0.1102        0.1098      0.4453      0.1135      0.1131   5.0e-04    2.8s
    79        0.1102        0.1098      0.4437      0.1135      0.1131   5.0e-04    2.7s
    80        0.1101        0.1097      0.4478      0.1135      0.1130   5.0e-04    2.8s
    81        0.1101        0.1096      0.4453      0.1135      0.1130   5.0e-04    2.8s
    82        0.1101        0.1096      0.4474      0.1135      0.1130   5.0e-04    2.8s
    83        0.1100        0.1095      0.4492      0.1135      0.1131   5.0e-04    2.8s
    84        0.1099        0.1095      0.4503      0.1134      0.1130   5.0e-04    2.7s
    85        0.1099        0.1094      0.4487      0.1134      0.1130   5.0e-04    2.8s
    86        0.1098        0.1094      0.4496      0.1134      0.1130   5.0e-04    2.8s
    87        0.1098        0.1094      0.4473      0.1133      0.1129   5.0e-04    2.7s
    88        0.1097        0.1093      0.4506      0.1134      0.1130   5.0e-04    2.9s
    89        0.1098        0.1094      0.4506      0.1133      0.1129   5.0e-04    2.8s
    90        0.1097        0.1092      0.4502      0.1134      0.1130   5.0e-04    2.7s
    91        0.1097        0.1092      0.4494      0.1134      0.1130   5.0e-04    2.8s
    92        0.1096        0.1091      0.4507      0.1135      0.1130   5.0e-04    2.8s
    93        0.1096        0.1091      0.4497      0.1134      0.1130   2.5e-04    2.7s
    94        0.1093        0.1088      0.4503      0.1133      0.1129   2.5e-04    2.7s
    95        0.1092        0.1088      0.4499      0.1133      0.1128   2.5e-04    2.8s
    96        0.1092        0.1088      0.4502      0.1133      0.1128   2.5e-04    2.8s
    97        0.1092        0.1087      0.4511      0.1133      0.1128   2.5e-04    2.8s
    98        0.1092        0.1088      0.4517      0.1132      0.1128   2.5e-04    2.7s
    99        0.1091        0.1087      0.4520      0.1132      0.1128   2.5e-04    2.7s
   100        0.1091        0.1086      0.4513      0.1133      0.1128   2.5e-04    2.6s

Done. Best val loss: 0.1132
Checkpoints and logs saved to: /project/xuanyao/jiaming/deeplearning/results_papalexi/beta1e-3_dim128
=== Analyze ===
Device: cpu
Loading data...
  20729 cells, 3725 genes, 34 perturbations
Log1p-normalizing...
  Filtering 1 cells with unknown perturbation.

Loading model from model_best.pt...

[1/4] Computing latent embeddings...
  Silhouette score (perturbation clusters, excl. NTC): -0.0420
Running UMAP (this may take a few minutes)...
UMAP(min_dist=0.3, n_jobs=1, n_neighbors=30, random_state=42, verbose=True)
Thu May 14 11:49:24 2026 Construct fuzzy simplicial set
Thu May 14 11:49:24 2026 Finding Nearest Neighbors
Thu May 14 11:49:24 2026 Building RP forest with 12 trees
Thu May 14 11:49:28 2026 NN descent for 14 iterations
	 1  /  14
	 2  /  14
	 3  /  14
	Stopping threshold met -- exiting after 3 iterations
Thu May 14 11:49:39 2026 Finished Nearest Neighbor Search
Thu May 14 11:49:43 2026 Construct embedding
	completed  0  /  200 epochs
	completed  20  /  200 epochs
	completed  40  /  200 epochs
	completed  60  /  200 epochs
	completed  80  /  200 epochs
	completed  100  /  200 epochs
	completed  120  /  200 epochs
	completed  140  /  200 epochs
	completed  160  /  200 epochs
	completed  180  /  200 epochs
Thu May 14 11:50:02 2026 Finished embedding
  Saved: /project/xuanyao/jiaming/deeplearning/results_papalexi/beta1e-3_dim128/figures/umap_latent.png
  Saved covariate UMAPs: umap_n_nonzero.png, umap_n_umis.png, umap_lane.png, umap_bio_rep.png, umap_phase.png, umap_p_mito.png
Running expression-PCA UMAP for covariate verification...
  Saved expression UMAP covariates: umap_expr_n_nonzero.png, umap_expr_n_umis.png, umap_expr_lane.png, umap_expr_bio_rep.png, umap_expr_phase.png, umap_expr_p_mito.png
  Saved: /project/xuanyao/jiaming/deeplearning/results_papalexi/beta1e-3_dim128/figures/umap_per_perturbation.png

[2/4] Computing perturbation response scores (decode Δ vs NTC avg of 9 guides: ['NTg1', 'NTg10', 'NTg2', 'NTg3', 'NTg4']...)...
  NTg1                 (  303 cells) response range: [-0.097, 0.016] [NTC]
  NTg10                (  235 cells) response range: [-0.022, 0.050] [NTC]
  NTg2                 (  106 cells) response range: [-0.086, 0.069] [NTC]
  NTg3                 (  244 cells) response range: [-0.040, 0.034] [NTC]
  NTg4                 (  431 cells) response range: [-0.044, 0.047] [NTC]
  NTg5                 (  305 cells) response range: [-0.028, 0.034] [NTC]
  NTg7                 (  445 cells) response range: [-0.018, 0.024] [NTC]
  NTg8                 (   56 cells) response range: [-0.064, 0.034] [NTC]
  NTg9                 (  261 cells) response range: [-0.018, 0.027] [NTC]
  tar-ATF2             ( 1102 cells) response range: [-0.015, 0.036]
  tar-BRD4             (  341 cells) response range: [-0.193, 0.132]
  tar-CAV1             (  882 cells) response range: [-0.017, 0.022]
  tar-CD86             ( 1197 cells) response range: [-0.025, 0.025]
  tar-CMTM6            (  817 cells) response range: [-0.034, 0.026]
  tar-CUL3             (  274 cells) response range: [-0.076, 0.098]
  tar-ETV7             (  841 cells) response range: [-0.022, 0.063]
  tar-IFNGR1           ( 1341 cells) response range: [-0.755, 0.242]
  tar-IFNGR2           ( 1213 cells) response range: [-0.761, 0.241]
  tar-IRF1             ( 1073 cells) response range: [-0.749, 0.547]
  tar-IRF7             (  614 cells) response range: [-0.023, 0.022]
  tar-JAK2             ( 1024 cells) response range: [-0.825, 0.271]
  tar-MARCH8           ( 1003 cells) response range: [-0.027, 0.046]
  tar-MYC              (  108 cells) response range: [-0.115, 0.069]
  tar-NFKBIA           (  787 cells) response range: [-0.055, 0.030]
  tar-PDCD1LG2         (  617 cells) response range: [-0.060, 0.023]
  tar-POU2F2           (  662 cells) response range: [-0.021, 0.026]
  tar-SMAD4            (  659 cells) response range: [-0.512, 0.423]
  tar-SPI1             (   48 cells) response range: [-0.202, 0.147]
  tar-STAT1            (  444 cells) response range: [-0.599, 0.225]
  tar-STAT2            (  661 cells) response range: [-0.473, 0.102]
  tar-STAT3            (  493 cells) response range: [-0.024, 0.025]
  tar-STAT5A           (  659 cells) response range: [-0.017, 0.024]
  tar-TNFRSF14         (  964 cells) response range: [-0.035, 0.045]
  tar-UBE2L6           (  518 cells) response range: [-0.026, 0.031]
  NTC null: mean |response| per gene = 0.0020  std across NTC guides = 0.0025
  Saved: /project/xuanyao/jiaming/deeplearning/results_papalexi/beta1e-3_dim128/response_scores.csv
  Saved: /project/xuanyao/jiaming/deeplearning/results_papalexi/beta1e-3_dim128/figures/gene_response_heatmap.png
  Saved: /project/xuanyao/jiaming/deeplearning/results_papalexi/beta1e-3_dim128/figures/effect_size_vs_null.png
  NTC noise floor (mean+2SD): 0.0030
  Saved: /project/xuanyao/jiaming/deeplearning/results_papalexi/beta1e-3_dim128/figures/top_genes_per_pert.png

[3/4] Clustering perturbations by response vectors...
  Saved: /project/xuanyao/jiaming/deeplearning/results_papalexi/beta1e-3_dim128/figures/perturbation_clustermap.png

[4/4] Running hallmark pathway enrichment...
  Saved: /project/xuanyao/jiaming/deeplearning/results_papalexi/beta1e-3_dim128/figures/pathway_enrichment.png

[Bonus] Comparing CVAE response vs naive differential expression...
  Mean Spearman ρ (CVAE vs DE): 0.557
  Mean top-20 gene overlap:     6.7/20
  Saved: /project/xuanyao/jiaming/deeplearning/results_papalexi/beta1e-3_dim128/cvae_vs_de_comparison.csv

All figures saved to: /project/xuanyao/jiaming/deeplearning/results_papalexi/beta1e-3_dim128/figures
Done!
Done: beta1e-3_dim128
