=== Train: beta=0.1 latent_dim=128 (no phase) ===
Device: cpu
Loading data...
  20729 cells, 3725 genes, 35 perturbations
  Filtering 1 cells with unknown perturbation assignment.
  Extra covariates: 14 dims (3 continuous + 11 categorical OHE)
Log1p-normalizing expression data...
  Train: 17635 cells | Val: 3093 cells

Model: 3725 genes | 34 perturbations | latent_dim=128
  Trainable parameters: 9,113,997

Training for up to 100 epochs (early stop patience=15)...

 Epoch   Train Total   Train Recon    Train KL   Val Total   Val Recon        LR    Time
------------------------------------------------------------------------------------------
     1        0.2014        0.1991      0.0239      0.1447      0.1446   1.0e-03    3.0s
     2        0.1499        0.1493      0.0054      0.1434      0.1434   1.0e-03    3.2s
     3        0.1470        0.1467      0.0034      0.1442      0.1442   1.0e-03    3.2s
     4        0.1451        0.1449      0.0021      0.1439      0.1439   1.0e-03    3.2s
     5        0.1437        0.1436      0.0011      0.1427      0.1427   1.0e-03    3.2s
     6        0.1419        0.1419      0.0005      0.1429      0.1429   1.0e-03    3.2s
     7        0.1406        0.1406      0.0003      0.1415      0.1415   1.0e-03    3.2s
     8        0.1392        0.1392      0.0002      0.1405      0.1405   1.0e-03    3.2s
     9        0.1381        0.1381      0.0002      0.1399      0.1399   1.0e-03    3.2s
    10        0.1374        0.1373      0.0003      0.1391      0.1391   1.0e-03    3.2s
    11        0.1365        0.1362      0.0029      0.1373      0.1369   1.0e-03    3.2s
    12        0.1353        0.1348      0.0052      0.1359      0.1353   1.0e-03    3.2s
    13        0.1344        0.1337      0.0072      0.1352      0.1344   1.0e-03    3.2s
    14        0.1337        0.1329      0.0086      0.1344      0.1336   1.0e-03    3.2s
    15        0.1334        0.1324      0.0094      0.1342      0.1334   1.0e-03    3.2s
    16        0.1326        0.1316      0.0102      0.1328      0.1320   1.0e-03    3.2s
    17        0.1318        0.1306      0.0118      0.1325      0.1314   1.0e-03    3.2s
    18        0.1314        0.1301      0.0128      0.1321      0.1307   1.0e-03    3.3s
    19        0.1308        0.1294      0.0137      0.1314      0.1301   1.0e-03    3.3s
    20        0.1301        0.1287      0.0139      0.1312      0.1299   1.0e-03    3.3s
    21        0.1298        0.1283      0.0144      0.1307      0.1294   1.0e-03    3.5s
    22        0.1296        0.1282      0.0146      0.1306      0.1291   1.0e-03    3.4s
    23        0.1294        0.1279      0.0150      0.1302      0.1289   1.0e-03    3.4s
    24        0.1292        0.1277      0.0152      0.1302      0.1287   1.0e-03    3.3s
    25        0.1289        0.1273      0.0155      0.1297      0.1281   1.0e-03    3.3s
    26        0.1288        0.1272      0.0159      0.1301      0.1284   1.0e-03    3.3s
    27        0.1287        0.1270      0.0163      0.1295      0.1279   1.0e-03    3.3s
    28        0.1286        0.1269      0.0169      0.1291      0.1274   1.0e-03    3.4s
    29        0.1284        0.1267      0.0172      0.1293      0.1277   1.0e-03    3.4s
    30        0.1282        0.1264      0.0175      0.1286      0.1269   1.0e-03    3.3s
    31        0.1280        0.1262      0.0180      0.1285      0.1267   1.0e-03    3.3s
    32        0.1278        0.1260      0.0181      0.1281      0.1264   1.0e-03    3.3s
    33        0.1276        0.1258      0.0185      0.1283      0.1264   1.0e-03    3.3s
    34        0.1275        0.1256      0.0188      0.1280      0.1262   1.0e-03    3.2s
    35        0.1274        0.1255      0.0192      0.1281      0.1261   1.0e-03    3.3s
    36        0.1273        0.1253      0.0195      0.1277      0.1258   1.0e-03    3.4s
    37        0.1269        0.1249      0.0199      0.1275      0.1255   1.0e-03    3.3s
    38        0.1268        0.1247      0.0202      0.1273      0.1252   1.0e-03    3.3s
    39        0.1265        0.1244      0.0204      0.1272      0.1252   1.0e-03    3.3s
    40        0.1264        0.1244      0.0206      0.1272      0.1251   1.0e-03    3.3s
    41        0.1263        0.1243      0.0205      0.1272      0.1250   1.0e-03    3.3s
    42        0.1262        0.1241      0.0208      0.1270      0.1249   1.0e-03    3.3s
    43        0.1262        0.1241      0.0210      0.1269      0.1248   1.0e-03    3.3s
    44        0.1261        0.1240      0.0209      0.1270      0.1250   1.0e-03    3.4s
    45        0.1260        0.1239      0.0213      0.1268      0.1246   1.0e-03    3.2s
    46        0.1259        0.1238      0.0213      0.1269      0.1247   1.0e-03    3.4s
    47        0.1258        0.1237      0.0213      0.1267      0.1246   1.0e-03    3.2s
    48        0.1257        0.1236      0.0215      0.1267      0.1245   1.0e-03    3.2s
    49        0.1256        0.1235      0.0216      0.1267      0.1246   1.0e-03    3.3s
    50        0.1257        0.1235      0.0217      0.1269      0.1247   1.0e-03    3.3s
    51        0.1255        0.1234      0.0217      0.1265      0.1244   1.0e-03    3.3s
    52        0.1255        0.1233      0.0217      0.1267      0.1245   1.0e-03    3.2s
    53        0.1254        0.1232      0.0220      0.1265      0.1244   1.0e-03    3.2s
    54        0.1254        0.1232      0.0219      0.1267      0.1245   1.0e-03    3.2s
    55        0.1253        0.1231      0.0220      0.1264      0.1242   1.0e-03    3.2s
    56        0.1252        0.1230      0.0222      0.1266      0.1243   1.0e-03    3.3s
    57        0.1252        0.1230      0.0223      0.1266      0.1243   1.0e-03    3.3s
    58        0.1251        0.1228      0.0223      0.1264      0.1242   1.0e-03    3.3s
    59        0.1251        0.1229      0.0223      0.1265      0.1243   1.0e-03    3.2s
    60        0.1250        0.1228      0.0225      0.1264      0.1243   1.0e-03    3.2s
    61        0.1249        0.1227      0.0225      0.1265      0.1242   1.0e-03    3.2s
    62        0.1250        0.1227      0.0227      0.1265      0.1242   1.0e-03    3.2s
    63        0.1249        0.1227      0.0227      0.1264      0.1242   1.0e-03    3.2s
    64        0.1248        0.1225      0.0227      0.1265      0.1243   5.0e-04    3.2s
    65        0.1245        0.1222      0.0228      0.1262      0.1240   5.0e-04    3.2s
    66        0.1244        0.1221      0.0229      0.1262      0.1240   5.0e-04    3.2s
    67        0.1243        0.1220      0.0228      0.1262      0.1240   5.0e-04    3.2s
    68        0.1243        0.1220      0.0230      0.1262      0.1239   5.0e-04    3.2s
    69        0.1243        0.1220      0.0230      0.1263      0.1240   5.0e-04    3.2s
    70        0.1242        0.1219      0.0232      0.1263      0.1240   5.0e-04    3.2s
    71        0.1242        0.1219      0.0232      0.1262      0.1239   5.0e-04    3.2s
    72        0.1242        0.1219      0.0233      0.1262      0.1239   2.5e-04    3.2s
    73        0.1240        0.1216      0.0233      0.1261      0.1239   2.5e-04    3.2s
    74        0.1240        0.1216      0.0235      0.1262      0.1238   2.5e-04    3.3s
    75        0.1239        0.1216      0.0235      0.1261      0.1238   2.5e-04    3.2s
    76        0.1239        0.1215      0.0233      0.1262      0.1238   2.5e-04    3.2s
    77        0.1239        0.1215      0.0235      0.1261      0.1238   2.5e-04    3.1s
    78        0.1239        0.1215      0.0235      0.1261      0.1238   2.5e-04    3.2s
    79        0.1238        0.1214      0.0235      0.1262      0.1239   2.5e-04    3.2s
    80        0.1238        0.1215      0.0236      0.1261      0.1238   2.5e-04    3.2s
    81        0.1238        0.1214      0.0233      0.1262      0.1239   1.3e-04    3.2s
    82        0.1237        0.1214      0.0235      0.1261      0.1237   1.3e-04    3.2s
    83        0.1237        0.1213      0.0237      0.1261      0.1237   1.3e-04    3.2s
    84        0.1237        0.1213      0.0237      0.1261      0.1238   1.3e-04    3.2s
    85        0.1237        0.1213      0.0236      0.1261      0.1238   1.3e-04    3.3s
    86        0.1236        0.1212      0.0236      0.1261      0.1238   1.3e-04    3.2s
    87        0.1236        0.1212      0.0236      0.1261      0.1238   1.3e-04    3.2s
    88        0.1236        0.1213      0.0235      0.1261      0.1237   1.3e-04    3.2s
    89        0.1236        0.1213      0.0236      0.1261      0.1238   6.3e-05    3.1s
    90        0.1236        0.1212      0.0237      0.1261      0.1238   6.3e-05    3.0s
    91        0.1235        0.1211      0.0237      0.1261      0.1237   6.3e-05    3.0s
    92        0.1235        0.1211      0.0239      0.1261      0.1237   6.3e-05    3.0s
    93        0.1235        0.1212      0.0237      0.1261      0.1237   6.3e-05    3.0s
    94        0.1235        0.1211      0.0238      0.1261      0.1237   6.3e-05    3.0s
    95        0.1235        0.1211      0.0239      0.1261      0.1237   3.1e-05    3.0s
    96        0.1234        0.1210      0.0239      0.1261      0.1237   3.1e-05    3.1s
    97        0.1234        0.1211      0.0238      0.1261      0.1237   3.1e-05    3.0s
    98        0.1234        0.1210      0.0237      0.1261      0.1237   3.1e-05    3.0s

Early stopping at epoch 98 (no improvement for 15 epochs)

Done. Best val loss: 0.1261
Checkpoints and logs saved to: /project/xuanyao/jiaming/deeplearning/results_papalexi_nophase/beta0.1_dim128
=== Analyze ===
Device: cpu
Loading data...
  20729 cells, 3725 genes, 34 perturbations
Log1p-normalizing...
  Filtering 1 cells with unknown perturbation.

Loading model from model_best.pt...

[1/4] Computing latent embeddings...
  Silhouette score (perturbation clusters, excl. NTC): -0.1190
Running UMAP (this may take a few minutes)...
UMAP(min_dist=0.3, n_jobs=1, n_neighbors=30, random_state=42, verbose=True)
Sat May 16 15:33:01 2026 Construct fuzzy simplicial set
Sat May 16 15:33:01 2026 Finding Nearest Neighbors
Sat May 16 15:33:01 2026 Building RP forest with 12 trees
Sat May 16 15:33:07 2026 NN descent for 14 iterations
	 1  /  14
	 2  /  14
	Stopping threshold met -- exiting after 2 iterations
Sat May 16 15:33:20 2026 Finished Nearest Neighbor Search
Sat May 16 15:33:25 2026 Construct embedding
	completed  0  /  200 epochs
	completed  20  /  200 epochs
	completed  40  /  200 epochs
	completed  60  /  200 epochs
	completed  80  /  200 epochs
	completed  100  /  200 epochs
	completed  120  /  200 epochs
	completed  140  /  200 epochs
	completed  160  /  200 epochs
	completed  180  /  200 epochs
Sat May 16 15:33:50 2026 Finished embedding
  Saved: /project/xuanyao/jiaming/deeplearning/results_papalexi_nophase/beta0.1_dim128/figures/umap_latent.png
  Saved covariate UMAPs: umap_n_nonzero.png, umap_n_umis.png, umap_lane.png, umap_bio_rep.png, umap_phase.png, umap_p_mito.png
Running expression-PCA UMAP for covariate verification...
  Saved expression UMAP covariates: umap_expr_n_nonzero.png, umap_expr_n_umis.png, umap_expr_lane.png, umap_expr_bio_rep.png, umap_expr_phase.png, umap_expr_p_mito.png
  Saved: /project/xuanyao/jiaming/deeplearning/results_papalexi_nophase/beta0.1_dim128/figures/umap_per_perturbation.png

[2/4] Computing perturbation response scores (decode Δ vs NTC avg of 9 guides: ['NTg1', 'NTg10', 'NTg2', 'NTg3', 'NTg4']...)...
  NTg1                 (  303 cells) response range: [-0.114, 0.045] [NTC]
  NTg10                (  235 cells) response range: [-0.037, 0.037] [NTC]
  NTg2                 (  106 cells) response range: [-0.098, 0.040] [NTC]
  NTg3                 (  244 cells) response range: [-0.038, 0.026] [NTC]
  NTg4                 (  431 cells) response range: [-0.031, 0.057] [NTC]
  NTg5                 (  305 cells) response range: [-0.032, 0.049] [NTC]
  NTg7                 (  445 cells) response range: [-0.056, 0.054] [NTC]
  NTg8                 (   56 cells) response range: [-0.047, 0.044] [NTC]
  NTg9                 (  261 cells) response range: [-0.024, 0.039] [NTC]
  tar-ATF2             ( 1102 cells) response range: [-0.022, 0.037]
  tar-BRD4             (  341 cells) response range: [-0.319, 0.371]
  tar-CAV1             (  882 cells) response range: [-0.024, 0.048]
  tar-CD86             ( 1197 cells) response range: [-0.024, 0.039]
  tar-CMTM6            (  817 cells) response range: [-0.056, 0.059]
  tar-CUL3             (  274 cells) response range: [-0.184, 0.228]
  tar-ETV7             (  841 cells) response range: [-0.048, 0.098]
  tar-IFNGR1           ( 1341 cells) response range: [-1.612, 0.553]
  tar-IFNGR2           ( 1213 cells) response range: [-1.687, 0.555]
  tar-IRF1             ( 1073 cells) response range: [-0.892, 0.830]
  tar-IRF7             (  614 cells) response range: [-0.019, 0.046]
  tar-JAK2             ( 1024 cells) response range: [-1.770, 0.591]
  tar-MARCH8           ( 1003 cells) response range: [-0.041, 0.044]
  tar-MYC              (  108 cells) response range: [-0.223, 0.247]
  tar-NFKBIA           (  787 cells) response range: [-0.100, 0.117]
  tar-PDCD1LG2         (  617 cells) response range: [-0.046, 0.053]
  tar-POU2F2           (  662 cells) response range: [-0.029, 0.064]
  tar-SMAD4            (  659 cells) response range: [-1.006, 0.494]
  tar-SPI1             (   48 cells) response range: [-0.254, 0.149]
  tar-STAT1            (  444 cells) response range: [-1.649, 0.677]
  tar-STAT2            (  661 cells) response range: [-0.839, 0.170]
  tar-STAT3            (  493 cells) response range: [-0.035, 0.051]
  tar-STAT5A           (  659 cells) response range: [-0.050, 0.036]
  tar-TNFRSF14         (  964 cells) response range: [-0.028, 0.016]
  tar-UBE2L6           (  518 cells) response range: [-0.025, 0.071]
  NTC null: mean |response| per gene = 0.0028  std across NTC guides = 0.0034
  Saved: /project/xuanyao/jiaming/deeplearning/results_papalexi_nophase/beta0.1_dim128/response_scores.csv
  Saved: /project/xuanyao/jiaming/deeplearning/results_papalexi_nophase/beta0.1_dim128/figures/gene_response_heatmap.png
  Saved: /project/xuanyao/jiaming/deeplearning/results_papalexi_nophase/beta0.1_dim128/figures/effect_size_vs_null.png
  NTC noise floor (mean+2SD): 0.0039
  Saved: /project/xuanyao/jiaming/deeplearning/results_papalexi_nophase/beta0.1_dim128/figures/top_genes_per_pert.png

[3/4] Clustering perturbations by response vectors...
  Saved: /project/xuanyao/jiaming/deeplearning/results_papalexi_nophase/beta0.1_dim128/figures/perturbation_clustermap.png

[4/4] Running hallmark pathway enrichment...
  Saved: /project/xuanyao/jiaming/deeplearning/results_papalexi_nophase/beta0.1_dim128/figures/pathway_enrichment.png

[Bonus] Comparing CVAE response vs naive differential expression...
  Mean Spearman ρ (CVAE vs DE): 0.564
  Mean top-20 gene overlap:     7.3/20
  Saved: /project/xuanyao/jiaming/deeplearning/results_papalexi_nophase/beta0.1_dim128/cvae_vs_de_comparison.csv

All figures saved to: /project/xuanyao/jiaming/deeplearning/results_papalexi_nophase/beta0.1_dim128/figures
Done!
Done: beta0.1_dim128
