=== Train: beta=1e-3 latent_dim=128 (no bio_rep, no lane) ===
Device: cpu
Loading data...
  20729 cells, 3725 genes, 35 perturbations
  Filtering 1 cells with unknown perturbation assignment.
  Extra covariates: 6 dims (3 continuous + 3 categorical OHE)
Log1p-normalizing expression data...
  Train: 17635 cells | Val: 3093 cells

Model: 3725 genes | 34 perturbations | latent_dim=128
  Trainable parameters: 9,103,757

Training for up to 100 epochs (early stop patience=15)...

 Epoch   Train Total   Train Recon    Train KL   Val Total   Val Recon        LR    Time
------------------------------------------------------------------------------------------
     1        0.1969        0.1963      0.6047      0.1446      0.1445   1.0e-03    3.0s
     2        0.1490        0.1488      0.1514      0.1436      0.1435   1.0e-03    3.1s
     3        0.1464        0.1463      0.1200      0.1425      0.1424   1.0e-03    3.2s
     4        0.1447        0.1446      0.1016      0.1420      0.1419   1.0e-03    3.2s
     5        0.1433        0.1432      0.1030      0.1407      0.1405   1.0e-03    3.2s
     6        0.1400        0.1398      0.2130      0.1377      0.1375   1.0e-03    3.2s
     7        0.1372        0.1370      0.2010      0.1353      0.1351   1.0e-03    3.2s
     8        0.1353        0.1351      0.2190      0.1339      0.1337   1.0e-03    3.1s
     9        0.1333        0.1330      0.2935      0.1320      0.1317   1.0e-03    3.2s
    10        0.1312        0.1308      0.3207      0.1295      0.1291   1.0e-03    3.3s
    11        0.1286        0.1282      0.4066      0.1278      0.1274   1.0e-03    3.2s
    12        0.1271        0.1267      0.4053      0.1264      0.1260   1.0e-03    3.2s
    13        0.1262        0.1258      0.4495      0.1255      0.1250   1.0e-03    3.2s
    14        0.1254        0.1250      0.4536      0.1248      0.1243   1.0e-03    3.2s
    15        0.1245        0.1241      0.4601      0.1240      0.1236   1.0e-03    3.2s
    16        0.1237        0.1232      0.4913      0.1228      0.1224   1.0e-03    3.2s
    17        0.1227        0.1222      0.5111      0.1222      0.1217   1.0e-03    3.2s
    18        0.1221        0.1216      0.5263      0.1215      0.1210   1.0e-03    3.2s
    19        0.1213        0.1208      0.5323      0.1208      0.1203   1.0e-03    3.3s
    20        0.1209        0.1203      0.5342      0.1204      0.1199   1.0e-03    3.3s
    21        0.1204        0.1198      0.5495      0.1200      0.1195   1.0e-03    3.3s
    22        0.1198        0.1192      0.5602      0.1193      0.1188   1.0e-03    3.3s
    23        0.1193        0.1188      0.5640      0.1190      0.1184   1.0e-03    3.3s
    24        0.1189        0.1183      0.5594      0.1187      0.1182   1.0e-03    3.3s
    25        0.1186        0.1180      0.5566      0.1185      0.1179   1.0e-03    3.2s
    26        0.1183        0.1177      0.5493      0.1184      0.1178   1.0e-03    3.3s
    27        0.1179        0.1173      0.5475      0.1180      0.1175   1.0e-03    3.2s
    28        0.1176        0.1171      0.5445      0.1177      0.1172   1.0e-03    3.3s
    29        0.1174        0.1168      0.5411      0.1174      0.1168   1.0e-03    3.2s
    30        0.1169        0.1164      0.5470      0.1170      0.1165   1.0e-03    3.3s
    31        0.1166        0.1160      0.5511      0.1168      0.1162   1.0e-03    3.2s
    32        0.1164        0.1159      0.5514      0.1167      0.1161   1.0e-03    3.2s
    33        0.1162        0.1156      0.5453      0.1164      0.1159   1.0e-03    3.2s
    34        0.1158        0.1153      0.5398      0.1163      0.1157   1.0e-03    3.3s
    35        0.1157        0.1152      0.5378      0.1161      0.1156   1.0e-03    3.2s
    36        0.1155        0.1150      0.5296      0.1161      0.1156   1.0e-03    3.3s
    37        0.1153        0.1148      0.5257      0.1158      0.1153   1.0e-03    3.3s
    38        0.1151        0.1146      0.5219      0.1157      0.1152   1.0e-03    3.2s
    39        0.1149        0.1144      0.5177      0.1156      0.1151   1.0e-03    3.2s
    40        0.1148        0.1143      0.5163      0.1154      0.1149   1.0e-03    3.2s
    41        0.1146        0.1141      0.5153      0.1153      0.1148   1.0e-03    3.3s
    42        0.1145        0.1140      0.5124      0.1152      0.1147   1.0e-03    3.2s
    43        0.1143        0.1137      0.5100      0.1150      0.1145   1.0e-03    3.3s
    44        0.1141        0.1136      0.5097      0.1151      0.1146   1.0e-03    3.2s
    45        0.1139        0.1134      0.5061      0.1150      0.1145   1.0e-03    3.2s
    46        0.1138        0.1133      0.5002      0.1148      0.1143   1.0e-03    3.3s
    47        0.1136        0.1131      0.4963      0.1148      0.1143   1.0e-03    3.2s
    48        0.1136        0.1131      0.4943      0.1148      0.1143   1.0e-03    3.2s
    49        0.1137        0.1132      0.4926      0.1148      0.1143   1.0e-03    3.2s
    50        0.1133        0.1129      0.4908      0.1147      0.1142   1.0e-03    3.3s
    51        0.1133        0.1128      0.4858      0.1146      0.1141   1.0e-03    3.2s
    52        0.1131        0.1126      0.4873      0.1145      0.1140   1.0e-03    3.3s
    53        0.1130        0.1125      0.4840      0.1146      0.1141   1.0e-03    3.3s
    54        0.1130        0.1125      0.4800      0.1144      0.1140   1.0e-03    3.2s
    55        0.1129        0.1124      0.4841      0.1144      0.1140   1.0e-03    3.2s
    56        0.1127        0.1122      0.4809      0.1143      0.1139   1.0e-03    3.2s
    57        0.1126        0.1121      0.4802      0.1142      0.1138   1.0e-03    3.3s
    58        0.1126        0.1121      0.4807      0.1143      0.1138   1.0e-03    3.2s
    59        0.1125        0.1120      0.4812      0.1143      0.1138   1.0e-03    3.1s
    60        0.1123        0.1118      0.4770      0.1142      0.1137   1.0e-03    3.2s
    61        0.1123        0.1118      0.4770      0.1142      0.1137   1.0e-03    3.2s
    62        0.1122        0.1117      0.4782      0.1142      0.1137   1.0e-03    3.2s
    63        0.1121        0.1116      0.4756      0.1142      0.1137   1.0e-03    3.2s
    64        0.1120        0.1115      0.4744      0.1141      0.1136   1.0e-03    3.2s
    65        0.1120        0.1115      0.4766      0.1141      0.1136   1.0e-03    3.1s
    66        0.1119        0.1114      0.4737      0.1141      0.1136   1.0e-03    3.1s
    67        0.1117        0.1112      0.4739      0.1140      0.1136   1.0e-03    3.2s
    68        0.1118        0.1113      0.4710      0.1140      0.1136   1.0e-03    3.2s
    69        0.1116        0.1112      0.4717      0.1140      0.1136   1.0e-03    3.2s
    70        0.1116        0.1111      0.4732      0.1140      0.1135   1.0e-03    3.2s
    71        0.1114        0.1110      0.4707      0.1139      0.1135   1.0e-03    3.1s
    72        0.1115        0.1110      0.4714      0.1139      0.1134   1.0e-03    3.2s
    73        0.1113        0.1108      0.4713      0.1142      0.1137   1.0e-03    3.2s
    74        0.1113        0.1108      0.4700      0.1140      0.1135   1.0e-03    3.2s
    75        0.1112        0.1107      0.4678      0.1139      0.1134   1.0e-03    3.2s
    76        0.1111        0.1107      0.4670      0.1140      0.1135   1.0e-03    3.2s
    77        0.1111        0.1107      0.4666      0.1139      0.1134   1.0e-03    3.2s
    78        0.1110        0.1106      0.4645      0.1139      0.1135   5.0e-04    3.2s
    79        0.1105        0.1101      0.4647      0.1137      0.1132   5.0e-04    3.2s
    80        0.1105        0.1100      0.4640      0.1137      0.1133   5.0e-04    3.2s
    81        0.1104        0.1100      0.4637      0.1138      0.1133   5.0e-04    3.2s
    82        0.1104        0.1099      0.4629      0.1137      0.1133   5.0e-04    3.1s
    83        0.1103        0.1099      0.4625      0.1137      0.1132   5.0e-04    3.1s
    84        0.1103        0.1099      0.4601      0.1137      0.1133   5.0e-04    3.3s
    85        0.1102        0.1098      0.4624      0.1138      0.1133   2.5e-04    3.2s
    86        0.1101        0.1097      0.4627      0.1136      0.1132   2.5e-04    3.2s
    87        0.1099        0.1095      0.4606      0.1136      0.1132   2.5e-04    3.2s
    88        0.1100        0.1096      0.4606      0.1137      0.1132   2.5e-04    3.1s
    89        0.1100        0.1095      0.4607      0.1136      0.1132   2.5e-04    3.1s
    90        0.1100        0.1095      0.4579      0.1136      0.1132   2.5e-04    3.1s
    91        0.1099        0.1095      0.4600      0.1137      0.1132   2.5e-04    3.1s
    92        0.1099        0.1095      0.4594      0.1136      0.1132   2.5e-04    3.0s
    93        0.1098        0.1094      0.4591      0.1137      0.1132   2.5e-04    3.0s
    94        0.1098        0.1093      0.4590      0.1137      0.1133   2.5e-04    3.0s
    95        0.1098        0.1093      0.4600      0.1137      0.1132   1.3e-04    3.1s
    96        0.1097        0.1092      0.4590      0.1136      0.1132   1.3e-04    3.0s
    97        0.1096        0.1092      0.4600      0.1136      0.1132   1.3e-04    3.0s
    98        0.1096        0.1092      0.4577      0.1136      0.1131   1.3e-04    3.0s
    99        0.1097        0.1092      0.4597      0.1136      0.1131   1.3e-04    3.0s
   100        0.1096        0.1091      0.4585      0.1136      0.1132   1.3e-04    3.0s

Done. Best val loss: 0.1136
Checkpoints and logs saved to: /project/xuanyao/jiaming/deeplearning/results_papalexi_nobatch/beta1e-3_dim128
=== Analyze ===
Device: cpu
Loading data...
  20729 cells, 3725 genes, 34 perturbations
Log1p-normalizing...
  Filtering 1 cells with unknown perturbation.

Loading model from model_best.pt...

[1/4] Computing latent embeddings...
  Silhouette score (perturbation clusters, excl. NTC): -0.0412
Running UMAP (this may take a few minutes)...
UMAP(min_dist=0.3, n_jobs=1, n_neighbors=30, random_state=42, verbose=True)
Sat May 16 15:40:19 2026 Construct fuzzy simplicial set
Sat May 16 15:40:19 2026 Finding Nearest Neighbors
Sat May 16 15:40:19 2026 Building RP forest with 12 trees
Sat May 16 15:40:25 2026 NN descent for 14 iterations
	 1  /  14
	 2  /  14
	 3  /  14
	Stopping threshold met -- exiting after 3 iterations
Sat May 16 15:40:39 2026 Finished Nearest Neighbor Search
Sat May 16 15:40:44 2026 Construct embedding
	completed  0  /  200 epochs
	completed  20  /  200 epochs
	completed  40  /  200 epochs
	completed  60  /  200 epochs
	completed  80  /  200 epochs
	completed  100  /  200 epochs
	completed  120  /  200 epochs
	completed  140  /  200 epochs
	completed  160  /  200 epochs
	completed  180  /  200 epochs
Sat May 16 15:41:09 2026 Finished embedding
  Saved: /project/xuanyao/jiaming/deeplearning/results_papalexi_nobatch/beta1e-3_dim128/figures/umap_latent.png
  Saved covariate UMAPs: umap_n_nonzero.png, umap_n_umis.png, umap_lane.png, umap_bio_rep.png, umap_phase.png, umap_p_mito.png
Running expression-PCA UMAP for covariate verification...
  Saved expression UMAP covariates: umap_expr_n_nonzero.png, umap_expr_n_umis.png, umap_expr_lane.png, umap_expr_bio_rep.png, umap_expr_phase.png, umap_expr_p_mito.png
  Saved: /project/xuanyao/jiaming/deeplearning/results_papalexi_nobatch/beta1e-3_dim128/figures/umap_per_perturbation.png

[2/4] Computing perturbation response scores (decode Δ vs NTC avg of 9 guides: ['NTg1', 'NTg10', 'NTg2', 'NTg3', 'NTg4']...)...
  NTg1                 (  303 cells) response range: [-0.059, 0.022] [NTC]
  NTg10                (  235 cells) response range: [-0.025, 0.024] [NTC]
  NTg2                 (  106 cells) response range: [-0.063, 0.048] [NTC]
  NTg3                 (  244 cells) response range: [-0.029, 0.016] [NTC]
  NTg4                 (  431 cells) response range: [-0.021, 0.081] [NTC]
  NTg5                 (  305 cells) response range: [-0.030, 0.030] [NTC]
  NTg7                 (  445 cells) response range: [-0.019, 0.030] [NTC]
  NTg8                 (   56 cells) response range: [-0.062, 0.040] [NTC]
  NTg9                 (  261 cells) response range: [-0.019, 0.029] [NTC]
  tar-ATF2             ( 1102 cells) response range: [-0.012, 0.025]
  tar-BRD4             (  341 cells) response range: [-0.145, 0.124]
  tar-CAV1             (  882 cells) response range: [-0.017, 0.025]
  tar-CD86             ( 1197 cells) response range: [-0.020, 0.026]
  tar-CMTM6            (  817 cells) response range: [-0.023, 0.027]
  tar-CUL3             (  274 cells) response range: [-0.069, 0.095]
  tar-ETV7             (  841 cells) response range: [-0.043, 0.069]
  tar-IFNGR1           ( 1341 cells) response range: [-0.646, 0.247]
  tar-IFNGR2           ( 1213 cells) response range: [-0.682, 0.265]
  tar-IRF1             ( 1073 cells) response range: [-0.821, 0.596]
  tar-IRF7             (  614 cells) response range: [-0.018, 0.044]
  tar-JAK2             ( 1024 cells) response range: [-0.735, 0.283]
  tar-MARCH8           ( 1003 cells) response range: [-0.019, 0.057]
  tar-MYC              (  108 cells) response range: [-0.079, 0.047]
  tar-NFKBIA           (  787 cells) response range: [-0.063, 0.044]
  tar-PDCD1LG2         (  617 cells) response range: [-0.042, 0.024]
  tar-POU2F2           (  662 cells) response range: [-0.025, 0.049]
  tar-SMAD4            (  659 cells) response range: [-0.554, 0.444]
  tar-SPI1             (   48 cells) response range: [-0.094, 0.122]
  tar-STAT1            (  444 cells) response range: [-0.530, 0.210]
  tar-STAT2            (  661 cells) response range: [-0.406, 0.090]
  tar-STAT3            (  493 cells) response range: [-0.027, 0.030]
  tar-STAT5A           (  659 cells) response range: [-0.017, 0.031]
  tar-TNFRSF14         (  964 cells) response range: [-0.012, 0.047]
  tar-UBE2L6           (  518 cells) response range: [-0.024, 0.050]
  NTC null: mean |response| per gene = 0.0019  std across NTC guides = 0.0024
  Saved: /project/xuanyao/jiaming/deeplearning/results_papalexi_nobatch/beta1e-3_dim128/response_scores.csv
  Saved: /project/xuanyao/jiaming/deeplearning/results_papalexi_nobatch/beta1e-3_dim128/figures/gene_response_heatmap.png
  Saved: /project/xuanyao/jiaming/deeplearning/results_papalexi_nobatch/beta1e-3_dim128/figures/effect_size_vs_null.png
  NTC noise floor (mean+2SD): 0.0031
  Saved: /project/xuanyao/jiaming/deeplearning/results_papalexi_nobatch/beta1e-3_dim128/figures/top_genes_per_pert.png

[3/4] Clustering perturbations by response vectors...
  Saved: /project/xuanyao/jiaming/deeplearning/results_papalexi_nobatch/beta1e-3_dim128/figures/perturbation_clustermap.png

[4/4] Running hallmark pathway enrichment...
  Saved: /project/xuanyao/jiaming/deeplearning/results_papalexi_nobatch/beta1e-3_dim128/figures/pathway_enrichment.png

[Bonus] Comparing CVAE response vs naive differential expression...
  Mean Spearman ρ (CVAE vs DE): 0.562
  Mean top-20 gene overlap:     7.3/20
  Saved: /project/xuanyao/jiaming/deeplearning/results_papalexi_nobatch/beta1e-3_dim128/cvae_vs_de_comparison.csv

All figures saved to: /project/xuanyao/jiaming/deeplearning/results_papalexi_nobatch/beta1e-3_dim128/figures
Done!
Done: beta1e-3_dim128
