=== Train: beta=0.01 latent_dim=64 (no phase) ===
Device: cpu
Loading data...
  20729 cells, 3725 genes, 35 perturbations
  Filtering 1 cells with unknown perturbation assignment.
  Extra covariates: 14 dims (3 continuous + 11 categorical OHE)
Log1p-normalizing expression data...
  Train: 17635 cells | Val: 3093 cells

Model: 3725 genes | 34 perturbations | latent_dim=64
  Trainable parameters: 9,064,717

Training for up to 100 epochs (early stop patience=15)...

 Epoch   Train Total   Train Recon    Train KL   Val Total   Val Recon        LR    Time
------------------------------------------------------------------------------------------
     1        0.1973        0.1954      0.1898      0.1446      0.1445   1.0e-03    2.8s
     2        0.1492        0.1490      0.0132      0.1432      0.1432   1.0e-03    2.9s
     3        0.1459        0.1458      0.0081      0.1430      0.1430   1.0e-03    2.9s
     4        0.1442        0.1442      0.0077      0.1425      0.1424   1.0e-03    3.0s
     5        0.1423        0.1422      0.0071      0.1417      0.1417   1.0e-03    3.0s
     6        0.1398        0.1396      0.0223      0.1379      0.1375   1.0e-03    2.9s
     7        0.1370        0.1365      0.0494      0.1365      0.1361   1.0e-03    3.0s
     8        0.1356        0.1350      0.0553      0.1352      0.1347   1.0e-03    2.9s
     9        0.1343        0.1337      0.0602      0.1345      0.1339   1.0e-03    2.9s
    10        0.1330        0.1324      0.0611      0.1328      0.1322   1.0e-03    3.0s
    11        0.1312        0.1304      0.0741      0.1316      0.1308   1.0e-03    3.1s
    12        0.1298        0.1290      0.0795      0.1306      0.1298   1.0e-03    3.0s
    13        0.1292        0.1284      0.0798      0.1302      0.1294   1.0e-03    3.0s
    14        0.1285        0.1277      0.0813      0.1298      0.1290   1.0e-03    3.1s
    15        0.1279        0.1271      0.0838      0.1291      0.1282   1.0e-03    3.0s
    16        0.1273        0.1265      0.0850      0.1281      0.1273   1.0e-03    2.9s
    17        0.1267        0.1258      0.0877      0.1270      0.1261   1.0e-03    3.0s
    18        0.1262        0.1253      0.0899      0.1267      0.1258   1.0e-03    2.9s
    19        0.1259        0.1249      0.0929      0.1265      0.1256   1.0e-03    3.1s
    20        0.1255        0.1246      0.0958      0.1264      0.1254   1.0e-03    3.1s
    21        0.1252        0.1242      0.0977      0.1259      0.1249   1.0e-03    3.1s
    22        0.1250        0.1240      0.1001      0.1260      0.1249   1.0e-03    3.1s
    23        0.1247        0.1237      0.1011      0.1252      0.1243   1.0e-03    3.1s
    24        0.1243        0.1233      0.1029      0.1250      0.1240   1.0e-03    3.1s
    25        0.1240        0.1230      0.1059      0.1249      0.1238   1.0e-03    3.0s
    26        0.1238        0.1227      0.1086      0.1243      0.1233   1.0e-03    3.0s
    27        0.1234        0.1223      0.1090      0.1242      0.1231   1.0e-03    2.9s
    28        0.1231        0.1219      0.1146      0.1236      0.1224   1.0e-03    3.0s
    29        0.1228        0.1216      0.1204      0.1231      0.1220   1.0e-03    3.0s
    30        0.1225        0.1212      0.1231      0.1231      0.1219   1.0e-03    3.0s
    31        0.1222        0.1210      0.1250      0.1228      0.1216   1.0e-03    3.0s
    32        0.1221        0.1208      0.1272      0.1225      0.1213   1.0e-03    3.1s
    33        0.1219        0.1206      0.1280      0.1224      0.1212   1.0e-03    3.0s
    34        0.1217        0.1204      0.1293      0.1225      0.1212   1.0e-03    3.0s
    35        0.1216        0.1203      0.1301      0.1222      0.1209   1.0e-03    3.0s
    36        0.1214        0.1200      0.1304      0.1222      0.1209   1.0e-03    3.0s
    37        0.1212        0.1199      0.1308      0.1221      0.1208   1.0e-03    2.9s
    38        0.1210        0.1197      0.1309      0.1221      0.1208   1.0e-03    2.9s
    39        0.1210        0.1197      0.1305      0.1220      0.1207   1.0e-03    3.0s
    40        0.1207        0.1194      0.1295      0.1218      0.1206   1.0e-03    3.0s
    41        0.1206        0.1193      0.1287      0.1216      0.1204   1.0e-03    3.1s
    42        0.1204        0.1192      0.1285      0.1217      0.1204   1.0e-03    3.0s
    43        0.1204        0.1192      0.1284      0.1216      0.1203   1.0e-03    3.1s
    44        0.1202        0.1189      0.1287      0.1216      0.1203   1.0e-03    3.1s
    45        0.1202        0.1189      0.1282      0.1216      0.1204   1.0e-03    3.1s
    46        0.1201        0.1188      0.1292      0.1215      0.1202   1.0e-03    3.0s
    47        0.1200        0.1188      0.1290      0.1215      0.1203   1.0e-03    2.9s
    48        0.1200        0.1187      0.1298      0.1215      0.1202   1.0e-03    3.0s
    49        0.1199        0.1186      0.1298      0.1214      0.1202   1.0e-03    3.0s
    50        0.1198        0.1185      0.1302      0.1214      0.1201   1.0e-03    2.9s
    51        0.1197        0.1184      0.1308      0.1215      0.1202   1.0e-03    3.0s
    52        0.1197        0.1184      0.1310      0.1214      0.1201   1.0e-03    3.0s
    53        0.1195        0.1182      0.1318      0.1213      0.1201   1.0e-03    3.0s
    54        0.1194        0.1181      0.1310      0.1214      0.1201   1.0e-03    3.0s
    55        0.1194        0.1181      0.1312      0.1214      0.1201   1.0e-03    2.9s
    56        0.1194        0.1181      0.1317      0.1213      0.1201   1.0e-03    3.0s
    57        0.1192        0.1179      0.1318      0.1214      0.1201   1.0e-03    3.0s
    58        0.1192        0.1179      0.1329      0.1213      0.1200   1.0e-03    3.0s
    59        0.1191        0.1178      0.1328      0.1214      0.1201   1.0e-03    3.0s
    60        0.1191        0.1178      0.1325      0.1213      0.1200   1.0e-03    3.0s
    61        0.1190        0.1176      0.1329      0.1214      0.1201   1.0e-03    3.0s
    62        0.1190        0.1177      0.1338      0.1213      0.1200   1.0e-03    3.0s
    63        0.1189        0.1176      0.1333      0.1213      0.1200   1.0e-03    3.1s
    64        0.1188        0.1175      0.1335      0.1213      0.1200   5.0e-04    3.0s
    65        0.1184        0.1170      0.1345      0.1210      0.1197   5.0e-04    3.0s
    66        0.1184        0.1170      0.1341      0.1211      0.1198   5.0e-04    2.9s
    67        0.1183        0.1169      0.1348      0.1211      0.1198   5.0e-04    3.0s
    68        0.1183        0.1169      0.1349      0.1211      0.1198   5.0e-04    2.9s
    69        0.1183        0.1170      0.1348      0.1211      0.1198   5.0e-04    3.0s
    70        0.1182        0.1168      0.1349      0.1211      0.1198   5.0e-04    3.0s
    71        0.1182        0.1168      0.1345      0.1211      0.1198   2.5e-04    2.9s
    72        0.1180        0.1166      0.1350      0.1210      0.1197   2.5e-04    3.0s
    73        0.1179        0.1165      0.1353      0.1210      0.1197   2.5e-04    3.1s
    74        0.1179        0.1165      0.1352      0.1210      0.1197   2.5e-04    3.0s
    75        0.1178        0.1165      0.1355      0.1210      0.1197   2.5e-04    3.1s
    76        0.1178        0.1165      0.1352      0.1210      0.1197   2.5e-04    2.9s
    77        0.1178        0.1165      0.1359      0.1211      0.1197   2.5e-04    3.0s
    78        0.1178        0.1164      0.1354      0.1210      0.1197   1.3e-04    2.9s
    79        0.1177        0.1163      0.1355      0.1210      0.1196   1.3e-04    3.0s
    80        0.1176        0.1163      0.1363      0.1210      0.1197   1.3e-04    3.0s
    81        0.1176        0.1162      0.1361      0.1210      0.1197   1.3e-04    3.0s
    82        0.1176        0.1162      0.1361      0.1210      0.1197   1.3e-04    3.0s
    83        0.1176        0.1162      0.1363      0.1210      0.1197   1.3e-04    3.0s
    84        0.1177        0.1163      0.1359      0.1210      0.1197   1.3e-04    2.9s
    85        0.1175        0.1162      0.1364      0.1210      0.1197   6.3e-05    3.0s
    86        0.1175        0.1161      0.1368      0.1210      0.1196   6.3e-05    3.0s
    87        0.1176        0.1162      0.1365      0.1210      0.1196   6.3e-05    3.0s
    88        0.1176        0.1162      0.1364      0.1210      0.1196   6.3e-05    2.9s
    89        0.1175        0.1161      0.1367      0.1210      0.1197   6.3e-05    3.0s
    90        0.1174        0.1161      0.1362      0.1210      0.1197   6.3e-05    2.9s
    91        0.1175        0.1161      0.1362      0.1210      0.1197   3.1e-05    3.0s
    92        0.1174        0.1160      0.1362      0.1210      0.1196   3.1e-05    3.0s
    93        0.1174        0.1161      0.1365      0.1210      0.1196   3.1e-05    3.0s
    94        0.1175        0.1161      0.1362      0.1210      0.1196   3.1e-05    3.0s

Early stopping at epoch 94 (no improvement for 15 epochs)

Done. Best val loss: 0.1210
Checkpoints and logs saved to: /project/xuanyao/jiaming/deeplearning/results_papalexi_nophase/beta0.01_dim64
=== Analyze ===
Device: cpu
Loading data...
  20729 cells, 3725 genes, 34 perturbations
Log1p-normalizing...
  Filtering 1 cells with unknown perturbation.

Loading model from model_best.pt...

[1/4] Computing latent embeddings...
  Silhouette score (perturbation clusters, excl. NTC): -0.0868
Running UMAP (this may take a few minutes)...
UMAP(min_dist=0.3, n_jobs=1, n_neighbors=30, random_state=42, verbose=True)
Fri May 15 13:11:50 2026 Construct fuzzy simplicial set
Fri May 15 13:11:50 2026 Finding Nearest Neighbors
Fri May 15 13:11:50 2026 Building RP forest with 12 trees
Fri May 15 13:11:55 2026 NN descent for 14 iterations
	 1  /  14
	 2  /  14
	Stopping threshold met -- exiting after 2 iterations
Fri May 15 13:12:06 2026 Finished Nearest Neighbor Search
Fri May 15 13:12:10 2026 Construct embedding
	completed  0  /  200 epochs
	completed  20  /  200 epochs
	completed  40  /  200 epochs
	completed  60  /  200 epochs
	completed  80  /  200 epochs
	completed  100  /  200 epochs
	completed  120  /  200 epochs
	completed  140  /  200 epochs
	completed  160  /  200 epochs
	completed  180  /  200 epochs
Fri May 15 13:12:28 2026 Finished embedding
  Saved: /project/xuanyao/jiaming/deeplearning/results_papalexi_nophase/beta0.01_dim64/figures/umap_latent.png
  Saved covariate UMAPs: umap_n_nonzero.png, umap_n_umis.png, umap_lane.png, umap_bio_rep.png, umap_phase.png, umap_p_mito.png
Running expression-PCA UMAP for covariate verification...
  Saved expression UMAP covariates: umap_expr_n_nonzero.png, umap_expr_n_umis.png, umap_expr_lane.png, umap_expr_bio_rep.png, umap_expr_phase.png, umap_expr_p_mito.png
  Saved: /project/xuanyao/jiaming/deeplearning/results_papalexi_nophase/beta0.01_dim64/figures/umap_per_perturbation.png

[2/4] Computing perturbation response scores (decode Δ vs NTC avg of 9 guides: ['NTg1', 'NTg10', 'NTg2', 'NTg3', 'NTg4']...)...
  NTg1                 (  303 cells) response range: [-0.104, 0.031] [NTC]
  NTg10                (  235 cells) response range: [-0.033, 0.071] [NTC]
  NTg2                 (  106 cells) response range: [-0.094, 0.041] [NTC]
  NTg3                 (  244 cells) response range: [-0.051, 0.026] [NTC]
  NTg4                 (  431 cells) response range: [-0.043, 0.044] [NTC]
  NTg5                 (  305 cells) response range: [-0.022, 0.034] [NTC]
  NTg7                 (  445 cells) response range: [-0.057, 0.054] [NTC]
  NTg8                 (   56 cells) response range: [-0.065, 0.069] [NTC]
  NTg9                 (  261 cells) response range: [-0.033, 0.039] [NTC]
  tar-ATF2             ( 1102 cells) response range: [-0.035, 0.048]
  tar-BRD4             (  341 cells) response range: [-0.338, 0.216]
  tar-CAV1             (  882 cells) response range: [-0.020, 0.074]
  tar-CD86             ( 1197 cells) response range: [-0.023, 0.035]
  tar-CMTM6            (  817 cells) response range: [-0.049, 0.038]
  tar-CUL3             (  274 cells) response range: [-0.128, 0.130]
  tar-ETV7             (  841 cells) response range: [-0.037, 0.078]
  tar-IFNGR1           ( 1341 cells) response range: [-1.335, 0.504]
  tar-IFNGR2           ( 1213 cells) response range: [-1.353, 0.516]
  tar-IRF1             ( 1073 cells) response range: [-0.886, 0.719]
  tar-IRF7             (  614 cells) response range: [-0.029, 0.029]
  tar-JAK2             ( 1024 cells) response range: [-1.470, 0.555]
  tar-MARCH8           ( 1003 cells) response range: [-0.027, 0.072]
  tar-MYC              (  108 cells) response range: [-0.136, 0.076]
  tar-NFKBIA           (  787 cells) response range: [-0.099, 0.067]
  tar-PDCD1LG2         (  617 cells) response range: [-0.037, 0.069]
  tar-POU2F2           (  662 cells) response range: [-0.026, 0.060]
  tar-SMAD4            (  659 cells) response range: [-0.935, 0.517]
  tar-SPI1             (   48 cells) response range: [-0.174, 0.116]
  tar-STAT1            (  444 cells) response range: [-1.146, 0.565]
  tar-STAT2            (  661 cells) response range: [-0.780, 0.171]
  tar-STAT3            (  493 cells) response range: [-0.043, 0.042]
  tar-STAT5A           (  659 cells) response range: [-0.039, 0.045]
  tar-TNFRSF14         (  964 cells) response range: [-0.035, 0.034]
  tar-UBE2L6           (  518 cells) response range: [-0.042, 0.036]
  NTC null: mean |response| per gene = 0.0028  std across NTC guides = 0.0033
  Saved: /project/xuanyao/jiaming/deeplearning/results_papalexi_nophase/beta0.01_dim64/response_scores.csv
  Saved: /project/xuanyao/jiaming/deeplearning/results_papalexi_nophase/beta0.01_dim64/figures/gene_response_heatmap.png
  Saved: /project/xuanyao/jiaming/deeplearning/results_papalexi_nophase/beta0.01_dim64/figures/effect_size_vs_null.png
  NTC noise floor (mean+2SD): 0.0038
  Saved: /project/xuanyao/jiaming/deeplearning/results_papalexi_nophase/beta0.01_dim64/figures/top_genes_per_pert.png

[3/4] Clustering perturbations by response vectors...
  Saved: /project/xuanyao/jiaming/deeplearning/results_papalexi_nophase/beta0.01_dim64/figures/perturbation_clustermap.png

[4/4] Running hallmark pathway enrichment...
  Saved: /project/xuanyao/jiaming/deeplearning/results_papalexi_nophase/beta0.01_dim64/figures/pathway_enrichment.png

[Bonus] Comparing CVAE response vs naive differential expression...
  Mean Spearman ρ (CVAE vs DE): 0.538
  Mean top-20 gene overlap:     6.6/20
  Saved: /project/xuanyao/jiaming/deeplearning/results_papalexi_nophase/beta0.01_dim64/cvae_vs_de_comparison.csv

All figures saved to: /project/xuanyao/jiaming/deeplearning/results_papalexi_nophase/beta0.01_dim64/figures
Done!
Done: beta0.01_dim64
