=== Train: beta=1e-3 latent_dim=32 (no bio_rep, no lane) ===
Device: cpu
Loading data...
  20729 cells, 3725 genes, 35 perturbations
  Filtering 1 cells with unknown perturbation assignment.
  Extra covariates: 6 dims (3 continuous + 3 categorical OHE)
Log1p-normalizing expression data...
  Train: 17635 cells | Val: 3093 cells

Model: 3725 genes | 34 perturbations | latent_dim=32
  Trainable parameters: 9,029,837

Training for up to 100 epochs (early stop patience=15)...

 Epoch   Train Total   Train Recon    Train KL   Val Total   Val Recon        LR    Time
------------------------------------------------------------------------------------------
     1        0.1955        0.1947      0.8118      0.1444      0.1442   1.0e-03    2.8s
     2        0.1484        0.1482      0.1976      0.1426      0.1424   1.0e-03    3.0s
     3        0.1453        0.1451      0.1469      0.1414      0.1412   1.0e-03    3.1s
     4        0.1427        0.1425      0.1985      0.1403      0.1401   1.0e-03    3.1s
     5        0.1394        0.1392      0.2519      0.1363      0.1360   1.0e-03    3.3s
     6        0.1360        0.1356      0.3623      0.1336      0.1333   1.0e-03    3.2s
     7        0.1338        0.1333      0.4228      0.1320      0.1316   1.0e-03    3.1s
     8        0.1316        0.1311      0.4490      0.1297      0.1292   1.0e-03    3.1s
     9        0.1291        0.1286      0.5087      0.1282      0.1277   1.0e-03    3.0s
    10        0.1277        0.1271      0.5682      0.1267      0.1261   1.0e-03    3.1s
    11        0.1265        0.1259      0.5899      0.1258      0.1252   1.0e-03    3.1s
    12        0.1257        0.1251      0.6033      0.1251      0.1245   1.0e-03    3.0s
    13        0.1247        0.1241      0.6440      0.1244      0.1238   1.0e-03    3.3s
    14        0.1241        0.1234      0.6363      0.1239      0.1232   1.0e-03    3.1s
    15        0.1234        0.1228      0.6378      0.1232      0.1226   1.0e-03    3.1s
    16        0.1229        0.1223      0.6354      0.1227      0.1221   1.0e-03    3.2s
    17        0.1223        0.1217      0.6440      0.1221      0.1215   1.0e-03    3.1s
    18        0.1217        0.1211      0.6654      0.1216      0.1209   1.0e-03    3.1s
    19        0.1210        0.1203      0.6884      0.1208      0.1201   1.0e-03    3.3s
    20        0.1205        0.1198      0.7054      0.1205      0.1198   1.0e-03    3.2s
    21        0.1200        0.1192      0.7181      0.1198      0.1191   1.0e-03    3.2s
    22        0.1195        0.1187      0.7399      0.1194      0.1186   1.0e-03    3.2s
    23        0.1190        0.1183      0.7363      0.1190      0.1183   1.0e-03    3.1s
    24        0.1188        0.1180      0.7363      0.1188      0.1181   1.0e-03    3.3s
    25        0.1184        0.1176      0.7256      0.1187      0.1179   1.0e-03    3.2s
    26        0.1181        0.1174      0.7244      0.1184      0.1177   1.0e-03    3.3s
    27        0.1179        0.1172      0.7209      0.1182      0.1175   1.0e-03    3.4s
    28        0.1177        0.1170      0.7147      0.1180      0.1173   1.0e-03    3.0s
    29        0.1174        0.1167      0.7248      0.1179      0.1171   1.0e-03    3.1s
    30        0.1172        0.1165      0.7317      0.1175      0.1168   1.0e-03    3.2s
    31        0.1169        0.1161      0.7318      0.1175      0.1167   1.0e-03    3.0s
    32        0.1167        0.1159      0.7354      0.1172      0.1165   1.0e-03    3.0s
    33        0.1165        0.1158      0.7360      0.1172      0.1164   1.0e-03    3.0s
    34        0.1163        0.1156      0.7341      0.1171      0.1163   1.0e-03    3.1s
    35        0.1162        0.1154      0.7242      0.1170      0.1163   1.0e-03    3.2s
    36        0.1161        0.1154      0.7209      0.1169      0.1162   1.0e-03    3.0s
    37        0.1159        0.1152      0.7160      0.1168      0.1161   1.0e-03    3.0s
    38        0.1158        0.1151      0.7210      0.1167      0.1160   1.0e-03    3.3s
    39        0.1157        0.1150      0.7244      0.1168      0.1161   1.0e-03    3.1s
    40        0.1155        0.1148      0.7251      0.1167      0.1160   1.0e-03    3.1s
    41        0.1155        0.1147      0.7320      0.1166      0.1159   1.0e-03    3.2s
    42        0.1152        0.1145      0.7403      0.1165      0.1158   1.0e-03    3.1s
    43        0.1151        0.1144      0.7492      0.1165      0.1157   1.0e-03    3.2s
    44        0.1150        0.1143      0.7605      0.1164      0.1156   1.0e-03    3.4s
    45        0.1149        0.1142      0.7651      0.1163      0.1155   1.0e-03    3.2s
    46        0.1147        0.1139      0.7729      0.1162      0.1155   1.0e-03    3.2s
    47        0.1147        0.1139      0.7749      0.1160      0.1153   1.0e-03    3.1s
    48        0.1145        0.1137      0.7840      0.1161      0.1153   1.0e-03    3.1s
    49        0.1143        0.1135      0.7887      0.1160      0.1152   1.0e-03    3.2s
    50        0.1142        0.1134      0.7926      0.1159      0.1151   1.0e-03    3.3s
    51        0.1141        0.1133      0.7996      0.1158      0.1150   1.0e-03    3.2s
    52        0.1140        0.1132      0.7956      0.1158      0.1151   1.0e-03    3.2s
    53        0.1139        0.1131      0.8016      0.1157      0.1149   1.0e-03    3.2s
    54        0.1138        0.1130      0.8028      0.1157      0.1149   1.0e-03    3.2s
    55        0.1136        0.1128      0.8059      0.1158      0.1150   1.0e-03    3.1s
    56        0.1136        0.1128      0.8043      0.1157      0.1149   1.0e-03    3.1s
    57        0.1135        0.1127      0.8060      0.1157      0.1149   1.0e-03    3.1s
    58        0.1135        0.1127      0.8109      0.1157      0.1149   1.0e-03    3.1s
    59        0.1134        0.1126      0.8119      0.1156      0.1148   1.0e-03    3.2s
    60        0.1132        0.1124      0.8096      0.1157      0.1149   1.0e-03    3.1s
    61        0.1133        0.1125      0.8160      0.1155      0.1147   1.0e-03    3.1s
    62        0.1131        0.1123      0.8156      0.1156      0.1148   1.0e-03    3.0s
    63        0.1131        0.1122      0.8186      0.1155      0.1147   1.0e-03    3.1s
    64        0.1131        0.1122      0.8182      0.1155      0.1147   1.0e-03    3.2s
    65        0.1130        0.1122      0.8207      0.1156      0.1147   1.0e-03    3.2s
    66        0.1130        0.1122      0.8180      0.1155      0.1147   1.0e-03    3.1s
    67        0.1128        0.1120      0.8208      0.1155      0.1147   1.0e-03    3.2s
    68        0.1128        0.1119      0.8233      0.1155      0.1147   1.0e-03    3.0s
    69        0.1127        0.1118      0.8221      0.1156      0.1148   1.0e-03    3.0s
    70        0.1127        0.1118      0.8238      0.1155      0.1146   1.0e-03    3.0s
    71        0.1126        0.1118      0.8272      0.1156      0.1148   1.0e-03    2.9s
    72        0.1125        0.1117      0.8298      0.1155      0.1147   1.0e-03    3.0s
    73        0.1125        0.1116      0.8258      0.1155      0.1146   1.0e-03    2.9s
    74        0.1124        0.1115      0.8299      0.1155      0.1147   1.0e-03    3.0s
    75        0.1124        0.1116      0.8310      0.1158      0.1149   1.0e-03    3.0s
    76        0.1123        0.1114      0.8295      0.1156      0.1147   5.0e-04    3.0s
    77        0.1119        0.1111      0.8322      0.1153      0.1145   5.0e-04    2.9s
    78        0.1118        0.1110      0.8319      0.1153      0.1145   5.0e-04    3.0s
    79        0.1117        0.1108      0.8359      0.1154      0.1145   5.0e-04    2.9s
    80        0.1117        0.1109      0.8364      0.1153      0.1145   5.0e-04    3.1s
    81        0.1117        0.1109      0.8359      0.1154      0.1145   5.0e-04    2.9s
    82        0.1116        0.1107      0.8384      0.1154      0.1145   5.0e-04    3.0s
    83        0.1117        0.1108      0.8400      0.1154      0.1146   2.5e-04    3.2s
    84        0.1115        0.1106      0.8398      0.1153      0.1145   2.5e-04    3.0s
    85        0.1113        0.1105      0.8409      0.1153      0.1145   2.5e-04    3.0s
    86        0.1112        0.1104      0.8414      0.1153      0.1144   2.5e-04    3.0s
    87        0.1113        0.1104      0.8410      0.1153      0.1144   2.5e-04    3.3s
    88        0.1112        0.1104      0.8424      0.1153      0.1145   2.5e-04    3.3s
    89        0.1112        0.1104      0.8411      0.1153      0.1145   2.5e-04    3.3s
    90        0.1113        0.1104      0.8451      0.1153      0.1145   2.5e-04    3.1s
    91        0.1112        0.1104      0.8418      0.1153      0.1145   2.5e-04    2.8s
    92        0.1113        0.1104      0.8443      0.1153      0.1145   1.3e-04    2.9s
    93        0.1110        0.1102      0.8444      0.1153      0.1145   1.3e-04    2.8s
    94        0.1111        0.1102      0.8427      0.1153      0.1145   1.3e-04    2.8s
    95        0.1110        0.1102      0.8434      0.1153      0.1145   1.3e-04    2.7s
    96        0.1111        0.1102      0.8438      0.1153      0.1145   1.3e-04    2.7s
    97        0.1110        0.1102      0.8454      0.1153      0.1144   1.3e-04    2.8s
    98        0.1110        0.1101      0.8472      0.1153      0.1145   6.3e-05    2.8s
    99        0.1109        0.1101      0.8465      0.1153      0.1144   6.3e-05    2.9s
   100        0.1109        0.1101      0.8469      0.1153      0.1144   6.3e-05    2.9s

Done. Best val loss: 0.1153
Checkpoints and logs saved to: /project/xuanyao/jiaming/deeplearning/results_papalexi_nobatch/beta1e-3_dim32
=== Analyze ===
Device: cpu
Loading data...
  20729 cells, 3725 genes, 34 perturbations
Log1p-normalizing...
  Filtering 1 cells with unknown perturbation.

Loading model from model_best.pt...

[1/4] Computing latent embeddings...
  Silhouette score (perturbation clusters, excl. NTC): -0.0467
Running UMAP (this may take a few minutes)...
UMAP(min_dist=0.3, n_jobs=1, n_neighbors=30, random_state=42, verbose=True)
Fri May 15 16:50:34 2026 Construct fuzzy simplicial set
Fri May 15 16:50:34 2026 Finding Nearest Neighbors
Fri May 15 16:50:34 2026 Building RP forest with 12 trees
Fri May 15 16:50:39 2026 NN descent for 14 iterations
	 1  /  14
	 2  /  14
	 3  /  14
	Stopping threshold met -- exiting after 3 iterations
Fri May 15 16:50:49 2026 Finished Nearest Neighbor Search
Fri May 15 16:50:52 2026 Construct embedding
	completed  0  /  200 epochs
	completed  20  /  200 epochs
	completed  40  /  200 epochs
	completed  60  /  200 epochs
	completed  80  /  200 epochs
	completed  100  /  200 epochs
	completed  120  /  200 epochs
	completed  140  /  200 epochs
	completed  160  /  200 epochs
	completed  180  /  200 epochs
Fri May 15 16:51:12 2026 Finished embedding
  Saved: /project/xuanyao/jiaming/deeplearning/results_papalexi_nobatch/beta1e-3_dim32/figures/umap_latent.png
  Saved covariate UMAPs: umap_n_nonzero.png, umap_n_umis.png, umap_lane.png, umap_bio_rep.png, umap_phase.png, umap_p_mito.png
Running expression-PCA UMAP for covariate verification...
  Saved expression UMAP covariates: umap_expr_n_nonzero.png, umap_expr_n_umis.png, umap_expr_lane.png, umap_expr_bio_rep.png, umap_expr_phase.png, umap_expr_p_mito.png
  Saved: /project/xuanyao/jiaming/deeplearning/results_papalexi_nobatch/beta1e-3_dim32/figures/umap_per_perturbation.png

[2/4] Computing perturbation response scores (decode Δ vs NTC avg of 9 guides: ['NTg1', 'NTg10', 'NTg2', 'NTg3', 'NTg4']...)...
  NTg1                 (  303 cells) response range: [-0.067, 0.020] [NTC]
  NTg10                (  235 cells) response range: [-0.034, 0.045] [NTC]
  NTg2                 (  106 cells) response range: [-0.058, 0.024] [NTC]
  NTg3                 (  244 cells) response range: [-0.030, 0.026] [NTC]
  NTg4                 (  431 cells) response range: [-0.025, 0.092] [NTC]
  NTg5                 (  305 cells) response range: [-0.050, 0.048] [NTC]
  NTg7                 (  445 cells) response range: [-0.070, 0.045] [NTC]
  NTg8                 (   56 cells) response range: [-0.074, 0.054] [NTC]
  NTg9                 (  261 cells) response range: [-0.030, 0.031] [NTC]
  tar-ATF2             ( 1102 cells) response range: [-0.020, 0.040]
  tar-BRD4             (  341 cells) response range: [-0.252, 0.157]
  tar-CAV1             (  882 cells) response range: [-0.025, 0.030]
  tar-CD86             ( 1197 cells) response range: [-0.036, 0.023]
  tar-CMTM6            (  817 cells) response range: [-0.031, 0.019]
  tar-CUL3             (  274 cells) response range: [-0.103, 0.151]
  tar-ETV7             (  841 cells) response range: [-0.024, 0.068]
  tar-IFNGR1           ( 1341 cells) response range: [-1.037, 0.348]
  tar-IFNGR2           ( 1213 cells) response range: [-1.031, 0.360]
  tar-IRF1             ( 1073 cells) response range: [-0.850, 0.672]
  tar-IRF7             (  614 cells) response range: [-0.018, 0.039]
  tar-JAK2             ( 1024 cells) response range: [-1.176, 0.408]
  tar-MARCH8           ( 1003 cells) response range: [-0.026, 0.051]
  tar-MYC              (  108 cells) response range: [-0.105, 0.073]
  tar-NFKBIA           (  787 cells) response range: [-0.060, 0.062]
  tar-PDCD1LG2         (  617 cells) response range: [-0.041, 0.030]
  tar-POU2F2           (  662 cells) response range: [-0.029, 0.034]
  tar-SMAD4            (  659 cells) response range: [-0.575, 0.533]
  tar-SPI1             (   48 cells) response range: [-0.184, 0.193]
  tar-STAT1            (  444 cells) response range: [-0.830, 0.391]
  tar-STAT2            (  661 cells) response range: [-0.525, 0.141]
  tar-STAT3            (  493 cells) response range: [-0.029, 0.034]
  tar-STAT5A           (  659 cells) response range: [-0.036, 0.045]
  tar-TNFRSF14         (  964 cells) response range: [-0.033, 0.044]
  tar-UBE2L6           (  518 cells) response range: [-0.038, 0.056]
  NTC null: mean |response| per gene = 0.0026  std across NTC guides = 0.0032
  Saved: /project/xuanyao/jiaming/deeplearning/results_papalexi_nobatch/beta1e-3_dim32/response_scores.csv
  Saved: /project/xuanyao/jiaming/deeplearning/results_papalexi_nobatch/beta1e-3_dim32/figures/gene_response_heatmap.png
  Saved: /project/xuanyao/jiaming/deeplearning/results_papalexi_nobatch/beta1e-3_dim32/figures/effect_size_vs_null.png
  NTC noise floor (mean+2SD): 0.0037
  Saved: /project/xuanyao/jiaming/deeplearning/results_papalexi_nobatch/beta1e-3_dim32/figures/top_genes_per_pert.png

[3/4] Clustering perturbations by response vectors...
  Saved: /project/xuanyao/jiaming/deeplearning/results_papalexi_nobatch/beta1e-3_dim32/figures/perturbation_clustermap.png

[4/4] Running hallmark pathway enrichment...
  Saved: /project/xuanyao/jiaming/deeplearning/results_papalexi_nobatch/beta1e-3_dim32/figures/pathway_enrichment.png

[Bonus] Comparing CVAE response vs naive differential expression...
  Mean Spearman ρ (CVAE vs DE): 0.546
  Mean top-20 gene overlap:     7.0/20
  Saved: /project/xuanyao/jiaming/deeplearning/results_papalexi_nobatch/beta1e-3_dim32/cvae_vs_de_comparison.csv

All figures saved to: /project/xuanyao/jiaming/deeplearning/results_papalexi_nobatch/beta1e-3_dim32/figures
Done!
Done: beta1e-3_dim32
