=== Train: beta=0.1 latent_dim=64 (no phase) ===
Device: cpu
Loading data...
  20729 cells, 3725 genes, 35 perturbations
  Filtering 1 cells with unknown perturbation assignment.
  Extra covariates: 14 dims (3 continuous + 11 categorical OHE)
Log1p-normalizing expression data...
  Train: 17635 cells | Val: 3093 cells

Model: 3725 genes | 34 perturbations | latent_dim=64
  Trainable parameters: 9,064,717

Training for up to 100 epochs (early stop patience=15)...

 Epoch   Train Total   Train Recon    Train KL   Val Total   Val Recon        LR    Time
------------------------------------------------------------------------------------------
     1        0.2006        0.1983      0.0232      0.1444      0.1444   1.0e-03    2.9s
     2        0.1499        0.1494      0.0052      0.1434      0.1434   1.0e-03    3.1s
     3        0.1465        0.1462      0.0033      0.1434      0.1434   1.0e-03    3.2s
     4        0.1449        0.1447      0.0020      0.1427      0.1427   1.0e-03    3.1s
     5        0.1431        0.1430      0.0011      0.1429      0.1429   1.0e-03    3.2s
     6        0.1413        0.1413      0.0005      0.1413      0.1412   1.0e-03    3.2s
     7        0.1396        0.1396      0.0003      0.1398      0.1398   1.0e-03    3.2s
     8        0.1383        0.1383      0.0002      0.1392      0.1391   1.0e-03    3.1s
     9        0.1374        0.1374      0.0001      0.1384      0.1384   1.0e-03    3.2s
    10        0.1365        0.1365      0.0001      0.1376      0.1376   1.0e-03    3.2s
    11        0.1357        0.1357      0.0001      0.1370      0.1370   1.0e-03    3.2s
    12        0.1353        0.1353      0.0001      0.1367      0.1367   1.0e-03    3.2s
    13        0.1350        0.1350      0.0001      0.1364      0.1364   1.0e-03    3.2s
    14        0.1346        0.1346      0.0001      0.1363      0.1363   1.0e-03    3.3s
    15        0.1344        0.1343      0.0003      0.1359      0.1358   1.0e-03    3.2s
    16        0.1342        0.1341      0.0013      0.1359      0.1357   1.0e-03    3.2s
    17        0.1339        0.1335      0.0041      0.1348      0.1342   1.0e-03    3.2s
    18        0.1335        0.1328      0.0069      0.1341      0.1333   1.0e-03    3.2s
    19        0.1331        0.1322      0.0090      0.1332      0.1324   1.0e-03    3.3s
    20        0.1325        0.1314      0.0106      0.1329      0.1315   1.0e-03    3.4s
    21        0.1320        0.1307      0.0128      0.1319      0.1309   1.0e-03    3.3s
    22        0.1316        0.1301      0.0143      0.1317      0.1302   1.0e-03    3.4s
    23        0.1308        0.1292      0.0158      0.1318      0.1301   1.0e-03    3.3s
    24        0.1304        0.1288      0.0163      0.1309      0.1295   1.0e-03    3.2s
    25        0.1302        0.1285      0.0168      0.1309      0.1292   1.0e-03    3.2s
    26        0.1301        0.1284      0.0174      0.1312      0.1295   1.0e-03    3.3s
    27        0.1298        0.1281      0.0176      0.1305      0.1289   1.0e-03    3.3s
    28        0.1298        0.1280      0.0175      0.1305      0.1287   1.0e-03    3.2s
    29        0.1297        0.1279      0.0179      0.1303      0.1286   1.0e-03    3.3s
    30        0.1295        0.1277      0.0182      0.1303      0.1284   1.0e-03    3.3s
    31        0.1294        0.1275      0.0181      0.1300      0.1283   1.0e-03    3.3s
    32        0.1294        0.1275      0.0186      0.1298      0.1281   1.0e-03    3.2s
    33        0.1292        0.1273      0.0187      0.1298      0.1281   1.0e-03    3.3s
    34        0.1291        0.1272      0.0191      0.1298      0.1281   1.0e-03    3.3s
    35        0.1291        0.1272      0.0187      0.1298      0.1279   1.0e-03    3.3s
    36        0.1289        0.1270      0.0191      0.1297      0.1278   1.0e-03    3.3s
    37        0.1289        0.1270      0.0190      0.1298      0.1280   1.0e-03    3.3s
    38        0.1287        0.1268      0.0191      0.1297      0.1277   1.0e-03    3.2s
    39        0.1288        0.1269      0.0194      0.1297      0.1277   1.0e-03    3.2s
    40        0.1285        0.1266      0.0193      0.1296      0.1276   1.0e-03    3.3s
    41        0.1285        0.1266      0.0196      0.1295      0.1276   1.0e-03    3.2s
    42        0.1284        0.1265      0.0196      0.1294      0.1274   1.0e-03    3.2s
    43        0.1285        0.1265      0.0199      0.1296      0.1276   1.0e-03    3.2s
    44        0.1284        0.1265      0.0196      0.1296      0.1276   1.0e-03    3.2s
    45        0.1283        0.1263      0.0197      0.1295      0.1275   1.0e-03    3.2s
    46        0.1283        0.1264      0.0198      0.1293      0.1273   1.0e-03    3.2s
    47        0.1282        0.1262      0.0200      0.1294      0.1274   1.0e-03    3.3s
    48        0.1282        0.1262      0.0199      0.1293      0.1273   1.0e-03    3.2s
    49        0.1281        0.1261      0.0199      0.1292      0.1272   1.0e-03    3.3s
    50        0.1280        0.1260      0.0202      0.1292      0.1272   1.0e-03    3.3s
    51        0.1280        0.1260      0.0203      0.1293      0.1271   1.0e-03    3.3s
    52        0.1279        0.1259      0.0204      0.1293      0.1273   1.0e-03    3.2s
    53        0.1279        0.1258      0.0203      0.1294      0.1274   1.0e-03    3.2s
    54        0.1279        0.1258      0.0206      0.1293      0.1273   1.0e-03    3.2s
    55        0.1278        0.1258      0.0204      0.1296      0.1276   5.0e-04    3.2s
    56        0.1276        0.1255      0.0206      0.1291      0.1271   5.0e-04    3.2s
    57        0.1274        0.1253      0.0209      0.1292      0.1271   5.0e-04    3.1s
    58        0.1273        0.1253      0.0207      0.1290      0.1270   5.0e-04    3.2s
    59        0.1273        0.1252      0.0208      0.1291      0.1270   5.0e-04    3.3s
    60        0.1274        0.1253      0.0208      0.1293      0.1273   5.0e-04    3.2s
    61        0.1272        0.1251      0.0207      0.1290      0.1270   5.0e-04    3.2s
    62        0.1272        0.1251      0.0205      0.1291      0.1270   5.0e-04    3.1s
    63        0.1272        0.1251      0.0209      0.1291      0.1270   5.0e-04    3.1s
    64        0.1271        0.1251      0.0209      0.1290      0.1269   2.5e-04    3.2s
    65        0.1269        0.1248      0.0209      0.1290      0.1269   2.5e-04    3.2s
    66        0.1270        0.1248      0.0211      0.1290      0.1269   2.5e-04    3.2s
    67        0.1269        0.1248      0.0209      0.1290      0.1269   2.5e-04    3.2s
    68        0.1269        0.1248      0.0208      0.1290      0.1269   2.5e-04    3.2s
    69        0.1269        0.1248      0.0212      0.1291      0.1270   2.5e-04    3.1s
    70        0.1268        0.1247      0.0209      0.1290      0.1269   2.5e-04    3.2s
    71        0.1269        0.1248      0.0211      0.1290      0.1269   2.5e-04    3.2s
    72        0.1268        0.1247      0.0211      0.1290      0.1269   2.5e-04    3.1s
    73        0.1267        0.1246      0.0210      0.1290      0.1269   2.5e-04    3.3s
    74        0.1268        0.1247      0.0211      0.1290      0.1269   1.3e-04    3.3s
    75        0.1266        0.1245      0.0212      0.1289      0.1269   1.3e-04    3.2s
    76        0.1267        0.1246      0.0212      0.1289      0.1269   1.3e-04    3.2s
    77        0.1267        0.1246      0.0212      0.1290      0.1269   1.3e-04    3.2s
    78        0.1266        0.1245      0.0211      0.1289      0.1268   1.3e-04    3.3s
    79        0.1266        0.1245      0.0211      0.1290      0.1269   1.3e-04    3.2s
    80        0.1266        0.1245      0.0213      0.1289      0.1268   1.3e-04    3.1s
    81        0.1265        0.1244      0.0211      0.1290      0.1269   1.3e-04    3.2s
    82        0.1265        0.1244      0.0210      0.1289      0.1269   6.3e-05    3.2s
    83        0.1265        0.1244      0.0209      0.1290      0.1268   6.3e-05    3.2s
    84        0.1266        0.1245      0.0213      0.1290      0.1269   6.3e-05    3.1s
    85        0.1264        0.1243      0.0213      0.1289      0.1268   6.3e-05    3.2s
    86        0.1265        0.1244      0.0213      0.1290      0.1268   6.3e-05    3.1s
    87        0.1265        0.1244      0.0214      0.1289      0.1268   6.3e-05    3.1s
    88        0.1266        0.1244      0.0215      0.1290      0.1269   3.1e-05    3.2s
    89        0.1264        0.1243      0.0213      0.1289      0.1268   3.1e-05    3.1s
    90        0.1264        0.1243      0.0210      0.1289      0.1268   3.1e-05    3.0s
    91        0.1265        0.1243      0.0214      0.1290      0.1268   3.1e-05    3.1s

Early stopping at epoch 91 (no improvement for 15 epochs)

Done. Best val loss: 0.1289
Checkpoints and logs saved to: /project/xuanyao/jiaming/deeplearning/results_papalexi_nophase/beta0.1_dim64
=== Analyze ===
Device: cpu
Loading data...
  20729 cells, 3725 genes, 34 perturbations
Log1p-normalizing...
  Filtering 1 cells with unknown perturbation.

Loading model from model_best.pt...

[1/4] Computing latent embeddings...
  Silhouette score (perturbation clusters, excl. NTC): -0.1840
Running UMAP (this may take a few minutes)...
UMAP(min_dist=0.3, n_jobs=1, n_neighbors=30, random_state=42, verbose=True)
Sat May 16 15:32:31 2026 Construct fuzzy simplicial set
Sat May 16 15:32:31 2026 Finding Nearest Neighbors
Sat May 16 15:32:31 2026 Building RP forest with 12 trees
Sat May 16 15:32:37 2026 NN descent for 14 iterations
	 1  /  14
	 2  /  14
	Stopping threshold met -- exiting after 2 iterations
Sat May 16 15:32:51 2026 Finished Nearest Neighbor Search
Sat May 16 15:32:56 2026 Construct embedding
	completed  0  /  200 epochs
	completed  20  /  200 epochs
	completed  40  /  200 epochs
	completed  60  /  200 epochs
	completed  80  /  200 epochs
	completed  100  /  200 epochs
	completed  120  /  200 epochs
	completed  140  /  200 epochs
	completed  160  /  200 epochs
	completed  180  /  200 epochs
Sat May 16 15:33:21 2026 Finished embedding
  Saved: /project/xuanyao/jiaming/deeplearning/results_papalexi_nophase/beta0.1_dim64/figures/umap_latent.png
  Saved covariate UMAPs: umap_n_nonzero.png, umap_n_umis.png, umap_lane.png, umap_bio_rep.png, umap_phase.png, umap_p_mito.png
Running expression-PCA UMAP for covariate verification...
  Saved expression UMAP covariates: umap_expr_n_nonzero.png, umap_expr_n_umis.png, umap_expr_lane.png, umap_expr_bio_rep.png, umap_expr_phase.png, umap_expr_p_mito.png
  Saved: /project/xuanyao/jiaming/deeplearning/results_papalexi_nophase/beta0.1_dim64/figures/umap_per_perturbation.png

[2/4] Computing perturbation response scores (decode Δ vs NTC avg of 9 guides: ['NTg1', 'NTg10', 'NTg2', 'NTg3', 'NTg4']...)...
  NTg1                 (  303 cells) response range: [-0.144, 0.066] [NTC]
  NTg10                (  235 cells) response range: [-0.032, 0.032] [NTC]
  NTg2                 (  106 cells) response range: [-0.104, 0.032] [NTC]
  NTg3                 (  244 cells) response range: [-0.054, 0.042] [NTC]
  NTg4                 (  431 cells) response range: [-0.048, 0.064] [NTC]
  NTg5                 (  305 cells) response range: [-0.026, 0.066] [NTC]
  NTg7                 (  445 cells) response range: [-0.074, 0.051] [NTC]
  NTg8                 (   56 cells) response range: [-0.028, 0.054] [NTC]
  NTg9                 (  261 cells) response range: [-0.028, 0.038] [NTC]
  tar-ATF2             ( 1102 cells) response range: [-0.036, 0.066]
  tar-BRD4             (  341 cells) response range: [-0.438, 0.385]
  tar-CAV1             (  882 cells) response range: [-0.029, 0.024]
  tar-CD86             ( 1197 cells) response range: [-0.029, 0.021]
  tar-CMTM6            (  817 cells) response range: [-0.071, 0.043]
  tar-CUL3             (  274 cells) response range: [-0.243, 0.326]
  tar-ETV7             (  841 cells) response range: [-0.048, 0.095]
  tar-IFNGR1           ( 1341 cells) response range: [-1.670, 0.554]
  tar-IFNGR2           ( 1213 cells) response range: [-1.726, 0.559]
  tar-IRF1             ( 1073 cells) response range: [-0.911, 0.806]
  tar-IRF7             (  614 cells) response range: [-0.037, 0.020]
  tar-JAK2             ( 1024 cells) response range: [-1.855, 0.605]
  tar-MARCH8           ( 1003 cells) response range: [-0.042, 0.036]
  tar-MYC              (  108 cells) response range: [-0.220, 0.274]
  tar-NFKBIA           (  787 cells) response range: [-0.095, 0.091]
  tar-PDCD1LG2         (  617 cells) response range: [-0.042, 0.039]
  tar-POU2F2           (  662 cells) response range: [-0.038, 0.047]
  tar-SMAD4            (  659 cells) response range: [-1.074, 0.517]
  tar-SPI1             (   48 cells) response range: [-0.312, 0.172]
  tar-STAT1            (  444 cells) response range: [-1.706, 0.676]
  tar-STAT2            (  661 cells) response range: [-0.847, 0.178]
  tar-STAT3            (  493 cells) response range: [-0.062, 0.047]
  tar-STAT5A           (  659 cells) response range: [-0.066, 0.037]
  tar-TNFRSF14         (  964 cells) response range: [-0.037, 0.038]
  tar-UBE2L6           (  518 cells) response range: [-0.074, 0.086]
  NTC null: mean |response| per gene = 0.0033  std across NTC guides = 0.0040
  Saved: /project/xuanyao/jiaming/deeplearning/results_papalexi_nophase/beta0.1_dim64/response_scores.csv
  Saved: /project/xuanyao/jiaming/deeplearning/results_papalexi_nophase/beta0.1_dim64/figures/gene_response_heatmap.png
  Saved: /project/xuanyao/jiaming/deeplearning/results_papalexi_nophase/beta0.1_dim64/figures/effect_size_vs_null.png
  NTC noise floor (mean+2SD): 0.0047
  Saved: /project/xuanyao/jiaming/deeplearning/results_papalexi_nophase/beta0.1_dim64/figures/top_genes_per_pert.png

[3/4] Clustering perturbations by response vectors...
  Saved: /project/xuanyao/jiaming/deeplearning/results_papalexi_nophase/beta0.1_dim64/figures/perturbation_clustermap.png

[4/4] Running hallmark pathway enrichment...
  Saved: /project/xuanyao/jiaming/deeplearning/results_papalexi_nophase/beta0.1_dim64/figures/pathway_enrichment.png

[Bonus] Comparing CVAE response vs naive differential expression...
  Mean Spearman ρ (CVAE vs DE): 0.555
  Mean top-20 gene overlap:     7.4/20
  Saved: /project/xuanyao/jiaming/deeplearning/results_papalexi_nophase/beta0.1_dim64/cvae_vs_de_comparison.csv

All figures saved to: /project/xuanyao/jiaming/deeplearning/results_papalexi_nophase/beta0.1_dim64/figures
Done!
Done: beta0.1_dim64
