=== Train: beta=1e-4 latent_dim=128 (no phase) ===
Device: cpu
Loading data...
  20729 cells, 3725 genes, 35 perturbations
  Filtering 1 cells with unknown perturbation assignment.
  Extra covariates: 14 dims (3 continuous + 11 categorical OHE)
Log1p-normalizing expression data...
  Train: 17635 cells | Val: 3093 cells

Model: 3725 genes | 34 perturbations | latent_dim=128
  Trainable parameters: 9,113,997

Training for up to 100 epochs (early stop patience=15)...

 Epoch   Train Total   Train Recon    Train KL   Val Total   Val Recon        LR    Time
------------------------------------------------------------------------------------------
     1        0.1962        0.1961      1.0788      0.1447      0.1446   1.0e-03    3.0s
     2        0.1490        0.1489      1.0049      0.1439      0.1438   1.0e-03    3.1s
     3        0.1468        0.1468      0.4566      0.1428      0.1428   1.0e-03    3.2s
     4        0.1447        0.1446      0.8344      0.1418      0.1418   1.0e-03    3.2s
     5        0.1424        0.1423      1.1230      0.1392      0.1391   1.0e-03    3.2s
     6        0.1387        0.1386      1.4031      0.1350      0.1349   1.0e-03    3.1s
     7        0.1348        0.1347      1.4494      0.1328      0.1327   1.0e-03    3.2s
     8        0.1321        0.1320      1.4720      0.1297      0.1295   1.0e-03    3.1s
     9        0.1290        0.1288      1.6343      0.1273      0.1271   1.0e-03    3.1s
    10        0.1270        0.1268      1.7623      0.1260      0.1258   1.0e-03    3.2s
    11        0.1255        0.1253      1.7296      0.1246      0.1244   1.0e-03    3.1s
    12        0.1241        0.1239      1.7717      0.1234      0.1232   1.0e-03    3.2s
    13        0.1230        0.1229      1.7782      0.1223      0.1221   1.0e-03    3.1s
    14        0.1221        0.1219      1.7771      0.1213      0.1211   1.0e-03    3.1s
    15        0.1213        0.1211      1.8282      0.1206      0.1204   1.0e-03    3.2s
    16        0.1205        0.1203      1.8468      0.1200      0.1199   1.0e-03    3.2s
    17        0.1197        0.1195      1.8864      0.1194      0.1192   1.0e-03    3.2s
    18        0.1193        0.1191      1.8816      0.1190      0.1188   1.0e-03    3.2s
    19        0.1185        0.1184      1.8802      0.1184      0.1182   1.0e-03    3.2s
    20        0.1180        0.1178      1.9382      0.1178      0.1176   1.0e-03    3.2s
    21        0.1175        0.1173      1.9363      0.1172      0.1170   1.0e-03    3.2s
    22        0.1171        0.1169      1.9523      0.1168      0.1166   1.0e-03    3.2s
    23        0.1167        0.1165      1.9642      0.1165      0.1163   1.0e-03    3.2s
    24        0.1163        0.1161      1.9815      0.1160      0.1158   1.0e-03    3.1s
    25        0.1158        0.1156      2.0028      0.1157      0.1155   1.0e-03    3.2s
    26        0.1155        0.1153      1.9958      0.1155      0.1153   1.0e-03    3.2s
    27        0.1151        0.1149      2.0048      0.1153      0.1151   1.0e-03    3.2s
    28        0.1149        0.1147      2.0331      0.1150      0.1148   1.0e-03    3.2s
    29        0.1146        0.1144      2.0484      0.1150      0.1147   1.0e-03    3.2s
    30        0.1143        0.1141      2.0548      0.1148      0.1146   1.0e-03    3.2s
    31        0.1142        0.1140      2.0629      0.1146      0.1144   1.0e-03    3.3s
    32        0.1139        0.1137      2.0688      0.1144      0.1142   1.0e-03    3.2s
    33        0.1137        0.1135      2.0778      0.1143      0.1141   1.0e-03    3.2s
    34        0.1136        0.1134      2.0938      0.1143      0.1141   1.0e-03    3.3s
    35        0.1134        0.1132      2.1060      0.1141      0.1139   1.0e-03    3.2s
    36        0.1133        0.1131      2.1040      0.1140      0.1138   1.0e-03    3.3s
    37        0.1130        0.1128      2.0933      0.1139      0.1137   1.0e-03    3.2s
    38        0.1129        0.1127      2.1158      0.1138      0.1135   1.0e-03    3.2s
    39        0.1126        0.1124      2.1097      0.1136      0.1134   1.0e-03    3.2s
    40        0.1125        0.1123      2.1201      0.1136      0.1134   1.0e-03    3.2s
    41        0.1124        0.1122      2.1234      0.1134      0.1132   1.0e-03    3.2s
    42        0.1122        0.1120      2.1219      0.1134      0.1132   1.0e-03    3.2s
    43        0.1121        0.1119      2.1251      0.1134      0.1132   1.0e-03    3.2s
    44        0.1120        0.1118      2.1407      0.1133      0.1131   1.0e-03    3.3s
    45        0.1118        0.1116      2.1528      0.1131      0.1129   1.0e-03    3.2s
    46        0.1117        0.1115      2.1511      0.1130      0.1127   1.0e-03    3.1s
    47        0.1115        0.1113      2.1559      0.1130      0.1128   1.0e-03    3.2s
    48        0.1115        0.1113      2.1645      0.1129      0.1127   1.0e-03    3.3s
    49        0.1114        0.1112      2.1626      0.1128      0.1126   1.0e-03    3.2s
    50        0.1113        0.1111      2.1660      0.1129      0.1127   1.0e-03    3.3s
    51        0.1112        0.1109      2.1715      0.1128      0.1126   1.0e-03    3.2s
    52        0.1110        0.1108      2.1654      0.1128      0.1125   1.0e-03    3.1s
    53        0.1109        0.1106      2.1853      0.1126      0.1124   1.0e-03    3.2s
    54        0.1108        0.1106      2.1909      0.1126      0.1124   1.0e-03    3.1s
    55        0.1107        0.1105      2.1949      0.1126      0.1124   1.0e-03    3.2s
    56        0.1106        0.1103      2.2029      0.1126      0.1123   1.0e-03    3.1s
    57        0.1105        0.1103      2.1978      0.1125      0.1122   1.0e-03    3.2s
    58        0.1103        0.1101      2.2124      0.1124      0.1122   1.0e-03    3.1s
    59        0.1103        0.1101      2.2152      0.1123      0.1121   1.0e-03    3.2s
    60        0.1102        0.1099      2.2384      0.1123      0.1121   1.0e-03    3.1s
    61        0.1100        0.1098      2.2289      0.1122      0.1120   1.0e-03    3.2s
    62        0.1100        0.1098      2.2180      0.1122      0.1120   1.0e-03    3.2s
    63        0.1100        0.1098      2.2330      0.1122      0.1119   1.0e-03    3.1s
    64        0.1098        0.1096      2.2278      0.1122      0.1119   1.0e-03    3.2s
    65        0.1097        0.1095      2.2253      0.1121      0.1118   1.0e-03    3.1s
    66        0.1096        0.1094      2.2424      0.1122      0.1119   1.0e-03    3.1s
    67        0.1095        0.1093      2.2202      0.1121      0.1119   1.0e-03    3.1s
    68        0.1095        0.1093      2.2397      0.1122      0.1120   1.0e-03    3.2s
    69        0.1095        0.1093      2.2214      0.1121      0.1119   1.0e-03    3.2s
    70        0.1093        0.1091      2.2267      0.1119      0.1117   1.0e-03    3.2s
    71        0.1093        0.1091      2.2408      0.1120      0.1118   1.0e-03    3.2s
    72        0.1092        0.1090      2.2271      0.1120      0.1118   1.0e-03    3.1s
    73        0.1091        0.1089      2.2214      0.1121      0.1118   1.0e-03    3.2s
    74        0.1091        0.1089      2.2232      0.1119      0.1117   1.0e-03    3.1s
    75        0.1090        0.1088      2.2312      0.1120      0.1118   1.0e-03    3.2s
    76        0.1089        0.1087      2.2364      0.1119      0.1117   1.0e-03    3.1s
    77        0.1089        0.1087      2.2352      0.1119      0.1117   1.0e-03    3.2s
    78        0.1089        0.1086      2.2407      0.1123      0.1121   1.0e-03    3.2s
    79        0.1088        0.1085      2.2427      0.1119      0.1117   1.0e-03    3.2s
    80        0.1087        0.1085      2.2303      0.1118      0.1116   1.0e-03    3.2s
    81        0.1086        0.1084      2.2330      0.1120      0.1118   1.0e-03    3.2s
    82        0.1086        0.1084      2.2271      0.1120      0.1117   1.0e-03    3.1s
    83        0.1086        0.1083      2.2332      0.1119      0.1116   1.0e-03    3.2s
    84        0.1085        0.1083      2.2418      0.1122      0.1120   1.0e-03    3.2s
    85        0.1085        0.1082      2.2286      0.1120      0.1118   1.0e-03    3.2s
    86        0.1084        0.1081      2.2381      0.1119      0.1117   5.0e-04    3.1s
    87        0.1079        0.1076      2.2396      0.1117      0.1115   5.0e-04    3.0s
    88        0.1077        0.1075      2.2424      0.1117      0.1115   5.0e-04    3.1s
    89        0.1077        0.1075      2.2453      0.1117      0.1115   5.0e-04    3.1s
    90        0.1077        0.1075      2.2685      0.1117      0.1115   5.0e-04    3.1s
    91        0.1076        0.1074      2.2613      0.1117      0.1114   5.0e-04    3.1s
    92        0.1076        0.1074      2.2492      0.1117      0.1115   5.0e-04    3.1s
    93        0.1076        0.1074      2.2583      0.1117      0.1115   5.0e-04    3.2s
    94        0.1075        0.1073      2.2552      0.1118      0.1116   5.0e-04    3.2s
    95        0.1074        0.1072      2.2487      0.1117      0.1115   5.0e-04    3.2s
    96        0.1074        0.1072      2.2550      0.1118      0.1116   5.0e-04    3.1s
    97        0.1074        0.1072      2.2461      0.1116      0.1114   5.0e-04    3.2s
    98        0.1074        0.1071      2.2478      0.1117      0.1115   5.0e-04    3.1s
    99        0.1073        0.1071      2.2562      0.1117      0.1115   5.0e-04    2.9s
   100        0.1073        0.1070      2.2577      0.1118      0.1115   5.0e-04    3.0s

Done. Best val loss: 0.1116
Checkpoints and logs saved to: /project/xuanyao/jiaming/deeplearning/results_papalexi_nophase/beta1e-4_dim128
=== Analyze ===
Device: cpu
Loading data...
  20729 cells, 3725 genes, 34 perturbations
Log1p-normalizing...
  Filtering 1 cells with unknown perturbation.

Loading model from model_best.pt...

[1/4] Computing latent embeddings...
  Silhouette score (perturbation clusters, excl. NTC): -0.0333
Running UMAP (this may take a few minutes)...
UMAP(min_dist=0.3, n_jobs=1, n_neighbors=30, random_state=42, verbose=True)
Sat May 16 15:25:46 2026 Construct fuzzy simplicial set
Sat May 16 15:25:46 2026 Finding Nearest Neighbors
Sat May 16 15:25:46 2026 Building RP forest with 12 trees
Sat May 16 15:25:52 2026 NN descent for 14 iterations
	 1  /  14
	 2  /  14
	 3  /  14
	Stopping threshold met -- exiting after 3 iterations
Sat May 16 15:26:05 2026 Finished Nearest Neighbor Search
Sat May 16 15:26:10 2026 Construct embedding
	completed  0  /  200 epochs
	completed  20  /  200 epochs
	completed  40  /  200 epochs
	completed  60  /  200 epochs
	completed  80  /  200 epochs
	completed  100  /  200 epochs
	completed  120  /  200 epochs
	completed  140  /  200 epochs
	completed  160  /  200 epochs
	completed  180  /  200 epochs
Sat May 16 15:26:35 2026 Finished embedding
  Saved: /project/xuanyao/jiaming/deeplearning/results_papalexi_nophase/beta1e-4_dim128/figures/umap_latent.png
  Saved covariate UMAPs: umap_n_nonzero.png, umap_n_umis.png, umap_lane.png, umap_bio_rep.png, umap_phase.png, umap_p_mito.png
Running expression-PCA UMAP for covariate verification...
  Saved expression UMAP covariates: umap_expr_n_nonzero.png, umap_expr_n_umis.png, umap_expr_lane.png, umap_expr_bio_rep.png, umap_expr_phase.png, umap_expr_p_mito.png
  Saved: /project/xuanyao/jiaming/deeplearning/results_papalexi_nophase/beta1e-4_dim128/figures/umap_per_perturbation.png

[2/4] Computing perturbation response scores (decode Δ vs NTC avg of 9 guides: ['NTg1', 'NTg10', 'NTg2', 'NTg3', 'NTg4']...)...
  NTg1                 (  303 cells) response range: [-0.046, 0.020] [NTC]
  NTg10                (  235 cells) response range: [-0.032, 0.049] [NTC]
  NTg2                 (  106 cells) response range: [-0.079, 0.041] [NTC]
  NTg3                 (  244 cells) response range: [-0.030, 0.015] [NTC]
  NTg4                 (  431 cells) response range: [-0.030, 0.060] [NTC]
  NTg5                 (  305 cells) response range: [-0.030, 0.037] [NTC]
  NTg7                 (  445 cells) response range: [-0.032, 0.019] [NTC]
  NTg8                 (   56 cells) response range: [-0.048, 0.057] [NTC]
  NTg9                 (  261 cells) response range: [-0.015, 0.029] [NTC]
  tar-ATF2             ( 1102 cells) response range: [-0.016, 0.033]
  tar-BRD4             (  341 cells) response range: [-0.139, 0.113]
  tar-CAV1             (  882 cells) response range: [-0.018, 0.028]
  tar-CD86             ( 1197 cells) response range: [-0.018, 0.029]
  tar-CMTM6            (  817 cells) response range: [-0.026, 0.025]
  tar-CUL3             (  274 cells) response range: [-0.075, 0.094]
  tar-ETV7             (  841 cells) response range: [-0.021, 0.071]
  tar-IFNGR1           ( 1341 cells) response range: [-0.590, 0.210]
  tar-IFNGR2           ( 1213 cells) response range: [-0.595, 0.218]
  tar-IRF1             ( 1073 cells) response range: [-0.679, 0.386]
  tar-IRF7             (  614 cells) response range: [-0.013, 0.042]
  tar-JAK2             ( 1024 cells) response range: [-0.614, 0.227]
  tar-MARCH8           ( 1003 cells) response range: [-0.020, 0.048]
  tar-MYC              (  108 cells) response range: [-0.095, 0.089]
  tar-NFKBIA           (  787 cells) response range: [-0.041, 0.052]
  tar-PDCD1LG2         (  617 cells) response range: [-0.023, 0.027]
  tar-POU2F2           (  662 cells) response range: [-0.037, 0.036]
  tar-SMAD4            (  659 cells) response range: [-0.473, 0.341]
  tar-SPI1             (   48 cells) response range: [-0.132, 0.105]
  tar-STAT1            (  444 cells) response range: [-0.495, 0.217]
  tar-STAT2            (  661 cells) response range: [-0.360, 0.073]
  tar-STAT3            (  493 cells) response range: [-0.024, 0.023]
  tar-STAT5A           (  659 cells) response range: [-0.045, 0.028]
  tar-TNFRSF14         (  964 cells) response range: [-0.024, 0.030]
  tar-UBE2L6           (  518 cells) response range: [-0.024, 0.042]
  NTC null: mean |response| per gene = 0.0017  std across NTC guides = 0.0021
  Saved: /project/xuanyao/jiaming/deeplearning/results_papalexi_nophase/beta1e-4_dim128/response_scores.csv
  Saved: /project/xuanyao/jiaming/deeplearning/results_papalexi_nophase/beta1e-4_dim128/figures/gene_response_heatmap.png
  Saved: /project/xuanyao/jiaming/deeplearning/results_papalexi_nophase/beta1e-4_dim128/figures/effect_size_vs_null.png
  NTC noise floor (mean+2SD): 0.0026
  Saved: /project/xuanyao/jiaming/deeplearning/results_papalexi_nophase/beta1e-4_dim128/figures/top_genes_per_pert.png

[3/4] Clustering perturbations by response vectors...
  Saved: /project/xuanyao/jiaming/deeplearning/results_papalexi_nophase/beta1e-4_dim128/figures/perturbation_clustermap.png

[4/4] Running hallmark pathway enrichment...
  Saved: /project/xuanyao/jiaming/deeplearning/results_papalexi_nophase/beta1e-4_dim128/figures/pathway_enrichment.png

[Bonus] Comparing CVAE response vs naive differential expression...
  Mean Spearman ρ (CVAE vs DE): 0.572
  Mean top-20 gene overlap:     7.5/20
  Saved: /project/xuanyao/jiaming/deeplearning/results_papalexi_nophase/beta1e-4_dim128/cvae_vs_de_comparison.csv

All figures saved to: /project/xuanyao/jiaming/deeplearning/results_papalexi_nophase/beta1e-4_dim128/figures
Done!
Done: beta1e-4_dim128
