=== Train: beta=0.1 latent_dim=64 ===
Device: cpu
Loading data...
  20729 cells, 3725 genes, 35 perturbations
  Filtering 1 cells with unknown perturbation assignment.
  Extra covariates: 17 dims (3 continuous + 14 categorical OHE)
Log1p-normalizing expression data...
  Train: 17635 cells | Val: 3093 cells

Model: 3725 genes | 34 perturbations | latent_dim=64
  Trainable parameters: 9,068,557

Training for up to 100 epochs (early stop patience=15)...

 Epoch   Train Total   Train Recon    Train KL   Val Total   Val Recon        LR    Time
------------------------------------------------------------------------------------------
     1        0.2005        0.1982      0.0225      0.1445      0.1445   1.0e-03    2.6s
     2        0.1496        0.1490      0.0054      0.1431      0.1431   1.0e-03    2.7s
     3        0.1465        0.1462      0.0033      0.1432      0.1432   1.0e-03    2.6s
     4        0.1442        0.1440      0.0019      0.1413      0.1413   1.0e-03    2.8s
     5        0.1416        0.1415      0.0009      0.1411      0.1411   1.0e-03    2.8s
     6        0.1395        0.1395      0.0005      0.1401      0.1401   1.0e-03    2.8s
     7        0.1382        0.1382      0.0003      0.1390      0.1390   1.0e-03    2.7s
     8        0.1371        0.1370      0.0002      0.1377      0.1377   1.0e-03    2.8s
     9        0.1360        0.1360      0.0002      0.1367      0.1367   1.0e-03    2.8s
    10        0.1348        0.1348      0.0001      0.1356      0.1356   1.0e-03    2.8s
    11        0.1342        0.1342      0.0001      0.1352      0.1352   1.0e-03    2.8s
    12        0.1339        0.1339      0.0001      0.1349      0.1349   1.0e-03    2.7s
    13        0.1336        0.1336      0.0001      0.1345      0.1345   1.0e-03    2.8s
    14        0.1332        0.1332      0.0001      0.1343      0.1343   1.0e-03    2.7s
    15        0.1330        0.1330      0.0001      0.1340      0.1340   1.0e-03    2.7s
    16        0.1328        0.1328      0.0001      0.1339      0.1339   1.0e-03    2.8s
    17        0.1326        0.1326      0.0001      0.1337      0.1337   1.0e-03    2.8s
    18        0.1324        0.1324      0.0001      0.1336      0.1336   1.0e-03    2.8s
    19        0.1323        0.1323      0.0000      0.1335      0.1335   1.0e-03    2.8s
    20        0.1322        0.1322      0.0000      0.1336      0.1336   1.0e-03    2.9s
    21        0.1321        0.1321      0.0000      0.1333      0.1333   1.0e-03    2.9s
    22        0.1319        0.1319      0.0000      0.1333      0.1333   1.0e-03    2.9s
    23        0.1317        0.1317      0.0000      0.1332      0.1332   1.0e-03    2.9s
    24        0.1315        0.1315      0.0000      0.1331      0.1331   1.0e-03    2.9s
    25        0.1316        0.1316      0.0000      0.1331      0.1331   1.0e-03    2.9s
    26        0.1315        0.1315      0.0000      0.1330      0.1330   1.0e-03    2.8s
    27        0.1314        0.1314      0.0000      0.1329      0.1329   1.0e-03    2.9s
    28        0.1312        0.1312      0.0000      0.1330      0.1330   1.0e-03    2.8s
    29        0.1312        0.1312      0.0000      0.1329      0.1329   1.0e-03    2.9s
    30        0.1312        0.1312      0.0000      0.1328      0.1328   1.0e-03    2.9s
    31        0.1311        0.1311      0.0000      0.1328      0.1328   1.0e-03    3.0s
    32        0.1310        0.1310      0.0000      0.1329      0.1329   1.0e-03    2.9s
    33        0.1309        0.1309      0.0000      0.1327      0.1327   1.0e-03    3.0s
    34        0.1309        0.1309      0.0000      0.1327      0.1327   1.0e-03    3.1s
    35        0.1307        0.1307      0.0000      0.1326      0.1326   1.0e-03    2.9s
    36        0.1308        0.1308      0.0000      0.1327      0.1327   1.0e-03    3.0s
    37        0.1307        0.1307      0.0000      0.1327      0.1327   1.0e-03    3.0s
    38        0.1306        0.1306      0.0000      0.1327      0.1327   1.0e-03    3.0s
    39        0.1306        0.1306      0.0000      0.1326      0.1326   1.0e-03    2.9s
    40        0.1306        0.1306      0.0000      0.1327      0.1327   1.0e-03    2.9s
    41        0.1304        0.1304      0.0000      0.1328      0.1328   1.0e-03    3.0s
    42        0.1304        0.1304      0.0000      0.1326      0.1326   1.0e-03    3.0s
    43        0.1303        0.1303      0.0000      0.1326      0.1326   1.0e-03    2.9s
    44        0.1304        0.1304      0.0000      0.1326      0.1326   1.0e-03    2.9s
    45        0.1303        0.1303      0.0000      0.1327      0.1327   1.0e-03    3.0s
    46        0.1301        0.1301      0.0000      0.1326      0.1326   1.0e-03    2.9s
    47        0.1302        0.1302      0.0000      0.1327      0.1327   1.0e-03    3.0s
    48        0.1301        0.1301      0.0000      0.1327      0.1327   5.0e-04    2.9s
    49        0.1299        0.1299      0.0000      0.1325      0.1325   5.0e-04    2.9s
    50        0.1297        0.1297      0.0000      0.1325      0.1325   5.0e-04    3.0s
    51        0.1298        0.1298      0.0000      0.1325      0.1325   5.0e-04    2.9s
    52        0.1298        0.1298      0.0000      0.1325      0.1325   5.0e-04    2.9s
    53        0.1297        0.1297      0.0000      0.1325      0.1325   5.0e-04    2.9s
    54        0.1296        0.1296      0.0000      0.1326      0.1326   5.0e-04    2.8s
    55        0.1296        0.1296      0.0000      0.1326      0.1326   2.5e-04    2.8s
    56        0.1295        0.1295      0.0000      0.1325      0.1325   2.5e-04    2.8s
    57        0.1294        0.1294      0.0000      0.1325      0.1325   2.5e-04    2.8s
    58        0.1294        0.1294      0.0000      0.1326      0.1326   2.5e-04    2.8s
    59        0.1294        0.1294      0.0000      0.1325      0.1325   2.5e-04    2.8s
    60        0.1294        0.1294      0.0000      0.1326      0.1326   2.5e-04    2.8s
    61        0.1293        0.1293      0.0000      0.1325      0.1325   1.3e-04    2.8s
    62        0.1292        0.1292      0.0000      0.1325      0.1325   1.3e-04    2.7s
    63        0.1292        0.1292      0.0000      0.1325      0.1325   1.3e-04    2.8s
    64        0.1292        0.1292      0.0000      0.1326      0.1326   1.3e-04    2.8s

Early stopping at epoch 64 (no improvement for 15 epochs)

Done. Best val loss: 0.1325
Checkpoints and logs saved to: /project/xuanyao/jiaming/deeplearning/results_papalexi/beta0.1_dim64
=== Analyze ===
Device: cpu
Loading data...
  20729 cells, 3725 genes, 34 perturbations
Log1p-normalizing...
  Filtering 1 cells with unknown perturbation.

Loading model from model_best.pt...

[1/4] Computing latent embeddings...
  Silhouette score (perturbation clusters, excl. NTC): -0.1642
Running UMAP (this may take a few minutes)...
UMAP(min_dist=0.3, n_jobs=1, n_neighbors=30, random_state=42, verbose=True)
Sat May 16 15:22:17 2026 Construct fuzzy simplicial set
Sat May 16 15:22:17 2026 Finding Nearest Neighbors
Sat May 16 15:22:17 2026 Building RP forest with 12 trees
Sat May 16 15:22:22 2026 NN descent for 14 iterations
	 1  /  14
	 2  /  14
	 3  /  14
	Stopping threshold met -- exiting after 3 iterations
Sat May 16 15:22:35 2026 Finished Nearest Neighbor Search
Sat May 16 15:22:39 2026 Construct embedding
	completed  0  /  200 epochs
	completed  20  /  200 epochs
	completed  40  /  200 epochs
	completed  60  /  200 epochs
	completed  80  /  200 epochs
	completed  100  /  200 epochs
	completed  120  /  200 epochs
	completed  140  /  200 epochs
	completed  160  /  200 epochs
	completed  180  /  200 epochs
Sat May 16 15:22:58 2026 Finished embedding
  Saved: /project/xuanyao/jiaming/deeplearning/results_papalexi/beta0.1_dim64/figures/umap_latent.png
  Saved covariate UMAPs: umap_n_nonzero.png, umap_n_umis.png, umap_lane.png, umap_bio_rep.png, umap_phase.png, umap_p_mito.png
Running expression-PCA UMAP for covariate verification...
  Saved expression UMAP covariates: umap_expr_n_nonzero.png, umap_expr_n_umis.png, umap_expr_lane.png, umap_expr_bio_rep.png, umap_expr_phase.png, umap_expr_p_mito.png
  Saved: /project/xuanyao/jiaming/deeplearning/results_papalexi/beta0.1_dim64/figures/umap_per_perturbation.png

[2/4] Computing perturbation response scores (decode Δ vs NTC avg of 9 guides: ['NTg1', 'NTg10', 'NTg2', 'NTg3', 'NTg4']...)...
  NTg1                 (  303 cells) response range: [-0.152, 0.067] [NTC]
  NTg10                (  235 cells) response range: [-0.061, 0.027] [NTC]
  NTg2                 (  106 cells) response range: [-0.080, 0.044] [NTC]
  NTg3                 (  244 cells) response range: [-0.065, 0.058] [NTC]
  NTg4                 (  431 cells) response range: [-0.033, 0.064] [NTC]
  NTg5                 (  305 cells) response range: [-0.038, 0.043] [NTC]
  NTg7                 (  445 cells) response range: [-0.069, 0.062] [NTC]
  NTg8                 (   56 cells) response range: [-0.034, 0.053] [NTC]
  NTg9                 (  261 cells) response range: [-0.040, 0.063] [NTC]
  tar-ATF2             ( 1102 cells) response range: [-0.020, 0.036]
  tar-BRD4             (  341 cells) response range: [-0.199, 0.158]
  tar-CAV1             (  882 cells) response range: [-0.034, 0.023]
  tar-CD86             ( 1197 cells) response range: [-0.031, 0.042]
  tar-CMTM6            (  817 cells) response range: [-0.048, 0.044]
  tar-CUL3             (  274 cells) response range: [-0.191, 0.251]
  tar-ETV7             (  841 cells) response range: [-0.051, 0.100]
  tar-IFNGR1           ( 1341 cells) response range: [-1.649, 0.576]
  tar-IFNGR2           ( 1213 cells) response range: [-1.727, 0.579]
  tar-IRF1             ( 1073 cells) response range: [-0.923, 0.774]
  tar-IRF7             (  614 cells) response range: [-0.045, 0.073]
  tar-JAK2             ( 1024 cells) response range: [-1.826, 0.637]
  tar-MARCH8           ( 1003 cells) response range: [-0.069, 0.063]
  tar-MYC              (  108 cells) response range: [-0.142, 0.373]
  tar-NFKBIA           (  787 cells) response range: [-0.087, 0.110]
  tar-PDCD1LG2         (  617 cells) response range: [-0.031, 0.052]
  tar-POU2F2           (  662 cells) response range: [-0.047, 0.062]
  tar-SMAD4            (  659 cells) response range: [-1.015, 0.567]
  tar-SPI1             (   48 cells) response range: [-0.172, 0.077]
  tar-STAT1            (  444 cells) response range: [-1.743, 0.650]
  tar-STAT2            (  661 cells) response range: [-0.848, 0.179]
  tar-STAT3            (  493 cells) response range: [-0.061, 0.058]
  tar-STAT5A           (  659 cells) response range: [-0.036, 0.038]
  tar-TNFRSF14         (  964 cells) response range: [-0.041, 0.045]
  tar-UBE2L6           (  518 cells) response range: [-0.063, 0.064]
  NTC null: mean |response| per gene = 0.0037  std across NTC guides = 0.0045
  Saved: /project/xuanyao/jiaming/deeplearning/results_papalexi/beta0.1_dim64/response_scores.csv
  Saved: /project/xuanyao/jiaming/deeplearning/results_papalexi/beta0.1_dim64/figures/gene_response_heatmap.png
  Saved: /project/xuanyao/jiaming/deeplearning/results_papalexi/beta0.1_dim64/figures/effect_size_vs_null.png
  NTC noise floor (mean+2SD): 0.0052
  Saved: /project/xuanyao/jiaming/deeplearning/results_papalexi/beta0.1_dim64/figures/top_genes_per_pert.png

[3/4] Clustering perturbations by response vectors...
  Saved: /project/xuanyao/jiaming/deeplearning/results_papalexi/beta0.1_dim64/figures/perturbation_clustermap.png

[4/4] Running hallmark pathway enrichment...
  Saved: /project/xuanyao/jiaming/deeplearning/results_papalexi/beta0.1_dim64/figures/pathway_enrichment.png

[Bonus] Comparing CVAE response vs naive differential expression...
  Mean Spearman ρ (CVAE vs DE): 0.540
  Mean top-20 gene overlap:     6.7/20
  Saved: /project/xuanyao/jiaming/deeplearning/results_papalexi/beta0.1_dim64/cvae_vs_de_comparison.csv

All figures saved to: /project/xuanyao/jiaming/deeplearning/results_papalexi/beta0.1_dim64/figures
Done!
Done: beta0.1_dim64
