=== Train: beta=1e-4 latent_dim=256 (no phase) ===
Device: cpu
Loading data...
  20729 cells, 3725 genes, 35 perturbations
  Filtering 1 cells with unknown perturbation assignment.
  Extra covariates: 14 dims (3 continuous + 11 categorical OHE)
Log1p-normalizing expression data...
  Train: 17635 cells | Val: 3093 cells

Model: 3725 genes | 34 perturbations | latent_dim=256
  Trainable parameters: 9,212,557

Training for up to 100 epochs (early stop patience=15)...

 Epoch   Train Total   Train Recon    Train KL   Val Total   Val Recon        LR    Time
------------------------------------------------------------------------------------------
     1        0.1952        0.1951      0.8405      0.1446      0.1445   1.0e-03    3.4s
     2        0.1487        0.1487      0.7399      0.1439      0.1439   1.0e-03    3.6s
     3        0.1468        0.1468      0.2741      0.1435      0.1435   1.0e-03    3.6s
     4        0.1452        0.1451      0.5690      0.1424      0.1423   1.0e-03    3.8s
     5        0.1437        0.1436      0.6073      0.1421      0.1420   1.0e-03    3.5s
     6        0.1422        0.1422      0.7478      0.1393      0.1392   1.0e-03    3.9s
     7        0.1378        0.1377      1.1465      0.1351      0.1350   1.0e-03    3.7s
     8        0.1347        0.1346      1.1234      0.1335      0.1334   1.0e-03    3.5s
     9        0.1328        0.1327      1.2108      0.1313      0.1312   1.0e-03    3.5s
    10        0.1301        0.1300      1.2995      0.1285      0.1284   1.0e-03    3.7s
    11        0.1273        0.1272      1.3533      0.1266      0.1264   1.0e-03    3.5s
    12        0.1258        0.1257      1.4522      0.1254      0.1252   1.0e-03    3.4s
    13        0.1249        0.1248      1.5008      0.1244      0.1242   1.0e-03    3.7s
    14        0.1239        0.1238      1.5378      0.1233      0.1232   1.0e-03    3.6s
    15        0.1227        0.1226      1.5828      0.1222      0.1221   1.0e-03    3.8s
    16        0.1218        0.1217      1.5845      0.1212      0.1211   1.0e-03    3.9s
    17        0.1209        0.1208      1.6006      0.1208      0.1206   1.0e-03    3.4s
    18        0.1204        0.1202      1.6121      0.1202      0.1200   1.0e-03    3.7s
    19        0.1197        0.1195      1.6694      0.1196      0.1195   1.0e-03    3.5s
    20        0.1192        0.1190      1.7056      0.1192      0.1190   1.0e-03    4.1s
    21        0.1186        0.1184      1.7002      0.1187      0.1185   1.0e-03    4.3s
    22        0.1180        0.1178      1.6990      0.1181      0.1179   1.0e-03    3.9s
    23        0.1176        0.1174      1.6960      0.1175      0.1174   1.0e-03    3.5s
    24        0.1172        0.1170      1.7418      0.1171      0.1169   1.0e-03    3.9s
    25        0.1168        0.1166      1.7602      0.1167      0.1165   1.0e-03    3.8s
    26        0.1163        0.1161      1.7679      0.1164      0.1162   1.0e-03    3.7s
    27        0.1160        0.1158      1.7699      0.1162      0.1160   1.0e-03    4.0s
    28        0.1157        0.1155      1.7804      0.1159      0.1157   1.0e-03    4.9s
    29        0.1155        0.1153      1.7779      0.1158      0.1156   1.0e-03    4.1s
    30        0.1151        0.1149      1.7854      0.1155      0.1153   1.0e-03    4.4s
    31        0.1148        0.1146      1.8142      0.1153      0.1151   1.0e-03    4.3s
    32        0.1145        0.1143      1.8230      0.1150      0.1148   1.0e-03    3.5s
    33        0.1143        0.1141      1.8238      0.1148      0.1146   1.0e-03    4.2s
    34        0.1142        0.1140      1.8384      0.1147      0.1145   1.0e-03    3.4s
    35        0.1138        0.1136      1.8422      0.1145      0.1143   1.0e-03    3.3s
    36        0.1137        0.1135      1.8522      0.1144      0.1142   1.0e-03    4.3s
    37        0.1135        0.1133      1.8547      0.1142      0.1141   1.0e-03    4.0s
    38        0.1133        0.1131      1.8644      0.1140      0.1139   1.0e-03    4.4s
    39        0.1131        0.1129      1.8704      0.1140      0.1138   1.0e-03    4.3s
    40        0.1129        0.1127      1.8718      0.1139      0.1137   1.0e-03    3.2s
    41        0.1127        0.1126      1.8709      0.1139      0.1137   1.0e-03    3.4s
    42        0.1126        0.1124      1.8827      0.1137      0.1135   1.0e-03    3.1s
    43        0.1124        0.1123      1.8871      0.1136      0.1134   1.0e-03    3.2s
    44        0.1123        0.1121      1.8889      0.1134      0.1132   1.0e-03    3.1s
    45        0.1122        0.1120      1.8863      0.1135      0.1133   1.0e-03    3.2s
    46        0.1120        0.1119      1.8990      0.1133      0.1131   1.0e-03    3.4s
    47        0.1119        0.1117      1.9024      0.1132      0.1130   1.0e-03    3.7s
    48        0.1118        0.1116      1.9105      0.1132      0.1130   1.0e-03    3.3s
    49        0.1117        0.1115      1.9109      0.1132      0.1130   1.0e-03    3.0s
    50        0.1116        0.1114      1.9275      0.1130      0.1128   1.0e-03    3.5s
    51        0.1114        0.1112      1.9248      0.1130      0.1128   1.0e-03    4.5s
    52        0.1113        0.1111      1.9404      0.1129      0.1127   1.0e-03    3.9s
    53        0.1112        0.1110      1.9260      0.1128      0.1126   1.0e-03    4.7s
    54        0.1110        0.1108      1.9484      0.1127      0.1125   1.0e-03    3.8s
    55        0.1108        0.1107      1.9398      0.1126      0.1124   1.0e-03    4.8s
    56        0.1109        0.1107      1.9607      0.1127      0.1125   1.0e-03    3.7s
    57        0.1107        0.1105      1.9554      0.1126      0.1124   1.0e-03    4.1s
    58        0.1107        0.1105      1.9687      0.1124      0.1122   1.0e-03    3.4s
    59        0.1105        0.1103      1.9727      0.1124      0.1122   1.0e-03    3.8s
    60        0.1104        0.1102      1.9757      0.1125      0.1123   1.0e-03    3.8s
    61        0.1103        0.1101      1.9763      0.1123      0.1121   1.0e-03    3.4s
    62        0.1103        0.1101      1.9814      0.1122      0.1120   1.0e-03    3.6s
    63        0.1101        0.1099      1.9783      0.1124      0.1122   1.0e-03    4.0s
    64        0.1100        0.1098      1.9822      0.1123      0.1121   1.0e-03    4.4s
    65        0.1100        0.1098      1.9900      0.1122      0.1120   1.0e-03    3.7s
    66        0.1100        0.1098      1.9799      0.1121      0.1119   1.0e-03    3.2s
    67        0.1098        0.1096      1.9827      0.1122      0.1120   1.0e-03    3.1s
    68        0.1097        0.1095      1.9757      0.1122      0.1120   1.0e-03    3.2s
    69        0.1097        0.1095      1.9748      0.1121      0.1119   1.0e-03    3.3s
    70        0.1096        0.1094      1.9749      0.1122      0.1120   1.0e-03    3.1s
    71        0.1095        0.1093      1.9736      0.1121      0.1119   1.0e-03    3.3s
    72        0.1095        0.1093      1.9800      0.1120      0.1118   1.0e-03    3.5s
    73        0.1094        0.1092      1.9973      0.1120      0.1118   1.0e-03    3.5s
    74        0.1093        0.1091      1.9807      0.1121      0.1119   1.0e-03    3.5s
    75        0.1093        0.1091      1.9814      0.1121      0.1119   1.0e-03    3.4s
    76        0.1092        0.1090      1.9914      0.1120      0.1118   1.0e-03    3.9s
    77        0.1092        0.1090      1.9855      0.1120      0.1118   1.0e-03    4.4s
    78        0.1091        0.1089      1.9767      0.1121      0.1119   1.0e-03    3.7s
    79        0.1090        0.1088      1.9836      0.1120      0.1118   1.0e-03    3.4s
    80        0.1089        0.1087      1.9820      0.1120      0.1118   1.0e-03    3.9s
    81        0.1089        0.1087      1.9817      0.1120      0.1118   1.0e-03    4.2s
    82        0.1088        0.1086      1.9967      0.1120      0.1118   1.0e-03    4.2s
    83        0.1088        0.1086      1.9893      0.1120      0.1118   1.0e-03    3.7s
    84        0.1087        0.1085      1.9885      0.1119      0.1117   1.0e-03    3.7s
    85        0.1086        0.1084      1.9754      0.1120      0.1118   1.0e-03    3.6s
    86        0.1086        0.1084      1.9797      0.1120      0.1118   1.0e-03    3.4s
    87        0.1085        0.1083      1.9776      0.1120      0.1118   1.0e-03    3.4s
    88        0.1084        0.1082      1.9776      0.1121      0.1119   1.0e-03    3.7s
    89        0.1084        0.1082      1.9749      0.1119      0.1117   1.0e-03    3.5s
    90        0.1084        0.1082      1.9869      0.1122      0.1120   1.0e-03    3.5s
    91        0.1082        0.1081      1.9720      0.1119      0.1117   1.0e-03    3.4s
    92        0.1082        0.1080      1.9690      0.1119      0.1117   1.0e-03    3.4s
    93        0.1081        0.1079      1.9822      0.1118      0.1116   1.0e-03    3.5s
    94        0.1080        0.1078      1.9866      0.1119      0.1117   1.0e-03    3.5s
    95        0.1080        0.1078      1.9869      0.1119      0.1117   1.0e-03    3.5s
    96        0.1080        0.1078      1.9828      0.1120      0.1118   1.0e-03    3.4s
    97        0.1079        0.1077      1.9829      0.1118      0.1116   1.0e-03    3.5s
    98        0.1079        0.1077      1.9776      0.1118      0.1116   1.0e-03    3.5s
    99        0.1078        0.1076      1.9723      0.1118      0.1116   1.0e-03    3.6s
   100        0.1077        0.1075      1.9907      0.1119      0.1117   1.0e-03    3.8s

Done. Best val loss: 0.1118
Checkpoints and logs saved to: /project/xuanyao/jiaming/deeplearning/results_papalexi_nophase/beta1e-4_dim256
=== Analyze ===
Device: cpu
Loading data...
  20729 cells, 3725 genes, 34 perturbations
Log1p-normalizing...
  Filtering 1 cells with unknown perturbation.

Loading model from model_best.pt...

[1/4] Computing latent embeddings...
  Silhouette score (perturbation clusters, excl. NTC): -0.0324
Running UMAP (this may take a few minutes)...
UMAP(min_dist=0.3, n_jobs=1, n_neighbors=30, random_state=42, verbose=True)
Sat May 16 15:26:49 2026 Construct fuzzy simplicial set
Sat May 16 15:26:49 2026 Finding Nearest Neighbors
Sat May 16 15:26:49 2026 Building RP forest with 12 trees
Sat May 16 15:26:54 2026 NN descent for 14 iterations
	 1  /  14
	 2  /  14
	 3  /  14
	Stopping threshold met -- exiting after 3 iterations
Sat May 16 15:27:07 2026 Finished Nearest Neighbor Search
Sat May 16 15:27:11 2026 Construct embedding
	completed  0  /  200 epochs
	completed  20  /  200 epochs
	completed  40  /  200 epochs
	completed  60  /  200 epochs
	completed  80  /  200 epochs
	completed  100  /  200 epochs
	completed  120  /  200 epochs
	completed  140  /  200 epochs
	completed  160  /  200 epochs
	completed  180  /  200 epochs
Sat May 16 15:27:31 2026 Finished embedding
  Saved: /project/xuanyao/jiaming/deeplearning/results_papalexi_nophase/beta1e-4_dim256/figures/umap_latent.png
  Saved covariate UMAPs: umap_n_nonzero.png, umap_n_umis.png, umap_lane.png, umap_bio_rep.png, umap_phase.png, umap_p_mito.png
Running expression-PCA UMAP for covariate verification...
  Saved expression UMAP covariates: umap_expr_n_nonzero.png, umap_expr_n_umis.png, umap_expr_lane.png, umap_expr_bio_rep.png, umap_expr_phase.png, umap_expr_p_mito.png
  Saved: /project/xuanyao/jiaming/deeplearning/results_papalexi_nophase/beta1e-4_dim256/figures/umap_per_perturbation.png

[2/4] Computing perturbation response scores (decode Δ vs NTC avg of 9 guides: ['NTg1', 'NTg10', 'NTg2', 'NTg3', 'NTg4']...)...
  NTg1                 (  303 cells) response range: [-0.059, 0.015] [NTC]
  NTg10                (  235 cells) response range: [-0.022, 0.073] [NTC]
  NTg2                 (  106 cells) response range: [-0.063, 0.034] [NTC]
  NTg3                 (  244 cells) response range: [-0.026, 0.015] [NTC]
  NTg4                 (  431 cells) response range: [-0.021, 0.041] [NTC]
  NTg5                 (  305 cells) response range: [-0.037, 0.045] [NTC]
  NTg7                 (  445 cells) response range: [-0.022, 0.030] [NTC]
  NTg8                 (   56 cells) response range: [-0.033, 0.029] [NTC]
  NTg9                 (  261 cells) response range: [-0.017, 0.035] [NTC]
  tar-ATF2             ( 1102 cells) response range: [-0.011, 0.031]
  tar-BRD4             (  341 cells) response range: [-0.133, 0.151]
  tar-CAV1             (  882 cells) response range: [-0.013, 0.021]
  tar-CD86             ( 1197 cells) response range: [-0.023, 0.022]
  tar-CMTM6            (  817 cells) response range: [-0.033, 0.027]
  tar-CUL3             (  274 cells) response range: [-0.054, 0.085]
  tar-ETV7             (  841 cells) response range: [-0.021, 0.035]
  tar-IFNGR1           ( 1341 cells) response range: [-0.494, 0.174]
  tar-IFNGR2           ( 1213 cells) response range: [-0.504, 0.198]
  tar-IRF1             ( 1073 cells) response range: [-0.660, 0.352]
  tar-IRF7             (  614 cells) response range: [-0.022, 0.023]
  tar-JAK2             ( 1024 cells) response range: [-0.539, 0.197]
  tar-MARCH8           ( 1003 cells) response range: [-0.020, 0.050]
  tar-MYC              (  108 cells) response range: [-0.090, 0.099]
  tar-NFKBIA           (  787 cells) response range: [-0.047, 0.052]
  tar-PDCD1LG2         (  617 cells) response range: [-0.021, 0.017]
  tar-POU2F2           (  662 cells) response range: [-0.024, 0.032]
  tar-SMAD4            (  659 cells) response range: [-0.446, 0.317]
  tar-SPI1             (   48 cells) response range: [-0.123, 0.086]
  tar-STAT1            (  444 cells) response range: [-0.457, 0.127]
  tar-STAT2            (  661 cells) response range: [-0.313, 0.077]
  tar-STAT3            (  493 cells) response range: [-0.020, 0.028]
  tar-STAT5A           (  659 cells) response range: [-0.036, 0.032]
  tar-TNFRSF14         (  964 cells) response range: [-0.015, 0.026]
  tar-UBE2L6           (  518 cells) response range: [-0.022, 0.035]
  NTC null: mean |response| per gene = 0.0016  std across NTC guides = 0.0019
  Saved: /project/xuanyao/jiaming/deeplearning/results_papalexi_nophase/beta1e-4_dim256/response_scores.csv
  Saved: /project/xuanyao/jiaming/deeplearning/results_papalexi_nophase/beta1e-4_dim256/figures/gene_response_heatmap.png
  Saved: /project/xuanyao/jiaming/deeplearning/results_papalexi_nophase/beta1e-4_dim256/figures/effect_size_vs_null.png
  NTC noise floor (mean+2SD): 0.0021
  Saved: /project/xuanyao/jiaming/deeplearning/results_papalexi_nophase/beta1e-4_dim256/figures/top_genes_per_pert.png

[3/4] Clustering perturbations by response vectors...
  Saved: /project/xuanyao/jiaming/deeplearning/results_papalexi_nophase/beta1e-4_dim256/figures/perturbation_clustermap.png

[4/4] Running hallmark pathway enrichment...
  Saved: /project/xuanyao/jiaming/deeplearning/results_papalexi_nophase/beta1e-4_dim256/figures/pathway_enrichment.png

[Bonus] Comparing CVAE response vs naive differential expression...
  Mean Spearman ρ (CVAE vs DE): 0.572
  Mean top-20 gene overlap:     7.2/20
  Saved: /project/xuanyao/jiaming/deeplearning/results_papalexi_nophase/beta1e-4_dim256/cvae_vs_de_comparison.csv

All figures saved to: /project/xuanyao/jiaming/deeplearning/results_papalexi_nophase/beta1e-4_dim256/figures
Done!
Done: beta1e-4_dim256
