=== Train: beta=1e-3 latent_dim=256 (no bio_rep, no lane) ===
Device: cpu
Loading data...
  20729 cells, 3725 genes, 35 perturbations
  Filtering 1 cells with unknown perturbation assignment.
  Extra covariates: 6 dims (3 continuous + 3 categorical OHE)
Log1p-normalizing expression data...
  Train: 17635 cells | Val: 3093 cells

Model: 3725 genes | 34 perturbations | latent_dim=256
  Trainable parameters: 9,202,317

Training for up to 100 epochs (early stop patience=15)...

 Epoch   Train Total   Train Recon    Train KL   Val Total   Val Recon        LR    Time
------------------------------------------------------------------------------------------
     1        0.1965        0.1959      0.5701      0.1448      0.1446   1.0e-03    2.7s
     2        0.1489        0.1488      0.1265      0.1439      0.1438   1.0e-03    2.8s
     3        0.1468        0.1467      0.0819      0.1431      0.1430   1.0e-03    2.9s
     4        0.1450        0.1449      0.0909      0.1422      0.1421   1.0e-03    2.8s
     5        0.1437        0.1436      0.0634      0.1418      0.1418   1.0e-03    2.9s
     6        0.1424        0.1424      0.0728      0.1411      0.1410   1.0e-03    2.8s
     7        0.1408        0.1406      0.1293      0.1403      0.1402   1.0e-03    2.8s
     8        0.1390        0.1389      0.1323      0.1376      0.1374   1.0e-03    2.9s
     9        0.1365        0.1363      0.1632      0.1355      0.1353   1.0e-03    2.7s
    10        0.1346        0.1344      0.1852      0.1338      0.1336   1.0e-03    2.7s
    11        0.1323        0.1320      0.2210      0.1315      0.1313   1.0e-03    2.7s
    12        0.1292        0.1289      0.3039      0.1277      0.1274   1.0e-03    2.7s
    13        0.1271        0.1268      0.3209      0.1274      0.1270   1.0e-03    2.8s
    14        0.1265        0.1261      0.3220      0.1262      0.1259   1.0e-03    2.7s
    15        0.1257        0.1254      0.3332      0.1255      0.1252   1.0e-03    2.6s
    16        0.1249        0.1246      0.3559      0.1244      0.1240   1.0e-03    2.7s
    17        0.1239        0.1235      0.3929      0.1233      0.1229   1.0e-03    2.6s
    18        0.1228        0.1224      0.4047      0.1224      0.1220   1.0e-03    2.7s
    19        0.1222        0.1218      0.4256      0.1217      0.1212   1.0e-03    2.8s
    20        0.1215        0.1211      0.4355      0.1212      0.1208   1.0e-03    2.8s
    21        0.1210        0.1206      0.4471      0.1209      0.1204   1.0e-03    2.7s
    22        0.1205        0.1200      0.4557      0.1202      0.1198   1.0e-03    2.7s
    23        0.1199        0.1194      0.4614      0.1197      0.1192   1.0e-03    2.8s
    24        0.1194        0.1189      0.4683      0.1192      0.1188   1.0e-03    2.8s
    25        0.1190        0.1185      0.4686      0.1189      0.1184   1.0e-03    2.9s
    26        0.1186        0.1182      0.4725      0.1186      0.1181   1.0e-03    2.8s
    27        0.1183        0.1179      0.4670      0.1184      0.1179   1.0e-03    2.8s
    28        0.1180        0.1175      0.4649      0.1182      0.1178   1.0e-03    2.8s
    29        0.1178        0.1173      0.4625      0.1180      0.1176   1.0e-03    2.8s
    30        0.1175        0.1171      0.4565      0.1175      0.1171   1.0e-03    2.8s
    31        0.1171        0.1167      0.4622      0.1172      0.1168   1.0e-03    2.8s
    32        0.1168        0.1164      0.4642      0.1169      0.1165   1.0e-03    2.8s
    33        0.1165        0.1160      0.4627      0.1168      0.1163   1.0e-03    2.7s
    34        0.1162        0.1157      0.4605      0.1165      0.1160   1.0e-03    2.7s
    35        0.1160        0.1156      0.4617      0.1164      0.1159   1.0e-03    2.8s
    36        0.1158        0.1153      0.4558      0.1161      0.1157   1.0e-03    2.8s
    37        0.1156        0.1151      0.4551      0.1160      0.1155   1.0e-03    2.8s
    38        0.1153        0.1149      0.4472      0.1158      0.1154   1.0e-03    2.8s
    39        0.1152        0.1148      0.4444      0.1158      0.1153   1.0e-03    2.7s
    40        0.1149        0.1145      0.4371      0.1156      0.1152   1.0e-03    2.8s
    41        0.1148        0.1144      0.4316      0.1157      0.1153   1.0e-03    2.8s
    42        0.1147        0.1143      0.4297      0.1155      0.1151   1.0e-03    2.8s
    43        0.1145        0.1140      0.4293      0.1153      0.1149   1.0e-03    3.0s
    44        0.1143        0.1139      0.4287      0.1152      0.1148   1.0e-03    3.0s
    45        0.1141        0.1137      0.4256      0.1151      0.1146   1.0e-03    3.0s
    46        0.1139        0.1135      0.4259      0.1148      0.1144   1.0e-03    2.9s
    47        0.1139        0.1135      0.4232      0.1148      0.1144   1.0e-03    3.0s
    48        0.1137        0.1133      0.4196      0.1148      0.1144   1.0e-03    3.0s
    49        0.1136        0.1132      0.4170      0.1147      0.1143   1.0e-03    2.9s
    50        0.1134        0.1130      0.4170      0.1146      0.1142   1.0e-03    2.9s
    51        0.1133        0.1129      0.4165      0.1145      0.1141   1.0e-03    2.9s
    52        0.1131        0.1127      0.4144      0.1145      0.1141   1.0e-03    2.9s
    53        0.1131        0.1127      0.4129      0.1144      0.1140   1.0e-03    2.9s
    54        0.1129        0.1125      0.4116      0.1143      0.1139   1.0e-03    2.9s
    55        0.1128        0.1124      0.4091      0.1142      0.1138   1.0e-03    3.0s
    56        0.1126        0.1122      0.4082      0.1142      0.1138   1.0e-03    2.8s
    57        0.1126        0.1121      0.4062      0.1141      0.1137   1.0e-03    2.9s
    58        0.1125        0.1121      0.4055      0.1140      0.1136   1.0e-03    2.9s
    59        0.1124        0.1120      0.3990      0.1140      0.1136   1.0e-03    2.9s
    60        0.1123        0.1119      0.3991      0.1140      0.1137   1.0e-03    2.9s
    61        0.1122        0.1118      0.3967      0.1140      0.1136   1.0e-03    2.9s
    62        0.1122        0.1118      0.3916      0.1140      0.1137   1.0e-03    2.9s
    63        0.1120        0.1116      0.3894      0.1138      0.1135   1.0e-03    2.9s
    64        0.1119        0.1116      0.3878      0.1139      0.1135   1.0e-03    2.9s
    65        0.1118        0.1115      0.3888      0.1138      0.1134   1.0e-03    3.0s
    66        0.1118        0.1114      0.3837      0.1138      0.1135   1.0e-03    2.9s
    67        0.1117        0.1113      0.3828      0.1142      0.1138   1.0e-03    2.9s
    68        0.1117        0.1114      0.3806      0.1138      0.1135   1.0e-03    2.9s
    69        0.1115        0.1111      0.3796      0.1138      0.1135   1.0e-03    2.9s
    70        0.1116        0.1112      0.3756      0.1140      0.1136   1.0e-03    2.9s
    71        0.1116        0.1112      0.3743      0.1138      0.1134   1.0e-03    2.9s
    72        0.1114        0.1110      0.3734      0.1139      0.1135   1.0e-03    3.0s
    73        0.1113        0.1109      0.3714      0.1138      0.1134   1.0e-03    2.9s
    74        0.1112        0.1108      0.3698      0.1138      0.1135   1.0e-03    2.8s
    75        0.1111        0.1108      0.3698      0.1137      0.1134   1.0e-03    2.9s
    76        0.1111        0.1108      0.3663      0.1137      0.1134   1.0e-03    3.0s
    77        0.1110        0.1107      0.3669      0.1138      0.1134   1.0e-03    2.9s
    78        0.1110        0.1107      0.3650      0.1137      0.1133   1.0e-03    3.0s
    79        0.1110        0.1106      0.3650      0.1137      0.1133   1.0e-03    2.9s
    80        0.1109        0.1105      0.3618      0.1137      0.1133   1.0e-03    2.9s
    81        0.1108        0.1105      0.3615      0.1139      0.1135   1.0e-03    2.9s
    82        0.1109        0.1105      0.3613      0.1137      0.1133   1.0e-03    2.9s
    83        0.1106        0.1103      0.3599      0.1138      0.1135   1.0e-03    2.9s
    84        0.1106        0.1103      0.3606      0.1137      0.1133   1.0e-03    2.9s
    85        0.1106        0.1103      0.3574      0.1137      0.1134   1.0e-03    2.9s
    86        0.1105        0.1101      0.3577      0.1139      0.1135   5.0e-04    2.9s
    87        0.1100        0.1097      0.3557      0.1135      0.1132   5.0e-04    2.9s
    88        0.1099        0.1096      0.3533      0.1135      0.1131   5.0e-04    2.9s
    89        0.1100        0.1096      0.3530      0.1135      0.1132   5.0e-04    3.0s
    90        0.1099        0.1095      0.3536      0.1135      0.1132   5.0e-04    2.9s
    91        0.1099        0.1095      0.3516      0.1135      0.1132   5.0e-04    2.9s
    92        0.1098        0.1094      0.3503      0.1135      0.1132   5.0e-04    2.9s
    93        0.1097        0.1094      0.3507      0.1135      0.1131   5.0e-04    2.9s
    94        0.1098        0.1094      0.3498      0.1135      0.1132   2.5e-04    2.9s
    95        0.1095        0.1092      0.3512      0.1134      0.1131   2.5e-04    2.9s
    96        0.1094        0.1091      0.3500      0.1134      0.1131   2.5e-04    2.9s
    97        0.1094        0.1090      0.3481      0.1134      0.1131   2.5e-04    2.9s
    98        0.1094        0.1091      0.3491      0.1134      0.1131   2.5e-04    2.9s
    99        0.1095        0.1091      0.3491      0.1134      0.1131   2.5e-04    3.0s
   100        0.1093        0.1090      0.3471      0.1134      0.1131   2.5e-04    2.8s

Done. Best val loss: 0.1134
Checkpoints and logs saved to: /project/xuanyao/jiaming/deeplearning/results_papalexi_nobatch/beta1e-3_dim256
=== Analyze ===
Device: cpu
Loading data...
  20729 cells, 3725 genes, 34 perturbations
Log1p-normalizing...
  Filtering 1 cells with unknown perturbation.

Loading model from model_best.pt...

[1/4] Computing latent embeddings...
  Silhouette score (perturbation clusters, excl. NTC): -0.0401
Running UMAP (this may take a few minutes)...
UMAP(min_dist=0.3, n_jobs=1, n_neighbors=30, random_state=42, verbose=True)
Sat May 16 15:40:36 2026 Construct fuzzy simplicial set
Sat May 16 15:40:36 2026 Finding Nearest Neighbors
Sat May 16 15:40:36 2026 Building RP forest with 12 trees
Sat May 16 15:40:41 2026 NN descent for 14 iterations
	 1  /  14
	 2  /  14
	 3  /  14
	Stopping threshold met -- exiting after 3 iterations
Sat May 16 15:40:52 2026 Finished Nearest Neighbor Search
Sat May 16 15:40:56 2026 Construct embedding
	completed  0  /  200 epochs
	completed  20  /  200 epochs
	completed  40  /  200 epochs
	completed  60  /  200 epochs
	completed  80  /  200 epochs
	completed  100  /  200 epochs
	completed  120  /  200 epochs
	completed  140  /  200 epochs
	completed  160  /  200 epochs
	completed  180  /  200 epochs
Sat May 16 15:41:15 2026 Finished embedding
  Saved: /project/xuanyao/jiaming/deeplearning/results_papalexi_nobatch/beta1e-3_dim256/figures/umap_latent.png
  Saved covariate UMAPs: umap_n_nonzero.png, umap_n_umis.png, umap_lane.png, umap_bio_rep.png, umap_phase.png, umap_p_mito.png
Running expression-PCA UMAP for covariate verification...
  Saved expression UMAP covariates: umap_expr_n_nonzero.png, umap_expr_n_umis.png, umap_expr_lane.png, umap_expr_bio_rep.png, umap_expr_phase.png, umap_expr_p_mito.png
  Saved: /project/xuanyao/jiaming/deeplearning/results_papalexi_nobatch/beta1e-3_dim256/figures/umap_per_perturbation.png

[2/4] Computing perturbation response scores (decode Δ vs NTC avg of 9 guides: ['NTg1', 'NTg10', 'NTg2', 'NTg3', 'NTg4']...)...
  NTg1                 (  303 cells) response range: [-0.045, 0.015] [NTC]
  NTg10                (  235 cells) response range: [-0.027, 0.017] [NTC]
  NTg2                 (  106 cells) response range: [-0.034, 0.046] [NTC]
  NTg3                 (  244 cells) response range: [-0.017, 0.014] [NTC]
  NTg4                 (  431 cells) response range: [-0.014, 0.084] [NTC]
  NTg5                 (  305 cells) response range: [-0.023, 0.022] [NTC]
  NTg7                 (  445 cells) response range: [-0.012, 0.018] [NTC]
  NTg8                 (   56 cells) response range: [-0.060, 0.023] [NTC]
  NTg9                 (  261 cells) response range: [-0.028, 0.010] [NTC]
  tar-ATF2             ( 1102 cells) response range: [-0.013, 0.025]
  tar-BRD4             (  341 cells) response range: [-0.132, 0.112]
  tar-CAV1             (  882 cells) response range: [-0.011, 0.015]
  tar-CD86             ( 1197 cells) response range: [-0.017, 0.028]
  tar-CMTM6            (  817 cells) response range: [-0.013, 0.042]
  tar-CUL3             (  274 cells) response range: [-0.047, 0.078]
  tar-ETV7             (  841 cells) response range: [-0.019, 0.072]
  tar-IFNGR1           ( 1341 cells) response range: [-0.552, 0.202]
  tar-IFNGR2           ( 1213 cells) response range: [-0.577, 0.214]
  tar-IRF1             ( 1073 cells) response range: [-0.775, 0.502]
  tar-IRF7             (  614 cells) response range: [-0.015, 0.052]
  tar-JAK2             ( 1024 cells) response range: [-0.603, 0.220]
  tar-MARCH8           ( 1003 cells) response range: [-0.012, 0.052]
  tar-MYC              (  108 cells) response range: [-0.049, 0.051]
  tar-NFKBIA           (  787 cells) response range: [-0.039, 0.029]
  tar-PDCD1LG2         (  617 cells) response range: [-0.027, 0.020]
  tar-POU2F2           (  662 cells) response range: [-0.015, 0.040]
  tar-SMAD4            (  659 cells) response range: [-0.442, 0.400]
  tar-SPI1             (   48 cells) response range: [-0.087, 0.083]
  tar-STAT1            (  444 cells) response range: [-0.412, 0.143]
  tar-STAT2            (  661 cells) response range: [-0.280, 0.073]
  tar-STAT3            (  493 cells) response range: [-0.017, 0.018]
  tar-STAT5A           (  659 cells) response range: [-0.015, 0.020]
  tar-TNFRSF14         (  964 cells) response range: [-0.016, 0.034]
  tar-UBE2L6           (  518 cells) response range: [-0.020, 0.044]
  NTC null: mean |response| per gene = 0.0016  std across NTC guides = 0.0020
  Saved: /project/xuanyao/jiaming/deeplearning/results_papalexi_nobatch/beta1e-3_dim256/response_scores.csv
  Saved: /project/xuanyao/jiaming/deeplearning/results_papalexi_nobatch/beta1e-3_dim256/figures/gene_response_heatmap.png
  Saved: /project/xuanyao/jiaming/deeplearning/results_papalexi_nobatch/beta1e-3_dim256/figures/effect_size_vs_null.png
  NTC noise floor (mean+2SD): 0.0027
  Saved: /project/xuanyao/jiaming/deeplearning/results_papalexi_nobatch/beta1e-3_dim256/figures/top_genes_per_pert.png

[3/4] Clustering perturbations by response vectors...
  Saved: /project/xuanyao/jiaming/deeplearning/results_papalexi_nobatch/beta1e-3_dim256/figures/perturbation_clustermap.png

[4/4] Running hallmark pathway enrichment...
  Saved: /project/xuanyao/jiaming/deeplearning/results_papalexi_nobatch/beta1e-3_dim256/figures/pathway_enrichment.png

[Bonus] Comparing CVAE response vs naive differential expression...
  Mean Spearman ρ (CVAE vs DE): 0.558
  Mean top-20 gene overlap:     7.2/20
  Saved: /project/xuanyao/jiaming/deeplearning/results_papalexi_nobatch/beta1e-3_dim256/cvae_vs_de_comparison.csv

All figures saved to: /project/xuanyao/jiaming/deeplearning/results_papalexi_nobatch/beta1e-3_dim256/figures
Done!
Done: beta1e-3_dim256
