=== Train: beta=0.01 latent_dim=256 (no phase) ===
Device: cpu
Loading data...
  20729 cells, 3725 genes, 35 perturbations
  Filtering 1 cells with unknown perturbation assignment.
  Extra covariates: 14 dims (3 continuous + 11 categorical OHE)
Log1p-normalizing expression data...
  Train: 17635 cells | Val: 3093 cells

Model: 3725 genes | 34 perturbations | latent_dim=256
  Trainable parameters: 9,212,557

Training for up to 100 epochs (early stop patience=15)...

 Epoch   Train Total   Train Recon    Train KL   Val Total   Val Recon        LR    Time
------------------------------------------------------------------------------------------
     1        0.1971        0.1955      0.1651      0.1450      0.1446   1.0e-03    2.5s
     2        0.1491        0.1488      0.0279      0.1437      0.1436   1.0e-03    2.7s
     3        0.1466        0.1465      0.0131      0.1432      0.1431   1.0e-03    2.8s
     4        0.1448        0.1447      0.0084      0.1433      0.1433   1.0e-03    2.7s
     5        0.1437        0.1436      0.0060      0.1441      0.1441   1.0e-03    2.7s
     6        0.1425        0.1425      0.0059      0.1437      0.1436   1.0e-03    2.7s
     7        0.1408        0.1407      0.0058      0.1424      0.1423   1.0e-03    2.7s
     8        0.1393        0.1392      0.0073      0.1409      0.1408   1.0e-03    2.7s
     9        0.1373        0.1372      0.0179      0.1373      0.1370   1.0e-03    2.7s
    10        0.1351        0.1348      0.0300      0.1361      0.1358   1.0e-03    2.7s
    11        0.1340        0.1337      0.0328      0.1345      0.1343   1.0e-03    2.7s
    12        0.1330        0.1327      0.0349      0.1329      0.1325   1.0e-03    2.8s
    13        0.1315        0.1311      0.0445      0.1317      0.1313   1.0e-03    2.7s
    14        0.1298        0.1293      0.0500      0.1302      0.1297   1.0e-03    2.7s
    15        0.1285        0.1279      0.0591      0.1285      0.1279   1.0e-03    2.8s
    16        0.1274        0.1267      0.0669      0.1278      0.1271   1.0e-03    2.7s
    17        0.1266        0.1259      0.0705      0.1272      0.1265   1.0e-03    2.7s
    18        0.1260        0.1253      0.0719      0.1264      0.1258   1.0e-03    2.7s
    19        0.1254        0.1247      0.0746      0.1255      0.1248   1.0e-03    2.8s
    20        0.1249        0.1241      0.0758      0.1251      0.1244   1.0e-03    2.8s
    21        0.1245        0.1237      0.0786      0.1249      0.1240   1.0e-03    2.8s
    22        0.1238        0.1231      0.0784      0.1241      0.1234   1.0e-03    2.8s
    23        0.1234        0.1227      0.0771      0.1236      0.1229   1.0e-03    2.8s
    24        0.1230        0.1223      0.0756      0.1231      0.1224   1.0e-03    2.7s
    25        0.1225        0.1218      0.0756      0.1228      0.1221   1.0e-03    2.7s
    26        0.1220        0.1212      0.0762      0.1221      0.1214   1.0e-03    2.8s
    27        0.1216        0.1208      0.0782      0.1217      0.1209   1.0e-03    2.7s
    28        0.1211        0.1203      0.0792      0.1215      0.1207   1.0e-03    2.7s
    29        0.1208        0.1200      0.0824      0.1211      0.1203   1.0e-03    2.8s
    30        0.1203        0.1195      0.0854      0.1205      0.1197   1.0e-03    2.7s
    31        0.1200        0.1191      0.0872      0.1199      0.1191   1.0e-03    2.7s
    32        0.1196        0.1187      0.0880      0.1197      0.1188   1.0e-03    2.7s
    33        0.1194        0.1185      0.0882      0.1196      0.1187   1.0e-03    2.7s
    34        0.1192        0.1183      0.0881      0.1194      0.1185   1.0e-03    2.8s
    35        0.1188        0.1180      0.0877      0.1192      0.1183   1.0e-03    2.8s
    36        0.1187        0.1178      0.0866      0.1191      0.1183   1.0e-03    2.8s
    37        0.1186        0.1177      0.0857      0.1190      0.1182   1.0e-03    2.7s
    38        0.1183        0.1175      0.0837      0.1189      0.1181   1.0e-03    2.8s
    39        0.1181        0.1172      0.0824      0.1186      0.1179   1.0e-03    2.8s
    40        0.1178        0.1170      0.0805      0.1185      0.1178   1.0e-03    2.7s
    41        0.1176        0.1168      0.0786      0.1184      0.1176   1.0e-03    2.7s
    42        0.1174        0.1166      0.0776      0.1182      0.1175   1.0e-03    2.7s
    43        0.1172        0.1165      0.0768      0.1181      0.1173   1.0e-03    2.8s
    44        0.1170        0.1163      0.0769      0.1180      0.1173   1.0e-03    2.7s
    45        0.1169        0.1161      0.0767      0.1179      0.1171   1.0e-03    2.7s
    46        0.1168        0.1160      0.0764      0.1178      0.1170   1.0e-03    2.7s
    47        0.1167        0.1159      0.0774      0.1178      0.1170   1.0e-03    2.7s
    48        0.1165        0.1158      0.0776      0.1177      0.1169   1.0e-03    2.8s
    49        0.1164        0.1157      0.0782      0.1176      0.1168   1.0e-03    2.9s
    50        0.1163        0.1156      0.0782      0.1175      0.1167   1.0e-03    2.8s
    51        0.1162        0.1154      0.0787      0.1175      0.1167   1.0e-03    2.9s
    52        0.1161        0.1153      0.0786      0.1173      0.1166   1.0e-03    2.8s
    53        0.1160        0.1152      0.0797      0.1174      0.1167   1.0e-03    2.8s
    54        0.1158        0.1150      0.0800      0.1173      0.1165   1.0e-03    2.8s
    55        0.1157        0.1149      0.0805      0.1173      0.1165   1.0e-03    2.8s
    56        0.1157        0.1149      0.0815      0.1172      0.1164   1.0e-03    2.8s
    57        0.1155        0.1147      0.0816      0.1170      0.1162   1.0e-03    2.9s
    58        0.1154        0.1146      0.0824      0.1169      0.1161   1.0e-03    2.9s
    59        0.1154        0.1146      0.0830      0.1170      0.1161   1.0e-03    2.8s
    60        0.1153        0.1144      0.0833      0.1170      0.1161   1.0e-03    2.8s
    61        0.1152        0.1144      0.0837      0.1170      0.1162   1.0e-03    2.8s
    62        0.1152        0.1144      0.0839      0.1168      0.1160   1.0e-03    2.8s
    63        0.1150        0.1141      0.0839      0.1170      0.1161   1.0e-03    2.8s
    64        0.1149        0.1141      0.0848      0.1168      0.1160   1.0e-03    2.7s
    65        0.1149        0.1141      0.0846      0.1167      0.1158   1.0e-03    2.7s
    66        0.1149        0.1140      0.0851      0.1167      0.1159   1.0e-03    2.8s
    67        0.1147        0.1139      0.0851      0.1167      0.1159   1.0e-03    2.7s
    68        0.1147        0.1138      0.0855      0.1167      0.1159   1.0e-03    2.7s
    69        0.1146        0.1138      0.0859      0.1166      0.1158   1.0e-03    2.7s
    70        0.1146        0.1138      0.0860      0.1167      0.1159   1.0e-03    2.7s
    71        0.1145        0.1136      0.0862      0.1166      0.1157   1.0e-03    2.7s
    72        0.1143        0.1135      0.0859      0.1166      0.1157   1.0e-03    2.7s
    73        0.1142        0.1133      0.0853      0.1166      0.1157   1.0e-03    2.7s
    74        0.1141        0.1133      0.0856      0.1166      0.1157   1.0e-03    2.7s
    75        0.1142        0.1133      0.0859      0.1164      0.1156   1.0e-03    2.7s
    76        0.1140        0.1132      0.0852      0.1165      0.1156   1.0e-03    2.7s
    77        0.1140        0.1131      0.0858      0.1164      0.1155   1.0e-03    2.7s
    78        0.1139        0.1131      0.0859      0.1166      0.1157   1.0e-03    2.7s
    79        0.1138        0.1129      0.0863      0.1164      0.1156   1.0e-03    2.7s
    80        0.1138        0.1129      0.0871      0.1163      0.1155   1.0e-03    2.7s
    81        0.1137        0.1128      0.0871      0.1163      0.1154   1.0e-03    2.7s
    82        0.1136        0.1127      0.0873      0.1163      0.1155   1.0e-03    2.7s
    83        0.1136        0.1127      0.0880      0.1162      0.1154   1.0e-03    2.7s
    84        0.1135        0.1126      0.0885      0.1162      0.1154   1.0e-03    2.7s
    85        0.1134        0.1125      0.0885      0.1162      0.1154   1.0e-03    2.7s
    86        0.1133        0.1124      0.0889      0.1162      0.1154   1.0e-03    2.7s
    87        0.1133        0.1124      0.0890      0.1162      0.1153   1.0e-03    2.7s
    88        0.1131        0.1122      0.0884      0.1162      0.1153   1.0e-03    2.7s
    89        0.1131        0.1122      0.0888      0.1162      0.1153   1.0e-03    2.7s
    90        0.1130        0.1122      0.0880      0.1163      0.1154   1.0e-03    2.7s
    91        0.1130        0.1121      0.0886      0.1161      0.1153   1.0e-03    2.7s
    92        0.1129        0.1120      0.0883      0.1162      0.1153   1.0e-03    2.8s
    93        0.1128        0.1119      0.0882      0.1162      0.1153   1.0e-03    2.7s
    94        0.1128        0.1119      0.0880      0.1162      0.1154   1.0e-03    2.7s
    95        0.1127        0.1119      0.0882      0.1163      0.1154   1.0e-03    2.7s
    96        0.1127        0.1119      0.0883      0.1162      0.1153   1.0e-03    2.7s
    97        0.1126        0.1117      0.0880      0.1162      0.1154   5.0e-04    2.7s
    98        0.1122        0.1113      0.0881      0.1160      0.1151   5.0e-04    2.7s
    99        0.1121        0.1112      0.0884      0.1160      0.1151   5.0e-04    2.6s
   100        0.1120        0.1111      0.0883      0.1160      0.1151   5.0e-04    2.7s

Done. Best val loss: 0.1160
Checkpoints and logs saved to: /project/xuanyao/jiaming/deeplearning/results_papalexi_nophase/beta0.01_dim256
=== Analyze ===
Device: cpu
Loading data...
  20729 cells, 3725 genes, 34 perturbations
Log1p-normalizing...
  Filtering 1 cells with unknown perturbation.

Loading model from model_best.pt...

[1/4] Computing latent embeddings...
  Silhouette score (perturbation clusters, excl. NTC): -0.0515
Running UMAP (this may take a few minutes)...
UMAP(min_dist=0.3, n_jobs=1, n_neighbors=30, random_state=42, verbose=True)
Fri May 15 13:17:51 2026 Construct fuzzy simplicial set
Fri May 15 13:17:51 2026 Finding Nearest Neighbors
Fri May 15 13:17:51 2026 Building RP forest with 12 trees
Fri May 15 13:17:56 2026 NN descent for 14 iterations
	 1  /  14
	 2  /  14
	Stopping threshold met -- exiting after 2 iterations
Fri May 15 13:18:07 2026 Finished Nearest Neighbor Search
Fri May 15 13:18:11 2026 Construct embedding
	completed  0  /  200 epochs
	completed  20  /  200 epochs
	completed  40  /  200 epochs
	completed  60  /  200 epochs
	completed  80  /  200 epochs
	completed  100  /  200 epochs
	completed  120  /  200 epochs
	completed  140  /  200 epochs
	completed  160  /  200 epochs
	completed  180  /  200 epochs
Fri May 15 13:18:30 2026 Finished embedding
  Saved: /project/xuanyao/jiaming/deeplearning/results_papalexi_nophase/beta0.01_dim256/figures/umap_latent.png
  Saved covariate UMAPs: umap_n_nonzero.png, umap_n_umis.png, umap_lane.png, umap_bio_rep.png, umap_phase.png, umap_p_mito.png
Running expression-PCA UMAP for covariate verification...
  Saved expression UMAP covariates: umap_expr_n_nonzero.png, umap_expr_n_umis.png, umap_expr_lane.png, umap_expr_bio_rep.png, umap_expr_phase.png, umap_expr_p_mito.png
  Saved: /project/xuanyao/jiaming/deeplearning/results_papalexi_nophase/beta0.01_dim256/figures/umap_per_perturbation.png

[2/4] Computing perturbation response scores (decode Δ vs NTC avg of 9 guides: ['NTg1', 'NTg10', 'NTg2', 'NTg3', 'NTg4']...)...
  NTg1                 (  303 cells) response range: [-0.095, 0.021] [NTC]
  NTg10                (  235 cells) response range: [-0.040, 0.061] [NTC]
  NTg2                 (  106 cells) response range: [-0.037, 0.067] [NTC]
  NTg3                 (  244 cells) response range: [-0.027, 0.022] [NTC]
  NTg4                 (  431 cells) response range: [-0.031, 0.021] [NTC]
  NTg5                 (  305 cells) response range: [-0.029, 0.033] [NTC]
  NTg7                 (  445 cells) response range: [-0.050, 0.025] [NTC]
  NTg8                 (   56 cells) response range: [-0.053, 0.034] [NTC]
  NTg9                 (  261 cells) response range: [-0.013, 0.028] [NTC]
  tar-ATF2             ( 1102 cells) response range: [-0.016, 0.029]
  tar-BRD4             (  341 cells) response range: [-0.215, 0.160]
  tar-CAV1             (  882 cells) response range: [-0.019, 0.025]
  tar-CD86             ( 1197 cells) response range: [-0.022, 0.017]
  tar-CMTM6            (  817 cells) response range: [-0.028, 0.037]
  tar-CUL3             (  274 cells) response range: [-0.072, 0.098]
  tar-ETV7             (  841 cells) response range: [-0.031, 0.059]
  tar-IFNGR1           ( 1341 cells) response range: [-1.064, 0.370]
  tar-IFNGR2           ( 1213 cells) response range: [-1.047, 0.350]
  tar-IRF1             ( 1073 cells) response range: [-0.807, 0.539]
  tar-IRF7             (  614 cells) response range: [-0.016, 0.034]
  tar-JAK2             ( 1024 cells) response range: [-1.174, 0.404]
  tar-MARCH8           ( 1003 cells) response range: [-0.023, 0.034]
  tar-MYC              (  108 cells) response range: [-0.093, 0.107]
  tar-NFKBIA           (  787 cells) response range: [-0.044, 0.039]
  tar-PDCD1LG2         (  617 cells) response range: [-0.027, 0.041]
  tar-POU2F2           (  662 cells) response range: [-0.023, 0.034]
  tar-SMAD4            (  659 cells) response range: [-0.635, 0.518]
  tar-SPI1             (   48 cells) response range: [-0.142, 0.094]
  tar-STAT1            (  444 cells) response range: [-0.768, 0.283]
  tar-STAT2            (  661 cells) response range: [-0.620, 0.156]
  tar-STAT3            (  493 cells) response range: [-0.024, 0.039]
  tar-STAT5A           (  659 cells) response range: [-0.026, 0.025]
  tar-TNFRSF14         (  964 cells) response range: [-0.031, 0.038]
  tar-UBE2L6           (  518 cells) response range: [-0.032, 0.047]
  NTC null: mean |response| per gene = 0.0019  std across NTC guides = 0.0024
  Saved: /project/xuanyao/jiaming/deeplearning/results_papalexi_nophase/beta0.01_dim256/response_scores.csv
  Saved: /project/xuanyao/jiaming/deeplearning/results_papalexi_nophase/beta0.01_dim256/figures/gene_response_heatmap.png
  Saved: /project/xuanyao/jiaming/deeplearning/results_papalexi_nophase/beta0.01_dim256/figures/effect_size_vs_null.png
  NTC noise floor (mean+2SD): 0.0029
  Saved: /project/xuanyao/jiaming/deeplearning/results_papalexi_nophase/beta0.01_dim256/figures/top_genes_per_pert.png

[3/4] Clustering perturbations by response vectors...
  Saved: /project/xuanyao/jiaming/deeplearning/results_papalexi_nophase/beta0.01_dim256/figures/perturbation_clustermap.png

[4/4] Running hallmark pathway enrichment...
  Saved: /project/xuanyao/jiaming/deeplearning/results_papalexi_nophase/beta0.01_dim256/figures/pathway_enrichment.png

[Bonus] Comparing CVAE response vs naive differential expression...
  Mean Spearman ρ (CVAE vs DE): 0.564
  Mean top-20 gene overlap:     6.4/20
  Saved: /project/xuanyao/jiaming/deeplearning/results_papalexi_nophase/beta0.01_dim256/cvae_vs_de_comparison.csv

All figures saved to: /project/xuanyao/jiaming/deeplearning/results_papalexi_nophase/beta0.01_dim256/figures
Done!
Done: beta0.01_dim256
