=== Train: beta=1.0 latent_dim=128 (no bio_rep, no lane) ===
Device: cpu
Loading data...
  20729 cells, 3725 genes, 35 perturbations
  Filtering 1 cells with unknown perturbation assignment.
  Extra covariates: 6 dims (3 continuous + 3 categorical OHE)
Log1p-normalizing expression data...
  Train: 17635 cells | Val: 3093 cells

Model: 3725 genes | 34 perturbations | latent_dim=128
  Trainable parameters: 9,103,757

Training for up to 100 epochs (early stop patience=15)...

 Epoch   Train Total   Train Recon    Train KL   Val Total   Val Recon        LR    Time
------------------------------------------------------------------------------------------
     1        0.2202        0.2005      0.0197      0.1448      0.1445   1.0e-03    2.5s
     2        0.1543        0.1494      0.0049      0.1437      0.1437   1.0e-03    2.7s
     3        0.1496        0.1466      0.0030      0.1454      0.1453   1.0e-03    2.8s
     4        0.1465        0.1449      0.0016      0.1448      0.1447   1.0e-03    2.7s
     5        0.1443        0.1436      0.0006      0.1440      0.1440   1.0e-03    2.8s
     6        0.1425        0.1422      0.0002      0.1438      0.1438   1.0e-03    2.7s
     7        0.1407        0.1406      0.0001      0.1438      0.1438   1.0e-03    2.8s
     8        0.1397        0.1396      0.0000      0.1428      0.1428   1.0e-03    2.7s
     9        0.1389        0.1389      0.0000      0.1424      0.1424   1.0e-03    2.7s
    10        0.1381        0.1381      0.0000      0.1415      0.1414   1.0e-03    2.7s
    11        0.1375        0.1374      0.0000      0.1409      0.1409   1.0e-03    2.7s
    12        0.1369        0.1369      0.0000      0.1398      0.1398   1.0e-03    2.7s
    13        0.1364        0.1363      0.0000      0.1394      0.1394   1.0e-03    2.7s
    14        0.1359        0.1359      0.0000      0.1384      0.1384   1.0e-03    2.7s
    15        0.1355        0.1355      0.0000      0.1378      0.1378   1.0e-03    2.7s
    16        0.1351        0.1351      0.0000      0.1377      0.1377   1.0e-03    2.7s
    17        0.1348        0.1348      0.0000      0.1373      0.1373   1.0e-03    2.7s
    18        0.1347        0.1347      0.0000      0.1374      0.1374   1.0e-03    2.8s
    19        0.1345        0.1344      0.0000      0.1372      0.1372   1.0e-03    2.8s
    20        0.1344        0.1343      0.0000      0.1371      0.1371   1.0e-03    2.9s
    21        0.1342        0.1342      0.0000      0.1367      0.1367   1.0e-03    2.9s
    22        0.1342        0.1342      0.0000      0.1367      0.1366   1.0e-03    2.9s
    23        0.1341        0.1341      0.0000      0.1365      0.1365   1.0e-03    2.8s
    24        0.1339        0.1339      0.0000      0.1364      0.1364   1.0e-03    2.7s
    25        0.1339        0.1339      0.0000      0.1363      0.1363   1.0e-03    2.8s
    26        0.1338        0.1338      0.0000      0.1364      0.1364   1.0e-03    2.7s
    27        0.1337        0.1337      0.0000      0.1359      0.1359   1.0e-03    2.8s
    28        0.1337        0.1337      0.0000      0.1360      0.1360   1.0e-03    2.7s
    29        0.1336        0.1336      0.0000      0.1357      0.1357   1.0e-03    2.7s
    30        0.1335        0.1335      0.0000      0.1357      0.1357   1.0e-03    2.8s
    31        0.1334        0.1334      0.0000      0.1357      0.1357   1.0e-03    2.8s
    32        0.1335        0.1334      0.0000      0.1357      0.1357   1.0e-03    2.8s
    33        0.1333        0.1333      0.0000      0.1354      0.1354   1.0e-03    2.8s
    34        0.1332        0.1332      0.0000      0.1354      0.1354   1.0e-03    2.9s
    35        0.1332        0.1332      0.0000      0.1353      0.1353   1.0e-03    2.7s
    36        0.1331        0.1331      0.0000      0.1353      0.1353   1.0e-03    2.8s
    37        0.1331        0.1331      0.0000      0.1353      0.1353   1.0e-03    2.8s
    38        0.1330        0.1330      0.0000      0.1352      0.1352   1.0e-03    2.7s
    39        0.1330        0.1330      0.0000      0.1351      0.1351   1.0e-03    2.7s
    40        0.1331        0.1331      0.0000      0.1350      0.1350   1.0e-03    2.7s
    41        0.1331        0.1330      0.0000      0.1351      0.1351   1.0e-03    2.7s
    42        0.1330        0.1330      0.0000      0.1351      0.1351   1.0e-03    2.8s
    43        0.1329        0.1329      0.0000      0.1352      0.1351   1.0e-03    2.7s
    44        0.1328        0.1328      0.0000      0.1350      0.1350   1.0e-03    2.7s
    45        0.1327        0.1327      0.0000      0.1350      0.1350   1.0e-03    2.7s
    46        0.1328        0.1328      0.0000      0.1350      0.1350   1.0e-03    2.7s
    47        0.1327        0.1327      0.0000      0.1349      0.1349   1.0e-03    2.8s
    48        0.1327        0.1327      0.0000      0.1350      0.1350   1.0e-03    2.7s
    49        0.1329        0.1329      0.0000      0.1351      0.1351   1.0e-03    2.8s
    50        0.1327        0.1327      0.0000      0.1348      0.1348   1.0e-03    2.8s
    51        0.1328        0.1328      0.0000      0.1349      0.1349   1.0e-03    2.7s
    52        0.1326        0.1326      0.0000      0.1349      0.1349   1.0e-03    2.7s
    53        0.1326        0.1326      0.0000      0.1349      0.1349   1.0e-03    2.7s
    54        0.1326        0.1325      0.0000      0.1349      0.1349   1.0e-03    2.7s
    55        0.1326        0.1326      0.0000      0.1348      0.1348   1.0e-03    2.7s
    56        0.1326        0.1326      0.0000      0.1349      0.1349   5.0e-04    2.7s
    57        0.1323        0.1323      0.0000      0.1348      0.1348   5.0e-04    2.7s
    58        0.1323        0.1323      0.0000      0.1348      0.1348   5.0e-04    2.7s
    59        0.1323        0.1323      0.0000      0.1348      0.1348   5.0e-04    2.7s
    60        0.1322        0.1322      0.0000      0.1347      0.1347   5.0e-04    2.7s
    61        0.1323        0.1323      0.0000      0.1348      0.1348   5.0e-04    2.7s
    62        0.1322        0.1322      0.0000      0.1347      0.1347   5.0e-04    2.6s
    63        0.1322        0.1322      0.0000      0.1348      0.1348   5.0e-04    2.7s
    64        0.1321        0.1321      0.0000      0.1347      0.1347   5.0e-04    2.7s
    65        0.1321        0.1321      0.0000      0.1347      0.1347   5.0e-04    2.7s
    66        0.1321        0.1321      0.0000      0.1348      0.1348   5.0e-04    2.8s
    67        0.1320        0.1320      0.0000      0.1348      0.1348   5.0e-04    2.7s
    68        0.1322        0.1322      0.0000      0.1347      0.1347   2.5e-04    2.7s
    69        0.1320        0.1320      0.0000      0.1347      0.1347   2.5e-04    2.7s
    70        0.1319        0.1319      0.0000      0.1347      0.1347   2.5e-04    2.7s
    71        0.1319        0.1319      0.0000      0.1347      0.1347   2.5e-04    2.7s
    72        0.1320        0.1320      0.0000      0.1348      0.1348   2.5e-04    2.7s
    73        0.1318        0.1318      0.0000      0.1348      0.1348   2.5e-04    2.7s
    74        0.1319        0.1319      0.0000      0.1347      0.1347   1.3e-04    2.7s
    75        0.1318        0.1318      0.0000      0.1347      0.1347   1.3e-04    2.7s
    76        0.1318        0.1318      0.0000      0.1347      0.1347   1.3e-04    2.7s
    77        0.1319        0.1319      0.0000      0.1347      0.1347   1.3e-04    2.6s
    78        0.1318        0.1318      0.0000      0.1347      0.1347   1.3e-04    2.7s
    79        0.1317        0.1317      0.0000      0.1347      0.1347   1.3e-04    2.7s
    80        0.1318        0.1318      0.0000      0.1347      0.1347   1.3e-04    2.7s
    81        0.1318        0.1318      0.0000      0.1347      0.1347   6.3e-05    2.6s
    82        0.1317        0.1317      0.0000      0.1347      0.1347   6.3e-05    2.7s
    83        0.1317        0.1317      0.0000      0.1347      0.1347   6.3e-05    2.8s
    84        0.1317        0.1317      0.0000      0.1347      0.1347   6.3e-05    2.7s
    85        0.1317        0.1317      0.0000      0.1347      0.1347   6.3e-05    2.7s
    86        0.1318        0.1318      0.0000      0.1347      0.1347   6.3e-05    2.7s
    87        0.1317        0.1317      0.0000      0.1347      0.1347   3.1e-05    2.7s
    88        0.1317        0.1317      0.0000      0.1347      0.1347   3.1e-05    2.7s
    89        0.1318        0.1318      0.0000      0.1347      0.1347   3.1e-05    2.7s
    90        0.1318        0.1318      0.0000      0.1347      0.1347   3.1e-05    2.7s
    91        0.1317        0.1317      0.0000      0.1347      0.1347   3.1e-05    2.8s
    92        0.1317        0.1317      0.0000      0.1347      0.1347   3.1e-05    2.7s
    93        0.1317        0.1317      0.0000      0.1347      0.1347   1.6e-05    2.7s
    94        0.1317        0.1317      0.0000      0.1347      0.1347   1.6e-05    2.7s
    95        0.1317        0.1316      0.0000      0.1347      0.1347   1.6e-05    2.7s
    96        0.1317        0.1317      0.0000      0.1347      0.1347   1.6e-05    2.7s
    97        0.1317        0.1317      0.0000      0.1347      0.1347   1.6e-05    2.7s
    98        0.1317        0.1317      0.0000      0.1347      0.1347   1.6e-05    2.7s
    99        0.1317        0.1317      0.0000      0.1347      0.1347   7.8e-06    2.7s
   100        0.1317        0.1317      0.0000      0.1347      0.1347   7.8e-06    2.7s

Done. Best val loss: 0.1347
Checkpoints and logs saved to: /project/xuanyao/jiaming/deeplearning/results_papalexi_nobatch/beta1.0_dim128
=== Analyze ===
Device: cpu
Loading data...
  20729 cells, 3725 genes, 34 perturbations
Log1p-normalizing...
  Filtering 1 cells with unknown perturbation.

Loading model from model_best.pt...

[1/4] Computing latent embeddings...
  Silhouette score (perturbation clusters, excl. NTC): -0.1854
Running UMAP (this may take a few minutes)...
UMAP(min_dist=0.3, n_jobs=1, n_neighbors=30, random_state=42, verbose=True)
Sat May 16 15:46:39 2026 Construct fuzzy simplicial set
Sat May 16 15:46:39 2026 Finding Nearest Neighbors
Sat May 16 15:46:39 2026 Building RP forest with 12 trees
Sat May 16 15:46:44 2026 NN descent for 14 iterations
	 1  /  14
	 2  /  14
	 3  /  14
	Stopping threshold met -- exiting after 3 iterations
Sat May 16 15:46:55 2026 Finished Nearest Neighbor Search
Sat May 16 15:46:59 2026 Construct embedding
	completed  0  /  200 epochs
	completed  20  /  200 epochs
	completed  40  /  200 epochs
	completed  60  /  200 epochs
	completed  80  /  200 epochs
	completed  100  /  200 epochs
	completed  120  /  200 epochs
	completed  140  /  200 epochs
	completed  160  /  200 epochs
	completed  180  /  200 epochs
Sat May 16 15:47:18 2026 Finished embedding
  Saved: /project/xuanyao/jiaming/deeplearning/results_papalexi_nobatch/beta1.0_dim128/figures/umap_latent.png
  Saved covariate UMAPs: umap_n_nonzero.png, umap_n_umis.png, umap_lane.png, umap_bio_rep.png, umap_phase.png, umap_p_mito.png
Running expression-PCA UMAP for covariate verification...
  Saved expression UMAP covariates: umap_expr_n_nonzero.png, umap_expr_n_umis.png, umap_expr_lane.png, umap_expr_bio_rep.png, umap_expr_phase.png, umap_expr_p_mito.png
  Saved: /project/xuanyao/jiaming/deeplearning/results_papalexi_nobatch/beta1.0_dim128/figures/umap_per_perturbation.png

[2/4] Computing perturbation response scores (decode Δ vs NTC avg of 9 guides: ['NTg1', 'NTg10', 'NTg2', 'NTg3', 'NTg4']...)...
  NTg1                 (  303 cells) response range: [-0.050, 0.057] [NTC]
  NTg10                (  235 cells) response range: [-0.100, 0.050] [NTC]
  NTg2                 (  106 cells) response range: [-0.126, 0.149] [NTC]
  NTg3                 (  244 cells) response range: [-0.063, 0.054] [NTC]
  NTg4                 (  431 cells) response range: [-0.110, 0.369] [NTC]
  NTg5                 (  305 cells) response range: [-0.060, 0.039] [NTC]
  NTg7                 (  445 cells) response range: [-0.071, 0.053] [NTC]
  NTg8                 (   56 cells) response range: [-0.195, 0.102] [NTC]
  NTg9                 (  261 cells) response range: [-0.039, 0.034] [NTC]
  tar-ATF2             ( 1102 cells) response range: [-0.040, 0.128]
  tar-BRD4             (  341 cells) response range: [-0.231, 0.117]
  tar-CAV1             (  882 cells) response range: [-0.022, 0.030]
  tar-CD86             ( 1197 cells) response range: [-0.033, 0.132]
  tar-CMTM6            (  817 cells) response range: [-0.067, 0.129]
  tar-CUL3             (  274 cells) response range: [-0.287, 0.566]
  tar-ETV7             (  841 cells) response range: [-0.047, 0.147]
  tar-IFNGR1           ( 1341 cells) response range: [-1.690, 0.560]
  tar-IFNGR2           ( 1213 cells) response range: [-1.748, 0.588]
  tar-IRF1             ( 1073 cells) response range: [-1.032, 1.147]
  tar-IRF7             (  614 cells) response range: [-0.061, 0.171]
  tar-JAK2             ( 1024 cells) response range: [-1.838, 0.636]
  tar-MARCH8           ( 1003 cells) response range: [-0.100, 0.137]
  tar-MYC              (  108 cells) response range: [-0.163, 0.263]
  tar-NFKBIA           (  787 cells) response range: [-0.154, 0.320]
  tar-PDCD1LG2         (  617 cells) response range: [-0.035, 0.044]
  tar-POU2F2           (  662 cells) response range: [-0.094, 0.247]
  tar-SMAD4            (  659 cells) response range: [-1.205, 0.734]
  tar-SPI1             (   48 cells) response range: [-0.168, 0.217]
  tar-STAT1            (  444 cells) response range: [-1.745, 0.647]
  tar-STAT2            (  661 cells) response range: [-0.872, 0.191]
  tar-STAT3            (  493 cells) response range: [-0.045, 0.097]
  tar-STAT5A           (  659 cells) response range: [-0.064, 0.131]
  tar-TNFRSF14         (  964 cells) response range: [-0.057, 0.069]
  tar-UBE2L6           (  518 cells) response range: [-0.057, 0.098]
  NTC null: mean |response| per gene = 0.0049  std across NTC guides = 0.0062
  Saved: /project/xuanyao/jiaming/deeplearning/results_papalexi_nobatch/beta1.0_dim128/response_scores.csv
  Saved: /project/xuanyao/jiaming/deeplearning/results_papalexi_nobatch/beta1.0_dim128/figures/gene_response_heatmap.png
  Saved: /project/xuanyao/jiaming/deeplearning/results_papalexi_nobatch/beta1.0_dim128/figures/effect_size_vs_null.png
  NTC noise floor (mean+2SD): 0.0094
  Saved: /project/xuanyao/jiaming/deeplearning/results_papalexi_nobatch/beta1.0_dim128/figures/top_genes_per_pert.png

[3/4] Clustering perturbations by response vectors...
  Saved: /project/xuanyao/jiaming/deeplearning/results_papalexi_nobatch/beta1.0_dim128/figures/perturbation_clustermap.png

[4/4] Running hallmark pathway enrichment...
  Saved: /project/xuanyao/jiaming/deeplearning/results_papalexi_nobatch/beta1.0_dim128/figures/pathway_enrichment.png

[Bonus] Comparing CVAE response vs naive differential expression...
  Mean Spearman ρ (CVAE vs DE): 0.576
  Mean top-20 gene overlap:     7.7/20
  Saved: /project/xuanyao/jiaming/deeplearning/results_papalexi_nobatch/beta1.0_dim128/cvae_vs_de_comparison.csv

All figures saved to: /project/xuanyao/jiaming/deeplearning/results_papalexi_nobatch/beta1.0_dim128/figures
Done!
Done: beta1.0_dim128
