=== Train: beta=1.0 latent_dim=128 ===
Device: cpu
Loading data...
  20729 cells, 3725 genes, 35 perturbations
  Filtering 1 cells with unknown perturbation assignment.
  Extra covariates: 17 dims (3 continuous + 14 categorical OHE)
Log1p-normalizing expression data...
  Train: 17635 cells | Val: 3093 cells

Model: 3725 genes | 34 perturbations | latent_dim=128
  Trainable parameters: 9,117,837

Training for up to 100 epochs (early stop patience=15)...

 Epoch   Train Total   Train Recon    Train KL   Val Total   Val Recon        LR    Time
------------------------------------------------------------------------------------------
     1        0.2184        0.1995      0.0189      0.1449      0.1446   1.0e-03    2.9s
     2        0.1536        0.1492      0.0044      0.1436      0.1436   1.0e-03    3.0s
     3        0.1493        0.1464      0.0029      0.1441      0.1441   1.0e-03    3.1s
     4        0.1464        0.1445      0.0019      0.1433      0.1433   1.0e-03    3.2s
     5        0.1439        0.1430      0.0009      0.1418      0.1417   1.0e-03    3.1s
     6        0.1406        0.1403      0.0003      0.1420      0.1420   1.0e-03    3.0s
     7        0.1386        0.1385      0.0001      0.1408      0.1408   1.0e-03    3.1s
     8        0.1377        0.1377      0.0000      0.1396      0.1396   1.0e-03    3.1s
     9        0.1369        0.1369      0.0000      0.1389      0.1389   1.0e-03    3.1s
    10        0.1361        0.1360      0.0000      0.1381      0.1381   1.0e-03    3.1s
    11        0.1354        0.1354      0.0000      0.1371      0.1371   1.0e-03    3.2s
    12        0.1348        0.1347      0.0000      0.1362      0.1361   1.0e-03    3.1s
    13        0.1341        0.1341      0.0000      0.1356      0.1356   1.0e-03    3.1s
    14        0.1337        0.1337      0.0000      0.1351      0.1351   1.0e-03    3.2s
    15        0.1334        0.1334      0.0000      0.1348      0.1347   1.0e-03    3.1s
    16        0.1332        0.1331      0.0000      0.1347      0.1347   1.0e-03    3.2s
    17        0.1329        0.1329      0.0000      0.1343      0.1343   1.0e-03    3.1s
    18        0.1328        0.1328      0.0000      0.1342      0.1342   1.0e-03    3.1s
    19        0.1325        0.1325      0.0000      0.1341      0.1341   1.0e-03    3.2s
    20        0.1324        0.1324      0.0000      0.1339      0.1339   1.0e-03    3.2s
    21        0.1323        0.1323      0.0000      0.1338      0.1338   1.0e-03    3.3s
    22        0.1321        0.1321      0.0000      0.1337      0.1337   1.0e-03    3.3s
    23        0.1321        0.1321      0.0000      0.1337      0.1337   1.0e-03    3.3s
    24        0.1320        0.1320      0.0000      0.1334      0.1334   1.0e-03    3.3s
    25        0.1318        0.1318      0.0000      0.1336      0.1336   1.0e-03    3.2s
    26        0.1318        0.1318      0.0000      0.1334      0.1334   1.0e-03    3.2s
    27        0.1318        0.1318      0.0000      0.1334      0.1334   1.0e-03    3.2s
    28        0.1317        0.1317      0.0000      0.1331      0.1331   1.0e-03    3.2s
    29        0.1315        0.1315      0.0000      0.1333      0.1333   1.0e-03    3.1s
    30        0.1315        0.1315      0.0000      0.1331      0.1331   1.0e-03    3.2s
    31        0.1315        0.1314      0.0000      0.1332      0.1332   1.0e-03    3.3s
    32        0.1314        0.1314      0.0000      0.1329      0.1329   1.0e-03    3.1s
    33        0.1313        0.1313      0.0000      0.1330      0.1330   1.0e-03    3.2s
    34        0.1312        0.1312      0.0000      0.1329      0.1329   1.0e-03    3.3s
    35        0.1312        0.1312      0.0000      0.1329      0.1329   1.0e-03    3.3s
    36        0.1310        0.1310      0.0000      0.1328      0.1328   1.0e-03    3.2s
    37        0.1310        0.1310      0.0000      0.1328      0.1328   1.0e-03    3.3s
    38        0.1309        0.1309      0.0000      0.1328      0.1328   1.0e-03    3.3s
    39        0.1308        0.1308      0.0000      0.1329      0.1329   1.0e-03    3.2s
    40        0.1307        0.1307      0.0000      0.1327      0.1327   1.0e-03    3.3s
    41        0.1307        0.1307      0.0000      0.1330      0.1330   1.0e-03    3.2s
    42        0.1307        0.1307      0.0000      0.1327      0.1327   1.0e-03    3.2s
    43        0.1306        0.1306      0.0000      0.1328      0.1328   1.0e-03    3.3s
    44        0.1306        0.1306      0.0000      0.1326      0.1326   1.0e-03    3.2s
    45        0.1305        0.1305      0.0000      0.1328      0.1328   1.0e-03    3.3s
    46        0.1305        0.1305      0.0000      0.1327      0.1327   1.0e-03    3.2s
    47        0.1305        0.1305      0.0000      0.1328      0.1328   1.0e-03    3.2s
    48        0.1305        0.1305      0.0000      0.1326      0.1326   1.0e-03    3.1s
    49        0.1304        0.1304      0.0000      0.1327      0.1327   1.0e-03    3.2s
    50        0.1303        0.1303      0.0000      0.1327      0.1327   1.0e-03    3.2s
    51        0.1303        0.1302      0.0000      0.1326      0.1326   1.0e-03    3.3s
    52        0.1303        0.1303      0.0000      0.1327      0.1327   1.0e-03    3.2s
    53        0.1303        0.1303      0.0000      0.1327      0.1327   1.0e-03    3.2s
    54        0.1302        0.1302      0.0000      0.1327      0.1327   5.0e-04    3.1s
    55        0.1300        0.1300      0.0000      0.1326      0.1326   5.0e-04    3.1s
    56        0.1299        0.1299      0.0000      0.1326      0.1326   5.0e-04    3.2s
    57        0.1298        0.1298      0.0000      0.1325      0.1325   5.0e-04    3.3s
    58        0.1298        0.1298      0.0000      0.1326      0.1326   5.0e-04    3.2s
    59        0.1297        0.1297      0.0000      0.1327      0.1327   5.0e-04    3.2s
    60        0.1297        0.1297      0.0000      0.1325      0.1325   5.0e-04    3.2s
    61        0.1297        0.1297      0.0000      0.1325      0.1325   5.0e-04    3.2s
    62        0.1296        0.1296      0.0000      0.1326      0.1326   5.0e-04    3.2s
    63        0.1296        0.1296      0.0000      0.1326      0.1326   2.5e-04    3.2s
    64        0.1295        0.1295      0.0000      0.1326      0.1326   2.5e-04    3.1s
    65        0.1294        0.1294      0.0000      0.1326      0.1326   2.5e-04    3.2s
    66        0.1294        0.1294      0.0000      0.1326      0.1326   2.5e-04    3.2s
    67        0.1295        0.1295      0.0000      0.1326      0.1326   2.5e-04    3.1s
    68        0.1295        0.1295      0.0000      0.1326      0.1326   2.5e-04    3.0s
    69        0.1294        0.1294      0.0000      0.1326      0.1326   1.3e-04    3.1s
    70        0.1293        0.1293      0.0000      0.1326      0.1326   1.3e-04    3.1s
    71        0.1293        0.1293      0.0000      0.1326      0.1326   1.3e-04    3.1s
    72        0.1294        0.1294      0.0000      0.1326      0.1326   1.3e-04    3.0s

Early stopping at epoch 72 (no improvement for 15 epochs)

Done. Best val loss: 0.1325
Checkpoints and logs saved to: /project/xuanyao/jiaming/deeplearning/results_papalexi/beta1.0_dim128
=== Analyze ===
Device: cpu
Loading data...
  20729 cells, 3725 genes, 34 perturbations
Log1p-normalizing...
  Filtering 1 cells with unknown perturbation.

Loading model from model_best.pt...

[1/4] Computing latent embeddings...
  Silhouette score (perturbation clusters, excl. NTC): -0.1115
Running UMAP (this may take a few minutes)...
UMAP(min_dist=0.3, n_jobs=1, n_neighbors=30, random_state=42, verbose=True)
Thu May 14 11:55:44 2026 Construct fuzzy simplicial set
Thu May 14 11:55:44 2026 Finding Nearest Neighbors
Thu May 14 11:55:44 2026 Building RP forest with 12 trees
Thu May 14 11:55:50 2026 NN descent for 14 iterations
	 1  /  14
	 2  /  14
	 3  /  14
	Stopping threshold met -- exiting after 3 iterations
Thu May 14 11:56:05 2026 Finished Nearest Neighbor Search
Thu May 14 11:56:10 2026 Construct embedding
	completed  0  /  200 epochs
	completed  20  /  200 epochs
	completed  40  /  200 epochs
	completed  60  /  200 epochs
	completed  80  /  200 epochs
	completed  100  /  200 epochs
	completed  120  /  200 epochs
	completed  140  /  200 epochs
	completed  160  /  200 epochs
	completed  180  /  200 epochs
Thu May 14 11:56:35 2026 Finished embedding
  Saved: /project/xuanyao/jiaming/deeplearning/results_papalexi/beta1.0_dim128/figures/umap_latent.png
  Saved covariate UMAPs: umap_n_nonzero.png, umap_n_umis.png, umap_lane.png, umap_bio_rep.png, umap_phase.png, umap_p_mito.png
Running expression-PCA UMAP for covariate verification...
  Saved expression UMAP covariates: umap_expr_n_nonzero.png, umap_expr_n_umis.png, umap_expr_lane.png, umap_expr_bio_rep.png, umap_expr_phase.png, umap_expr_p_mito.png
  Saved: /project/xuanyao/jiaming/deeplearning/results_papalexi/beta1.0_dim128/figures/umap_per_perturbation.png

[2/4] Computing perturbation response scores (decode Δ vs NTC avg of 9 guides: ['NTg1', 'NTg10', 'NTg2', 'NTg3', 'NTg4']...)...
  NTg1                 (  303 cells) response range: [-0.121, 0.054] [NTC]
  NTg10                (  235 cells) response range: [-0.063, 0.031] [NTC]
  NTg2                 (  106 cells) response range: [-0.118, 0.042] [NTC]
  NTg3                 (  244 cells) response range: [-0.048, 0.072] [NTC]
  NTg4                 (  431 cells) response range: [-0.030, 0.048] [NTC]
  NTg5                 (  305 cells) response range: [-0.032, 0.043] [NTC]
  NTg7                 (  445 cells) response range: [-0.057, 0.040] [NTC]
  NTg8                 (   56 cells) response range: [-0.023, 0.047] [NTC]
  NTg9                 (  261 cells) response range: [-0.047, 0.069] [NTC]
  tar-ATF2             ( 1102 cells) response range: [-0.020, 0.032]
  tar-BRD4             (  341 cells) response range: [-0.159, 0.088]
  tar-CAV1             (  882 cells) response range: [-0.023, 0.024]
  tar-CD86             ( 1197 cells) response range: [-0.028, 0.037]
  tar-CMTM6            (  817 cells) response range: [-0.038, 0.052]
  tar-CUL3             (  274 cells) response range: [-0.186, 0.331]
  tar-ETV7             (  841 cells) response range: [-0.035, 0.087]
  tar-IFNGR1           ( 1341 cells) response range: [-1.654, 0.604]
  tar-IFNGR2           ( 1213 cells) response range: [-1.711, 0.611]
  tar-IRF1             ( 1073 cells) response range: [-0.885, 0.804]
  tar-IRF7             (  614 cells) response range: [-0.065, 0.054]
  tar-JAK2             ( 1024 cells) response range: [-1.817, 0.676]
  tar-MARCH8           ( 1003 cells) response range: [-0.057, 0.056]
  tar-MYC              (  108 cells) response range: [-0.160, 0.352]
  tar-NFKBIA           (  787 cells) response range: [-0.066, 0.092]
  tar-PDCD1LG2         (  617 cells) response range: [-0.035, 0.052]
  tar-POU2F2           (  662 cells) response range: [-0.031, 0.054]
  tar-SMAD4            (  659 cells) response range: [-1.034, 0.555]
  tar-SPI1             (   48 cells) response range: [-0.155, 0.075]
  tar-STAT1            (  444 cells) response range: [-1.764, 0.698]
  tar-STAT2            (  661 cells) response range: [-0.896, 0.191]
  tar-STAT3            (  493 cells) response range: [-0.052, 0.052]
  tar-STAT5A           (  659 cells) response range: [-0.032, 0.037]
  tar-TNFRSF14         (  964 cells) response range: [-0.043, 0.044]
  tar-UBE2L6           (  518 cells) response range: [-0.056, 0.063]
  NTC null: mean |response| per gene = 0.0034  std across NTC guides = 0.0041
  Saved: /project/xuanyao/jiaming/deeplearning/results_papalexi/beta1.0_dim128/response_scores.csv
  Saved: /project/xuanyao/jiaming/deeplearning/results_papalexi/beta1.0_dim128/figures/gene_response_heatmap.png
  Saved: /project/xuanyao/jiaming/deeplearning/results_papalexi/beta1.0_dim128/figures/effect_size_vs_null.png
  NTC noise floor (mean+2SD): 0.0049
  Saved: /project/xuanyao/jiaming/deeplearning/results_papalexi/beta1.0_dim128/figures/top_genes_per_pert.png

[3/4] Clustering perturbations by response vectors...
  Saved: /project/xuanyao/jiaming/deeplearning/results_papalexi/beta1.0_dim128/figures/perturbation_clustermap.png

[4/4] Running hallmark pathway enrichment...
  Saved: /project/xuanyao/jiaming/deeplearning/results_papalexi/beta1.0_dim128/figures/pathway_enrichment.png

[Bonus] Comparing CVAE response vs naive differential expression...
  Mean Spearman ρ (CVAE vs DE): 0.551
  Mean top-20 gene overlap:     6.9/20
  Saved: /project/xuanyao/jiaming/deeplearning/results_papalexi/beta1.0_dim128/cvae_vs_de_comparison.csv

All figures saved to: /project/xuanyao/jiaming/deeplearning/results_papalexi/beta1.0_dim128/figures
Done!
Done: beta1.0_dim128
