=== Train: beta=0.01 latent_dim=32 (no perturbation) ===
Device: cpu
Loading data...
  20729 cells, 3725 genes, 35 perturbations
  Filtering 1 cells with unknown perturbation assignment.
  Extra covariates: 17 dims (3 continuous + 14 categorical OHE)
Log1p-normalizing expression data...
  Train: 17635 cells | Val: 3093 cells

Model: 3725 genes | 34 perturbations | latent_dim=32
  Trainable parameters: 9,043,917

Training for up to 100 epochs (early stop patience=15)...

 Epoch   Train Total   Train Recon    Train KL   Val Total   Val Recon        LR    Time
------------------------------------------------------------------------------------------
     1        0.1980        0.1963      0.1739      0.1439      0.1438   1.0e-03    2.7s
     2        0.1481        0.1480      0.0108      0.1426      0.1426   1.0e-03    2.9s
     3        0.1448        0.1447      0.0089      0.1410      0.1410   1.0e-03    2.9s
     4        0.1420        0.1419      0.0086      0.1404      0.1404   1.0e-03    3.0s
     5        0.1403        0.1402      0.0068      0.1396      0.1396   1.0e-03    2.9s
     6        0.1392        0.1391      0.0061      0.1385      0.1385   1.0e-03    2.9s
     7        0.1380        0.1379      0.0062      0.1373      0.1373   1.0e-03    2.9s
     8        0.1363        0.1360      0.0323      0.1348      0.1344   1.0e-03    2.9s
     9        0.1345        0.1339      0.0611      0.1335      0.1328   1.0e-03    2.9s
    10        0.1333        0.1326      0.0718      0.1327      0.1320   1.0e-03    3.0s
    11        0.1322        0.1315      0.0736      0.1320      0.1313   1.0e-03    3.0s
    12        0.1314        0.1307      0.0680      0.1316      0.1309   1.0e-03    3.0s
    13        0.1308        0.1302      0.0664      0.1310      0.1303   1.0e-03    3.1s
    14        0.1299        0.1291      0.0813      0.1297      0.1287   1.0e-03    3.0s
    15        0.1286        0.1276      0.0972      0.1286      0.1276   1.0e-03    3.0s
    16        0.1280        0.1269      0.1096      0.1281      0.1270   1.0e-03    2.9s
    17        0.1274        0.1263      0.1162      0.1275      0.1263   1.0e-03    2.9s
    18        0.1270        0.1258      0.1190      0.1274      0.1261   1.0e-03    2.9s
    19        0.1266        0.1254      0.1209      0.1269      0.1258   1.0e-03    3.0s
    20        0.1264        0.1252      0.1213      0.1268      0.1256   1.0e-03    3.0s
    21        0.1261        0.1249      0.1187      0.1267      0.1255   1.0e-03    3.0s
    22        0.1258        0.1247      0.1154      0.1266      0.1255   1.0e-03    3.1s
    23        0.1257        0.1245      0.1152      0.1266      0.1254   1.0e-03    3.0s
    24        0.1255        0.1244      0.1165      0.1262      0.1251   1.0e-03    3.1s
    25        0.1254        0.1242      0.1173      0.1262      0.1250   1.0e-03    3.1s
    26        0.1253        0.1241      0.1182      0.1265      0.1252   1.0e-03    3.1s
    27        0.1251        0.1239      0.1189      0.1260      0.1248   1.0e-03    3.0s
    28        0.1249        0.1237      0.1197      0.1258      0.1246   1.0e-03    3.0s
    29        0.1249        0.1237      0.1207      0.1258      0.1246   1.0e-03    3.0s
    30        0.1247        0.1235      0.1211      0.1257      0.1245   1.0e-03    3.1s
    31        0.1246        0.1234      0.1226      0.1258      0.1245   1.0e-03    3.1s
    32        0.1245        0.1233      0.1252      0.1257      0.1245   1.0e-03    3.0s
    33        0.1243        0.1231      0.1269      0.1255      0.1242   1.0e-03    3.0s
    34        0.1242        0.1229      0.1291      0.1253      0.1241   1.0e-03    3.0s
    35        0.1242        0.1228      0.1328      0.1254      0.1240   1.0e-03    3.0s
    36        0.1240        0.1226      0.1395      0.1248      0.1234   1.0e-03    3.1s
    37        0.1237        0.1222      0.1483      0.1246      0.1231   1.0e-03    3.0s
    38        0.1234        0.1219      0.1552      0.1244      0.1229   1.0e-03    3.0s
    39        0.1232        0.1216      0.1586      0.1242      0.1226   1.0e-03    3.0s
    40        0.1231        0.1215      0.1598      0.1241      0.1225   1.0e-03    3.1s
    41        0.1229        0.1213      0.1615      0.1240      0.1224   1.0e-03    3.0s
    42        0.1228        0.1212      0.1639      0.1240      0.1224   1.0e-03    3.0s
    43        0.1227        0.1211      0.1629      0.1240      0.1223   1.0e-03    3.0s
    44        0.1227        0.1211      0.1644      0.1239      0.1222   1.0e-03    3.0s
    45        0.1225        0.1208      0.1651      0.1238      0.1222   1.0e-03    3.0s
    46        0.1224        0.1208      0.1657      0.1239      0.1222   1.0e-03    2.9s
    47        0.1224        0.1207      0.1666      0.1238      0.1221   1.0e-03    3.0s
    48        0.1224        0.1207      0.1669      0.1237      0.1220   1.0e-03    3.0s
    49        0.1222        0.1205      0.1693      0.1238      0.1220   1.0e-03    3.0s
    50        0.1221        0.1204      0.1699      0.1237      0.1220   1.0e-03    3.0s
    51        0.1221        0.1204      0.1699      0.1237      0.1221   1.0e-03    3.0s
    52        0.1220        0.1203      0.1714      0.1236      0.1218   1.0e-03    3.0s
    53        0.1219        0.1202      0.1722      0.1236      0.1218   1.0e-03    2.9s
    54        0.1219        0.1202      0.1747      0.1236      0.1219   1.0e-03    2.9s
    55        0.1218        0.1200      0.1769      0.1235      0.1218   1.0e-03    2.9s
    56        0.1218        0.1200      0.1806      0.1234      0.1216   1.0e-03    2.9s
    57        0.1217        0.1198      0.1832      0.1234      0.1216   1.0e-03    2.9s
    58        0.1216        0.1197      0.1857      0.1233      0.1214   1.0e-03    3.0s
    59        0.1214        0.1195      0.1886      0.1231      0.1212   1.0e-03    2.9s
    60        0.1213        0.1194      0.1911      0.1231      0.1212   1.0e-03    3.0s
    61        0.1212        0.1193      0.1924      0.1231      0.1211   1.0e-03    2.9s
    62        0.1212        0.1193      0.1942      0.1230      0.1211   1.0e-03    3.0s
    63        0.1212        0.1192      0.1946      0.1230      0.1211   1.0e-03    3.0s
    64        0.1210        0.1191      0.1963      0.1230      0.1210   1.0e-03    3.0s
    65        0.1209        0.1190      0.1980      0.1229      0.1209   1.0e-03    3.1s
    66        0.1209        0.1189      0.1993      0.1228      0.1209   1.0e-03    3.1s
    67        0.1209        0.1189      0.1996      0.1230      0.1209   1.0e-03    3.0s
    68        0.1209        0.1188      0.2020      0.1228      0.1208   1.0e-03    3.0s
    69        0.1206        0.1186      0.2050      0.1228      0.1208   1.0e-03    3.1s
    70        0.1206        0.1186      0.2038      0.1227      0.1206   1.0e-03    3.0s
    71        0.1205        0.1184      0.2059      0.1227      0.1207   1.0e-03    3.0s
    72        0.1203        0.1183      0.2065      0.1227      0.1206   1.0e-03    3.0s
    73        0.1203        0.1182      0.2066      0.1227      0.1207   1.0e-03    3.0s
    74        0.1203        0.1182      0.2074      0.1228      0.1207   1.0e-03    3.0s
    75        0.1202        0.1181      0.2081      0.1228      0.1208   1.0e-03    3.0s
    76        0.1202        0.1181      0.2085      0.1226      0.1206   1.0e-03    3.0s
    77        0.1201        0.1180      0.2092      0.1226      0.1205   1.0e-03    3.0s
    78        0.1201        0.1180      0.2090      0.1226      0.1205   1.0e-03    3.0s
    79        0.1200        0.1179      0.2115      0.1227      0.1206   1.0e-03    3.0s
    80        0.1201        0.1179      0.2113      0.1229      0.1207   1.0e-03    3.0s
    81        0.1200        0.1179      0.2116      0.1226      0.1205   1.0e-03    3.0s
    82        0.1199        0.1178      0.2115      0.1226      0.1205   1.0e-03    2.9s
    83        0.1198        0.1176      0.2135      0.1226      0.1205   5.0e-04    2.9s
    84        0.1194        0.1173      0.2132      0.1224      0.1203   5.0e-04    2.9s
    85        0.1194        0.1172      0.2150      0.1223      0.1202   5.0e-04    2.8s
    86        0.1193        0.1172      0.2147      0.1225      0.1203   5.0e-04    2.8s
    87        0.1193        0.1171      0.2159      0.1224      0.1203   5.0e-04    2.8s
    88        0.1192        0.1171      0.2144      0.1225      0.1203   5.0e-04    2.9s
    89        0.1191        0.1170      0.2154      0.1224      0.1203   5.0e-04    2.9s
    90        0.1191        0.1170      0.2158      0.1225      0.1203   5.0e-04    2.8s
    91        0.1191        0.1169      0.2158      0.1224      0.1203   2.5e-04    2.8s
    92        0.1189        0.1167      0.2159      0.1224      0.1202   2.5e-04    2.8s
    93        0.1189        0.1167      0.2166      0.1224      0.1202   2.5e-04    2.8s
    94        0.1188        0.1167      0.2165      0.1224      0.1203   2.5e-04    2.9s
    95        0.1188        0.1166      0.2177      0.1224      0.1203   2.5e-04    2.8s
    96        0.1189        0.1167      0.2174      0.1224      0.1203   2.5e-04    2.8s
    97        0.1188        0.1166      0.2168      0.1224      0.1203   1.3e-04    2.7s
    98        0.1187        0.1165      0.2174      0.1224      0.1202   1.3e-04    2.7s
    99        0.1187        0.1165      0.2184      0.1224      0.1203   1.3e-04    2.8s
   100        0.1186        0.1164      0.2186      0.1223      0.1202   1.3e-04    2.8s

Early stopping at epoch 100 (no improvement for 15 epochs)

Done. Best val loss: 0.1223
Checkpoints and logs saved to: /project/xuanyao/jiaming/deeplearning/results_papalexi_no_pert/beta0.01_dim32
=== Analyze ===
Device: cpu
Loading data...
  20729 cells, 3725 genes, 34 perturbations
Log1p-normalizing...
  Filtering 1 cells with unknown perturbation.

Loading model from model_best.pt...

[1/4] Computing latent embeddings...
  Silhouette score (perturbation clusters, excl. NTC): -0.0905
Running UMAP (this may take a few minutes)...
UMAP(min_dist=0.3, n_jobs=1, n_neighbors=30, random_state=42, verbose=True)
Sat May 16 18:26:42 2026 Construct fuzzy simplicial set
Sat May 16 18:26:42 2026 Finding Nearest Neighbors
Sat May 16 18:26:42 2026 Building RP forest with 12 trees
Sat May 16 18:26:47 2026 NN descent for 14 iterations
	 1  /  14
	 2  /  14
	Stopping threshold met -- exiting after 2 iterations
Sat May 16 18:26:57 2026 Finished Nearest Neighbor Search
Sat May 16 18:27:00 2026 Construct embedding
	completed  0  /  200 epochs
	completed  20  /  200 epochs
	completed  40  /  200 epochs
	completed  60  /  200 epochs
	completed  80  /  200 epochs
	completed  100  /  200 epochs
	completed  120  /  200 epochs
	completed  140  /  200 epochs
	completed  160  /  200 epochs
	completed  180  /  200 epochs
Sat May 16 18:27:19 2026 Finished embedding
  Saved: /project/xuanyao/jiaming/deeplearning/results_papalexi_no_pert/beta0.01_dim32/figures/umap_latent.png
  Saved covariate UMAPs: umap_n_nonzero.png, umap_n_umis.png, umap_lane.png, umap_bio_rep.png, umap_phase.png, umap_p_mito.png
Running expression-PCA UMAP for covariate verification...
  Saved expression UMAP covariates: umap_expr_n_nonzero.png, umap_expr_n_umis.png, umap_expr_lane.png, umap_expr_bio_rep.png, umap_expr_phase.png, umap_expr_p_mito.png
  Saved: /project/xuanyao/jiaming/deeplearning/results_papalexi_no_pert/beta0.01_dim32/figures/umap_per_perturbation.png

[2/4] Computing perturbation response scores (decode Δ vs NTC avg of 9 guides: ['NTg1', 'NTg10', 'NTg2', 'NTg3', 'NTg4']...)...
  NTg1                 (  303 cells) response range: [-0.079, 0.033] [NTC]
  NTg10                (  235 cells) response range: [-0.095, 0.045] [NTC]
  NTg2                 (  106 cells) response range: [-0.040, 0.048] [NTC]
  NTg3                 (  244 cells) response range: [-0.053, 0.044] [NTC]
  NTg4                 (  431 cells) response range: [-0.037, 0.024] [NTC]
  NTg5                 (  305 cells) response range: [-0.037, 0.080] [NTC]
  NTg7                 (  445 cells) response range: [-0.035, 0.050] [NTC]
  NTg8                 (   56 cells) response range: [-0.038, 0.040] [NTC]
  NTg9                 (  261 cells) response range: [-0.028, 0.054] [NTC]
  tar-ATF2             ( 1102 cells) response range: [-0.060, 0.064]
  tar-BRD4             (  341 cells) response range: [-0.120, 0.047]
  tar-CAV1             (  882 cells) response range: [-0.036, 0.023]
  tar-CD86             ( 1197 cells) response range: [-0.031, 0.036]
  tar-CMTM6            (  817 cells) response range: [-0.034, 0.045]
  tar-CUL3             (  274 cells) response range: [-0.070, 0.027]
  tar-ETV7             (  841 cells) response range: [-0.031, 0.046]
  tar-IFNGR1           ( 1341 cells) response range: [-0.037, 0.041]
  tar-IFNGR2           ( 1213 cells) response range: [-0.039, 0.040]
  tar-IRF1             ( 1073 cells) response range: [-0.022, 0.039]
  tar-IRF7             (  614 cells) response range: [-0.043, 0.028]
  tar-JAK2             ( 1024 cells) response range: [-0.032, 0.034]
  tar-MARCH8           ( 1003 cells) response range: [-0.047, 0.041]
  tar-MYC              (  108 cells) response range: [-0.024, 0.041]
  tar-NFKBIA           (  787 cells) response range: [-0.047, 0.051]
  tar-PDCD1LG2         (  617 cells) response range: [-0.082, 0.080]
  tar-POU2F2           (  662 cells) response range: [-0.035, 0.032]
  tar-SMAD4            (  659 cells) response range: [-0.046, 0.050]
  tar-SPI1             (   48 cells) response range: [-0.040, 0.087]
  tar-STAT1            (  444 cells) response range: [-0.031, 0.048]
  tar-STAT2            (  661 cells) response range: [-0.037, 0.062]
  tar-STAT3            (  493 cells) response range: [-0.031, 0.039]
  tar-STAT5A           (  659 cells) response range: [-0.085, 0.128]
  tar-TNFRSF14         (  964 cells) response range: [-0.046, 0.036]
  tar-UBE2L6           (  518 cells) response range: [-0.052, 0.032]
  NTC null: mean |response| per gene = 0.0030  std across NTC guides = 0.0036
  Saved: /project/xuanyao/jiaming/deeplearning/results_papalexi_no_pert/beta0.01_dim32/response_scores.csv
  Saved: /project/xuanyao/jiaming/deeplearning/results_papalexi_no_pert/beta0.01_dim32/figures/gene_response_heatmap.png
  Saved: /project/xuanyao/jiaming/deeplearning/results_papalexi_no_pert/beta0.01_dim32/figures/effect_size_vs_null.png
  NTC noise floor (mean+2SD): 0.0046
  Saved: /project/xuanyao/jiaming/deeplearning/results_papalexi_no_pert/beta0.01_dim32/figures/top_genes_per_pert.png

[3/4] Clustering perturbations by response vectors...
  Saved: /project/xuanyao/jiaming/deeplearning/results_papalexi_no_pert/beta0.01_dim32/figures/perturbation_clustermap.png

[4/4] Running hallmark pathway enrichment...
  Saved: /project/xuanyao/jiaming/deeplearning/results_papalexi_no_pert/beta0.01_dim32/figures/pathway_enrichment.png

[Bonus] Comparing CVAE response vs naive differential expression...
  Mean Spearman ρ (CVAE vs DE): 0.518
  Mean top-20 gene overlap:     2.9/20
  Saved: /project/xuanyao/jiaming/deeplearning/results_papalexi_no_pert/beta0.01_dim32/cvae_vs_de_comparison.csv

All figures saved to: /project/xuanyao/jiaming/deeplearning/results_papalexi_no_pert/beta0.01_dim32/figures
Done!
Done: beta0.01_dim32
