=== Train: beta=1e-3 latent_dim=64 ===
Device: cpu
Loading data...
  20729 cells, 3725 genes, 35 perturbations
  Filtering 1 cells with unknown perturbation assignment.
  Extra covariates: 17 dims (3 continuous + 14 categorical OHE)
Log1p-normalizing expression data...
  Train: 17635 cells | Val: 3093 cells

Model: 3725 genes | 34 perturbations | latent_dim=64
  Trainable parameters: 9,068,557

Training for up to 100 epochs (early stop patience=15)...

 Epoch   Train Total   Train Recon    Train KL   Val Total   Val Recon        LR    Time
------------------------------------------------------------------------------------------
     1        0.1959        0.1953      0.6218      0.1447      0.1445   1.0e-03    2.6s
     2        0.1490        0.1488      0.1752      0.1432      0.1431   1.0e-03    2.7s
     3        0.1462        0.1461      0.1327      0.1421      0.1420   1.0e-03    2.7s
     4        0.1436        0.1435      0.1585      0.1399      0.1396   1.0e-03    2.8s
     5        0.1398        0.1396      0.2437      0.1364      0.1362   1.0e-03    2.9s
     6        0.1364        0.1362      0.2544      0.1346      0.1343   1.0e-03    2.8s
     7        0.1344        0.1341      0.3241      0.1329      0.1325   1.0e-03    2.8s
     8        0.1324        0.1321      0.3211      0.1311      0.1307   1.0e-03    2.7s
     9        0.1297        0.1293      0.4066      0.1285      0.1281   1.0e-03    2.7s
    10        0.1279        0.1275      0.4175      0.1278      0.1273   1.0e-03    2.8s
    11        0.1271        0.1267      0.4175      0.1268      0.1264   1.0e-03    2.8s
    12        0.1265        0.1260      0.4344      0.1261      0.1257   1.0e-03    2.8s
    13        0.1258        0.1253      0.4474      0.1255      0.1251   1.0e-03    2.8s
    14        0.1251        0.1246      0.4638      0.1250      0.1245   1.0e-03    2.8s
    15        0.1244        0.1239      0.4669      0.1241      0.1236   1.0e-03    2.9s
    16        0.1235        0.1230      0.4877      0.1234      0.1229   1.0e-03    2.8s
    17        0.1228        0.1223      0.4979      0.1226      0.1221   1.0e-03    2.7s
    18        0.1220        0.1215      0.5013      0.1221      0.1216   1.0e-03    2.8s
    19        0.1215        0.1209      0.5114      0.1213      0.1208   1.0e-03    2.8s
    20        0.1210        0.1205      0.5152      0.1208      0.1203   1.0e-03    2.9s
    21        0.1204        0.1199      0.5181      0.1201      0.1196   1.0e-03    2.9s
    22        0.1197        0.1191      0.5319      0.1197      0.1192   1.0e-03    2.8s
    23        0.1192        0.1187      0.5269      0.1194      0.1188   1.0e-03    2.8s
    24        0.1187        0.1182      0.5185      0.1190      0.1185   1.0e-03    2.8s
    25        0.1186        0.1181      0.5129      0.1187      0.1182   1.0e-03    2.8s
    26        0.1183        0.1178      0.5085      0.1185      0.1180   1.0e-03    2.8s
    27        0.1180        0.1175      0.5049      0.1182      0.1177   1.0e-03    2.9s
    28        0.1176        0.1171      0.5063      0.1179      0.1174   1.0e-03    2.8s
    29        0.1172        0.1167      0.5173      0.1175      0.1170   1.0e-03    2.7s
    30        0.1170        0.1165      0.5142      0.1174      0.1169   1.0e-03    2.7s
    31        0.1167        0.1162      0.5111      0.1171      0.1166   1.0e-03    2.7s
    32        0.1164        0.1159      0.5076      0.1168      0.1163   1.0e-03    2.8s
    33        0.1161        0.1156      0.5029      0.1167      0.1162   1.0e-03    2.8s
    34        0.1159        0.1154      0.5049      0.1165      0.1160   1.0e-03    2.7s
    35        0.1157        0.1152      0.4986      0.1162      0.1157   1.0e-03    2.8s
    36        0.1155        0.1150      0.5019      0.1161      0.1156   1.0e-03    2.8s
    37        0.1153        0.1148      0.5056      0.1160      0.1155   1.0e-03    2.8s
    38        0.1150        0.1145      0.5023      0.1158      0.1154   1.0e-03    2.8s
    39        0.1148        0.1143      0.4982      0.1158      0.1153   1.0e-03    2.8s
    40        0.1148        0.1143      0.4981      0.1156      0.1151   1.0e-03    2.7s
    41        0.1145        0.1140      0.4963      0.1154      0.1149   1.0e-03    2.8s
    42        0.1143        0.1138      0.4967      0.1155      0.1150   1.0e-03    2.8s
    43        0.1141        0.1136      0.4937      0.1152      0.1147   1.0e-03    2.8s
    44        0.1140        0.1135      0.4915      0.1152      0.1147   1.0e-03    2.8s
    45        0.1138        0.1133      0.4920      0.1151      0.1146   1.0e-03    2.8s
    46        0.1136        0.1131      0.4904      0.1151      0.1146   1.0e-03    2.8s
    47        0.1136        0.1131      0.4921      0.1150      0.1145   1.0e-03    2.7s
    48        0.1135        0.1130      0.4929      0.1150      0.1145   1.0e-03    2.7s
    49        0.1134        0.1129      0.4918      0.1148      0.1144   1.0e-03    2.7s
    50        0.1133        0.1128      0.4926      0.1148      0.1143   1.0e-03    2.8s
    51        0.1132        0.1127      0.4928      0.1148      0.1143   1.0e-03    2.7s
    52        0.1131        0.1126      0.4931      0.1148      0.1143   1.0e-03    2.7s
    53        0.1130        0.1125      0.4953      0.1147      0.1142   1.0e-03    2.8s
    54        0.1128        0.1123      0.4983      0.1148      0.1143   1.0e-03    2.7s
    55        0.1128        0.1123      0.4996      0.1147      0.1142   1.0e-03    2.8s
    56        0.1127        0.1122      0.5019      0.1146      0.1141   1.0e-03    2.8s
    57        0.1125        0.1120      0.5027      0.1147      0.1142   1.0e-03    2.7s
    58        0.1125        0.1120      0.5045      0.1146      0.1141   1.0e-03    2.8s
    59        0.1125        0.1120      0.5048      0.1146      0.1141   1.0e-03    2.8s
    60        0.1124        0.1119      0.5059      0.1145      0.1140   1.0e-03    2.7s
    61        0.1122        0.1117      0.5081      0.1146      0.1141   1.0e-03    2.7s
    62        0.1122        0.1117      0.5096      0.1145      0.1140   1.0e-03    2.8s
    63        0.1121        0.1115      0.5099      0.1146      0.1141   1.0e-03    2.8s
    64        0.1120        0.1115      0.5099      0.1144      0.1139   1.0e-03    2.7s
    65        0.1119        0.1114      0.5123      0.1145      0.1140   1.0e-03    2.8s
    66        0.1119        0.1114      0.5110      0.1144      0.1139   1.0e-03    2.8s
    67        0.1118        0.1113      0.5088      0.1144      0.1139   1.0e-03    2.7s
    68        0.1117        0.1112      0.5093      0.1144      0.1139   1.0e-03    2.7s
    69        0.1117        0.1112      0.5099      0.1144      0.1139   1.0e-03    2.7s
    70        0.1115        0.1110      0.5101      0.1144      0.1139   5.0e-04    2.8s
    71        0.1112        0.1107      0.5120      0.1142      0.1137   5.0e-04    2.8s
    72        0.1110        0.1105      0.5094      0.1142      0.1137   5.0e-04    2.7s
    73        0.1110        0.1105      0.5136      0.1142      0.1136   5.0e-04    2.7s
    74        0.1109        0.1104      0.5133      0.1142      0.1137   5.0e-04    2.7s
    75        0.1108        0.1103      0.5109      0.1142      0.1137   5.0e-04    2.7s
    76        0.1108        0.1103      0.5125      0.1141      0.1136   5.0e-04    2.7s
    77        0.1107        0.1102      0.5095      0.1142      0.1137   5.0e-04    2.7s
    78        0.1108        0.1103      0.5127      0.1142      0.1137   5.0e-04    2.7s
    79        0.1108        0.1103      0.5145      0.1142      0.1137   5.0e-04    2.8s
    80        0.1107        0.1102      0.5140      0.1142      0.1137   5.0e-04    2.7s
    81        0.1106        0.1101      0.5121      0.1142      0.1137   5.0e-04    2.7s
    82        0.1107        0.1101      0.5137      0.1142      0.1136   2.5e-04    2.8s
    83        0.1104        0.1099      0.5147      0.1142      0.1137   2.5e-04    2.8s
    84        0.1103        0.1098      0.5138      0.1141      0.1136   2.5e-04    2.7s
    85        0.1103        0.1098      0.5157      0.1141      0.1136   2.5e-04    2.7s
    86        0.1103        0.1097      0.5149      0.1141      0.1136   2.5e-04    2.7s
    87        0.1103        0.1098      0.5155      0.1142      0.1137   2.5e-04    2.7s
    88        0.1102        0.1097      0.5154      0.1141      0.1136   2.5e-04    2.6s
    89        0.1103        0.1097      0.5165      0.1142      0.1137   2.5e-04    2.7s
    90        0.1102        0.1097      0.5157      0.1141      0.1136   2.5e-04    2.7s
    91        0.1102        0.1096      0.5158      0.1142      0.1137   2.5e-04    2.8s
    92        0.1101        0.1096      0.5153      0.1142      0.1137   1.3e-04    2.7s
    93        0.1100        0.1095      0.5187      0.1141      0.1136   1.3e-04    2.7s
    94        0.1100        0.1094      0.5185      0.1141      0.1136   1.3e-04    2.8s
    95        0.1100        0.1094      0.5178      0.1141      0.1136   1.3e-04    2.7s
    96        0.1100        0.1095      0.5193      0.1141      0.1136   1.3e-04    2.7s
    97        0.1099        0.1094      0.5178      0.1141      0.1136   1.3e-04    2.7s
    98        0.1099        0.1094      0.5182      0.1141      0.1136   1.3e-04    2.7s
    99        0.1099        0.1094      0.5164      0.1141      0.1136   1.3e-04    2.7s
   100        0.1099        0.1094      0.5169      0.1141      0.1136   6.3e-05    2.7s

Done. Best val loss: 0.1141
Checkpoints and logs saved to: /project/xuanyao/jiaming/deeplearning/results_papalexi/beta1e-3_dim64
=== Analyze ===
Device: cpu
Loading data...
  20729 cells, 3725 genes, 34 perturbations
Log1p-normalizing...
  Filtering 1 cells with unknown perturbation.

Loading model from model_best.pt...

[1/4] Computing latent embeddings...
  Silhouette score (perturbation clusters, excl. NTC): -0.0478
Running UMAP (this may take a few minutes)...
UMAP(min_dist=0.3, n_jobs=1, n_neighbors=30, random_state=42, verbose=True)
Thu May 14 11:49:21 2026 Construct fuzzy simplicial set
Thu May 14 11:49:21 2026 Finding Nearest Neighbors
Thu May 14 11:49:21 2026 Building RP forest with 12 trees
Thu May 14 11:49:26 2026 NN descent for 14 iterations
	 1  /  14
	 2  /  14
	 3  /  14
	Stopping threshold met -- exiting after 3 iterations
Thu May 14 11:49:37 2026 Finished Nearest Neighbor Search
Thu May 14 11:49:41 2026 Construct embedding
	completed  0  /  200 epochs
	completed  20  /  200 epochs
	completed  40  /  200 epochs
	completed  60  /  200 epochs
	completed  80  /  200 epochs
	completed  100  /  200 epochs
	completed  120  /  200 epochs
	completed  140  /  200 epochs
	completed  160  /  200 epochs
	completed  180  /  200 epochs
Thu May 14 11:50:00 2026 Finished embedding
  Saved: /project/xuanyao/jiaming/deeplearning/results_papalexi/beta1e-3_dim64/figures/umap_latent.png
  Saved covariate UMAPs: umap_n_nonzero.png, umap_n_umis.png, umap_lane.png, umap_bio_rep.png, umap_phase.png, umap_p_mito.png
Running expression-PCA UMAP for covariate verification...
  Saved expression UMAP covariates: umap_expr_n_nonzero.png, umap_expr_n_umis.png, umap_expr_lane.png, umap_expr_bio_rep.png, umap_expr_phase.png, umap_expr_p_mito.png
  Saved: /project/xuanyao/jiaming/deeplearning/results_papalexi/beta1e-3_dim64/figures/umap_per_perturbation.png

[2/4] Computing perturbation response scores (decode Δ vs NTC avg of 9 guides: ['NTg1', 'NTg10', 'NTg2', 'NTg3', 'NTg4']...)...
  NTg1                 (  303 cells) response range: [-0.067, 0.023] [NTC]
  NTg10                (  235 cells) response range: [-0.021, 0.040] [NTC]
  NTg2                 (  106 cells) response range: [-0.060, 0.031] [NTC]
  NTg3                 (  244 cells) response range: [-0.028, 0.016] [NTC]
  NTg4                 (  431 cells) response range: [-0.051, 0.038] [NTC]
  NTg5                 (  305 cells) response range: [-0.030, 0.033] [NTC]
  NTg7                 (  445 cells) response range: [-0.030, 0.054] [NTC]
  NTg8                 (   56 cells) response range: [-0.052, 0.031] [NTC]
  NTg9                 (  261 cells) response range: [-0.020, 0.026] [NTC]
  tar-ATF2             ( 1102 cells) response range: [-0.016, 0.034]
  tar-BRD4             (  341 cells) response range: [-0.231, 0.168]
  tar-CAV1             (  882 cells) response range: [-0.026, 0.033]
  tar-CD86             ( 1197 cells) response range: [-0.039, 0.024]
  tar-CMTM6            (  817 cells) response range: [-0.035, 0.030]
  tar-CUL3             (  274 cells) response range: [-0.121, 0.126]
  tar-ETV7             (  841 cells) response range: [-0.027, 0.059]
  tar-IFNGR1           ( 1341 cells) response range: [-0.839, 0.333]
  tar-IFNGR2           ( 1213 cells) response range: [-0.853, 0.326]
  tar-IRF1             ( 1073 cells) response range: [-0.840, 0.643]
  tar-IRF7             (  614 cells) response range: [-0.029, 0.040]
  tar-JAK2             ( 1024 cells) response range: [-0.970, 0.376]
  tar-MARCH8           ( 1003 cells) response range: [-0.021, 0.038]
  tar-MYC              (  108 cells) response range: [-0.108, 0.070]
  tar-NFKBIA           (  787 cells) response range: [-0.041, 0.048]
  tar-PDCD1LG2         (  617 cells) response range: [-0.029, 0.028]
  tar-POU2F2           (  662 cells) response range: [-0.028, 0.029]
  tar-SMAD4            (  659 cells) response range: [-0.526, 0.492]
  tar-SPI1             (   48 cells) response range: [-0.116, 0.144]
  tar-STAT1            (  444 cells) response range: [-0.698, 0.268]
  tar-STAT2            (  661 cells) response range: [-0.544, 0.121]
  tar-STAT3            (  493 cells) response range: [-0.025, 0.035]
  tar-STAT5A           (  659 cells) response range: [-0.058, 0.029]
  tar-TNFRSF14         (  964 cells) response range: [-0.027, 0.046]
  tar-UBE2L6           (  518 cells) response range: [-0.042, 0.057]
  NTC null: mean |response| per gene = 0.0023  std across NTC guides = 0.0028
  Saved: /project/xuanyao/jiaming/deeplearning/results_papalexi/beta1e-3_dim64/response_scores.csv
  Saved: /project/xuanyao/jiaming/deeplearning/results_papalexi/beta1e-3_dim64/figures/gene_response_heatmap.png
  Saved: /project/xuanyao/jiaming/deeplearning/results_papalexi/beta1e-3_dim64/figures/effect_size_vs_null.png
  NTC noise floor (mean+2SD): 0.0035
  Saved: /project/xuanyao/jiaming/deeplearning/results_papalexi/beta1e-3_dim64/figures/top_genes_per_pert.png

[3/4] Clustering perturbations by response vectors...
  Saved: /project/xuanyao/jiaming/deeplearning/results_papalexi/beta1e-3_dim64/figures/perturbation_clustermap.png

[4/4] Running hallmark pathway enrichment...
  Saved: /project/xuanyao/jiaming/deeplearning/results_papalexi/beta1e-3_dim64/figures/pathway_enrichment.png

[Bonus] Comparing CVAE response vs naive differential expression...
  Mean Spearman ρ (CVAE vs DE): 0.543
  Mean top-20 gene overlap:     6.6/20
  Saved: /project/xuanyao/jiaming/deeplearning/results_papalexi/beta1e-3_dim64/cvae_vs_de_comparison.csv

All figures saved to: /project/xuanyao/jiaming/deeplearning/results_papalexi/beta1e-3_dim64/figures
Done!
Done: beta1e-3_dim64
