=== Train: beta=0.1 latent_dim=32 (no bio_rep, no lane) ===
Device: cpu
Loading data...
  20729 cells, 3725 genes, 35 perturbations
  Filtering 1 cells with unknown perturbation assignment.
  Extra covariates: 6 dims (3 continuous + 3 categorical OHE)
Log1p-normalizing expression data...
  Train: 17635 cells | Val: 3093 cells

Model: 3725 genes | 34 perturbations | latent_dim=32
  Trainable parameters: 9,029,837

Training for up to 100 epochs (early stop patience=15)...

 Epoch   Train Total   Train Recon    Train KL   Val Total   Val Recon        LR    Time
------------------------------------------------------------------------------------------
     1        0.2005        0.1982      0.0231      0.1443      0.1442   1.0e-03    2.8s
     2        0.1492        0.1486      0.0060      0.1429      0.1429   1.0e-03    3.0s
     3        0.1459        0.1456      0.0034      0.1424      0.1424   1.0e-03    2.9s
     4        0.1439        0.1437      0.0020      0.1419      0.1419   1.0e-03    2.9s
     5        0.1417        0.1416      0.0010      0.1408      0.1408   1.0e-03    3.1s
     6        0.1402        0.1402      0.0005      0.1398      0.1397   1.0e-03    3.0s
     7        0.1390        0.1390      0.0003      0.1385      0.1385   1.0e-03    3.1s
     8        0.1376        0.1376      0.0002      0.1374      0.1374   1.0e-03    3.0s
     9        0.1365        0.1364      0.0001      0.1372      0.1372   1.0e-03    3.0s
    10        0.1360        0.1360      0.0001      0.1371      0.1371   1.0e-03    3.0s
    11        0.1356        0.1356      0.0001      0.1366      0.1366   1.0e-03    3.1s
    12        0.1353        0.1353      0.0001      0.1364      0.1364   1.0e-03    3.0s
    13        0.1349        0.1349      0.0001      0.1363      0.1363   1.0e-03    3.0s
    14        0.1348        0.1348      0.0000      0.1360      0.1360   1.0e-03    2.9s
    15        0.1345        0.1345      0.0001      0.1360      0.1360   1.0e-03    3.1s
    16        0.1344        0.1344      0.0000      0.1357      0.1357   1.0e-03    2.9s
    17        0.1341        0.1341      0.0000      0.1356      0.1355   1.0e-03    2.9s
    18        0.1340        0.1340      0.0000      0.1355      0.1355   1.0e-03    3.1s
    19        0.1338        0.1338      0.0000      0.1354      0.1353   1.0e-03    3.1s
    20        0.1338        0.1338      0.0000      0.1352      0.1352   1.0e-03    3.1s
    21        0.1337        0.1337      0.0001      0.1351      0.1351   1.0e-03    3.1s
    22        0.1335        0.1335      0.0001      0.1351      0.1351   1.0e-03    3.2s
    23        0.1335        0.1335      0.0001      0.1349      0.1349   1.0e-03    3.0s
    24        0.1335        0.1335      0.0002      0.1349      0.1349   1.0e-03    3.2s
    25        0.1334        0.1334      0.0003      0.1348      0.1348   1.0e-03    3.1s
    26        0.1332        0.1331      0.0011      0.1346      0.1344   1.0e-03    3.2s
    27        0.1330        0.1325      0.0050      0.1336      0.1328   1.0e-03    3.1s
    28        0.1326        0.1319      0.0076      0.1333      0.1327   1.0e-03    3.1s
    29        0.1326        0.1318      0.0080      0.1333      0.1323   1.0e-03    3.0s
    30        0.1324        0.1315      0.0090      0.1333      0.1324   1.0e-03    3.0s
    31        0.1323        0.1313      0.0097      0.1330      0.1320   1.0e-03    3.0s
    32        0.1322        0.1311      0.0113      0.1331      0.1321   1.0e-03    3.0s
    33        0.1320        0.1309      0.0119      0.1326      0.1313   1.0e-03    3.2s
    34        0.1318        0.1305      0.0131      0.1325      0.1310   1.0e-03    3.1s
    35        0.1316        0.1302      0.0142      0.1322      0.1306   1.0e-03    3.1s
    36        0.1314        0.1297      0.0167      0.1319      0.1302   1.0e-03    3.0s
    37        0.1312        0.1294      0.0179      0.1320      0.1299   1.0e-03    3.1s
    38        0.1311        0.1293      0.0185      0.1317      0.1299   1.0e-03    3.0s
    39        0.1311        0.1291      0.0195      0.1318      0.1300   1.0e-03    3.2s
    40        0.1309        0.1289      0.0193      0.1315      0.1295   1.0e-03    3.0s
    41        0.1309        0.1289      0.0200      0.1314      0.1294   1.0e-03    3.1s
    42        0.1307        0.1287      0.0199      0.1314      0.1294   1.0e-03    3.0s
    43        0.1307        0.1286      0.0203      0.1314      0.1293   1.0e-03    3.0s
    44        0.1306        0.1286      0.0207      0.1314      0.1292   1.0e-03    3.0s
    45        0.1308        0.1287      0.0206      0.1316      0.1296   1.0e-03    3.0s
    46        0.1306        0.1285      0.0208      0.1314      0.1294   1.0e-03    3.1s
    47        0.1306        0.1284      0.0211      0.1313      0.1291   1.0e-03    3.0s
    48        0.1305        0.1285      0.0205      0.1314      0.1293   1.0e-03    3.0s
    49        0.1304        0.1283      0.0209      0.1313      0.1291   1.0e-03    3.0s
    50        0.1304        0.1283      0.0212      0.1312      0.1292   1.0e-03    3.0s
    51        0.1303        0.1282      0.0217      0.1312      0.1292   1.0e-03    3.1s
    52        0.1303        0.1281      0.0216      0.1312      0.1292   1.0e-03    3.1s
    53        0.1302        0.1281      0.0214      0.1312      0.1289   1.0e-03    3.1s
    54        0.1302        0.1281      0.0212      0.1312      0.1290   1.0e-03    3.0s
    55        0.1301        0.1279      0.0219      0.1314      0.1291   1.0e-03    3.1s
    56        0.1302        0.1280      0.0219      0.1315      0.1294   1.0e-03    2.9s
    57        0.1301        0.1279      0.0219      0.1315      0.1294   1.0e-03    2.9s
    58        0.1301        0.1278      0.0221      0.1313      0.1290   1.0e-03    3.0s
    59        0.1300        0.1278      0.0224      0.1312      0.1290   1.0e-03    3.0s
    60        0.1299        0.1277      0.0220      0.1312      0.1291   5.0e-04    3.1s
    61        0.1297        0.1275      0.0219      0.1310      0.1288   5.0e-04    2.9s
    62        0.1295        0.1273      0.0222      0.1310      0.1287   5.0e-04    3.0s
    63        0.1295        0.1272      0.0229      0.1310      0.1289   5.0e-04    2.9s
    64        0.1296        0.1273      0.0228      0.1310      0.1288   5.0e-04    3.0s
    65        0.1295        0.1272      0.0225      0.1312      0.1289   5.0e-04    2.9s
    66        0.1296        0.1273      0.0226      0.1310      0.1287   5.0e-04    3.0s
    67        0.1294        0.1272      0.0223      0.1310      0.1288   5.0e-04    2.9s
    68        0.1294        0.1271      0.0229      0.1312      0.1289   5.0e-04    2.9s
    69        0.1294        0.1271      0.0228      0.1311      0.1288   5.0e-04    2.9s
    70        0.1294        0.1272      0.0227      0.1312      0.1290   5.0e-04    2.9s
    71        0.1294        0.1271      0.0223      0.1312      0.1287   5.0e-04    3.0s
    72        0.1294        0.1271      0.0229      0.1311      0.1288   5.0e-04    3.0s
    73        0.1293        0.1270      0.0228      0.1312      0.1289   2.5e-04    2.9s
    74        0.1291        0.1268      0.0233      0.1310      0.1287   2.5e-04    3.0s
    75        0.1292        0.1269      0.0229      0.1311      0.1288   2.5e-04    2.8s
    76        0.1290        0.1267      0.0231      0.1311      0.1287   2.5e-04    2.8s
    77        0.1291        0.1268      0.0231      0.1310      0.1288   2.5e-04    3.0s
    78        0.1291        0.1268      0.0233      0.1310      0.1287   2.5e-04    2.9s
    79        0.1290        0.1267      0.0232      0.1311      0.1286   2.5e-04    3.0s
    80        0.1290        0.1267      0.0234      0.1310      0.1287   1.3e-04    3.0s
    81        0.1290        0.1267      0.0232      0.1310      0.1286   1.3e-04    3.0s
    82        0.1290        0.1266      0.0234      0.1310      0.1286   1.3e-04    3.0s
    83        0.1290        0.1267      0.0233      0.1310      0.1287   1.3e-04    3.0s
    84        0.1290        0.1266      0.0234      0.1310      0.1287   1.3e-04    2.9s
    85        0.1289        0.1266      0.0233      0.1310      0.1286   1.3e-04    3.0s
    86        0.1288        0.1265      0.0232      0.1311      0.1288   6.3e-05    2.8s
    87        0.1289        0.1265      0.0233      0.1310      0.1286   6.3e-05    2.7s
    88        0.1289        0.1265      0.0236      0.1310      0.1286   6.3e-05    2.7s
    89        0.1288        0.1265      0.0234      0.1310      0.1287   6.3e-05    2.7s

Early stopping at epoch 89 (no improvement for 15 epochs)

Done. Best val loss: 0.1310
Checkpoints and logs saved to: /project/xuanyao/jiaming/deeplearning/results_papalexi_nobatch/beta0.1_dim32
=== Analyze ===
Device: cpu
Loading data...
  20729 cells, 3725 genes, 34 perturbations
Log1p-normalizing...
  Filtering 1 cells with unknown perturbation.

Loading model from model_best.pt...

[1/4] Computing latent embeddings...
  Silhouette score (perturbation clusters, excl. NTC): -0.2211
Running UMAP (this may take a few minutes)...
UMAP(min_dist=0.3, n_jobs=1, n_neighbors=30, random_state=42, verbose=True)
Sat May 16 15:42:14 2026 Construct fuzzy simplicial set
Sat May 16 15:42:14 2026 Finding Nearest Neighbors
Sat May 16 15:42:14 2026 Building RP forest with 12 trees
Sat May 16 15:42:19 2026 NN descent for 14 iterations
	 1  /  14
	 2  /  14
	Stopping threshold met -- exiting after 2 iterations
Sat May 16 15:42:30 2026 Finished Nearest Neighbor Search
Sat May 16 15:42:34 2026 Construct embedding
	completed  0  /  200 epochs
	completed  20  /  200 epochs
	completed  40  /  200 epochs
	completed  60  /  200 epochs
	completed  80  /  200 epochs
	completed  100  /  200 epochs
	completed  120  /  200 epochs
	completed  140  /  200 epochs
	completed  160  /  200 epochs
	completed  180  /  200 epochs
Sat May 16 15:42:55 2026 Finished embedding
  Saved: /project/xuanyao/jiaming/deeplearning/results_papalexi_nobatch/beta0.1_dim32/figures/umap_latent.png
  Saved covariate UMAPs: umap_n_nonzero.png, umap_n_umis.png, umap_lane.png, umap_bio_rep.png, umap_phase.png, umap_p_mito.png
Running expression-PCA UMAP for covariate verification...
  Saved expression UMAP covariates: umap_expr_n_nonzero.png, umap_expr_n_umis.png, umap_expr_lane.png, umap_expr_bio_rep.png, umap_expr_phase.png, umap_expr_p_mito.png
  Saved: /project/xuanyao/jiaming/deeplearning/results_papalexi_nobatch/beta0.1_dim32/figures/umap_per_perturbation.png

[2/4] Computing perturbation response scores (decode Δ vs NTC avg of 9 guides: ['NTg1', 'NTg10', 'NTg2', 'NTg3', 'NTg4']...)...
  NTg1                 (  303 cells) response range: [-0.084, 0.054] [NTC]
  NTg10                (  235 cells) response range: [-0.096, 0.041] [NTC]
  NTg2                 (  106 cells) response range: [-0.142, 0.088] [NTC]
  NTg3                 (  244 cells) response range: [-0.115, 0.054] [NTC]
  NTg4                 (  431 cells) response range: [-0.093, 0.335] [NTC]
  NTg5                 (  305 cells) response range: [-0.062, 0.039] [NTC]
  NTg7                 (  445 cells) response range: [-0.059, 0.051] [NTC]
  NTg8                 (   56 cells) response range: [-0.165, 0.113] [NTC]
  NTg9                 (  261 cells) response range: [-0.034, 0.041] [NTC]
  tar-ATF2             ( 1102 cells) response range: [-0.049, 0.102]
  tar-BRD4             (  341 cells) response range: [-0.507, 0.306]
  tar-CAV1             (  882 cells) response range: [-0.037, 0.052]
  tar-CD86             ( 1197 cells) response range: [-0.052, 0.084]
  tar-CMTM6            (  817 cells) response range: [-0.090, 0.109]
  tar-CUL3             (  274 cells) response range: [-0.255, 0.361]
  tar-ETV7             (  841 cells) response range: [-0.036, 0.149]
  tar-IFNGR1           ( 1341 cells) response range: [-1.674, 0.516]
  tar-IFNGR2           ( 1213 cells) response range: [-1.733, 0.567]
  tar-IRF1             ( 1073 cells) response range: [-0.931, 0.957]
  tar-IRF7             (  614 cells) response range: [-0.081, 0.146]
  tar-JAK2             ( 1024 cells) response range: [-1.873, 0.599]
  tar-MARCH8           ( 1003 cells) response range: [-0.091, 0.127]
  tar-MYC              (  108 cells) response range: [-0.188, 0.302]
  tar-NFKBIA           (  787 cells) response range: [-0.175, 0.283]
  tar-PDCD1LG2         (  617 cells) response range: [-0.069, 0.042]
  tar-POU2F2           (  662 cells) response range: [-0.127, 0.215]
  tar-SMAD4            (  659 cells) response range: [-1.121, 0.661]
  tar-SPI1             (   48 cells) response range: [-0.285, 0.244]
  tar-STAT1            (  444 cells) response range: [-1.694, 0.640]
  tar-STAT2            (  661 cells) response range: [-0.787, 0.176]
  tar-STAT3            (  493 cells) response range: [-0.066, 0.067]
  tar-STAT5A           (  659 cells) response range: [-0.059, 0.075]
  tar-TNFRSF14         (  964 cells) response range: [-0.042, 0.038]
  tar-UBE2L6           (  518 cells) response range: [-0.076, 0.142]
  NTC null: mean |response| per gene = 0.0052  std across NTC guides = 0.0063
  Saved: /project/xuanyao/jiaming/deeplearning/results_papalexi_nobatch/beta0.1_dim32/response_scores.csv
  Saved: /project/xuanyao/jiaming/deeplearning/results_papalexi_nobatch/beta0.1_dim32/figures/gene_response_heatmap.png
  Saved: /project/xuanyao/jiaming/deeplearning/results_papalexi_nobatch/beta0.1_dim32/figures/effect_size_vs_null.png
  NTC noise floor (mean+2SD): 0.0089
  Saved: /project/xuanyao/jiaming/deeplearning/results_papalexi_nobatch/beta0.1_dim32/figures/top_genes_per_pert.png

[3/4] Clustering perturbations by response vectors...
  Saved: /project/xuanyao/jiaming/deeplearning/results_papalexi_nobatch/beta0.1_dim32/figures/perturbation_clustermap.png

[4/4] Running hallmark pathway enrichment...
  Saved: /project/xuanyao/jiaming/deeplearning/results_papalexi_nobatch/beta0.1_dim32/figures/pathway_enrichment.png

[Bonus] Comparing CVAE response vs naive differential expression...
  Mean Spearman ρ (CVAE vs DE): 0.586
  Mean top-20 gene overlap:     8.9/20
  Saved: /project/xuanyao/jiaming/deeplearning/results_papalexi_nobatch/beta0.1_dim32/cvae_vs_de_comparison.csv

All figures saved to: /project/xuanyao/jiaming/deeplearning/results_papalexi_nobatch/beta0.1_dim32/figures
Done!
Done: beta0.1_dim32
