=== Train: beta=1e-4 latent_dim=32 ===
Device: cpu
Loading data...
  20729 cells, 3725 genes, 35 perturbations
  Filtering 1 cells with unknown perturbation assignment.
  Extra covariates: 17 dims (3 continuous + 14 categorical OHE)
Log1p-normalizing expression data...
  Train: 17635 cells | Val: 3093 cells

Model: 3725 genes | 34 perturbations | latent_dim=32
  Trainable parameters: 9,043,917

Training for up to 100 epochs (early stop patience=15)...

 Epoch   Train Total   Train Recon    Train KL   Val Total   Val Recon        LR    Time
------------------------------------------------------------------------------------------
     1        0.1952        0.1950      1.7078      0.1444      0.1442   1.0e-03    2.9s
     2        0.1482        0.1481      0.9185      0.1425      0.1424   1.0e-03    3.1s
     3        0.1444        0.1443      1.0836      0.1396      0.1395   1.0e-03    3.0s
     4        0.1407        0.1406      1.4057      0.1373      0.1372   1.0e-03    3.0s
     5        0.1378        0.1377      1.5039      0.1339      0.1337   1.0e-03    3.1s
     6        0.1341        0.1339      1.6043      0.1316      0.1315   1.0e-03    3.1s
     7        0.1318        0.1317      1.6861      0.1295      0.1294   1.0e-03    3.0s
     8        0.1288        0.1287      1.7327      0.1275      0.1273   1.0e-03    3.0s
     9        0.1271        0.1269      1.7644      0.1265      0.1263   1.0e-03    3.1s
    10        0.1261        0.1259      1.8350      0.1256      0.1254   1.0e-03    3.1s
    11        0.1252        0.1250      1.8887      0.1246      0.1244   1.0e-03    3.2s
    12        0.1239        0.1237      1.9696      0.1234      0.1232   1.0e-03    3.1s
    13        0.1226        0.1224      1.9963      0.1223      0.1221   1.0e-03    3.0s
    14        0.1215        0.1213      2.0683      0.1209      0.1207   1.0e-03    3.0s
    15        0.1205        0.1203      2.0922      0.1201      0.1199   1.0e-03    3.0s
    16        0.1198        0.1196      2.1454      0.1197      0.1194   1.0e-03    3.0s
    17        0.1192        0.1190      2.1953      0.1190      0.1188   1.0e-03    3.0s
    18        0.1186        0.1184      2.2302      0.1185      0.1183   1.0e-03    3.1s
    19        0.1180        0.1178      2.2479      0.1178      0.1176   1.0e-03    3.0s
    20        0.1176        0.1173      2.2496      0.1173      0.1171   1.0e-03    3.1s
    21        0.1170        0.1168      2.2792      0.1170      0.1168   1.0e-03    3.1s
    22        0.1167        0.1165      2.3014      0.1167      0.1165   1.0e-03    3.1s
    23        0.1164        0.1161      2.3309      0.1164      0.1162   1.0e-03    3.1s
    24        0.1161        0.1158      2.3407      0.1163      0.1160   1.0e-03    3.1s
    25        0.1157        0.1155      2.3724      0.1159      0.1156   1.0e-03    3.1s
    26        0.1155        0.1153      2.3895      0.1158      0.1155   1.0e-03    3.1s
    27        0.1151        0.1149      2.3975      0.1155      0.1152   1.0e-03    3.1s
    28        0.1148        0.1146      2.4159      0.1152      0.1150   1.0e-03    3.1s
    29        0.1147        0.1144      2.4235      0.1150      0.1147   1.0e-03    3.1s
    30        0.1144        0.1141      2.4473      0.1149      0.1147   1.0e-03    3.0s
    31        0.1142        0.1140      2.4394      0.1146      0.1144   1.0e-03    3.1s
    32        0.1139        0.1137      2.4678      0.1145      0.1143   1.0e-03    3.0s
    33        0.1137        0.1134      2.4894      0.1143      0.1141   1.0e-03    3.1s
    34        0.1134        0.1132      2.5007      0.1141      0.1138   1.0e-03    3.1s
    35        0.1133        0.1130      2.5074      0.1140      0.1137   1.0e-03    3.1s
    36        0.1131        0.1128      2.5218      0.1140      0.1137   1.0e-03    3.0s
    37        0.1129        0.1127      2.5422      0.1138      0.1136   1.0e-03    3.0s
    38        0.1127        0.1124      2.5333      0.1136      0.1133   1.0e-03    2.9s
    39        0.1126        0.1123      2.5447      0.1136      0.1134   1.0e-03    3.0s
    40        0.1125        0.1122      2.5561      0.1136      0.1133   1.0e-03    3.0s
    41        0.1122        0.1120      2.5625      0.1134      0.1131   1.0e-03    3.1s
    42        0.1121        0.1119      2.5659      0.1135      0.1132   1.0e-03    3.1s
    43        0.1121        0.1118      2.5677      0.1133      0.1130   1.0e-03    3.1s
    44        0.1120        0.1117      2.5891      0.1133      0.1130   1.0e-03    3.0s
    45        0.1118        0.1115      2.5834      0.1132      0.1130   1.0e-03    3.1s
    46        0.1116        0.1114      2.5813      0.1131      0.1129   1.0e-03    3.1s
    47        0.1116        0.1113      2.6156      0.1131      0.1128   1.0e-03    3.0s
    48        0.1115        0.1112      2.5905      0.1130      0.1128   1.0e-03    3.0s
    49        0.1113        0.1111      2.6010      0.1130      0.1127   1.0e-03    3.1s
    50        0.1112        0.1110      2.5968      0.1129      0.1127   1.0e-03    3.0s
    51        0.1111        0.1108      2.6107      0.1129      0.1127   1.0e-03    3.0s
    52        0.1110        0.1107      2.6209      0.1128      0.1126   1.0e-03    3.1s
    53        0.1109        0.1106      2.6183      0.1129      0.1126   1.0e-03    3.0s
    54        0.1108        0.1106      2.6197      0.1127      0.1125   1.0e-03    3.0s
    55        0.1107        0.1104      2.6271      0.1128      0.1126   1.0e-03    3.1s
    56        0.1108        0.1105      2.6240      0.1128      0.1125   1.0e-03    3.0s
    57        0.1107        0.1104      2.6354      0.1127      0.1124   1.0e-03    3.1s
    58        0.1105        0.1102      2.6217      0.1126      0.1123   1.0e-03    3.0s
    59        0.1103        0.1101      2.6312      0.1125      0.1123   1.0e-03    3.0s
    60        0.1102        0.1100      2.6405      0.1125      0.1123   1.0e-03    3.1s
    61        0.1102        0.1099      2.6619      0.1125      0.1123   1.0e-03    3.1s
    62        0.1101        0.1099      2.6406      0.1127      0.1124   1.0e-03    3.1s
    63        0.1101        0.1098      2.6445      0.1125      0.1123   1.0e-03    3.1s
    64        0.1100        0.1097      2.6478      0.1125      0.1123   1.0e-03    2.9s
    65        0.1099        0.1096      2.6519      0.1125      0.1122   5.0e-04    2.9s
    66        0.1094        0.1091      2.6463      0.1123      0.1120   5.0e-04    3.0s
    67        0.1094        0.1091      2.6630      0.1122      0.1120   5.0e-04    3.0s
    68        0.1094        0.1091      2.6589      0.1123      0.1120   5.0e-04    3.0s
    69        0.1092        0.1089      2.6465      0.1122      0.1120   5.0e-04    3.0s
    70        0.1092        0.1089      2.6564      0.1123      0.1120   5.0e-04    3.1s
    71        0.1091        0.1088      2.6549      0.1124      0.1121   5.0e-04    3.1s
    72        0.1090        0.1088      2.6641      0.1122      0.1119   5.0e-04    2.9s
    73        0.1090        0.1088      2.6621      0.1123      0.1120   5.0e-04    3.0s
    74        0.1090        0.1087      2.6656      0.1122      0.1120   5.0e-04    3.0s
    75        0.1089        0.1086      2.6547      0.1122      0.1120   5.0e-04    3.1s
    76        0.1089        0.1086      2.6611      0.1122      0.1119   5.0e-04    3.0s
    77        0.1089        0.1086      2.6577      0.1122      0.1119   5.0e-04    2.9s
    78        0.1089        0.1086      2.6571      0.1122      0.1120   5.0e-04    3.1s
    79        0.1089        0.1086      2.6654      0.1122      0.1119   5.0e-04    3.1s
    80        0.1089        0.1086      2.6615      0.1122      0.1119   5.0e-04    3.1s
    81        0.1087        0.1085      2.6627      0.1122      0.1120   5.0e-04    3.0s
    82        0.1087        0.1085      2.6653      0.1122      0.1120   2.5e-04    3.0s
    83        0.1084        0.1081      2.6765      0.1121      0.1118   2.5e-04    3.0s
    84        0.1083        0.1081      2.6808      0.1122      0.1119   2.5e-04    3.0s
    85        0.1084        0.1081      2.6861      0.1121      0.1119   2.5e-04    3.0s
    86        0.1083        0.1080      2.6908      0.1121      0.1118   2.5e-04    2.9s
    87        0.1083        0.1080      2.6924      0.1121      0.1119   2.5e-04    3.0s
    88        0.1082        0.1080      2.6843      0.1121      0.1118   2.5e-04    3.0s
    89        0.1082        0.1079      2.6797      0.1121      0.1118   2.5e-04    3.0s
    90        0.1082        0.1079      2.6788      0.1121      0.1118   2.5e-04    3.1s
    91        0.1082        0.1079      2.6760      0.1120      0.1117   2.5e-04    3.0s
    92        0.1081        0.1078      2.6748      0.1121      0.1118   2.5e-04    3.0s
    93        0.1082        0.1079      2.6793      0.1120      0.1118   2.5e-04    3.0s
    94        0.1081        0.1078      2.6851      0.1120      0.1118   2.5e-04    3.0s
    95        0.1081        0.1078      2.6999      0.1120      0.1118   2.5e-04    3.1s
    96        0.1081        0.1078      2.6943      0.1121      0.1118   2.5e-04    3.0s
    97        0.1080        0.1078      2.6921      0.1121      0.1118   1.3e-04    3.0s
    98        0.1079        0.1076      2.6859      0.1120      0.1117   1.3e-04    3.0s
    99        0.1079        0.1076      2.6897      0.1120      0.1117   1.3e-04    3.0s
   100        0.1078        0.1075      2.6828      0.1120      0.1118   1.3e-04    3.0s

Done. Best val loss: 0.1120
Checkpoints and logs saved to: /project/xuanyao/jiaming/deeplearning/results_papalexi/beta1e-4_dim32
=== Analyze ===
Device: cpu
Loading data...
  20729 cells, 3725 genes, 34 perturbations
Log1p-normalizing...
  Filtering 1 cells with unknown perturbation.

Loading model from model_best.pt...

[1/4] Computing latent embeddings...
  Silhouette score (perturbation clusters, excl. NTC): -0.0370
Running UMAP (this may take a few minutes)...
UMAP(min_dist=0.3, n_jobs=1, n_neighbors=30, random_state=42, verbose=True)
Sat May 16 15:18:07 2026 Construct fuzzy simplicial set
Sat May 16 15:18:07 2026 Finding Nearest Neighbors
Sat May 16 15:18:07 2026 Building RP forest with 12 trees
Sat May 16 15:18:12 2026 NN descent for 14 iterations
	 1  /  14
	 2  /  14
	 3  /  14
	Stopping threshold met -- exiting after 3 iterations
Sat May 16 15:18:25 2026 Finished Nearest Neighbor Search
Sat May 16 15:18:30 2026 Construct embedding
	completed  0  /  200 epochs
	completed  20  /  200 epochs
	completed  40  /  200 epochs
	completed  60  /  200 epochs
	completed  80  /  200 epochs
	completed  100  /  200 epochs
	completed  120  /  200 epochs
	completed  140  /  200 epochs
	completed  160  /  200 epochs
	completed  180  /  200 epochs
Sat May 16 15:18:57 2026 Finished embedding
  Saved: /project/xuanyao/jiaming/deeplearning/results_papalexi/beta1e-4_dim32/figures/umap_latent.png
  Saved covariate UMAPs: umap_n_nonzero.png, umap_n_umis.png, umap_lane.png, umap_bio_rep.png, umap_phase.png, umap_p_mito.png
Running expression-PCA UMAP for covariate verification...
  Saved expression UMAP covariates: umap_expr_n_nonzero.png, umap_expr_n_umis.png, umap_expr_lane.png, umap_expr_bio_rep.png, umap_expr_phase.png, umap_expr_p_mito.png
  Saved: /project/xuanyao/jiaming/deeplearning/results_papalexi/beta1e-4_dim32/figures/umap_per_perturbation.png

[2/4] Computing perturbation response scores (decode Δ vs NTC avg of 9 guides: ['NTg1', 'NTg10', 'NTg2', 'NTg3', 'NTg4']...)...
  NTg1                 (  303 cells) response range: [-0.048, 0.033] [NTC]
  NTg10                (  235 cells) response range: [-0.030, 0.042] [NTC]
  NTg2                 (  106 cells) response range: [-0.065, 0.036] [NTC]
  NTg3                 (  244 cells) response range: [-0.032, 0.045] [NTC]
  NTg4                 (  431 cells) response range: [-0.021, 0.054] [NTC]
  NTg5                 (  305 cells) response range: [-0.084, 0.065] [NTC]
  NTg7                 (  445 cells) response range: [-0.038, 0.029] [NTC]
  NTg8                 (   56 cells) response range: [-0.050, 0.033] [NTC]
  NTg9                 (  261 cells) response range: [-0.040, 0.025] [NTC]
  tar-ATF2             ( 1102 cells) response range: [-0.020, 0.029]
  tar-BRD4             (  341 cells) response range: [-0.183, 0.165]
  tar-CAV1             (  882 cells) response range: [-0.033, 0.030]
  tar-CD86             ( 1197 cells) response range: [-0.026, 0.028]
  tar-CMTM6            (  817 cells) response range: [-0.024, 0.045]
  tar-CUL3             (  274 cells) response range: [-0.090, 0.121]
  tar-ETV7             (  841 cells) response range: [-0.025, 0.029]
  tar-IFNGR1           ( 1341 cells) response range: [-0.605, 0.216]
  tar-IFNGR2           ( 1213 cells) response range: [-0.620, 0.219]
  tar-IRF1             ( 1073 cells) response range: [-0.767, 0.401]
  tar-IRF7             (  614 cells) response range: [-0.026, 0.045]
  tar-JAK2             ( 1024 cells) response range: [-0.669, 0.246]
  tar-MARCH8           ( 1003 cells) response range: [-0.021, 0.028]
  tar-MYC              (  108 cells) response range: [-0.106, 0.062]
  tar-NFKBIA           (  787 cells) response range: [-0.056, 0.049]
  tar-PDCD1LG2         (  617 cells) response range: [-0.036, 0.020]
  tar-POU2F2           (  662 cells) response range: [-0.068, 0.036]
  tar-SMAD4            (  659 cells) response range: [-0.545, 0.358]
  tar-SPI1             (   48 cells) response range: [-0.147, 0.117]
  tar-STAT1            (  444 cells) response range: [-0.575, 0.193]
  tar-STAT2            (  661 cells) response range: [-0.416, 0.077]
  tar-STAT3            (  493 cells) response range: [-0.026, 0.042]
  tar-STAT5A           (  659 cells) response range: [-0.061, 0.023]
  tar-TNFRSF14         (  964 cells) response range: [-0.043, 0.045]
  tar-UBE2L6           (  518 cells) response range: [-0.036, 0.041]
  NTC null: mean |response| per gene = 0.0025  std across NTC guides = 0.0030
  Saved: /project/xuanyao/jiaming/deeplearning/results_papalexi/beta1e-4_dim32/response_scores.csv
  Saved: /project/xuanyao/jiaming/deeplearning/results_papalexi/beta1e-4_dim32/figures/gene_response_heatmap.png
  Saved: /project/xuanyao/jiaming/deeplearning/results_papalexi/beta1e-4_dim32/figures/effect_size_vs_null.png
  NTC noise floor (mean+2SD): 0.0035
  Saved: /project/xuanyao/jiaming/deeplearning/results_papalexi/beta1e-4_dim32/figures/top_genes_per_pert.png

[3/4] Clustering perturbations by response vectors...
  Saved: /project/xuanyao/jiaming/deeplearning/results_papalexi/beta1e-4_dim32/figures/perturbation_clustermap.png

[4/4] Running hallmark pathway enrichment...
  Saved: /project/xuanyao/jiaming/deeplearning/results_papalexi/beta1e-4_dim32/figures/pathway_enrichment.png

[Bonus] Comparing CVAE response vs naive differential expression...
  Mean Spearman ρ (CVAE vs DE): 0.551
  Mean top-20 gene overlap:     6.6/20
  Saved: /project/xuanyao/jiaming/deeplearning/results_papalexi/beta1e-4_dim32/cvae_vs_de_comparison.csv

All figures saved to: /project/xuanyao/jiaming/deeplearning/results_papalexi/beta1e-4_dim32/figures
Done!
Done: beta1e-4_dim32
