=== Train: beta=1.0 latent_dim=128 (no perturbation) ===
Device: cpu
Loading data...
  20729 cells, 3725 genes, 35 perturbations
  Filtering 1 cells with unknown perturbation assignment.
  Extra covariates: 17 dims (3 continuous + 14 categorical OHE)
Log1p-normalizing expression data...
  Train: 17635 cells | Val: 3093 cells

Model: 3725 genes | 34 perturbations | latent_dim=128
  Trainable parameters: 9,117,837

Training for up to 100 epochs (early stop patience=15)...

 Epoch   Train Total   Train Recon    Train KL   Val Total   Val Recon        LR    Time
------------------------------------------------------------------------------------------
     1        0.2183        0.1995      0.0187      0.1448      0.1446   1.0e-03    2.8s
     2        0.1536        0.1492      0.0044      0.1437      0.1437   1.0e-03    2.9s
     3        0.1494        0.1465      0.0029      0.1443      0.1443   1.0e-03    3.0s
     4        0.1465        0.1446      0.0019      0.1436      0.1436   1.0e-03    3.0s
     5        0.1442        0.1432      0.0010      0.1424      0.1423   1.0e-03    3.0s
     6        0.1413        0.1409      0.0004      0.1427      0.1427   1.0e-03    3.0s
     7        0.1394        0.1393      0.0001      0.1419      0.1418   1.0e-03    3.0s
     8        0.1387        0.1386      0.0000      0.1408      0.1408   1.0e-03    3.1s
     9        0.1381        0.1380      0.0000      0.1403      0.1403   1.0e-03    3.1s
    10        0.1375        0.1375      0.0000      0.1395      0.1395   1.0e-03    3.0s
    11        0.1370        0.1369      0.0000      0.1387      0.1387   1.0e-03    3.1s
    12        0.1363        0.1363      0.0000      0.1380      0.1380   1.0e-03    3.0s
    13        0.1358        0.1358      0.0000      0.1376      0.1376   1.0e-03    3.0s
    14        0.1356        0.1355      0.0000      0.1371      0.1371   1.0e-03    3.1s
    15        0.1352        0.1352      0.0000      0.1367      0.1367   1.0e-03    3.1s
    16        0.1350        0.1350      0.0000      0.1368      0.1368   1.0e-03    3.1s
    17        0.1349        0.1348      0.0000      0.1365      0.1365   1.0e-03    3.1s
    18        0.1348        0.1347      0.0000      0.1363      0.1362   1.0e-03    3.0s
    19        0.1345        0.1345      0.0000      0.1363      0.1363   1.0e-03    3.1s
    20        0.1344        0.1344      0.0000      0.1361      0.1361   1.0e-03    3.1s
    21        0.1342        0.1342      0.0000      0.1360      0.1360   1.0e-03    3.1s
    22        0.1342        0.1341      0.0000      0.1359      0.1359   1.0e-03    3.2s
    23        0.1341        0.1341      0.0000      0.1358      0.1358   1.0e-03    3.1s
    24        0.1341        0.1340      0.0000      0.1356      0.1356   1.0e-03    3.1s
    25        0.1339        0.1339      0.0000      0.1358      0.1358   1.0e-03    3.1s
    26        0.1339        0.1339      0.0000      0.1357      0.1357   1.0e-03    3.0s
    27        0.1339        0.1339      0.0000      0.1355      0.1354   1.0e-03    3.1s
    28        0.1338        0.1338      0.0000      0.1352      0.1352   1.0e-03    3.1s
    29        0.1337        0.1337      0.0000      0.1355      0.1355   1.0e-03    3.1s
    30        0.1337        0.1337      0.0000      0.1354      0.1354   1.0e-03    3.1s
    31        0.1337        0.1337      0.0000      0.1354      0.1354   1.0e-03    3.1s
    32        0.1336        0.1336      0.0000      0.1351      0.1351   1.0e-03    3.1s
    33        0.1336        0.1336      0.0000      0.1353      0.1353   1.0e-03    3.1s
    34        0.1336        0.1336      0.0000      0.1351      0.1351   1.0e-03    3.1s
    35        0.1335        0.1335      0.0000      0.1351      0.1351   1.0e-03    3.1s
    36        0.1334        0.1334      0.0000      0.1351      0.1351   1.0e-03    3.1s
    37        0.1334        0.1334      0.0000      0.1352      0.1352   1.0e-03    3.1s
    38        0.1333        0.1333      0.0000      0.1351      0.1351   1.0e-03    3.1s
    39        0.1333        0.1333      0.0000      0.1352      0.1352   1.0e-03    3.1s
    40        0.1332        0.1332      0.0000      0.1350      0.1350   1.0e-03    3.2s
    41        0.1332        0.1332      0.0000      0.1353      0.1353   1.0e-03    3.2s
    42        0.1333        0.1333      0.0000      0.1350      0.1350   1.0e-03    3.1s
    43        0.1332        0.1332      0.0000      0.1351      0.1351   1.0e-03    3.2s
    44        0.1332        0.1332      0.0000      0.1349      0.1349   1.0e-03    3.1s
    45        0.1331        0.1331      0.0000      0.1351      0.1351   1.0e-03    3.1s
    46        0.1331        0.1331      0.0000      0.1349      0.1349   1.0e-03    3.0s
    47        0.1330        0.1330      0.0000      0.1351      0.1351   1.0e-03    3.1s
    48        0.1332        0.1332      0.0000      0.1348      0.1348   1.0e-03    3.1s
    49        0.1330        0.1330      0.0000      0.1349      0.1349   1.0e-03    3.0s
    50        0.1330        0.1330      0.0000      0.1349      0.1349   5.0e-04    3.0s
    51        0.1327        0.1327      0.0000      0.1348      0.1348   5.0e-04    3.1s
    52        0.1328        0.1328      0.0000      0.1347      0.1347   5.0e-04    3.1s
    53        0.1328        0.1328      0.0000      0.1348      0.1348   5.0e-04    3.2s
    54        0.1327        0.1327      0.0000      0.1348      0.1348   5.0e-04    3.0s
    55        0.1327        0.1327      0.0000      0.1348      0.1348   5.0e-04    3.1s
    56        0.1327        0.1327      0.0000      0.1348      0.1348   5.0e-04    3.0s
    57        0.1326        0.1326      0.0000      0.1347      0.1347   5.0e-04    3.0s
    58        0.1327        0.1327      0.0000      0.1348      0.1348   5.0e-04    3.0s
    59        0.1326        0.1326      0.0000      0.1349      0.1349   5.0e-04    3.0s
    60        0.1326        0.1326      0.0000      0.1347      0.1347   5.0e-04    3.0s
    61        0.1326        0.1326      0.0000      0.1347      0.1347   5.0e-04    3.1s
    62        0.1326        0.1326      0.0000      0.1348      0.1348   5.0e-04    3.1s
    63        0.1326        0.1326      0.0000      0.1348      0.1348   5.0e-04    3.1s
    64        0.1325        0.1325      0.0000      0.1347      0.1347   5.0e-04    3.0s
    65        0.1325        0.1325      0.0000      0.1347      0.1347   5.0e-04    3.2s
    66        0.1325        0.1325      0.0000      0.1348      0.1348   5.0e-04    3.1s
    67        0.1325        0.1325      0.0000      0.1347      0.1347   2.5e-04    3.0s
    68        0.1324        0.1324      0.0000      0.1347      0.1347   2.5e-04    3.1s
    69        0.1324        0.1324      0.0000      0.1347      0.1347   2.5e-04    3.1s
    70        0.1323        0.1323      0.0000      0.1347      0.1347   2.5e-04    3.0s
    71        0.1323        0.1323      0.0000      0.1348      0.1348   2.5e-04    3.1s
    72        0.1324        0.1324      0.0000      0.1347      0.1347   2.5e-04    3.1s
    73        0.1324        0.1324      0.0000      0.1347      0.1347   1.3e-04    3.1s
    74        0.1323        0.1323      0.0000      0.1347      0.1347   1.3e-04    3.1s
    75        0.1322        0.1322      0.0000      0.1347      0.1347   1.3e-04    3.0s
    76        0.1323        0.1323      0.0000      0.1347      0.1347   1.3e-04    3.0s
    77        0.1322        0.1322      0.0000      0.1347      0.1347   1.3e-04    3.0s
    78        0.1322        0.1322      0.0000      0.1347      0.1347   1.3e-04    3.0s
    79        0.1323        0.1323      0.0000      0.1347      0.1347   6.3e-05    3.0s
    80        0.1322        0.1322      0.0000      0.1347      0.1347   6.3e-05    2.9s
    81        0.1322        0.1322      0.0000      0.1347      0.1347   6.3e-05    2.8s
    82        0.1322        0.1322      0.0000      0.1347      0.1347   6.3e-05    2.8s
    83        0.1322        0.1322      0.0000      0.1347      0.1347   6.3e-05    2.9s
    84        0.1322        0.1322      0.0000      0.1347      0.1347   6.3e-05    2.8s
    85        0.1321        0.1321      0.0000      0.1347      0.1347   6.3e-05    2.9s
    86        0.1321        0.1321      0.0000      0.1347      0.1347   6.3e-05    2.8s
    87        0.1321        0.1321      0.0000      0.1347      0.1347   3.1e-05    2.8s
    88        0.1321        0.1321      0.0000      0.1347      0.1347   3.1e-05    2.9s
    89        0.1323        0.1323      0.0000      0.1347      0.1347   3.1e-05    2.8s
    90        0.1321        0.1321      0.0000      0.1347      0.1347   3.1e-05    2.7s
    91        0.1322        0.1322      0.0000      0.1347      0.1347   3.1e-05    2.7s
    92        0.1321        0.1321      0.0000      0.1347      0.1347   3.1e-05    2.7s
    93        0.1322        0.1322      0.0000      0.1347      0.1347   1.6e-05    2.7s
    94        0.1321        0.1321      0.0000      0.1347      0.1347   1.6e-05    2.7s
    95        0.1321        0.1321      0.0000      0.1347      0.1347   1.6e-05    2.7s
    96        0.1321        0.1321      0.0000      0.1347      0.1347   1.6e-05    2.7s
    97        0.1321        0.1321      0.0000      0.1347      0.1347   1.6e-05    2.7s
    98        0.1322        0.1322      0.0000      0.1347      0.1347   1.6e-05    2.7s
    99        0.1321        0.1321      0.0000      0.1347      0.1347   7.8e-06    2.7s
   100        0.1321        0.1321      0.0000      0.1347      0.1347   7.8e-06    2.6s

Done. Best val loss: 0.1347
Checkpoints and logs saved to: /project/xuanyao/jiaming/deeplearning/results_papalexi_no_pert/beta1.0_dim128
=== Analyze ===
Device: cpu
Loading data...
  20729 cells, 3725 genes, 34 perturbations
Log1p-normalizing...
  Filtering 1 cells with unknown perturbation.

Loading model from model_best.pt...

[1/4] Computing latent embeddings...
  Silhouette score (perturbation clusters, excl. NTC): -0.1462
Running UMAP (this may take a few minutes)...
UMAP(min_dist=0.3, n_jobs=1, n_neighbors=30, random_state=42, verbose=True)
Sat May 16 18:33:25 2026 Construct fuzzy simplicial set
Sat May 16 18:33:25 2026 Finding Nearest Neighbors
Sat May 16 18:33:25 2026 Building RP forest with 12 trees
Sat May 16 18:33:30 2026 NN descent for 14 iterations
	 1  /  14
	 2  /  14
	 3  /  14
	Stopping threshold met -- exiting after 3 iterations
Sat May 16 18:33:41 2026 Finished Nearest Neighbor Search
Sat May 16 18:33:45 2026 Construct embedding
	completed  0  /  200 epochs
	completed  20  /  200 epochs
	completed  40  /  200 epochs
	completed  60  /  200 epochs
	completed  80  /  200 epochs
	completed  100  /  200 epochs
	completed  120  /  200 epochs
	completed  140  /  200 epochs
	completed  160  /  200 epochs
	completed  180  /  200 epochs
Sat May 16 18:34:05 2026 Finished embedding
  Saved: /project/xuanyao/jiaming/deeplearning/results_papalexi_no_pert/beta1.0_dim128/figures/umap_latent.png
  Saved covariate UMAPs: umap_n_nonzero.png, umap_n_umis.png, umap_lane.png, umap_bio_rep.png, umap_phase.png, umap_p_mito.png
Running expression-PCA UMAP for covariate verification...
  Saved expression UMAP covariates: umap_expr_n_nonzero.png, umap_expr_n_umis.png, umap_expr_lane.png, umap_expr_bio_rep.png, umap_expr_phase.png, umap_expr_p_mito.png
  Saved: /project/xuanyao/jiaming/deeplearning/results_papalexi_no_pert/beta1.0_dim128/figures/umap_per_perturbation.png

[2/4] Computing perturbation response scores (decode Δ vs NTC avg of 9 guides: ['NTg1', 'NTg10', 'NTg2', 'NTg3', 'NTg4']...)...
  NTg1                 (  303 cells) response range: [-0.007, 0.009] [NTC]
  NTg10                (  235 cells) response range: [-0.007, 0.014] [NTC]
  NTg2                 (  106 cells) response range: [-0.026, 0.028] [NTC]
  NTg3                 (  244 cells) response range: [-0.007, 0.008] [NTC]
  NTg4                 (  431 cells) response range: [-0.004, 0.009] [NTC]
  NTg5                 (  305 cells) response range: [-0.004, 0.009] [NTC]
  NTg7                 (  445 cells) response range: [-0.016, 0.008] [NTC]
  NTg8                 (   56 cells) response range: [-0.014, 0.006] [NTC]
  NTg9                 (  261 cells) response range: [-0.018, 0.010] [NTC]
  tar-ATF2             ( 1102 cells) response range: [-0.009, 0.005]
  tar-BRD4             (  341 cells) response range: [-0.011, 0.012]
  tar-CAV1             (  882 cells) response range: [-0.020, 0.027]
  tar-CD86             ( 1197 cells) response range: [-0.029, 0.023]
  tar-CMTM6            (  817 cells) response range: [-0.012, 0.012]
  tar-CUL3             (  274 cells) response range: [-0.020, 0.030]
  tar-ETV7             (  841 cells) response range: [-0.014, 0.007]
  tar-IFNGR1           ( 1341 cells) response range: [-0.007, 0.022]
  tar-IFNGR2           ( 1213 cells) response range: [-0.037, 0.054]
  tar-IRF1             ( 1073 cells) response range: [-0.024, 0.016]
  tar-IRF7             (  614 cells) response range: [-0.016, 0.008]
  tar-JAK2             ( 1024 cells) response range: [-0.012, 0.020]
  tar-MARCH8           ( 1003 cells) response range: [-0.027, 0.018]
  tar-MYC              (  108 cells) response range: [-0.022, 0.037]
  tar-NFKBIA           (  787 cells) response range: [-0.023, 0.029]
  tar-PDCD1LG2         (  617 cells) response range: [-0.004, 0.005]
  tar-POU2F2           (  662 cells) response range: [-0.016, 0.028]
  tar-SMAD4            (  659 cells) response range: [-0.029, 0.051]
  tar-SPI1             (   48 cells) response range: [-0.029, 0.043]
  tar-STAT1            (  444 cells) response range: [-0.009, 0.007]
  tar-STAT2            (  661 cells) response range: [-0.022, 0.035]
  tar-STAT3            (  493 cells) response range: [-0.009, 0.010]
  tar-STAT5A           (  659 cells) response range: [-0.014, 0.023]
  tar-TNFRSF14         (  964 cells) response range: [-0.008, 0.013]
  tar-UBE2L6           (  518 cells) response range: [-0.016, 0.019]
  NTC null: mean |response| per gene = 0.0008  std across NTC guides = 0.0011
  Saved: /project/xuanyao/jiaming/deeplearning/results_papalexi_no_pert/beta1.0_dim128/response_scores.csv
  Saved: /project/xuanyao/jiaming/deeplearning/results_papalexi_no_pert/beta1.0_dim128/figures/gene_response_heatmap.png
  Saved: /project/xuanyao/jiaming/deeplearning/results_papalexi_no_pert/beta1.0_dim128/figures/effect_size_vs_null.png
  NTC noise floor (mean+2SD): 0.0015
  Saved: /project/xuanyao/jiaming/deeplearning/results_papalexi_no_pert/beta1.0_dim128/figures/top_genes_per_pert.png

[3/4] Clustering perturbations by response vectors...
  Saved: /project/xuanyao/jiaming/deeplearning/results_papalexi_no_pert/beta1.0_dim128/figures/perturbation_clustermap.png

[4/4] Running hallmark pathway enrichment...
  Saved: /project/xuanyao/jiaming/deeplearning/results_papalexi_no_pert/beta1.0_dim128/figures/pathway_enrichment.png

[Bonus] Comparing CVAE response vs naive differential expression...
  Mean Spearman ρ (CVAE vs DE): 0.486
  Mean top-20 gene overlap:     2.5/20
  Saved: /project/xuanyao/jiaming/deeplearning/results_papalexi_no_pert/beta1.0_dim128/cvae_vs_de_comparison.csv

All figures saved to: /project/xuanyao/jiaming/deeplearning/results_papalexi_no_pert/beta1.0_dim128/figures
Done!
Done: beta1.0_dim128
