=== Train: beta=1.0 latent_dim=256 ===
Device: cpu
Loading data...
  20729 cells, 3725 genes, 35 perturbations
  Filtering 1 cells with unknown perturbation assignment.
  Extra covariates: 17 dims (3 continuous + 14 categorical OHE)
Log1p-normalizing expression data...
  Train: 17635 cells | Val: 3093 cells

Model: 3725 genes | 34 perturbations | latent_dim=256
  Trainable parameters: 9,216,397

Training for up to 100 epochs (early stop patience=15)...

 Epoch   Train Total   Train Recon    Train KL   Val Total   Val Recon        LR    Time
------------------------------------------------------------------------------------------
     1        0.2181        0.1988      0.0193      0.1450      0.1447   1.0e-03    3.0s
     2        0.1535        0.1493      0.0042      0.1436      0.1435   1.0e-03    3.1s
     3        0.1496        0.1469      0.0027      0.1445      0.1445   1.0e-03    3.1s
     4        0.1466        0.1449      0.0017      0.1446      0.1446   1.0e-03    3.2s
     5        0.1447        0.1437      0.0009      0.1438      0.1438   1.0e-03    3.1s
     6        0.1427        0.1423      0.0004      0.1421      0.1421   1.0e-03    3.1s
     7        0.1399        0.1397      0.0002      0.1420      0.1419   1.0e-03    3.1s
     8        0.1384        0.1383      0.0001      0.1404      0.1404   1.0e-03    3.1s
     9        0.1375        0.1375      0.0001      0.1405      0.1405   1.0e-03    3.1s
    10        0.1369        0.1368      0.0000      0.1394      0.1394   1.0e-03    3.0s
    11        0.1363        0.1363      0.0000      0.1389      0.1389   1.0e-03    3.1s
    12        0.1357        0.1357      0.0000      0.1380      0.1380   1.0e-03    3.1s
    13        0.1350        0.1350      0.0000      0.1373      0.1373   1.0e-03    3.1s
    14        0.1345        0.1345      0.0000      0.1363      0.1363   1.0e-03    3.2s
    15        0.1341        0.1341      0.0000      0.1358      0.1358   1.0e-03    3.1s
    16        0.1338        0.1337      0.0000      0.1356      0.1356   1.0e-03    3.2s
    17        0.1335        0.1335      0.0000      0.1353      0.1353   1.0e-03    3.2s
    18        0.1334        0.1333      0.0000      0.1350      0.1350   1.0e-03    3.1s
    19        0.1331        0.1331      0.0000      0.1348      0.1348   1.0e-03    3.3s
    20        0.1329        0.1329      0.0000      0.1346      0.1346   1.0e-03    3.2s
    21        0.1327        0.1327      0.0000      0.1345      0.1345   1.0e-03    3.4s
    22        0.1326        0.1325      0.0000      0.1344      0.1344   1.0e-03    3.3s
    23        0.1324        0.1324      0.0000      0.1342      0.1342   1.0e-03    3.4s
    24        0.1323        0.1323      0.0000      0.1344      0.1343   1.0e-03    3.2s
    25        0.1322        0.1322      0.0000      0.1341      0.1341   1.0e-03    3.1s
    26        0.1321        0.1321      0.0000      0.1339      0.1339   1.0e-03    3.3s
    27        0.1320        0.1320      0.0000      0.1340      0.1340   1.0e-03    3.2s
    28        0.1320        0.1320      0.0000      0.1338      0.1338   1.0e-03    3.3s
    29        0.1319        0.1319      0.0000      0.1339      0.1339   1.0e-03    3.2s
    30        0.1318        0.1318      0.0000      0.1336      0.1336   1.0e-03    3.2s
    31        0.1318        0.1318      0.0000      0.1335      0.1335   1.0e-03    3.2s
    32        0.1317        0.1316      0.0000      0.1336      0.1336   1.0e-03    3.2s
    33        0.1316        0.1316      0.0000      0.1336      0.1336   1.0e-03    3.2s
    34        0.1315        0.1314      0.0000      0.1335      0.1335   1.0e-03    3.2s
    35        0.1314        0.1314      0.0000      0.1332      0.1332   1.0e-03    3.3s
    36        0.1314        0.1314      0.0000      0.1333      0.1333   1.0e-03    3.2s
    37        0.1312        0.1312      0.0000      0.1335      0.1335   1.0e-03    3.2s
    38        0.1312        0.1312      0.0000      0.1333      0.1333   1.0e-03    3.2s
    39        0.1313        0.1313      0.0000      0.1333      0.1333   1.0e-03    3.2s
    40        0.1312        0.1312      0.0000      0.1332      0.1332   1.0e-03    3.2s
    41        0.1311        0.1311      0.0000      0.1331      0.1331   1.0e-03    3.2s
    42        0.1310        0.1310      0.0000      0.1330      0.1330   1.0e-03    3.3s
    43        0.1310        0.1310      0.0000      0.1331      0.1331   1.0e-03    3.3s
    44        0.1308        0.1308      0.0000      0.1330      0.1330   1.0e-03    3.2s
    45        0.1309        0.1309      0.0000      0.1329      0.1329   1.0e-03    3.2s
    46        0.1308        0.1308      0.0000      0.1330      0.1330   1.0e-03    3.2s
    47        0.1308        0.1308      0.0000      0.1330      0.1330   1.0e-03    3.3s
    48        0.1307        0.1307      0.0000      0.1329      0.1329   1.0e-03    3.2s
    49        0.1307        0.1306      0.0000      0.1329      0.1329   1.0e-03    3.2s
    50        0.1306        0.1306      0.0000      0.1329      0.1329   1.0e-03    3.3s
    51        0.1306        0.1306      0.0000      0.1330      0.1330   5.0e-04    3.3s
    52        0.1302        0.1302      0.0000      0.1329      0.1329   5.0e-04    3.1s
    53        0.1304        0.1304      0.0000      0.1328      0.1328   5.0e-04    3.2s
    54        0.1303        0.1303      0.0000      0.1328      0.1328   5.0e-04    3.2s
    55        0.1302        0.1302      0.0000      0.1327      0.1327   5.0e-04    3.3s
    56        0.1302        0.1302      0.0000      0.1328      0.1328   5.0e-04    3.1s
    57        0.1302        0.1302      0.0000      0.1328      0.1328   5.0e-04    3.2s
    58        0.1302        0.1302      0.0000      0.1328      0.1328   5.0e-04    3.1s
    59        0.1302        0.1302      0.0000      0.1328      0.1328   5.0e-04    3.2s
    60        0.1301        0.1301      0.0000      0.1327      0.1327   5.0e-04    3.1s
    61        0.1300        0.1300      0.0000      0.1328      0.1328   5.0e-04    3.2s
    62        0.1301        0.1301      0.0000      0.1328      0.1328   5.0e-04    3.2s
    63        0.1301        0.1301      0.0000      0.1328      0.1328   5.0e-04    3.2s
    64        0.1300        0.1300      0.0000      0.1328      0.1328   5.0e-04    3.2s
    65        0.1301        0.1301      0.0000      0.1327      0.1327   5.0e-04    3.2s
    66        0.1299        0.1299      0.0000      0.1327      0.1327   5.0e-04    3.2s
    67        0.1300        0.1300      0.0000      0.1327      0.1327   5.0e-04    3.2s
    68        0.1300        0.1300      0.0000      0.1327      0.1327   5.0e-04    3.2s
    69        0.1299        0.1299      0.0000      0.1327      0.1327   5.0e-04    3.1s
    70        0.1299        0.1299      0.0000      0.1328      0.1328   5.0e-04    3.2s
    71        0.1299        0.1299      0.0000      0.1327      0.1327   5.0e-04    3.2s
    72        0.1299        0.1299      0.0000      0.1326      0.1326   5.0e-04    3.1s
    73        0.1298        0.1298      0.0000      0.1327      0.1327   5.0e-04    3.2s
    74        0.1298        0.1298      0.0000      0.1327      0.1327   5.0e-04    3.1s
    75        0.1299        0.1299      0.0000      0.1327      0.1327   5.0e-04    3.2s
    76        0.1297        0.1297      0.0000      0.1327      0.1327   5.0e-04    3.3s
    77        0.1298        0.1298      0.0000      0.1327      0.1327   5.0e-04    3.1s
    78        0.1298        0.1298      0.0000      0.1327      0.1327   2.5e-04    3.1s
    79        0.1297        0.1297      0.0000      0.1327      0.1327   2.5e-04    3.3s
    80        0.1295        0.1295      0.0000      0.1327      0.1327   2.5e-04    3.3s
    81        0.1296        0.1296      0.0000      0.1327      0.1327   2.5e-04    3.2s
    82        0.1295        0.1295      0.0000      0.1327      0.1327   2.5e-04    3.1s
    83        0.1295        0.1295      0.0000      0.1327      0.1327   2.5e-04    3.2s
    84        0.1296        0.1296      0.0000      0.1328      0.1328   1.3e-04    3.2s
    85        0.1294        0.1294      0.0000      0.1327      0.1327   1.3e-04    3.0s
    86        0.1294        0.1294      0.0000      0.1327      0.1327   1.3e-04    3.1s
    87        0.1294        0.1294      0.0000      0.1326      0.1326   1.3e-04    3.0s
    88        0.1294        0.1294      0.0000      0.1327      0.1327   1.3e-04    3.1s
    89        0.1293        0.1293      0.0000      0.1327      0.1327   1.3e-04    3.1s
    90        0.1293        0.1293      0.0000      0.1327      0.1327   1.3e-04    3.1s
    91        0.1294        0.1294      0.0000      0.1327      0.1327   1.3e-04    3.2s
    92        0.1293        0.1293      0.0000      0.1327      0.1327   1.3e-04    3.1s
    93        0.1293        0.1293      0.0000      0.1326      0.1326   6.3e-05    3.0s
    94        0.1293        0.1293      0.0000      0.1327      0.1327   6.3e-05    3.1s
    95        0.1292        0.1292      0.0000      0.1327      0.1327   6.3e-05    3.0s
    96        0.1293        0.1293      0.0000      0.1327      0.1327   6.3e-05    3.1s
    97        0.1292        0.1292      0.0000      0.1327      0.1327   6.3e-05    3.1s
    98        0.1293        0.1293      0.0000      0.1327      0.1327   6.3e-05    3.1s
    99        0.1293        0.1293      0.0000      0.1326      0.1326   3.1e-05    3.0s
   100        0.1292        0.1292      0.0000      0.1327      0.1327   3.1e-05    3.0s

Done. Best val loss: 0.1326
Checkpoints and logs saved to: /project/xuanyao/jiaming/deeplearning/results_papalexi/beta1.0_dim256
=== Analyze ===
Device: cpu
Loading data...
  20729 cells, 3725 genes, 34 perturbations
Log1p-normalizing...
  Filtering 1 cells with unknown perturbation.

Loading model from model_best.pt...

[1/4] Computing latent embeddings...
  Silhouette score (perturbation clusters, excl. NTC): -0.2052
Running UMAP (this may take a few minutes)...
UMAP(min_dist=0.3, n_jobs=1, n_neighbors=30, random_state=42, verbose=True)
Thu May 14 11:57:19 2026 Construct fuzzy simplicial set
Thu May 14 11:57:19 2026 Finding Nearest Neighbors
Thu May 14 11:57:19 2026 Building RP forest with 12 trees
Thu May 14 11:57:25 2026 NN descent for 14 iterations
	 1  /  14
	 2  /  14
	 3  /  14
	Stopping threshold met -- exiting after 3 iterations
Thu May 14 11:57:39 2026 Finished Nearest Neighbor Search
Thu May 14 11:57:44 2026 Construct embedding
	completed  0  /  200 epochs
	completed  20  /  200 epochs
	completed  40  /  200 epochs
	completed  60  /  200 epochs
	completed  80  /  200 epochs
	completed  100  /  200 epochs
	completed  120  /  200 epochs
	completed  140  /  200 epochs
	completed  160  /  200 epochs
	completed  180  /  200 epochs
Thu May 14 11:58:09 2026 Finished embedding
  Saved: /project/xuanyao/jiaming/deeplearning/results_papalexi/beta1.0_dim256/figures/umap_latent.png
  Saved covariate UMAPs: umap_n_nonzero.png, umap_n_umis.png, umap_lane.png, umap_bio_rep.png, umap_phase.png, umap_p_mito.png
Running expression-PCA UMAP for covariate verification...
  Saved expression UMAP covariates: umap_expr_n_nonzero.png, umap_expr_n_umis.png, umap_expr_lane.png, umap_expr_bio_rep.png, umap_expr_phase.png, umap_expr_p_mito.png
  Saved: /project/xuanyao/jiaming/deeplearning/results_papalexi/beta1.0_dim256/figures/umap_per_perturbation.png

[2/4] Computing perturbation response scores (decode Δ vs NTC avg of 9 guides: ['NTg1', 'NTg10', 'NTg2', 'NTg3', 'NTg4']...)...
  NTg1                 (  303 cells) response range: [-0.106, 0.063] [NTC]
  NTg10                (  235 cells) response range: [-0.057, 0.026] [NTC]
  NTg2                 (  106 cells) response range: [-0.104, 0.034] [NTC]
  NTg3                 (  244 cells) response range: [-0.052, 0.071] [NTC]
  NTg4                 (  431 cells) response range: [-0.035, 0.049] [NTC]
  NTg5                 (  305 cells) response range: [-0.045, 0.039] [NTC]
  NTg7                 (  445 cells) response range: [-0.058, 0.029] [NTC]
  NTg8                 (   56 cells) response range: [-0.022, 0.040] [NTC]
  NTg9                 (  261 cells) response range: [-0.044, 0.046] [NTC]
  tar-ATF2             ( 1102 cells) response range: [-0.020, 0.034]
  tar-BRD4             (  341 cells) response range: [-0.214, 0.116]
  tar-CAV1             (  882 cells) response range: [-0.028, 0.024]
  tar-CD86             ( 1197 cells) response range: [-0.028, 0.034]
  tar-CMTM6            (  817 cells) response range: [-0.033, 0.046]
  tar-CUL3             (  274 cells) response range: [-0.225, 0.354]
  tar-ETV7             (  841 cells) response range: [-0.041, 0.089]
  tar-IFNGR1           ( 1341 cells) response range: [-1.612, 0.559]
  tar-IFNGR2           ( 1213 cells) response range: [-1.701, 0.570]
  tar-IRF1             ( 1073 cells) response range: [-0.922, 0.833]
  tar-IRF7             (  614 cells) response range: [-0.059, 0.056]
  tar-JAK2             ( 1024 cells) response range: [-1.810, 0.628]
  tar-MARCH8           ( 1003 cells) response range: [-0.045, 0.050]
  tar-MYC              (  108 cells) response range: [-0.159, 0.342]
  tar-NFKBIA           (  787 cells) response range: [-0.050, 0.082]
  tar-PDCD1LG2         (  617 cells) response range: [-0.035, 0.058]
  tar-POU2F2           (  662 cells) response range: [-0.034, 0.067]
  tar-SMAD4            (  659 cells) response range: [-1.039, 0.567]
  tar-SPI1             (   48 cells) response range: [-0.140, 0.063]
  tar-STAT1            (  444 cells) response range: [-1.722, 0.650]
  tar-STAT2            (  661 cells) response range: [-0.871, 0.197]
  tar-STAT3            (  493 cells) response range: [-0.047, 0.043]
  tar-STAT5A           (  659 cells) response range: [-0.030, 0.034]
  tar-TNFRSF14         (  964 cells) response range: [-0.036, 0.048]
  tar-UBE2L6           (  518 cells) response range: [-0.049, 0.068]
  NTC null: mean |response| per gene = 0.0033  std across NTC guides = 0.0040
  Saved: /project/xuanyao/jiaming/deeplearning/results_papalexi/beta1.0_dim256/response_scores.csv
  Saved: /project/xuanyao/jiaming/deeplearning/results_papalexi/beta1.0_dim256/figures/gene_response_heatmap.png
  Saved: /project/xuanyao/jiaming/deeplearning/results_papalexi/beta1.0_dim256/figures/effect_size_vs_null.png
  NTC noise floor (mean+2SD): 0.0047
  Saved: /project/xuanyao/jiaming/deeplearning/results_papalexi/beta1.0_dim256/figures/top_genes_per_pert.png

[3/4] Clustering perturbations by response vectors...
  Saved: /project/xuanyao/jiaming/deeplearning/results_papalexi/beta1.0_dim256/figures/perturbation_clustermap.png

[4/4] Running hallmark pathway enrichment...
  Saved: /project/xuanyao/jiaming/deeplearning/results_papalexi/beta1.0_dim256/figures/pathway_enrichment.png

[Bonus] Comparing CVAE response vs naive differential expression...
  Mean Spearman ρ (CVAE vs DE): 0.560
  Mean top-20 gene overlap:     6.9/20
  Saved: /project/xuanyao/jiaming/deeplearning/results_papalexi/beta1.0_dim256/cvae_vs_de_comparison.csv

All figures saved to: /project/xuanyao/jiaming/deeplearning/results_papalexi/beta1.0_dim256/figures
Done!
Done: beta1.0_dim256
