=== Train: beta=0.1 latent_dim=256 (no phase) ===
Device: cpu
Loading data...
  20729 cells, 3725 genes, 35 perturbations
  Filtering 1 cells with unknown perturbation assignment.
  Extra covariates: 14 dims (3 continuous + 11 categorical OHE)
Log1p-normalizing expression data...
  Train: 17635 cells | Val: 3093 cells

Model: 3725 genes | 34 perturbations | latent_dim=256
  Trainable parameters: 9,212,557

Training for up to 100 epochs (early stop patience=15)...

 Epoch   Train Total   Train Recon    Train KL   Val Total   Val Recon        LR    Time
------------------------------------------------------------------------------------------
     1        0.2007        0.1979      0.0279      0.1447      0.1446   1.0e-03    3.3s
     2        0.1497        0.1492      0.0049      0.1436      0.1436   1.0e-03    3.9s
     3        0.1469        0.1466      0.0032      0.1451      0.1451   1.0e-03    3.5s
     4        0.1451        0.1449      0.0020      0.1448      0.1448   1.0e-03    4.0s
     5        0.1439        0.1438      0.0012      0.1444      0.1444   1.0e-03    4.2s
     6        0.1426        0.1425      0.0007      0.1440      0.1440   1.0e-03    5.1s
     7        0.1411        0.1410      0.0004      0.1429      0.1428   1.0e-03    3.9s
     8        0.1400        0.1400      0.0003      0.1417      0.1417   1.0e-03    3.5s
     9        0.1386        0.1385      0.0015      0.1401      0.1397   1.0e-03    4.5s
    10        0.1366        0.1360      0.0062      0.1381      0.1374   1.0e-03    3.9s
    11        0.1357        0.1350      0.0070      0.1374      0.1368   1.0e-03    4.4s
    12        0.1351        0.1343      0.0075      0.1369      0.1363   1.0e-03    3.7s
    13        0.1346        0.1338      0.0078      0.1357      0.1350   1.0e-03    3.2s
    14        0.1338        0.1330      0.0083      0.1350      0.1342   1.0e-03    4.0s
    15        0.1331        0.1322      0.0086      0.1340      0.1332   1.0e-03    4.0s
    16        0.1323        0.1313      0.0095      0.1325      0.1315   1.0e-03    3.8s
    17        0.1311        0.1299      0.0112      0.1317      0.1306   1.0e-03    3.5s
    18        0.1306        0.1294      0.0119      0.1312      0.1300   1.0e-03    3.2s
    19        0.1301        0.1289      0.0122      0.1309      0.1298   1.0e-03    5.2s
    20        0.1298        0.1286      0.0123      0.1307      0.1295   1.0e-03    3.8s
    21        0.1295        0.1283      0.0124      0.1305      0.1293   1.0e-03    4.8s
    22        0.1290        0.1278      0.0125      0.1306      0.1293   1.0e-03    4.6s
    23        0.1287        0.1275      0.0125      0.1303      0.1291   1.0e-03    4.5s
    24        0.1286        0.1273      0.0125      0.1298      0.1286   1.0e-03    3.7s
    25        0.1283        0.1270      0.0124      0.1304      0.1292   1.0e-03    3.6s
    26        0.1279        0.1266      0.0130      0.1294      0.1281   1.0e-03    3.9s
    27        0.1276        0.1263      0.0135      0.1292      0.1278   1.0e-03    4.5s
    28        0.1273        0.1259      0.0137      0.1292      0.1279   1.0e-03    3.5s
    29        0.1271        0.1257      0.0136      0.1290      0.1277   1.0e-03    3.8s
    30        0.1267        0.1253      0.0136      0.1293      0.1279   1.0e-03    4.3s
    31        0.1265        0.1251      0.0136      0.1284      0.1271   1.0e-03    4.5s
    32        0.1263        0.1249      0.0136      0.1284      0.1271   1.0e-03    4.7s
    33        0.1261        0.1248      0.0135      0.1280      0.1267   1.0e-03    4.6s
    34        0.1260        0.1247      0.0136      0.1279      0.1266   1.0e-03    3.4s
    35        0.1258        0.1244      0.0137      0.1274      0.1261   1.0e-03    3.4s
    36        0.1257        0.1243      0.0139      0.1277      0.1263   1.0e-03    4.0s
    37        0.1256        0.1242      0.0139      0.1272      0.1259   1.0e-03    3.9s
    38        0.1255        0.1241      0.0139      0.1272      0.1258   1.0e-03    3.7s
    39        0.1254        0.1240      0.0140      0.1267      0.1254   1.0e-03    3.5s
    40        0.1251        0.1237      0.0140      0.1265      0.1252   1.0e-03    4.6s
    41        0.1251        0.1237      0.0141      0.1267      0.1253   1.0e-03    3.4s
    42        0.1250        0.1236      0.0142      0.1266      0.1252   1.0e-03    3.4s
    43        0.1249        0.1235      0.0142      0.1265      0.1251   1.0e-03    3.2s
    44        0.1248        0.1234      0.0142      0.1267      0.1253   1.0e-03    3.5s
    45        0.1248        0.1234      0.0143      0.1261      0.1248   1.0e-03    3.4s
    46        0.1246        0.1232      0.0143      0.1261      0.1248   1.0e-03    3.5s
    47        0.1246        0.1231      0.0144      0.1261      0.1247   1.0e-03    3.4s
    48        0.1245        0.1231      0.0145      0.1260      0.1246   1.0e-03    3.8s
    49        0.1245        0.1231      0.0145      0.1263      0.1249   1.0e-03    3.4s
    50        0.1245        0.1231      0.0145      0.1259      0.1245   1.0e-03    3.4s
    51        0.1243        0.1228      0.0146      0.1260      0.1246   1.0e-03    3.5s
    52        0.1243        0.1228      0.0147      0.1257      0.1243   1.0e-03    3.4s
    53        0.1242        0.1227      0.0147      0.1258      0.1244   1.0e-03    3.5s
    54        0.1240        0.1225      0.0147      0.1259      0.1244   1.0e-03    3.6s
    55        0.1239        0.1225      0.0147      0.1258      0.1243   1.0e-03    3.4s
    56        0.1240        0.1226      0.0149      0.1258      0.1243   1.0e-03    3.4s
    57        0.1239        0.1224      0.0150      0.1258      0.1243   1.0e-03    3.7s
    58        0.1238        0.1223      0.0149      0.1256      0.1242   1.0e-03    3.6s
    59        0.1238        0.1223      0.0150      0.1256      0.1241   1.0e-03    3.6s
    60        0.1237        0.1222      0.0151      0.1255      0.1240   1.0e-03    3.4s
    61        0.1237        0.1222      0.0151      0.1254      0.1240   1.0e-03    3.8s
    62        0.1237        0.1221      0.0152      0.1255      0.1240   1.0e-03    3.5s
    63        0.1235        0.1220      0.0152      0.1256      0.1240   1.0e-03    3.5s
    64        0.1235        0.1219      0.0156      0.1253      0.1238   1.0e-03    3.9s
    65        0.1234        0.1218      0.0161      0.1250      0.1234   1.0e-03    3.8s
    66        0.1234        0.1217      0.0169      0.1249      0.1232   1.0e-03    4.1s
    67        0.1232        0.1215      0.0172      0.1248      0.1231   1.0e-03    4.4s
    68        0.1230        0.1213      0.0175      0.1248      0.1229   1.0e-03    4.3s
    69        0.1230        0.1213      0.0178      0.1245      0.1228   1.0e-03    4.0s
    70        0.1230        0.1212      0.0179      0.1247      0.1229   1.0e-03    3.8s
    71        0.1228        0.1210      0.0180      0.1246      0.1228   1.0e-03    4.7s
    72        0.1228        0.1210      0.0181      0.1245      0.1227   1.0e-03    3.8s
    73        0.1226        0.1208      0.0183      0.1243      0.1225   1.0e-03    3.7s
    74        0.1227        0.1208      0.0184      0.1245      0.1226   1.0e-03    4.3s
    75        0.1227        0.1209      0.0184      0.1244      0.1225   1.0e-03    4.5s
    76        0.1225        0.1207      0.0186      0.1243      0.1225   1.0e-03    4.1s
    77        0.1226        0.1207      0.0186      0.1243      0.1225   1.0e-03    4.2s
    78        0.1225        0.1206      0.0186      0.1244      0.1226   1.0e-03    4.5s
    79        0.1223        0.1205      0.0188      0.1242      0.1224   1.0e-03    3.9s
    80        0.1223        0.1205      0.0189      0.1243      0.1223   1.0e-03    4.4s
    81        0.1223        0.1204      0.0190      0.1242      0.1223   1.0e-03    3.9s
    82        0.1222        0.1203      0.0192      0.1241      0.1223   1.0e-03    4.2s
    83        0.1222        0.1202      0.0195      0.1242      0.1223   1.0e-03    3.9s
    84        0.1221        0.1201      0.0199      0.1240      0.1220   1.0e-03    4.0s
    85        0.1220        0.1200      0.0202      0.1238      0.1218   1.0e-03    4.4s
    86        0.1219        0.1198      0.0204      0.1239      0.1218   1.0e-03    4.0s
    87        0.1218        0.1198      0.0209      0.1239      0.1219   1.0e-03    4.2s
    88        0.1217        0.1196      0.0209      0.1237      0.1216   1.0e-03    4.4s
    89        0.1217        0.1196      0.0211      0.1237      0.1216   1.0e-03    4.5s
    90        0.1217        0.1195      0.0214      0.1237      0.1215   1.0e-03    3.8s
    91        0.1214        0.1193      0.0217      0.1237      0.1215   1.0e-03    3.9s
    92        0.1214        0.1192      0.0218      0.1235      0.1213   1.0e-03    4.1s
    93        0.1212        0.1190      0.0220      0.1234      0.1213   1.0e-03    4.1s
    94        0.1212        0.1190      0.0221      0.1236      0.1214   1.0e-03    4.2s
    95        0.1211        0.1189      0.0220      0.1235      0.1214   1.0e-03    4.3s
    96        0.1210        0.1188      0.0222      0.1235      0.1214   1.0e-03    4.2s
    97        0.1210        0.1188      0.0222      0.1234      0.1212   1.0e-03    4.7s
    98        0.1210        0.1188      0.0224      0.1234      0.1213   1.0e-03    4.9s
    99        0.1209        0.1187      0.0225      0.1234      0.1212   5.0e-04    4.4s
   100        0.1205        0.1183      0.0227      0.1232      0.1210   5.0e-04    4.2s

Done. Best val loss: 0.1232
Checkpoints and logs saved to: /project/xuanyao/jiaming/deeplearning/results_papalexi_nophase/beta0.1_dim256
=== Analyze ===
Device: cpu
Loading data...
  20729 cells, 3725 genes, 34 perturbations
Log1p-normalizing...
  Filtering 1 cells with unknown perturbation.

Loading model from model_best.pt...

[1/4] Computing latent embeddings...
  Silhouette score (perturbation clusters, excl. NTC): -0.0781
Running UMAP (this may take a few minutes)...
UMAP(min_dist=0.3, n_jobs=1, n_neighbors=30, random_state=42, verbose=True)
Sat May 16 15:35:18 2026 Construct fuzzy simplicial set
Sat May 16 15:35:18 2026 Finding Nearest Neighbors
Sat May 16 15:35:18 2026 Building RP forest with 12 trees
Sat May 16 15:35:23 2026 NN descent for 14 iterations
	 1  /  14
	 2  /  14
	Stopping threshold met -- exiting after 2 iterations
Sat May 16 15:35:34 2026 Finished Nearest Neighbor Search
Sat May 16 15:35:39 2026 Construct embedding
	completed  0  /  200 epochs
	completed  20  /  200 epochs
	completed  40  /  200 epochs
	completed  60  /  200 epochs
	completed  80  /  200 epochs
	completed  100  /  200 epochs
	completed  120  /  200 epochs
	completed  140  /  200 epochs
	completed  160  /  200 epochs
	completed  180  /  200 epochs
Sat May 16 15:35:58 2026 Finished embedding
  Saved: /project/xuanyao/jiaming/deeplearning/results_papalexi_nophase/beta0.1_dim256/figures/umap_latent.png
  Saved covariate UMAPs: umap_n_nonzero.png, umap_n_umis.png, umap_lane.png, umap_bio_rep.png, umap_phase.png, umap_p_mito.png
Running expression-PCA UMAP for covariate verification...
  Saved expression UMAP covariates: umap_expr_n_nonzero.png, umap_expr_n_umis.png, umap_expr_lane.png, umap_expr_bio_rep.png, umap_expr_phase.png, umap_expr_p_mito.png
  Saved: /project/xuanyao/jiaming/deeplearning/results_papalexi_nophase/beta0.1_dim256/figures/umap_per_perturbation.png

[2/4] Computing perturbation response scores (decode Δ vs NTC avg of 9 guides: ['NTg1', 'NTg10', 'NTg2', 'NTg3', 'NTg4']...)...
  NTg1                 (  303 cells) response range: [-0.101, 0.052] [NTC]
  NTg10                (  235 cells) response range: [-0.052, 0.049] [NTC]
  NTg2                 (  106 cells) response range: [-0.078, 0.026] [NTC]
  NTg3                 (  244 cells) response range: [-0.031, 0.015] [NTC]
  NTg4                 (  431 cells) response range: [-0.041, 0.028] [NTC]
  NTg5                 (  305 cells) response range: [-0.028, 0.058] [NTC]
  NTg7                 (  445 cells) response range: [-0.049, 0.055] [NTC]
  NTg8                 (   56 cells) response range: [-0.062, 0.060] [NTC]
  NTg9                 (  261 cells) response range: [-0.024, 0.040] [NTC]
  tar-ATF2             ( 1102 cells) response range: [-0.019, 0.026]
  tar-BRD4             (  341 cells) response range: [-0.257, 0.346]
  tar-CAV1             (  882 cells) response range: [-0.026, 0.044]
  tar-CD86             ( 1197 cells) response range: [-0.030, 0.030]
  tar-CMTM6            (  817 cells) response range: [-0.038, 0.040]
  tar-CUL3             (  274 cells) response range: [-0.157, 0.185]
  tar-ETV7             (  841 cells) response range: [-0.046, 0.066]
  tar-IFNGR1           ( 1341 cells) response range: [-1.566, 0.549]
  tar-IFNGR2           ( 1213 cells) response range: [-1.608, 0.568]
  tar-IRF1             ( 1073 cells) response range: [-0.884, 0.671]
  tar-IRF7             (  614 cells) response range: [-0.018, 0.036]
  tar-JAK2             ( 1024 cells) response range: [-1.714, 0.594]
  tar-MARCH8           ( 1003 cells) response range: [-0.040, 0.031]
  tar-MYC              (  108 cells) response range: [-0.192, 0.123]
  tar-NFKBIA           (  787 cells) response range: [-0.071, 0.098]
  tar-PDCD1LG2         (  617 cells) response range: [-0.023, 0.054]
  tar-POU2F2           (  662 cells) response range: [-0.023, 0.037]
  tar-SMAD4            (  659 cells) response range: [-0.936, 0.511]
  tar-SPI1             (   48 cells) response range: [-0.163, 0.114]
  tar-STAT1            (  444 cells) response range: [-1.527, 0.668]
  tar-STAT2            (  661 cells) response range: [-0.864, 0.182]
  tar-STAT3            (  493 cells) response range: [-0.035, 0.041]
  tar-STAT5A           (  659 cells) response range: [-0.057, 0.040]
  tar-TNFRSF14         (  964 cells) response range: [-0.036, 0.026]
  tar-UBE2L6           (  518 cells) response range: [-0.026, 0.041]
  NTC null: mean |response| per gene = 0.0026  std across NTC guides = 0.0032
  Saved: /project/xuanyao/jiaming/deeplearning/results_papalexi_nophase/beta0.1_dim256/response_scores.csv
  Saved: /project/xuanyao/jiaming/deeplearning/results_papalexi_nophase/beta0.1_dim256/figures/gene_response_heatmap.png
  Saved: /project/xuanyao/jiaming/deeplearning/results_papalexi_nophase/beta0.1_dim256/figures/effect_size_vs_null.png
  NTC noise floor (mean+2SD): 0.0039
  Saved: /project/xuanyao/jiaming/deeplearning/results_papalexi_nophase/beta0.1_dim256/figures/top_genes_per_pert.png

[3/4] Clustering perturbations by response vectors...
  Saved: /project/xuanyao/jiaming/deeplearning/results_papalexi_nophase/beta0.1_dim256/figures/perturbation_clustermap.png

[4/4] Running hallmark pathway enrichment...
  Saved: /project/xuanyao/jiaming/deeplearning/results_papalexi_nophase/beta0.1_dim256/figures/pathway_enrichment.png

[Bonus] Comparing CVAE response vs naive differential expression...
  Mean Spearman ρ (CVAE vs DE): 0.574
  Mean top-20 gene overlap:     6.9/20
  Saved: /project/xuanyao/jiaming/deeplearning/results_papalexi_nophase/beta0.1_dim256/cvae_vs_de_comparison.csv

All figures saved to: /project/xuanyao/jiaming/deeplearning/results_papalexi_nophase/beta0.1_dim256/figures
Done!
Done: beta0.1_dim256
