=== Train: beta=1e-4 latent_dim=128 ===
Device: cpu
Loading data...
  20729 cells, 3725 genes, 35 perturbations
  Filtering 1 cells with unknown perturbation assignment.
  Extra covariates: 17 dims (3 continuous + 14 categorical OHE)
Log1p-normalizing expression data...
  Train: 17635 cells | Val: 3093 cells

Model: 3725 genes | 34 perturbations | latent_dim=128
  Trainable parameters: 9,117,837

Training for up to 100 epochs (early stop patience=15)...

 Epoch   Train Total   Train Recon    Train KL   Val Total   Val Recon        LR    Time
------------------------------------------------------------------------------------------
     1        0.1962        0.1960      1.0995      0.1447      0.1446   1.0e-03    3.0s
     2        0.1488        0.1487      0.7716      0.1437      0.1437   1.0e-03    3.2s
     3        0.1465        0.1464      0.5423      0.1423      0.1422   1.0e-03    3.2s
     4        0.1441        0.1441      0.8986      0.1404      0.1403   1.0e-03    3.1s
     5        0.1396        0.1394      1.4781      0.1351      0.1349   1.0e-03    3.2s
     6        0.1357        0.1355      1.5494      0.1336      0.1335   1.0e-03    3.3s
     7        0.1336        0.1334      1.5628      0.1321      0.1319   1.0e-03    3.3s
     8        0.1313        0.1311      1.6701      0.1289      0.1287   1.0e-03    3.2s
     9        0.1280        0.1278      1.7291      0.1265      0.1263   1.0e-03    3.2s
    10        0.1260        0.1259      1.7614      0.1253      0.1251   1.0e-03    3.2s
    11        0.1248        0.1246      1.8521      0.1244      0.1242   1.0e-03    3.2s
    12        0.1237        0.1235      1.8676      0.1231      0.1229   1.0e-03    3.2s
    13        0.1227        0.1225      1.8480      0.1217      0.1215   1.0e-03    3.3s
    14        0.1216        0.1214      1.8545      0.1208      0.1207   1.0e-03    3.2s
    15        0.1207        0.1205      1.8797      0.1203      0.1201   1.0e-03    3.1s
    16        0.1202        0.1200      1.9033      0.1199      0.1197   1.0e-03    3.3s
    17        0.1196        0.1195      1.9260      0.1193      0.1191   1.0e-03    3.3s
    18        0.1191        0.1189      1.9149      0.1189      0.1187   1.0e-03    3.2s
    19        0.1185        0.1184      1.9272      0.1184      0.1182   1.0e-03    3.2s
    20        0.1180        0.1178      1.9487      0.1177      0.1175   1.0e-03    3.3s
    21        0.1174        0.1173      1.9690      0.1172      0.1170   1.0e-03    3.3s
    22        0.1169        0.1167      1.9826      0.1169      0.1167   1.0e-03    3.3s
    23        0.1166        0.1164      2.0031      0.1165      0.1163   1.0e-03    3.3s
    24        0.1162        0.1160      2.0300      0.1161      0.1159   1.0e-03    3.2s
    25        0.1157        0.1155      2.0397      0.1157      0.1155   1.0e-03    3.3s
    26        0.1154        0.1152      2.0705      0.1154      0.1152   1.0e-03    3.3s
    27        0.1151        0.1149      2.0531      0.1153      0.1151   1.0e-03    3.3s
    28        0.1149        0.1147      2.0506      0.1152      0.1150   1.0e-03    3.3s
    29        0.1146        0.1144      2.0708      0.1149      0.1147   1.0e-03    3.2s
    30        0.1144        0.1142      2.0818      0.1149      0.1147   1.0e-03    3.3s
    31        0.1143        0.1141      2.0898      0.1147      0.1145   1.0e-03    3.4s
    32        0.1140        0.1138      2.0943      0.1146      0.1144   1.0e-03    3.2s
    33        0.1138        0.1136      2.1299      0.1144      0.1142   1.0e-03    3.2s
    34        0.1136        0.1134      2.1166      0.1143      0.1141   1.0e-03    3.2s
    35        0.1135        0.1132      2.1407      0.1142      0.1139   1.0e-03    3.3s
    36        0.1132        0.1130      2.1338      0.1141      0.1139   1.0e-03    3.3s
    37        0.1131        0.1128      2.1447      0.1140      0.1138   1.0e-03    3.2s
    38        0.1128        0.1126      2.1414      0.1137      0.1135   1.0e-03    3.3s
    39        0.1126        0.1124      2.1407      0.1137      0.1134   1.0e-03    3.3s
    40        0.1124        0.1122      2.1647      0.1135      0.1133   1.0e-03    3.4s
    41        0.1123        0.1121      2.1529      0.1136      0.1134   1.0e-03    3.2s
    42        0.1122        0.1120      2.1741      0.1134      0.1132   1.0e-03    3.1s
    43        0.1120        0.1118      2.1822      0.1132      0.1130   1.0e-03    3.3s
    44        0.1119        0.1117      2.1830      0.1131      0.1129   1.0e-03    3.3s
    45        0.1117        0.1115      2.1919      0.1130      0.1128   1.0e-03    3.3s
    46        0.1116        0.1114      2.1986      0.1130      0.1128   1.0e-03    3.1s
    47        0.1114        0.1112      2.2002      0.1129      0.1127   1.0e-03    3.2s
    48        0.1114        0.1112      2.2079      0.1129      0.1127   1.0e-03    3.3s
    49        0.1113        0.1111      2.2031      0.1128      0.1126   1.0e-03    3.3s
    50        0.1111        0.1109      2.2011      0.1127      0.1125   1.0e-03    3.2s
    51        0.1110        0.1108      2.2071      0.1128      0.1126   1.0e-03    3.2s
    52        0.1110        0.1108      2.2118      0.1127      0.1125   1.0e-03    3.2s
    53        0.1108        0.1106      2.2108      0.1125      0.1123   1.0e-03    3.2s
    54        0.1107        0.1104      2.2277      0.1125      0.1123   1.0e-03    3.2s
    55        0.1106        0.1104      2.2202      0.1124      0.1122   1.0e-03    3.3s
    56        0.1105        0.1102      2.2252      0.1124      0.1122   1.0e-03    3.2s
    57        0.1104        0.1101      2.2299      0.1124      0.1122   1.0e-03    3.2s
    58        0.1103        0.1101      2.2309      0.1123      0.1120   1.0e-03    3.2s
    59        0.1101        0.1099      2.2360      0.1123      0.1121   1.0e-03    3.2s
    60        0.1101        0.1099      2.2459      0.1123      0.1120   1.0e-03    3.3s
    61        0.1100        0.1098      2.2344      0.1121      0.1119   1.0e-03    3.1s
    62        0.1098        0.1096      2.2388      0.1121      0.1119   1.0e-03    3.2s
    63        0.1097        0.1095      2.2404      0.1121      0.1119   1.0e-03    3.2s
    64        0.1097        0.1094      2.2561      0.1122      0.1119   1.0e-03    3.3s
    65        0.1096        0.1093      2.2435      0.1121      0.1119   1.0e-03    3.1s
    66        0.1095        0.1093      2.2544      0.1120      0.1118   1.0e-03    3.2s
    67        0.1094        0.1092      2.2374      0.1120      0.1118   1.0e-03    3.2s
    68        0.1094        0.1092      2.2459      0.1120      0.1118   1.0e-03    3.2s
    69        0.1093        0.1091      2.2566      0.1121      0.1119   1.0e-03    3.2s
    70        0.1091        0.1089      2.2573      0.1119      0.1116   1.0e-03    3.2s
    71        0.1091        0.1089      2.2501      0.1119      0.1117   1.0e-03    3.2s
    72        0.1091        0.1089      2.2547      0.1119      0.1117   1.0e-03    3.2s
    73        0.1090        0.1088      2.2581      0.1120      0.1118   1.0e-03    3.2s
    74        0.1090        0.1088      2.2671      0.1119      0.1117   1.0e-03    3.2s
    75        0.1089        0.1086      2.2617      0.1119      0.1117   1.0e-03    3.2s
    76        0.1089        0.1086      2.2598      0.1118      0.1115   1.0e-03    3.1s
    77        0.1088        0.1086      2.2621      0.1119      0.1117   1.0e-03    3.3s
    78        0.1087        0.1084      2.2598      0.1121      0.1118   1.0e-03    3.1s
    79        0.1087        0.1084      2.2629      0.1118      0.1115   1.0e-03    3.3s
    80        0.1086        0.1083      2.2601      0.1118      0.1116   1.0e-03    3.2s
    81        0.1085        0.1082      2.2663      0.1118      0.1116   1.0e-03    3.2s
    82        0.1084        0.1082      2.2563      0.1118      0.1116   5.0e-04    3.2s
    83        0.1080        0.1077      2.2618      0.1116      0.1113   5.0e-04    3.2s
    84        0.1078        0.1076      2.2733      0.1115      0.1113   5.0e-04    3.2s
    85        0.1077        0.1075      2.2822      0.1116      0.1113   5.0e-04    3.3s
    86        0.1077        0.1075      2.2772      0.1115      0.1113   5.0e-04    3.1s
    87        0.1076        0.1074      2.2710      0.1116      0.1114   5.0e-04    3.2s
    88        0.1076        0.1074      2.2797      0.1116      0.1113   5.0e-04    3.0s
    89        0.1077        0.1075      2.2774      0.1116      0.1113   5.0e-04    3.1s
    90        0.1076        0.1073      2.2744      0.1115      0.1113   2.5e-04    3.1s
    91        0.1073        0.1071      2.2750      0.1115      0.1113   2.5e-04    3.1s
    92        0.1073        0.1070      2.2854      0.1115      0.1113   2.5e-04    3.1s
    93        0.1072        0.1070      2.2848      0.1116      0.1113   2.5e-04    3.1s
    94        0.1072        0.1069      2.2864      0.1114      0.1112   2.5e-04    3.1s
    95        0.1072        0.1070      2.2831      0.1115      0.1113   2.5e-04    3.1s
    96        0.1072        0.1070      2.2815      0.1115      0.1112   2.5e-04    3.1s
    97        0.1071        0.1069      2.2863      0.1115      0.1112   2.5e-04    3.1s
    98        0.1072        0.1069      2.2885      0.1114      0.1112   2.5e-04    3.1s
    99        0.1071        0.1069      2.2827      0.1115      0.1113   2.5e-04    3.2s
   100        0.1071        0.1069      2.2741      0.1115      0.1113   2.5e-04    3.1s

Done. Best val loss: 0.1114
Checkpoints and logs saved to: /project/xuanyao/jiaming/deeplearning/results_papalexi/beta1e-4_dim128
=== Analyze ===
Device: cpu
Loading data...
  20729 cells, 3725 genes, 34 perturbations
Log1p-normalizing...
  Filtering 1 cells with unknown perturbation.

Loading model from model_best.pt...

[1/4] Computing latent embeddings...
  Silhouette score (perturbation clusters, excl. NTC): -0.0337
Running UMAP (this may take a few minutes)...
UMAP(min_dist=0.3, n_jobs=1, n_neighbors=30, random_state=42, verbose=True)
Sat May 16 15:18:25 2026 Construct fuzzy simplicial set
Sat May 16 15:18:25 2026 Finding Nearest Neighbors
Sat May 16 15:18:25 2026 Building RP forest with 12 trees
Sat May 16 15:18:31 2026 NN descent for 14 iterations
	 1  /  14
	 2  /  14
	 3  /  14
	Stopping threshold met -- exiting after 3 iterations
Sat May 16 15:18:45 2026 Finished Nearest Neighbor Search
Sat May 16 15:18:50 2026 Construct embedding
	completed  0  /  200 epochs
	completed  20  /  200 epochs
	completed  40  /  200 epochs
	completed  60  /  200 epochs
	completed  80  /  200 epochs
	completed  100  /  200 epochs
	completed  120  /  200 epochs
	completed  140  /  200 epochs
	completed  160  /  200 epochs
	completed  180  /  200 epochs
Sat May 16 15:19:15 2026 Finished embedding
  Saved: /project/xuanyao/jiaming/deeplearning/results_papalexi/beta1e-4_dim128/figures/umap_latent.png
  Saved covariate UMAPs: umap_n_nonzero.png, umap_n_umis.png, umap_lane.png, umap_bio_rep.png, umap_phase.png, umap_p_mito.png
Running expression-PCA UMAP for covariate verification...
  Saved expression UMAP covariates: umap_expr_n_nonzero.png, umap_expr_n_umis.png, umap_expr_lane.png, umap_expr_bio_rep.png, umap_expr_phase.png, umap_expr_p_mito.png
  Saved: /project/xuanyao/jiaming/deeplearning/results_papalexi/beta1e-4_dim128/figures/umap_per_perturbation.png

[2/4] Computing perturbation response scores (decode Δ vs NTC avg of 9 guides: ['NTg1', 'NTg10', 'NTg2', 'NTg3', 'NTg4']...)...
  NTg1                 (  303 cells) response range: [-0.054, 0.024] [NTC]
  NTg10                (  235 cells) response range: [-0.022, 0.073] [NTC]
  NTg2                 (  106 cells) response range: [-0.086, 0.033] [NTC]
  NTg3                 (  244 cells) response range: [-0.037, 0.025] [NTC]
  NTg4                 (  431 cells) response range: [-0.022, 0.069] [NTC]
  NTg5                 (  305 cells) response range: [-0.053, 0.050] [NTC]
  NTg7                 (  445 cells) response range: [-0.020, 0.020] [NTC]
  NTg8                 (   56 cells) response range: [-0.040, 0.039] [NTC]
  NTg9                 (  261 cells) response range: [-0.019, 0.032] [NTC]
  tar-ATF2             ( 1102 cells) response range: [-0.019, 0.031]
  tar-BRD4             (  341 cells) response range: [-0.191, 0.174]
  tar-CAV1             (  882 cells) response range: [-0.045, 0.023]
  tar-CD86             ( 1197 cells) response range: [-0.031, 0.016]
  tar-CMTM6            (  817 cells) response range: [-0.027, 0.024]
  tar-CUL3             (  274 cells) response range: [-0.091, 0.090]
  tar-ETV7             (  841 cells) response range: [-0.027, 0.054]
  tar-IFNGR1           ( 1341 cells) response range: [-0.596, 0.207]
  tar-IFNGR2           ( 1213 cells) response range: [-0.605, 0.195]
  tar-IRF1             ( 1073 cells) response range: [-0.717, 0.349]
  tar-IRF7             (  614 cells) response range: [-0.015, 0.028]
  tar-JAK2             ( 1024 cells) response range: [-0.651, 0.214]
  tar-MARCH8           ( 1003 cells) response range: [-0.023, 0.030]
  tar-MYC              (  108 cells) response range: [-0.086, 0.096]
  tar-NFKBIA           (  787 cells) response range: [-0.045, 0.049]
  tar-PDCD1LG2         (  617 cells) response range: [-0.025, 0.018]
  tar-POU2F2           (  662 cells) response range: [-0.021, 0.029]
  tar-SMAD4            (  659 cells) response range: [-0.496, 0.319]
  tar-SPI1             (   48 cells) response range: [-0.104, 0.089]
  tar-STAT1            (  444 cells) response range: [-0.482, 0.171]
  tar-STAT2            (  661 cells) response range: [-0.342, 0.072]
  tar-STAT3            (  493 cells) response range: [-0.021, 0.023]
  tar-STAT5A           (  659 cells) response range: [-0.035, 0.030]
  tar-TNFRSF14         (  964 cells) response range: [-0.044, 0.044]
  tar-UBE2L6           (  518 cells) response range: [-0.023, 0.047]
  NTC null: mean |response| per gene = 0.0020  std across NTC guides = 0.0025
  Saved: /project/xuanyao/jiaming/deeplearning/results_papalexi/beta1e-4_dim128/response_scores.csv
  Saved: /project/xuanyao/jiaming/deeplearning/results_papalexi/beta1e-4_dim128/figures/gene_response_heatmap.png
  Saved: /project/xuanyao/jiaming/deeplearning/results_papalexi/beta1e-4_dim128/figures/effect_size_vs_null.png
  NTC noise floor (mean+2SD): 0.0029
  Saved: /project/xuanyao/jiaming/deeplearning/results_papalexi/beta1e-4_dim128/figures/top_genes_per_pert.png

[3/4] Clustering perturbations by response vectors...
  Saved: /project/xuanyao/jiaming/deeplearning/results_papalexi/beta1e-4_dim128/figures/perturbation_clustermap.png

[4/4] Running hallmark pathway enrichment...
  Saved: /project/xuanyao/jiaming/deeplearning/results_papalexi/beta1e-4_dim128/figures/pathway_enrichment.png

[Bonus] Comparing CVAE response vs naive differential expression...
  Mean Spearman ρ (CVAE vs DE): 0.567
  Mean top-20 gene overlap:     7.1/20
  Saved: /project/xuanyao/jiaming/deeplearning/results_papalexi/beta1e-4_dim128/cvae_vs_de_comparison.csv

All figures saved to: /project/xuanyao/jiaming/deeplearning/results_papalexi/beta1e-4_dim128/figures
Done!
Done: beta1e-4_dim128
