=== Train: beta=0.01 latent_dim=64 (no perturbation) ===
Device: cpu
Loading data...
  20729 cells, 3725 genes, 35 perturbations
  Filtering 1 cells with unknown perturbation assignment.
  Extra covariates: 17 dims (3 continuous + 14 categorical OHE)
Log1p-normalizing expression data...
  Train: 17635 cells | Val: 3093 cells

Model: 3725 genes | 34 perturbations | latent_dim=64
  Trainable parameters: 9,068,557

Training for up to 100 epochs (early stop patience=15)...

 Epoch   Train Total   Train Recon    Train KL   Val Total   Val Recon        LR    Time
------------------------------------------------------------------------------------------
     1        0.1976        0.1961      0.1504      0.1445      0.1444   1.0e-03    2.8s
     2        0.1489        0.1488      0.0110      0.1432      0.1432   1.0e-03    2.9s
     3        0.1460        0.1459      0.0067      0.1431      0.1431   1.0e-03    2.9s
     4        0.1437        0.1436      0.0067      0.1421      0.1421   1.0e-03    2.9s
     5        0.1413        0.1413      0.0062      0.1418      0.1418   1.0e-03    3.0s
     6        0.1397        0.1396      0.0055      0.1409      0.1409   1.0e-03    2.8s
     7        0.1387        0.1387      0.0050      0.1400      0.1400   1.0e-03    2.9s
     8        0.1372        0.1369      0.0226      0.1360      0.1356   1.0e-03    2.9s
     9        0.1347        0.1342      0.0498      0.1345      0.1339   1.0e-03    2.9s
    10        0.1332        0.1326      0.0586      0.1336      0.1330   1.0e-03    2.8s
    11        0.1323        0.1316      0.0636      0.1322      0.1316   1.0e-03    2.9s
    12        0.1314        0.1307      0.0668      0.1310      0.1303   1.0e-03    3.0s
    13        0.1298        0.1290      0.0790      0.1292      0.1285   1.0e-03    2.9s
    14        0.1283        0.1275      0.0825      0.1288      0.1280   1.0e-03    2.9s
    15        0.1276        0.1267      0.0859      0.1278      0.1270   1.0e-03    2.9s
    16        0.1271        0.1262      0.0870      0.1278      0.1269   1.0e-03    2.9s
    17        0.1267        0.1258      0.0857      0.1273      0.1265   1.0e-03    2.9s
    18        0.1262        0.1253      0.0879      0.1267      0.1258   1.0e-03    2.9s
    19        0.1258        0.1249      0.0903      0.1265      0.1255   1.0e-03    3.0s
    20        0.1255        0.1246      0.0928      0.1263      0.1254   1.0e-03    2.9s
    21        0.1252        0.1243      0.0935      0.1256      0.1247   1.0e-03    2.9s
    22        0.1248        0.1238      0.0952      0.1254      0.1244   1.0e-03    3.0s
    23        0.1244        0.1234      0.0969      0.1250      0.1241   1.0e-03    3.0s
    24        0.1239        0.1229      0.0985      0.1249      0.1240   1.0e-03    2.9s
    25        0.1238        0.1228      0.0989      0.1243      0.1233   1.0e-03    2.9s
    26        0.1236        0.1226      0.1000      0.1241      0.1231   1.0e-03    2.9s
    27        0.1233        0.1223      0.1010      0.1238      0.1229   1.0e-03    2.9s
    28        0.1231        0.1221      0.1019      0.1239      0.1228   1.0e-03    2.9s
    29        0.1229        0.1219      0.1032      0.1236      0.1226   1.0e-03    2.9s
    30        0.1228        0.1218      0.1052      0.1235      0.1224   1.0e-03    2.9s
    31        0.1226        0.1214      0.1126      0.1230      0.1218   1.0e-03    2.9s
    32        0.1223        0.1211      0.1178      0.1227      0.1215   1.0e-03    2.9s
    33        0.1221        0.1209      0.1218      0.1225      0.1213   1.0e-03    3.0s
    34        0.1219        0.1207      0.1237      0.1226      0.1213   1.0e-03    2.9s
    35        0.1217        0.1204      0.1257      0.1223      0.1211   1.0e-03    2.9s
    36        0.1216        0.1203      0.1264      0.1225      0.1212   1.0e-03    2.9s
    37        0.1215        0.1202      0.1272      0.1222      0.1210   1.0e-03    2.9s
    38        0.1213        0.1200      0.1280      0.1223      0.1210   1.0e-03    2.9s
    39        0.1210        0.1198      0.1269      0.1220      0.1208   1.0e-03    2.9s
    40        0.1210        0.1197      0.1268      0.1221      0.1208   1.0e-03    2.9s
    41        0.1208        0.1195      0.1269      0.1220      0.1207   1.0e-03    2.9s
    42        0.1207        0.1194      0.1271      0.1218      0.1205   1.0e-03    2.9s
    43        0.1205        0.1192      0.1276      0.1218      0.1205   1.0e-03    2.9s
    44        0.1205        0.1192      0.1279      0.1217      0.1204   1.0e-03    2.9s
    45        0.1204        0.1191      0.1288      0.1216      0.1203   1.0e-03    2.9s
    46        0.1202        0.1189      0.1293      0.1218      0.1205   1.0e-03    3.0s
    47        0.1202        0.1189      0.1303      0.1215      0.1202   1.0e-03    2.9s
    48        0.1201        0.1187      0.1311      0.1215      0.1203   1.0e-03    2.9s
    49        0.1200        0.1187      0.1316      0.1214      0.1201   1.0e-03    2.9s
    50        0.1199        0.1186      0.1328      0.1214      0.1201   1.0e-03    2.9s
    51        0.1199        0.1186      0.1345      0.1212      0.1199   1.0e-03    2.8s
    52        0.1197        0.1184      0.1366      0.1212      0.1198   1.0e-03    2.9s
    53        0.1196        0.1182      0.1409      0.1211      0.1197   1.0e-03    2.8s
    54        0.1194        0.1180      0.1438      0.1212      0.1198   1.0e-03    2.9s
    55        0.1194        0.1180      0.1456      0.1208      0.1194   1.0e-03    2.9s
    56        0.1193        0.1178      0.1471      0.1207      0.1193   1.0e-03    2.9s
    57        0.1191        0.1177      0.1475      0.1208      0.1193   1.0e-03    2.9s
    58        0.1191        0.1176      0.1490      0.1207      0.1192   1.0e-03    2.9s
    59        0.1191        0.1176      0.1497      0.1206      0.1192   1.0e-03    2.9s
    60        0.1190        0.1175      0.1506      0.1206      0.1191   1.0e-03    2.9s
    61        0.1189        0.1174      0.1516      0.1207      0.1191   1.0e-03    2.8s
    62        0.1188        0.1173      0.1517      0.1205      0.1190   1.0e-03    2.8s
    63        0.1187        0.1171      0.1537      0.1206      0.1191   1.0e-03    3.0s
    64        0.1186        0.1171      0.1540      0.1206      0.1190   1.0e-03    2.8s
    65        0.1186        0.1170      0.1540      0.1205      0.1190   1.0e-03    2.9s
    66        0.1185        0.1169      0.1546      0.1204      0.1189   1.0e-03    2.9s
    67        0.1183        0.1168      0.1542      0.1204      0.1189   1.0e-03    2.9s
    68        0.1182        0.1167      0.1539      0.1204      0.1189   1.0e-03    2.9s
    69        0.1182        0.1166      0.1543      0.1205      0.1190   1.0e-03    2.9s
    70        0.1181        0.1166      0.1532      0.1203      0.1187   1.0e-03    2.9s
    71        0.1180        0.1165      0.1545      0.1206      0.1191   1.0e-03    2.9s
    72        0.1180        0.1165      0.1540      0.1204      0.1189   1.0e-03    3.1s
    73        0.1179        0.1164      0.1553      0.1205      0.1189   1.0e-03    2.9s
    74        0.1178        0.1163      0.1546      0.1202      0.1187   1.0e-03    2.8s
    75        0.1177        0.1161      0.1561      0.1203      0.1188   1.0e-03    2.9s
    76        0.1177        0.1161      0.1554      0.1203      0.1187   1.0e-03    2.8s
    77        0.1176        0.1161      0.1563      0.1202      0.1187   1.0e-03    2.8s
    78        0.1176        0.1161      0.1554      0.1203      0.1188   1.0e-03    2.8s
    79        0.1176        0.1161      0.1568      0.1203      0.1187   1.0e-03    2.9s
    80        0.1175        0.1160      0.1569      0.1204      0.1189   5.0e-04    2.9s
    81        0.1171        0.1155      0.1568      0.1201      0.1186   5.0e-04    2.9s
    82        0.1171        0.1155      0.1574      0.1201      0.1185   5.0e-04    2.9s
    83        0.1170        0.1154      0.1580      0.1202      0.1186   5.0e-04    2.9s
    84        0.1169        0.1153      0.1583      0.1202      0.1186   5.0e-04    2.9s
    85        0.1169        0.1153      0.1583      0.1201      0.1185   5.0e-04    2.8s
    86        0.1169        0.1153      0.1589      0.1202      0.1186   5.0e-04    2.8s
    87        0.1169        0.1153      0.1583      0.1201      0.1185   5.0e-04    2.8s
    88        0.1168        0.1152      0.1591      0.1201      0.1186   2.5e-04    2.7s
    89        0.1167        0.1151      0.1590      0.1201      0.1185   2.5e-04    2.8s
    90        0.1167        0.1151      0.1594      0.1200      0.1185   2.5e-04    2.8s
    91        0.1165        0.1149      0.1593      0.1201      0.1185   2.5e-04    2.8s
    92        0.1165        0.1149      0.1599      0.1200      0.1185   2.5e-04    2.8s
    93        0.1165        0.1149      0.1593      0.1201      0.1185   2.5e-04    2.7s
    94        0.1165        0.1149      0.1598      0.1201      0.1185   2.5e-04    2.8s
    95        0.1164        0.1148      0.1600      0.1201      0.1185   1.3e-04    2.8s
    96        0.1164        0.1148      0.1599      0.1201      0.1185   1.3e-04    2.8s
    97        0.1163        0.1147      0.1603      0.1200      0.1185   1.3e-04    2.8s
    98        0.1163        0.1147      0.1600      0.1201      0.1185   1.3e-04    2.8s
    99        0.1164        0.1148      0.1604      0.1201      0.1185   1.3e-04    2.8s
   100        0.1163        0.1147      0.1604      0.1201      0.1185   1.3e-04    2.8s

Done. Best val loss: 0.1200
Checkpoints and logs saved to: /project/xuanyao/jiaming/deeplearning/results_papalexi_no_pert/beta0.01_dim64
=== Analyze ===
Device: cpu
Loading data...
  20729 cells, 3725 genes, 34 perturbations
Log1p-normalizing...
  Filtering 1 cells with unknown perturbation.

Loading model from model_best.pt...

[1/4] Computing latent embeddings...
  Silhouette score (perturbation clusters, excl. NTC): -0.0763
Running UMAP (this may take a few minutes)...
UMAP(min_dist=0.3, n_jobs=1, n_neighbors=30, random_state=42, verbose=True)
Sat May 16 18:26:35 2026 Construct fuzzy simplicial set
Sat May 16 18:26:35 2026 Finding Nearest Neighbors
Sat May 16 18:26:35 2026 Building RP forest with 12 trees
Sat May 16 18:26:39 2026 NN descent for 14 iterations
	 1  /  14
	 2  /  14
	Stopping threshold met -- exiting after 2 iterations
Sat May 16 18:26:50 2026 Finished Nearest Neighbor Search
Sat May 16 18:26:54 2026 Construct embedding
	completed  0  /  200 epochs
	completed  20  /  200 epochs
	completed  40  /  200 epochs
	completed  60  /  200 epochs
	completed  80  /  200 epochs
	completed  100  /  200 epochs
	completed  120  /  200 epochs
	completed  140  /  200 epochs
	completed  160  /  200 epochs
	completed  180  /  200 epochs
Sat May 16 18:27:12 2026 Finished embedding
  Saved: /project/xuanyao/jiaming/deeplearning/results_papalexi_no_pert/beta0.01_dim64/figures/umap_latent.png
  Saved covariate UMAPs: umap_n_nonzero.png, umap_n_umis.png, umap_lane.png, umap_bio_rep.png, umap_phase.png, umap_p_mito.png
Running expression-PCA UMAP for covariate verification...
  Saved expression UMAP covariates: umap_expr_n_nonzero.png, umap_expr_n_umis.png, umap_expr_lane.png, umap_expr_bio_rep.png, umap_expr_phase.png, umap_expr_p_mito.png
  Saved: /project/xuanyao/jiaming/deeplearning/results_papalexi_no_pert/beta0.01_dim64/figures/umap_per_perturbation.png

[2/4] Computing perturbation response scores (decode Δ vs NTC avg of 9 guides: ['NTg1', 'NTg10', 'NTg2', 'NTg3', 'NTg4']...)...
  NTg1                 (  303 cells) response range: [-0.031, 0.032] [NTC]
  NTg10                (  235 cells) response range: [-0.044, 0.024] [NTC]
  NTg2                 (  106 cells) response range: [-0.034, 0.034] [NTC]
  NTg3                 (  244 cells) response range: [-0.054, 0.047] [NTC]
  NTg4                 (  431 cells) response range: [-0.044, 0.064] [NTC]
  NTg5                 (  305 cells) response range: [-0.046, 0.040] [NTC]
  NTg7                 (  445 cells) response range: [-0.025, 0.026] [NTC]
  NTg8                 (   56 cells) response range: [-0.081, 0.053] [NTC]
  NTg9                 (  261 cells) response range: [-0.033, 0.044] [NTC]
  tar-ATF2             ( 1102 cells) response range: [-0.032, 0.028]
  tar-BRD4             (  341 cells) response range: [-0.042, 0.028]
  tar-CAV1             (  882 cells) response range: [-0.031, 0.036]
  tar-CD86             ( 1197 cells) response range: [-0.024, 0.025]
  tar-CMTM6            (  817 cells) response range: [-0.046, 0.024]
  tar-CUL3             (  274 cells) response range: [-0.045, 0.029]
  tar-ETV7             (  841 cells) response range: [-0.039, 0.029]
  tar-IFNGR1           ( 1341 cells) response range: [-0.038, 0.042]
  tar-IFNGR2           ( 1213 cells) response range: [-0.059, 0.026]
  tar-IRF1             ( 1073 cells) response range: [-0.103, 0.034]
  tar-IRF7             (  614 cells) response range: [-0.063, 0.034]
  tar-JAK2             ( 1024 cells) response range: [-0.025, 0.033]
  tar-MARCH8           ( 1003 cells) response range: [-0.066, 0.022]
  tar-MYC              (  108 cells) response range: [-0.032, 0.026]
  tar-NFKBIA           (  787 cells) response range: [-0.026, 0.016]
  tar-PDCD1LG2         (  617 cells) response range: [-0.064, 0.044]
  tar-POU2F2           (  662 cells) response range: [-0.060, 0.014]
  tar-SMAD4            (  659 cells) response range: [-0.031, 0.029]
  tar-SPI1             (   48 cells) response range: [-0.070, 0.055]
  tar-STAT1            (  444 cells) response range: [-0.041, 0.025]
  tar-STAT2            (  661 cells) response range: [-0.031, 0.049]
  tar-STAT3            (  493 cells) response range: [-0.045, 0.027]
  tar-STAT5A           (  659 cells) response range: [-0.043, 0.018]
  tar-TNFRSF14         (  964 cells) response range: [-0.089, 0.030]
  tar-UBE2L6           (  518 cells) response range: [-0.050, 0.044]
  NTC null: mean |response| per gene = 0.0023  std across NTC guides = 0.0028
  Saved: /project/xuanyao/jiaming/deeplearning/results_papalexi_no_pert/beta0.01_dim64/response_scores.csv
  Saved: /project/xuanyao/jiaming/deeplearning/results_papalexi_no_pert/beta0.01_dim64/figures/gene_response_heatmap.png
  Saved: /project/xuanyao/jiaming/deeplearning/results_papalexi_no_pert/beta0.01_dim64/figures/effect_size_vs_null.png
  NTC noise floor (mean+2SD): 0.0036
  Saved: /project/xuanyao/jiaming/deeplearning/results_papalexi_no_pert/beta0.01_dim64/figures/top_genes_per_pert.png

[3/4] Clustering perturbations by response vectors...
  Saved: /project/xuanyao/jiaming/deeplearning/results_papalexi_no_pert/beta0.01_dim64/figures/perturbation_clustermap.png

[4/4] Running hallmark pathway enrichment...
  Saved: /project/xuanyao/jiaming/deeplearning/results_papalexi_no_pert/beta0.01_dim64/figures/pathway_enrichment.png

[Bonus] Comparing CVAE response vs naive differential expression...
  Mean Spearman ρ (CVAE vs DE): 0.524
  Mean top-20 gene overlap:     3.2/20
  Saved: /project/xuanyao/jiaming/deeplearning/results_papalexi_no_pert/beta0.01_dim64/cvae_vs_de_comparison.csv

All figures saved to: /project/xuanyao/jiaming/deeplearning/results_papalexi_no_pert/beta0.01_dim64/figures
Done!
Done: beta0.01_dim64
