=== Train: beta=0.1 latent_dim=32 (no phase) ===
Device: cpu
Loading data...
  20729 cells, 3725 genes, 35 perturbations
  Filtering 1 cells with unknown perturbation assignment.
  Extra covariates: 14 dims (3 continuous + 11 categorical OHE)
Log1p-normalizing expression data...
  Train: 17635 cells | Val: 3093 cells

Model: 3725 genes | 34 perturbations | latent_dim=32
  Trainable parameters: 9,040,077

Training for up to 100 epochs (early stop patience=15)...

 Epoch   Train Total   Train Recon    Train KL   Val Total   Val Recon        LR    Time
------------------------------------------------------------------------------------------
     1        0.2008        0.1983      0.0247      0.1443      0.1443   1.0e-03    2.5s
     2        0.1491        0.1485      0.0056      0.1430      0.1430   1.0e-03    2.6s
     3        0.1459        0.1456      0.0031      0.1427      0.1427   1.0e-03    2.8s
     4        0.1440        0.1439      0.0017      0.1416      0.1415   1.0e-03    2.6s
     5        0.1421        0.1420      0.0009      0.1407      0.1407   1.0e-03    2.7s
     6        0.1403        0.1403      0.0005      0.1393      0.1393   1.0e-03    2.6s
     7        0.1386        0.1386      0.0003      0.1381      0.1381   1.0e-03    2.7s
     8        0.1373        0.1373      0.0002      0.1372      0.1372   1.0e-03    2.7s
     9        0.1363        0.1363      0.0002      0.1367      0.1367   1.0e-03    2.6s
    10        0.1357        0.1357      0.0001      0.1364      0.1364   1.0e-03    2.7s
    11        0.1353        0.1353      0.0001      0.1361      0.1361   1.0e-03    2.7s
    12        0.1350        0.1350      0.0001      0.1358      0.1358   1.0e-03    2.6s
    13        0.1347        0.1347      0.0001      0.1355      0.1355   1.0e-03    2.6s
    14        0.1345        0.1345      0.0001      0.1354      0.1354   1.0e-03    2.7s
    15        0.1343        0.1343      0.0001      0.1352      0.1352   1.0e-03    2.6s
    16        0.1341        0.1341      0.0000      0.1352      0.1352   1.0e-03    2.7s
    17        0.1339        0.1339      0.0000      0.1349      0.1349   1.0e-03    2.7s
    18        0.1338        0.1338      0.0000      0.1348      0.1348   1.0e-03    2.7s
    19        0.1335        0.1335      0.0000      0.1349      0.1349   1.0e-03    2.7s
    20        0.1336        0.1336      0.0000      0.1347      0.1347   1.0e-03    2.8s
    21        0.1334        0.1334      0.0000      0.1346      0.1346   1.0e-03    2.8s
    22        0.1332        0.1332      0.0000      0.1345      0.1345   1.0e-03    2.8s
    23        0.1332        0.1332      0.0000      0.1345      0.1345   1.0e-03    2.8s
    24        0.1331        0.1331      0.0000      0.1343      0.1343   1.0e-03    2.7s
    25        0.1330        0.1330      0.0000      0.1344      0.1344   1.0e-03    2.8s
    26        0.1330        0.1330      0.0000      0.1343      0.1343   1.0e-03    2.7s
    27        0.1328        0.1328      0.0000      0.1343      0.1343   1.0e-03    2.7s
    28        0.1326        0.1326      0.0000      0.1343      0.1343   1.0e-03    2.8s
    29        0.1327        0.1327      0.0000      0.1342      0.1342   1.0e-03    2.8s
    30        0.1326        0.1326      0.0000      0.1342      0.1342   1.0e-03    2.8s
    31        0.1325        0.1325      0.0000      0.1341      0.1341   1.0e-03    2.8s
    32        0.1325        0.1325      0.0000      0.1342      0.1342   1.0e-03    2.8s
    33        0.1325        0.1325      0.0000      0.1341      0.1341   1.0e-03    2.7s
    34        0.1323        0.1323      0.0000      0.1341      0.1341   1.0e-03    2.8s
    35        0.1322        0.1322      0.0000      0.1342      0.1342   1.0e-03    2.6s
    36        0.1323        0.1323      0.0000      0.1341      0.1341   1.0e-03    2.7s
    37        0.1322        0.1322      0.0000      0.1341      0.1341   1.0e-03    2.8s
    38        0.1322        0.1322      0.0000      0.1341      0.1341   1.0e-03    2.7s
    39        0.1321        0.1321      0.0000      0.1341      0.1341   5.0e-04    2.8s
    40        0.1319        0.1319      0.0000      0.1339      0.1339   5.0e-04    2.7s
    41        0.1319        0.1319      0.0000      0.1340      0.1340   5.0e-04    2.7s
    42        0.1317        0.1317      0.0000      0.1340      0.1340   5.0e-04    2.8s
    43        0.1317        0.1317      0.0000      0.1340      0.1340   5.0e-04    2.7s
    44        0.1316        0.1316      0.0000      0.1340      0.1340   5.0e-04    2.8s
    45        0.1316        0.1316      0.0000      0.1340      0.1340   5.0e-04    2.7s
    46        0.1316        0.1316      0.0000      0.1341      0.1341   2.5e-04    2.8s
    47        0.1315        0.1315      0.0000      0.1339      0.1339   2.5e-04    2.7s
    48        0.1315        0.1315      0.0000      0.1339      0.1339   2.5e-04    2.8s
    49        0.1314        0.1314      0.0000      0.1339      0.1339   2.5e-04    3.0s
    50        0.1315        0.1314      0.0000      0.1339      0.1339   2.5e-04    2.8s
    51        0.1314        0.1314      0.0000      0.1340      0.1340   2.5e-04    3.0s
    52        0.1314        0.1314      0.0000      0.1339      0.1339   2.5e-04    2.8s
    53        0.1314        0.1314      0.0000      0.1340      0.1340   1.3e-04    2.7s
    54        0.1313        0.1313      0.0000      0.1339      0.1339   1.3e-04    2.8s
    55        0.1313        0.1313      0.0000      0.1340      0.1340   1.3e-04    2.8s
    56        0.1313        0.1313      0.0000      0.1339      0.1339   1.3e-04    2.8s
    57        0.1313        0.1313      0.0000      0.1340      0.1340   1.3e-04    2.8s
    58        0.1312        0.1312      0.0000      0.1340      0.1340   1.3e-04    2.8s
    59        0.1313        0.1313      0.0000      0.1340      0.1340   6.3e-05    2.8s
    60        0.1312        0.1312      0.0000      0.1339      0.1339   6.3e-05    2.9s
    61        0.1312        0.1312      0.0000      0.1340      0.1340   6.3e-05    2.9s
    62        0.1312        0.1312      0.0000      0.1339      0.1339   6.3e-05    2.9s

Early stopping at epoch 62 (no improvement for 15 epochs)

Done. Best val loss: 0.1339
Checkpoints and logs saved to: /project/xuanyao/jiaming/deeplearning/results_papalexi_nophase/beta0.1_dim32
=== Analyze ===
Device: cpu
Loading data...
  20729 cells, 3725 genes, 34 perturbations
Log1p-normalizing...
  Filtering 1 cells with unknown perturbation.

Loading model from model_best.pt...

[1/4] Computing latent embeddings...
  Silhouette score (perturbation clusters, excl. NTC): -0.1507
Running UMAP (this may take a few minutes)...
UMAP(min_dist=0.3, n_jobs=1, n_neighbors=30, random_state=42, verbose=True)
Fri May 15 13:16:13 2026 Construct fuzzy simplicial set
Fri May 15 13:16:13 2026 Finding Nearest Neighbors
Fri May 15 13:16:13 2026 Building RP forest with 12 trees
Fri May 15 13:16:18 2026 NN descent for 14 iterations
	 1  /  14
	 2  /  14
	 3  /  14
	Stopping threshold met -- exiting after 3 iterations
Fri May 15 13:16:30 2026 Finished Nearest Neighbor Search
Fri May 15 13:16:34 2026 Construct embedding
	completed  0  /  200 epochs
	completed  20  /  200 epochs
	completed  40  /  200 epochs
	completed  60  /  200 epochs
	completed  80  /  200 epochs
	completed  100  /  200 epochs
	completed  120  /  200 epochs
	completed  140  /  200 epochs
	completed  160  /  200 epochs
	completed  180  /  200 epochs
Fri May 15 13:16:54 2026 Finished embedding
  Saved: /project/xuanyao/jiaming/deeplearning/results_papalexi_nophase/beta0.1_dim32/figures/umap_latent.png
  Saved covariate UMAPs: umap_n_nonzero.png, umap_n_umis.png, umap_lane.png, umap_bio_rep.png, umap_phase.png, umap_p_mito.png
Running expression-PCA UMAP for covariate verification...
  Saved expression UMAP covariates: umap_expr_n_nonzero.png, umap_expr_n_umis.png, umap_expr_lane.png, umap_expr_bio_rep.png, umap_expr_phase.png, umap_expr_p_mito.png
  Saved: /project/xuanyao/jiaming/deeplearning/results_papalexi_nophase/beta0.1_dim32/figures/umap_per_perturbation.png

[2/4] Computing perturbation response scores (decode Δ vs NTC avg of 9 guides: ['NTg1', 'NTg10', 'NTg2', 'NTg3', 'NTg4']...)...
  NTg1                 (  303 cells) response range: [-0.151, 0.088] [NTC]
  NTg10                (  235 cells) response range: [-0.058, 0.034] [NTC]
  NTg2                 (  106 cells) response range: [-0.092, 0.060] [NTC]
  NTg3                 (  244 cells) response range: [-0.082, 0.096] [NTC]
  NTg4                 (  431 cells) response range: [-0.038, 0.050] [NTC]
  NTg5                 (  305 cells) response range: [-0.060, 0.036] [NTC]
  NTg7                 (  445 cells) response range: [-0.055, 0.037] [NTC]
  NTg8                 (   56 cells) response range: [-0.039, 0.063] [NTC]
  NTg9                 (  261 cells) response range: [-0.030, 0.038] [NTC]
  tar-ATF2             ( 1102 cells) response range: [-0.030, 0.036]
  tar-BRD4             (  341 cells) response range: [-0.198, 0.124]
  tar-CAV1             (  882 cells) response range: [-0.034, 0.014]
  tar-CD86             ( 1197 cells) response range: [-0.047, 0.036]
  tar-CMTM6            (  817 cells) response range: [-0.057, 0.025]
  tar-CUL3             (  274 cells) response range: [-0.181, 0.269]
  tar-ETV7             (  841 cells) response range: [-0.049, 0.081]
  tar-IFNGR1           ( 1341 cells) response range: [-1.645, 0.554]
  tar-IFNGR2           ( 1213 cells) response range: [-1.714, 0.543]
  tar-IRF1             ( 1073 cells) response range: [-0.901, 0.744]
  tar-IRF7             (  614 cells) response range: [-0.069, 0.045]
  tar-JAK2             ( 1024 cells) response range: [-1.832, 0.604]
  tar-MARCH8           ( 1003 cells) response range: [-0.053, 0.052]
  tar-MYC              (  108 cells) response range: [-0.190, 0.324]
  tar-NFKBIA           (  787 cells) response range: [-0.093, 0.071]
  tar-PDCD1LG2         (  617 cells) response range: [-0.035, 0.046]
  tar-POU2F2           (  662 cells) response range: [-0.045, 0.076]
  tar-SMAD4            (  659 cells) response range: [-1.020, 0.510]
  tar-SPI1             (   48 cells) response range: [-0.135, 0.056]
  tar-STAT1            (  444 cells) response range: [-1.758, 0.619]
  tar-STAT2            (  661 cells) response range: [-0.840, 0.181]
  tar-STAT3            (  493 cells) response range: [-0.056, 0.053]
  tar-STAT5A           (  659 cells) response range: [-0.053, 0.042]
  tar-TNFRSF14         (  964 cells) response range: [-0.050, 0.031]
  tar-UBE2L6           (  518 cells) response range: [-0.057, 0.043]
  NTC null: mean |response| per gene = 0.0040  std across NTC guides = 0.0048
  Saved: /project/xuanyao/jiaming/deeplearning/results_papalexi_nophase/beta0.1_dim32/response_scores.csv
  Saved: /project/xuanyao/jiaming/deeplearning/results_papalexi_nophase/beta0.1_dim32/figures/gene_response_heatmap.png
  Saved: /project/xuanyao/jiaming/deeplearning/results_papalexi_nophase/beta0.1_dim32/figures/effect_size_vs_null.png
  NTC noise floor (mean+2SD): 0.0060
  Saved: /project/xuanyao/jiaming/deeplearning/results_papalexi_nophase/beta0.1_dim32/figures/top_genes_per_pert.png

[3/4] Clustering perturbations by response vectors...
  Saved: /project/xuanyao/jiaming/deeplearning/results_papalexi_nophase/beta0.1_dim32/figures/perturbation_clustermap.png

[4/4] Running hallmark pathway enrichment...
  Saved: /project/xuanyao/jiaming/deeplearning/results_papalexi_nophase/beta0.1_dim32/figures/pathway_enrichment.png

[Bonus] Comparing CVAE response vs naive differential expression...
  Mean Spearman ρ (CVAE vs DE): 0.528
  Mean top-20 gene overlap:     6.9/20
  Saved: /project/xuanyao/jiaming/deeplearning/results_papalexi_nophase/beta0.1_dim32/cvae_vs_de_comparison.csv

All figures saved to: /project/xuanyao/jiaming/deeplearning/results_papalexi_nophase/beta0.1_dim32/figures
Done!
Done: beta0.1_dim32
