=== Train: beta=1.0 latent_dim=64 (no perturbation) ===
Device: cpu
Loading data...
  20729 cells, 3725 genes, 35 perturbations
  Filtering 1 cells with unknown perturbation assignment.
  Extra covariates: 17 dims (3 continuous + 14 categorical OHE)
Log1p-normalizing expression data...
  Train: 17635 cells | Val: 3093 cells

Model: 3725 genes | 34 perturbations | latent_dim=64
  Trainable parameters: 9,068,557

Training for up to 100 epochs (early stop patience=15)...

 Epoch   Train Total   Train Recon    Train KL   Val Total   Val Recon        LR    Time
------------------------------------------------------------------------------------------
     1        0.2185        0.1984      0.0201      0.1447      0.1444   1.0e-03    2.5s
     2        0.1542        0.1491      0.0051      0.1432      0.1432   1.0e-03    2.8s
     3        0.1493        0.1462      0.0030      0.1435      0.1435   1.0e-03    3.0s
     4        0.1459        0.1442      0.0017      0.1417      0.1416   1.0e-03    3.1s
     5        0.1426        0.1419      0.0007      0.1419      0.1419   1.0e-03    3.0s
     6        0.1404        0.1401      0.0003      0.1409      0.1409   1.0e-03    3.0s
     7        0.1392        0.1391      0.0001      0.1401      0.1401   1.0e-03    3.0s
     8        0.1382        0.1381      0.0000      0.1390      0.1390   1.0e-03    2.9s
     9        0.1372        0.1372      0.0000      0.1381      0.1381   1.0e-03    3.0s
    10        0.1363        0.1363      0.0000      0.1374      0.1374   1.0e-03    3.0s
    11        0.1359        0.1359      0.0000      0.1371      0.1371   1.0e-03    3.0s
    12        0.1357        0.1357      0.0000      0.1368      0.1368   1.0e-03    3.0s
    13        0.1354        0.1354      0.0000      0.1364      0.1364   1.0e-03    3.0s
    14        0.1351        0.1351      0.0000      0.1363      0.1363   1.0e-03    3.1s
    15        0.1349        0.1349      0.0000      0.1359      0.1359   1.0e-03    3.1s
    16        0.1347        0.1347      0.0000      0.1358      0.1358   1.0e-03    3.0s
    17        0.1345        0.1345      0.0000      0.1357      0.1357   1.0e-03    3.0s
    18        0.1344        0.1344      0.0000      0.1356      0.1356   1.0e-03    3.0s
    19        0.1343        0.1343      0.0000      0.1355      0.1355   1.0e-03    3.2s
    20        0.1342        0.1342      0.0000      0.1356      0.1356   1.0e-03    3.2s
    21        0.1341        0.1341      0.0000      0.1353      0.1353   1.0e-03    3.1s
    22        0.1340        0.1339      0.0000      0.1352      0.1352   1.0e-03    3.2s
    23        0.1339        0.1339      0.0000      0.1353      0.1353   1.0e-03    3.2s
    24        0.1337        0.1337      0.0000      0.1352      0.1352   1.0e-03    3.1s
    25        0.1338        0.1338      0.0000      0.1351      0.1351   1.0e-03    3.1s
    26        0.1338        0.1338      0.0000      0.1350      0.1350   1.0e-03    3.2s
    27        0.1337        0.1337      0.0000      0.1350      0.1350   1.0e-03    3.0s
    28        0.1336        0.1335      0.0000      0.1351      0.1351   1.0e-03    3.1s
    29        0.1335        0.1335      0.0000      0.1351      0.1351   1.0e-03    3.1s
    30        0.1336        0.1336      0.0000      0.1350      0.1350   1.0e-03    3.2s
    31        0.1335        0.1335      0.0000      0.1350      0.1350   1.0e-03    3.1s
    32        0.1334        0.1334      0.0000      0.1351      0.1351   1.0e-03    3.1s
    33        0.1334        0.1334      0.0000      0.1349      0.1349   1.0e-03    3.1s
    34        0.1334        0.1334      0.0000      0.1349      0.1349   1.0e-03    3.1s
    35        0.1333        0.1333      0.0000      0.1348      0.1348   1.0e-03    3.1s
    36        0.1333        0.1333      0.0000      0.1350      0.1350   1.0e-03    3.1s
    37        0.1333        0.1333      0.0000      0.1349      0.1349   1.0e-03    3.1s
    38        0.1332        0.1332      0.0000      0.1349      0.1349   1.0e-03    3.2s
    39        0.1332        0.1332      0.0000      0.1349      0.1348   1.0e-03    3.1s
    40        0.1332        0.1332      0.0000      0.1349      0.1349   1.0e-03    3.2s
    41        0.1330        0.1330      0.0000      0.1349      0.1349   5.0e-04    3.2s
    42        0.1329        0.1329      0.0000      0.1347      0.1347   5.0e-04    3.1s
    43        0.1328        0.1328      0.0000      0.1346      0.1346   5.0e-04    3.0s
    44        0.1329        0.1329      0.0000      0.1347      0.1347   5.0e-04    3.1s
    45        0.1328        0.1328      0.0000      0.1347      0.1347   5.0e-04    3.1s
    46        0.1327        0.1327      0.0000      0.1347      0.1347   5.0e-04    3.1s
    47        0.1327        0.1327      0.0000      0.1347      0.1347   5.0e-04    3.1s
    48        0.1327        0.1327      0.0000      0.1347      0.1347   5.0e-04    3.1s
    49        0.1328        0.1328      0.0000      0.1347      0.1347   2.5e-04    3.1s
    50        0.1326        0.1326      0.0000      0.1346      0.1346   2.5e-04    3.1s
    51        0.1327        0.1326      0.0000      0.1346      0.1346   2.5e-04    3.1s
    52        0.1326        0.1326      0.0000      0.1347      0.1347   2.5e-04    3.2s
    53        0.1326        0.1326      0.0000      0.1346      0.1346   2.5e-04    3.1s
    54        0.1325        0.1325      0.0000      0.1346      0.1346   2.5e-04    3.1s
    55        0.1326        0.1326      0.0000      0.1346      0.1346   2.5e-04    3.0s
    56        0.1326        0.1326      0.0000      0.1347      0.1347   1.3e-04    3.1s
    57        0.1325        0.1325      0.0000      0.1346      0.1346   1.3e-04    3.0s
    58        0.1325        0.1325      0.0000      0.1346      0.1346   1.3e-04    3.1s
    59        0.1325        0.1325      0.0000      0.1346      0.1346   1.3e-04    3.1s
    60        0.1325        0.1325      0.0000      0.1346      0.1346   1.3e-04    3.1s
    61        0.1325        0.1325      0.0000      0.1346      0.1346   1.3e-04    3.1s
    62        0.1324        0.1324      0.0000      0.1346      0.1346   6.3e-05    3.1s
    63        0.1324        0.1324      0.0000      0.1346      0.1346   6.3e-05    3.2s
    64        0.1324        0.1324      0.0000      0.1346      0.1346   6.3e-05    3.1s
    65        0.1324        0.1324      0.0000      0.1346      0.1346   6.3e-05    3.1s
    66        0.1324        0.1324      0.0000      0.1346      0.1346   6.3e-05    3.1s
    67        0.1324        0.1324      0.0000      0.1346      0.1346   6.3e-05    3.1s
    68        0.1324        0.1324      0.0000      0.1346      0.1346   6.3e-05    3.0s
    69        0.1324        0.1324      0.0000      0.1346      0.1346   3.1e-05    3.0s
    70        0.1323        0.1323      0.0000      0.1346      0.1346   3.1e-05    3.1s
    71        0.1324        0.1324      0.0000      0.1346      0.1346   3.1e-05    3.1s
    72        0.1324        0.1324      0.0000      0.1346      0.1346   3.1e-05    3.1s
    73        0.1324        0.1324      0.0000      0.1346      0.1346   3.1e-05    3.2s
    74        0.1324        0.1324      0.0000      0.1346      0.1346   3.1e-05    3.1s
    75        0.1322        0.1322      0.0000      0.1346      0.1346   1.6e-05    3.1s
    76        0.1323        0.1323      0.0000      0.1346      0.1346   1.6e-05    3.0s
    77        0.1323        0.1323      0.0000      0.1346      0.1346   1.6e-05    3.2s
    78        0.1324        0.1324      0.0000      0.1346      0.1346   1.6e-05    3.1s
    79        0.1324        0.1324      0.0000      0.1346      0.1346   1.6e-05    3.1s
    80        0.1324        0.1324      0.0000      0.1346      0.1346   1.6e-05    3.0s
    81        0.1323        0.1323      0.0000      0.1346      0.1346   7.8e-06    3.0s

Early stopping at epoch 81 (no improvement for 15 epochs)

Done. Best val loss: 0.1346
Checkpoints and logs saved to: /project/xuanyao/jiaming/deeplearning/results_papalexi_no_pert/beta1.0_dim64
=== Analyze ===
Device: cpu
Loading data...
  20729 cells, 3725 genes, 34 perturbations
Log1p-normalizing...
  Filtering 1 cells with unknown perturbation.

Loading model from model_best.pt...

[1/4] Computing latent embeddings...
  Silhouette score (perturbation clusters, excl. NTC): -0.1082
Running UMAP (this may take a few minutes)...
UMAP(min_dist=0.3, n_jobs=1, n_neighbors=30, random_state=42, verbose=True)
Sat May 16 18:32:35 2026 Construct fuzzy simplicial set
Sat May 16 18:32:35 2026 Finding Nearest Neighbors
Sat May 16 18:32:35 2026 Building RP forest with 12 trees
Sat May 16 18:32:40 2026 NN descent for 14 iterations
	 1  /  14
	 2  /  14
	 3  /  14
	Stopping threshold met -- exiting after 3 iterations
Sat May 16 18:32:53 2026 Finished Nearest Neighbor Search
Sat May 16 18:32:57 2026 Construct embedding
	completed  0  /  200 epochs
	completed  20  /  200 epochs
	completed  40  /  200 epochs
	completed  60  /  200 epochs
	completed  80  /  200 epochs
	completed  100  /  200 epochs
	completed  120  /  200 epochs
	completed  140  /  200 epochs
	completed  160  /  200 epochs
	completed  180  /  200 epochs
Sat May 16 18:33:16 2026 Finished embedding
  Saved: /project/xuanyao/jiaming/deeplearning/results_papalexi_no_pert/beta1.0_dim64/figures/umap_latent.png
  Saved covariate UMAPs: umap_n_nonzero.png, umap_n_umis.png, umap_lane.png, umap_bio_rep.png, umap_phase.png, umap_p_mito.png
Running expression-PCA UMAP for covariate verification...
  Saved expression UMAP covariates: umap_expr_n_nonzero.png, umap_expr_n_umis.png, umap_expr_lane.png, umap_expr_bio_rep.png, umap_expr_phase.png, umap_expr_p_mito.png
  Saved: /project/xuanyao/jiaming/deeplearning/results_papalexi_no_pert/beta1.0_dim64/figures/umap_per_perturbation.png

[2/4] Computing perturbation response scores (decode Δ vs NTC avg of 9 guides: ['NTg1', 'NTg10', 'NTg2', 'NTg3', 'NTg4']...)...
  NTg1                 (  303 cells) response range: [-0.037, 0.051] [NTC]
  NTg10                (  235 cells) response range: [-0.029, 0.022] [NTC]
  NTg2                 (  106 cells) response range: [-0.030, 0.028] [NTC]
  NTg3                 (  244 cells) response range: [-0.042, 0.030] [NTC]
  NTg4                 (  431 cells) response range: [-0.034, 0.036] [NTC]
  NTg5                 (  305 cells) response range: [-0.016, 0.013] [NTC]
  NTg7                 (  445 cells) response range: [-0.018, 0.016] [NTC]
  NTg8                 (   56 cells) response range: [-0.032, 0.052] [NTC]
  NTg9                 (  261 cells) response range: [-0.010, 0.015] [NTC]
  tar-ATF2             ( 1102 cells) response range: [-0.024, 0.014]
  tar-BRD4             (  341 cells) response range: [-0.012, 0.018]
  tar-CAV1             (  882 cells) response range: [-0.017, 0.015]
  tar-CD86             ( 1197 cells) response range: [-0.055, 0.065]
  tar-CMTM6            (  817 cells) response range: [-0.025, 0.016]
  tar-CUL3             (  274 cells) response range: [-0.023, 0.030]
  tar-ETV7             (  841 cells) response range: [-0.019, 0.018]
  tar-IFNGR1           ( 1341 cells) response range: [-0.020, 0.011]
  tar-IFNGR2           ( 1213 cells) response range: [-0.022, 0.011]
  tar-IRF1             ( 1073 cells) response range: [-0.022, 0.012]
  tar-IRF7             (  614 cells) response range: [-0.013, 0.014]
  tar-JAK2             ( 1024 cells) response range: [-0.007, 0.015]
  tar-MARCH8           ( 1003 cells) response range: [-0.054, 0.031]
  tar-MYC              (  108 cells) response range: [-0.032, 0.031]
  tar-NFKBIA           (  787 cells) response range: [-0.033, 0.020]
  tar-PDCD1LG2         (  617 cells) response range: [-0.050, 0.040]
  tar-POU2F2           (  662 cells) response range: [-0.031, 0.038]
  tar-SMAD4            (  659 cells) response range: [-0.064, 0.032]
  tar-SPI1             (   48 cells) response range: [-0.032, 0.019]
  tar-STAT1            (  444 cells) response range: [-0.029, 0.012]
  tar-STAT2            (  661 cells) response range: [-0.017, 0.032]
  tar-STAT3            (  493 cells) response range: [-0.021, 0.015]
  tar-STAT5A           (  659 cells) response range: [-0.015, 0.024]
  tar-TNFRSF14         (  964 cells) response range: [-0.033, 0.047]
  tar-UBE2L6           (  518 cells) response range: [-0.018, 0.023]
  NTC null: mean |response| per gene = 0.0016  std across NTC guides = 0.0019
  Saved: /project/xuanyao/jiaming/deeplearning/results_papalexi_no_pert/beta1.0_dim64/response_scores.csv
  Saved: /project/xuanyao/jiaming/deeplearning/results_papalexi_no_pert/beta1.0_dim64/figures/gene_response_heatmap.png
  Saved: /project/xuanyao/jiaming/deeplearning/results_papalexi_no_pert/beta1.0_dim64/figures/effect_size_vs_null.png
  NTC noise floor (mean+2SD): 0.0027
  Saved: /project/xuanyao/jiaming/deeplearning/results_papalexi_no_pert/beta1.0_dim64/figures/top_genes_per_pert.png

[3/4] Clustering perturbations by response vectors...
  Saved: /project/xuanyao/jiaming/deeplearning/results_papalexi_no_pert/beta1.0_dim64/figures/perturbation_clustermap.png

[4/4] Running hallmark pathway enrichment...
  Saved: /project/xuanyao/jiaming/deeplearning/results_papalexi_no_pert/beta1.0_dim64/figures/pathway_enrichment.png

[Bonus] Comparing CVAE response vs naive differential expression...
  Mean Spearman ρ (CVAE vs DE): 0.476
  Mean top-20 gene overlap:     2.6/20
  Saved: /project/xuanyao/jiaming/deeplearning/results_papalexi_no_pert/beta1.0_dim64/cvae_vs_de_comparison.csv

All figures saved to: /project/xuanyao/jiaming/deeplearning/results_papalexi_no_pert/beta1.0_dim64/figures
Done!
Done: beta1.0_dim64
