=== Train: beta=0.01 latent_dim=32 (no bio_rep, no lane) ===
Device: cpu
Loading data...
  20729 cells, 3725 genes, 35 perturbations
  Filtering 1 cells with unknown perturbation assignment.
  Extra covariates: 6 dims (3 continuous + 3 categorical OHE)
Log1p-normalizing expression data...
  Train: 17635 cells | Val: 3093 cells

Model: 3725 genes | 34 perturbations | latent_dim=32
  Trainable parameters: 9,029,837

Training for up to 100 epochs (early stop patience=15)...

 Epoch   Train Total   Train Recon    Train KL   Val Total   Val Recon        LR    Time
------------------------------------------------------------------------------------------
     1        0.1975        0.1958      0.1764      0.1441      0.1441   1.0e-03    2.7s
     2        0.1484        0.1483      0.0105      0.1428      0.1428   1.0e-03    2.7s
     3        0.1453        0.1453      0.0080      0.1419      0.1419   1.0e-03    2.8s
     4        0.1431        0.1431      0.0081      0.1417      0.1417   1.0e-03    2.8s
     5        0.1412        0.1411      0.0068      0.1402      0.1402   1.0e-03    2.9s
     6        0.1397        0.1396      0.0066      0.1388      0.1388   1.0e-03    2.8s
     7        0.1383        0.1383      0.0069      0.1377      0.1376   1.0e-03    2.8s
     8        0.1370        0.1370      0.0055      0.1372      0.1372   1.0e-03    2.7s
     9        0.1363        0.1362      0.0039      0.1371      0.1370   1.0e-03    2.7s
    10        0.1358        0.1358      0.0031      0.1369      0.1369   1.0e-03    2.7s
    11        0.1354        0.1354      0.0025      0.1365      0.1365   1.0e-03    2.7s
    12        0.1351        0.1351      0.0021      0.1362      0.1362   1.0e-03    2.8s
    13        0.1348        0.1348      0.0018      0.1362      0.1361   1.0e-03    2.7s
    14        0.1346        0.1346      0.0015      0.1360      0.1360   1.0e-03    2.7s
    15        0.1344        0.1344      0.0012      0.1360      0.1360   1.0e-03    2.6s
    16        0.1343        0.1343      0.0011      0.1357      0.1357   1.0e-03    2.7s
    17        0.1341        0.1340      0.0010      0.1355      0.1355   1.0e-03    2.7s
    18        0.1340        0.1339      0.0019      0.1353      0.1352   1.0e-03    2.7s
    19        0.1329        0.1325      0.0390      0.1326      0.1321   1.0e-03    2.8s
    20        0.1315        0.1309      0.0632      0.1312      0.1305   1.0e-03    2.8s
    21        0.1302        0.1294      0.0815      0.1303      0.1296   1.0e-03    2.8s
    22        0.1293        0.1285      0.0785      0.1300      0.1293   1.0e-03    2.7s
    23        0.1287        0.1280      0.0728      0.1294      0.1286   1.0e-03    2.8s
    24        0.1284        0.1276      0.0808      0.1293      0.1284   1.0e-03    2.8s
    25        0.1281        0.1272      0.0838      0.1287      0.1278   1.0e-03    2.8s
    26        0.1278        0.1268      0.0908      0.1282      0.1272   1.0e-03    2.8s
    27        0.1273        0.1263      0.1021      0.1280      0.1269   1.0e-03    2.8s
    28        0.1269        0.1259      0.1090      0.1276      0.1264   1.0e-03    2.7s
    29        0.1266        0.1254      0.1117      0.1274      0.1263   1.0e-03    2.8s
    30        0.1263        0.1252      0.1104      0.1271      0.1261   1.0e-03    2.8s
    31        0.1260        0.1249      0.1114      0.1269      0.1258   1.0e-03    2.8s
    32        0.1258        0.1247      0.1119      0.1270      0.1259   1.0e-03    2.8s
    33        0.1257        0.1246      0.1126      0.1267      0.1256   1.0e-03    2.7s
    34        0.1255        0.1244      0.1143      0.1267      0.1256   1.0e-03    2.7s
    35        0.1254        0.1243      0.1144      0.1266      0.1254   1.0e-03    2.9s
    36        0.1253        0.1242      0.1155      0.1265      0.1254   1.0e-03    2.7s
    37        0.1252        0.1241      0.1163      0.1265      0.1253   1.0e-03    2.9s
    38        0.1251        0.1240      0.1174      0.1263      0.1252   1.0e-03    2.8s
    39        0.1251        0.1239      0.1180      0.1264      0.1252   1.0e-03    2.8s
    40        0.1248        0.1237      0.1195      0.1263      0.1250   1.0e-03    2.8s
    41        0.1248        0.1236      0.1204      0.1262      0.1250   1.0e-03    2.9s
    42        0.1247        0.1235      0.1209      0.1261      0.1249   1.0e-03    2.8s
    43        0.1246        0.1234      0.1219      0.1260      0.1248   1.0e-03    3.1s
    44        0.1245        0.1232      0.1262      0.1259      0.1247   1.0e-03    2.9s
    45        0.1243        0.1230      0.1333      0.1256      0.1242   1.0e-03    2.9s
    46        0.1241        0.1227      0.1419      0.1255      0.1240   1.0e-03    2.9s
    47        0.1240        0.1225      0.1494      0.1252      0.1237   1.0e-03    2.9s
    48        0.1238        0.1223      0.1512      0.1251      0.1235   1.0e-03    2.9s
    49        0.1236        0.1221      0.1544      0.1250      0.1235   1.0e-03    2.9s
    50        0.1235        0.1219      0.1587      0.1249      0.1233   1.0e-03    3.0s
    51        0.1234        0.1218      0.1608      0.1249      0.1233   1.0e-03    2.9s
    52        0.1232        0.1216      0.1626      0.1247      0.1231   1.0e-03    2.9s
    53        0.1231        0.1215      0.1653      0.1247      0.1230   1.0e-03    2.9s
    54        0.1230        0.1213      0.1654      0.1247      0.1230   1.0e-03    2.9s
    55        0.1228        0.1211      0.1656      0.1246      0.1229   1.0e-03    2.8s
    56        0.1226        0.1210      0.1661      0.1245      0.1229   1.0e-03    2.9s
    57        0.1226        0.1209      0.1657      0.1245      0.1228   1.0e-03    3.0s
    58        0.1225        0.1208      0.1674      0.1243      0.1227   1.0e-03    2.9s
    59        0.1224        0.1207      0.1684      0.1243      0.1227   1.0e-03    2.9s
    60        0.1222        0.1205      0.1687      0.1243      0.1226   1.0e-03    2.8s
    61        0.1222        0.1205      0.1695      0.1242      0.1225   1.0e-03    2.9s
    62        0.1221        0.1204      0.1703      0.1244      0.1227   1.0e-03    2.9s
    63        0.1220        0.1203      0.1711      0.1243      0.1226   1.0e-03    2.9s
    64        0.1220        0.1203      0.1714      0.1243      0.1226   1.0e-03    2.9s
    65        0.1219        0.1202      0.1717      0.1243      0.1226   1.0e-03    3.0s
    66        0.1219        0.1202      0.1726      0.1242      0.1226   1.0e-03    2.9s
    67        0.1218        0.1200      0.1732      0.1242      0.1225   5.0e-04    2.8s
    68        0.1213        0.1196      0.1741      0.1240      0.1223   5.0e-04    2.8s
    69        0.1212        0.1195      0.1738      0.1240      0.1223   5.0e-04    2.9s
    70        0.1212        0.1195      0.1746      0.1240      0.1223   5.0e-04    2.9s
    71        0.1212        0.1194      0.1750      0.1240      0.1222   5.0e-04    2.9s
    72        0.1212        0.1194      0.1762      0.1240      0.1223   5.0e-04    2.9s
    73        0.1211        0.1193      0.1771      0.1239      0.1222   5.0e-04    2.9s
    74        0.1210        0.1193      0.1755      0.1240      0.1222   5.0e-04    2.9s
    75        0.1211        0.1193      0.1759      0.1240      0.1222   5.0e-04    2.9s
    76        0.1209        0.1191      0.1770      0.1240      0.1222   5.0e-04    2.9s
    77        0.1210        0.1192      0.1781      0.1239      0.1221   5.0e-04    2.8s
    78        0.1209        0.1191      0.1780      0.1240      0.1222   5.0e-04    2.9s
    79        0.1208        0.1191      0.1780      0.1239      0.1222   5.0e-04    2.9s
    80        0.1209        0.1191      0.1783      0.1240      0.1222   5.0e-04    2.9s
    81        0.1208        0.1191      0.1788      0.1240      0.1223   5.0e-04    2.9s
    82        0.1207        0.1189      0.1788      0.1240      0.1223   5.0e-04    2.9s
    83        0.1208        0.1190      0.1789      0.1240      0.1223   2.5e-04    2.9s
    84        0.1206        0.1188      0.1802      0.1239      0.1221   2.5e-04    2.8s
    85        0.1205        0.1187      0.1797      0.1239      0.1222   2.5e-04    2.8s
    86        0.1204        0.1186      0.1799      0.1240      0.1222   2.5e-04    2.9s
    87        0.1204        0.1186      0.1800      0.1239      0.1221   2.5e-04    3.0s
    88        0.1204        0.1186      0.1815      0.1239      0.1222   2.5e-04    2.8s
    89        0.1204        0.1186      0.1799      0.1239      0.1221   1.3e-04    2.8s
    90        0.1203        0.1185      0.1804      0.1239      0.1221   1.3e-04    2.9s
    91        0.1202        0.1184      0.1813      0.1239      0.1221   1.3e-04    2.9s
    92        0.1203        0.1185      0.1816      0.1239      0.1221   1.3e-04    2.9s
    93        0.1201        0.1183      0.1809      0.1239      0.1221   1.3e-04    2.9s
    94        0.1203        0.1184      0.1813      0.1239      0.1221   1.3e-04    2.9s
    95        0.1202        0.1183      0.1813      0.1239      0.1221   6.3e-05    2.9s
    96        0.1202        0.1184      0.1816      0.1239      0.1221   6.3e-05    2.9s
    97        0.1202        0.1183      0.1829      0.1239      0.1221   6.3e-05    2.9s
    98        0.1201        0.1183      0.1818      0.1239      0.1221   6.3e-05    2.8s
    99        0.1201        0.1183      0.1823      0.1239      0.1221   6.3e-05    2.9s
   100        0.1201        0.1183      0.1818      0.1239      0.1221   6.3e-05    2.9s

Done. Best val loss: 0.1239
Checkpoints and logs saved to: /project/xuanyao/jiaming/deeplearning/results_papalexi_nobatch/beta0.01_dim32
=== Analyze ===
Device: cpu
Loading data...
  20729 cells, 3725 genes, 34 perturbations
Log1p-normalizing...
  Filtering 1 cells with unknown perturbation.

Loading model from model_best.pt...

[1/4] Computing latent embeddings...
  Silhouette score (perturbation clusters, excl. NTC): -0.1109
Running UMAP (this may take a few minutes)...
UMAP(min_dist=0.3, n_jobs=1, n_neighbors=30, random_state=42, verbose=True)
Sat May 16 15:40:34 2026 Construct fuzzy simplicial set
Sat May 16 15:40:34 2026 Finding Nearest Neighbors
Sat May 16 15:40:34 2026 Building RP forest with 12 trees
Sat May 16 15:40:39 2026 NN descent for 14 iterations
	 1  /  14
	 2  /  14
	Stopping threshold met -- exiting after 2 iterations
Sat May 16 15:40:50 2026 Finished Nearest Neighbor Search
Sat May 16 15:40:54 2026 Construct embedding
	completed  0  /  200 epochs
	completed  20  /  200 epochs
	completed  40  /  200 epochs
	completed  60  /  200 epochs
	completed  80  /  200 epochs
	completed  100  /  200 epochs
	completed  120  /  200 epochs
	completed  140  /  200 epochs
	completed  160  /  200 epochs
	completed  180  /  200 epochs
Sat May 16 15:41:12 2026 Finished embedding
  Saved: /project/xuanyao/jiaming/deeplearning/results_papalexi_nobatch/beta0.01_dim32/figures/umap_latent.png
  Saved covariate UMAPs: umap_n_nonzero.png, umap_n_umis.png, umap_lane.png, umap_bio_rep.png, umap_phase.png, umap_p_mito.png
Running expression-PCA UMAP for covariate verification...
  Saved expression UMAP covariates: umap_expr_n_nonzero.png, umap_expr_n_umis.png, umap_expr_lane.png, umap_expr_bio_rep.png, umap_expr_phase.png, umap_expr_p_mito.png
  Saved: /project/xuanyao/jiaming/deeplearning/results_papalexi_nobatch/beta0.01_dim32/figures/umap_per_perturbation.png

[2/4] Computing perturbation response scores (decode Δ vs NTC avg of 9 guides: ['NTg1', 'NTg10', 'NTg2', 'NTg3', 'NTg4']...)...
  NTg1                 (  303 cells) response range: [-0.052, 0.045] [NTC]
  NTg10                (  235 cells) response range: [-0.057, 0.031] [NTC]
  NTg2                 (  106 cells) response range: [-0.109, 0.101] [NTC]
  NTg3                 (  244 cells) response range: [-0.057, 0.033] [NTC]
  NTg4                 (  431 cells) response range: [-0.079, 0.143] [NTC]
  NTg5                 (  305 cells) response range: [-0.061, 0.033] [NTC]
  NTg7                 (  445 cells) response range: [-0.078, 0.047] [NTC]
  NTg8                 (   56 cells) response range: [-0.122, 0.066] [NTC]
  NTg9                 (  261 cells) response range: [-0.048, 0.049] [NTC]
  tar-ATF2             ( 1102 cells) response range: [-0.035, 0.068]
  tar-BRD4             (  341 cells) response range: [-0.351, 0.219]
  tar-CAV1             (  882 cells) response range: [-0.038, 0.048]
  tar-CD86             ( 1197 cells) response range: [-0.029, 0.054]
  tar-CMTM6            (  817 cells) response range: [-0.080, 0.055]
  tar-CUL3             (  274 cells) response range: [-0.114, 0.171]
  tar-ETV7             (  841 cells) response range: [-0.050, 0.050]
  tar-IFNGR1           ( 1341 cells) response range: [-1.417, 0.548]
  tar-IFNGR2           ( 1213 cells) response range: [-1.447, 0.602]
  tar-IRF1             ( 1073 cells) response range: [-0.891, 0.684]
  tar-IRF7             (  614 cells) response range: [-0.057, 0.071]
  tar-JAK2             ( 1024 cells) response range: [-1.580, 0.615]
  tar-MARCH8           ( 1003 cells) response range: [-0.072, 0.091]
  tar-MYC              (  108 cells) response range: [-0.187, 0.130]
  tar-NFKBIA           (  787 cells) response range: [-0.105, 0.087]
  tar-PDCD1LG2         (  617 cells) response range: [-0.063, 0.034]
  tar-POU2F2           (  662 cells) response range: [-0.091, 0.083]
  tar-SMAD4            (  659 cells) response range: [-0.923, 0.542]
  tar-SPI1             (   48 cells) response range: [-0.218, 0.301]
  tar-STAT1            (  444 cells) response range: [-1.323, 0.647]
  tar-STAT2            (  661 cells) response range: [-0.751, 0.178]
  tar-STAT3            (  493 cells) response range: [-0.073, 0.082]
  tar-STAT5A           (  659 cells) response range: [-0.035, 0.071]
  tar-TNFRSF14         (  964 cells) response range: [-0.077, 0.039]
  tar-UBE2L6           (  518 cells) response range: [-0.063, 0.065]
  NTC null: mean |response| per gene = 0.0043  std across NTC guides = 0.0051
  Saved: /project/xuanyao/jiaming/deeplearning/results_papalexi_nobatch/beta0.01_dim32/response_scores.csv
  Saved: /project/xuanyao/jiaming/deeplearning/results_papalexi_nobatch/beta0.01_dim32/figures/gene_response_heatmap.png
  Saved: /project/xuanyao/jiaming/deeplearning/results_papalexi_nobatch/beta0.01_dim32/figures/effect_size_vs_null.png
  NTC noise floor (mean+2SD): 0.0065
  Saved: /project/xuanyao/jiaming/deeplearning/results_papalexi_nobatch/beta0.01_dim32/figures/top_genes_per_pert.png

[3/4] Clustering perturbations by response vectors...
  Saved: /project/xuanyao/jiaming/deeplearning/results_papalexi_nobatch/beta0.01_dim32/figures/perturbation_clustermap.png

[4/4] Running hallmark pathway enrichment...
  Saved: /project/xuanyao/jiaming/deeplearning/results_papalexi_nobatch/beta0.01_dim32/figures/pathway_enrichment.png

[Bonus] Comparing CVAE response vs naive differential expression...
  Mean Spearman ρ (CVAE vs DE): 0.574
  Mean top-20 gene overlap:     7.8/20
  Saved: /project/xuanyao/jiaming/deeplearning/results_papalexi_nobatch/beta0.01_dim32/cvae_vs_de_comparison.csv

All figures saved to: /project/xuanyao/jiaming/deeplearning/results_papalexi_nobatch/beta0.01_dim32/figures
Done!
Done: beta0.01_dim32
