=== Train: beta=0.01 latent_dim=128 (no bio_rep, no lane) ===
Device: cpu
Loading data...
  20729 cells, 3725 genes, 35 perturbations
  Filtering 1 cells with unknown perturbation assignment.
  Extra covariates: 6 dims (3 continuous + 3 categorical OHE)
Log1p-normalizing expression data...
  Train: 17635 cells | Val: 3093 cells

Model: 3725 genes | 34 perturbations | latent_dim=128
  Trainable parameters: 9,103,757

Training for up to 100 epochs (early stop patience=15)...

 Epoch   Train Total   Train Recon    Train KL   Val Total   Val Recon        LR    Time
------------------------------------------------------------------------------------------
     1        0.1987        0.1969      0.1739      0.1448      0.1445   1.0e-03    2.5s
     2        0.1492        0.1490      0.0194      0.1433      0.1433   1.0e-03    2.7s
     3        0.1463        0.1462      0.0082      0.1445      0.1445   1.0e-03    2.7s
     4        0.1446        0.1445      0.0058      0.1444      0.1443   1.0e-03    2.7s
     5        0.1432        0.1431      0.0060      0.1440      0.1439   1.0e-03    2.6s
     6        0.1413        0.1412      0.0065      0.1444      0.1444   1.0e-03    2.7s
     7        0.1401        0.1400      0.0058      0.1436      0.1435   1.0e-03    2.7s
     8        0.1392        0.1391      0.0055      0.1419      0.1418   1.0e-03    2.7s
     9        0.1382        0.1382      0.0057      0.1413      0.1413   1.0e-03    2.7s
    10        0.1370        0.1368      0.0136      0.1369      0.1366   1.0e-03    2.7s
    11        0.1347        0.1343      0.0345      0.1352      0.1349   1.0e-03    2.7s
    12        0.1332        0.1328      0.0438      0.1337      0.1332   1.0e-03    2.6s
    13        0.1314        0.1308      0.0567      0.1315      0.1309   1.0e-03    2.6s
    14        0.1299        0.1292      0.0696      0.1315      0.1307   1.0e-03    2.7s
    15        0.1288        0.1280      0.0778      0.1291      0.1283   1.0e-03    2.9s
    16        0.1281        0.1273      0.0829      0.1295      0.1287   1.0e-03    3.0s
    17        0.1274        0.1266      0.0853      0.1283      0.1275   1.0e-03    3.0s
    18        0.1268        0.1259      0.0882      0.1277      0.1269   1.0e-03    3.0s
    19        0.1262        0.1253      0.0926      0.1270      0.1259   1.0e-03    3.0s
    20        0.1256        0.1246      0.0968      0.1262      0.1253   1.0e-03    3.0s
    21        0.1252        0.1241      0.1004      0.1259      0.1248   1.0e-03    3.2s
    22        0.1247        0.1236      0.1041      0.1249      0.1239   1.0e-03    3.2s
    23        0.1242        0.1231      0.1055      0.1246      0.1236   1.0e-03    3.1s
    24        0.1238        0.1228      0.1057      0.1243      0.1232   1.0e-03    3.1s
    25        0.1234        0.1224      0.1045      0.1238      0.1227   1.0e-03    3.1s
    26        0.1231        0.1220      0.1053      0.1231      0.1221   1.0e-03    3.0s
    27        0.1226        0.1215      0.1069      0.1228      0.1217   1.0e-03    3.1s
    28        0.1222        0.1211      0.1070      0.1221      0.1211   1.0e-03    3.2s
    29        0.1219        0.1208      0.1083      0.1218      0.1208   1.0e-03    3.1s
    30        0.1214        0.1204      0.1094      0.1217      0.1206   1.0e-03    3.0s
    31        0.1210        0.1199      0.1094      0.1213      0.1203   1.0e-03    3.1s
    32        0.1207        0.1196      0.1099      0.1208      0.1197   1.0e-03    3.0s
    33        0.1204        0.1193      0.1107      0.1206      0.1195   1.0e-03    3.0s
    34        0.1199        0.1188      0.1091      0.1203      0.1193   1.0e-03    3.2s
    35        0.1198        0.1187      0.1084      0.1202      0.1191   1.0e-03    3.1s
    36        0.1196        0.1185      0.1088      0.1200      0.1190   1.0e-03    3.0s
    37        0.1193        0.1183      0.1078      0.1200      0.1189   1.0e-03    3.1s
    38        0.1192        0.1181      0.1085      0.1201      0.1190   1.0e-03    3.1s
    39        0.1190        0.1180      0.1092      0.1197      0.1187   1.0e-03    3.2s
    40        0.1189        0.1178      0.1092      0.1198      0.1187   1.0e-03    3.1s
    41        0.1188        0.1177      0.1100      0.1195      0.1185   1.0e-03    3.0s
    42        0.1186        0.1175      0.1114      0.1194      0.1183   1.0e-03    3.1s
    43        0.1184        0.1173      0.1123      0.1193      0.1182   1.0e-03    3.0s
    44        0.1182        0.1171      0.1140      0.1191      0.1180   1.0e-03    3.0s
    45        0.1180        0.1169      0.1160      0.1188      0.1177   1.0e-03    3.0s
    46        0.1179        0.1167      0.1175      0.1188      0.1177   1.0e-03    3.1s
    47        0.1177        0.1165      0.1175      0.1186      0.1175   1.0e-03    3.1s
    48        0.1175        0.1164      0.1180      0.1186      0.1175   1.0e-03    3.1s
    49        0.1176        0.1164      0.1181      0.1186      0.1174   1.0e-03    3.1s
    50        0.1173        0.1161      0.1180      0.1184      0.1173   1.0e-03    3.0s
    51        0.1173        0.1161      0.1176      0.1185      0.1173   1.0e-03    3.0s
    52        0.1171        0.1160      0.1179      0.1185      0.1174   1.0e-03    3.1s
    53        0.1170        0.1158      0.1183      0.1184      0.1172   1.0e-03    3.1s
    54        0.1169        0.1157      0.1182      0.1183      0.1171   1.0e-03    3.0s
    55        0.1168        0.1157      0.1190      0.1183      0.1171   1.0e-03    3.0s
    56        0.1168        0.1156      0.1183      0.1183      0.1172   1.0e-03    3.0s
    57        0.1167        0.1155      0.1189      0.1183      0.1171   1.0e-03    3.0s
    58        0.1166        0.1155      0.1185      0.1182      0.1170   1.0e-03    3.1s
    59        0.1166        0.1154      0.1194      0.1182      0.1170   1.0e-03    3.2s
    60        0.1165        0.1153      0.1189      0.1182      0.1170   1.0e-03    3.0s
    61        0.1164        0.1152      0.1196      0.1182      0.1170   1.0e-03    3.0s
    62        0.1163        0.1151      0.1199      0.1182      0.1171   1.0e-03    3.0s
    63        0.1163        0.1151      0.1197      0.1183      0.1171   1.0e-03    3.1s
    64        0.1161        0.1149      0.1205      0.1181      0.1169   1.0e-03    3.1s
    65        0.1161        0.1149      0.1202      0.1182      0.1170   1.0e-03    2.9s
    66        0.1160        0.1148      0.1200      0.1183      0.1172   1.0e-03    3.1s
    67        0.1159        0.1147      0.1209      0.1182      0.1170   1.0e-03    3.0s
    68        0.1159        0.1147      0.1208      0.1181      0.1169   1.0e-03    3.1s
    69        0.1159        0.1146      0.1211      0.1182      0.1170   1.0e-03    2.9s
    70        0.1158        0.1146      0.1207      0.1182      0.1170   1.0e-03    3.0s
    71        0.1156        0.1144      0.1214      0.1181      0.1169   1.0e-03    2.9s
    72        0.1157        0.1145      0.1211      0.1183      0.1171   1.0e-03    2.9s
    73        0.1155        0.1143      0.1218      0.1184      0.1172   1.0e-03    3.0s
    74        0.1155        0.1143      0.1216      0.1182      0.1170   5.0e-04    3.1s
    75        0.1152        0.1140      0.1214      0.1179      0.1167   5.0e-04    3.0s
    76        0.1150        0.1137      0.1224      0.1179      0.1167   5.0e-04    2.9s
    77        0.1150        0.1138      0.1224      0.1179      0.1167   5.0e-04    3.0s
    78        0.1149        0.1137      0.1223      0.1180      0.1168   5.0e-04    2.9s
    79        0.1148        0.1136      0.1223      0.1180      0.1168   5.0e-04    2.9s
    80        0.1149        0.1136      0.1225      0.1180      0.1167   5.0e-04    3.0s
    81        0.1148        0.1136      0.1222      0.1180      0.1167   2.5e-04    3.0s
    82        0.1146        0.1134      0.1226      0.1179      0.1167   2.5e-04    2.9s
    83        0.1146        0.1134      0.1224      0.1179      0.1167   2.5e-04    2.9s
    84        0.1146        0.1133      0.1229      0.1180      0.1168   2.5e-04    3.0s
    85        0.1145        0.1133      0.1229      0.1179      0.1167   2.5e-04    3.1s
    86        0.1145        0.1133      0.1226      0.1179      0.1167   2.5e-04    3.1s
    87        0.1144        0.1132      0.1229      0.1179      0.1167   2.5e-04    3.0s
    88        0.1145        0.1133      0.1233      0.1179      0.1167   1.3e-04    2.9s
    89        0.1144        0.1131      0.1233      0.1179      0.1166   1.3e-04    3.0s
    90        0.1144        0.1131      0.1233      0.1179      0.1167   1.3e-04    2.9s
    91        0.1143        0.1131      0.1233      0.1179      0.1167   1.3e-04    2.9s
    92        0.1143        0.1131      0.1232      0.1179      0.1167   1.3e-04    2.9s
    93        0.1143        0.1130      0.1232      0.1179      0.1167   1.3e-04    2.9s
    94        0.1142        0.1130      0.1237      0.1179      0.1167   1.3e-04    2.9s
    95        0.1142        0.1130      0.1235      0.1179      0.1166   6.3e-05    3.0s
    96        0.1142        0.1130      0.1236      0.1179      0.1167   6.3e-05    2.9s
    97        0.1141        0.1129      0.1235      0.1179      0.1167   6.3e-05    2.9s
    98        0.1142        0.1130      0.1236      0.1179      0.1167   6.3e-05    3.0s
    99        0.1142        0.1130      0.1234      0.1179      0.1167   6.3e-05    3.0s
   100        0.1141        0.1129      0.1233      0.1179      0.1167   6.3e-05    2.9s

Done. Best val loss: 0.1179
Checkpoints and logs saved to: /project/xuanyao/jiaming/deeplearning/results_papalexi_nobatch/beta0.01_dim128
=== Analyze ===
Device: cpu
Loading data...
  20729 cells, 3725 genes, 34 perturbations
Log1p-normalizing...
  Filtering 1 cells with unknown perturbation.

Loading model from model_best.pt...

[1/4] Computing latent embeddings...
  Silhouette score (perturbation clusters, excl. NTC): -0.0688
Running UMAP (this may take a few minutes)...
UMAP(min_dist=0.3, n_jobs=1, n_neighbors=30, random_state=42, verbose=True)
Sat May 16 15:42:05 2026 Construct fuzzy simplicial set
Sat May 16 15:42:05 2026 Finding Nearest Neighbors
Sat May 16 15:42:05 2026 Building RP forest with 12 trees
Sat May 16 15:42:11 2026 NN descent for 14 iterations
	 1  /  14
	 2  /  14
	Stopping threshold met -- exiting after 2 iterations
Sat May 16 15:42:22 2026 Finished Nearest Neighbor Search
Sat May 16 15:42:26 2026 Construct embedding
	completed  0  /  200 epochs
	completed  20  /  200 epochs
	completed  40  /  200 epochs
	completed  60  /  200 epochs
	completed  80  /  200 epochs
	completed  100  /  200 epochs
	completed  120  /  200 epochs
	completed  140  /  200 epochs
	completed  160  /  200 epochs
	completed  180  /  200 epochs
Sat May 16 15:42:45 2026 Finished embedding
  Saved: /project/xuanyao/jiaming/deeplearning/results_papalexi_nobatch/beta0.01_dim128/figures/umap_latent.png
  Saved covariate UMAPs: umap_n_nonzero.png, umap_n_umis.png, umap_lane.png, umap_bio_rep.png, umap_phase.png, umap_p_mito.png
Running expression-PCA UMAP for covariate verification...
  Saved expression UMAP covariates: umap_expr_n_nonzero.png, umap_expr_n_umis.png, umap_expr_lane.png, umap_expr_bio_rep.png, umap_expr_phase.png, umap_expr_p_mito.png
  Saved: /project/xuanyao/jiaming/deeplearning/results_papalexi_nobatch/beta0.01_dim128/figures/umap_per_perturbation.png

[2/4] Computing perturbation response scores (decode Δ vs NTC avg of 9 guides: ['NTg1', 'NTg10', 'NTg2', 'NTg3', 'NTg4']...)...
  NTg1                 (  303 cells) response range: [-0.057, 0.022] [NTC]
  NTg10                (  235 cells) response range: [-0.050, 0.049] [NTC]
  NTg2                 (  106 cells) response range: [-0.047, 0.076] [NTC]
  NTg3                 (  244 cells) response range: [-0.037, 0.031] [NTC]
  NTg4                 (  431 cells) response range: [-0.055, 0.078] [NTC]
  NTg5                 (  305 cells) response range: [-0.041, 0.059] [NTC]
  NTg7                 (  445 cells) response range: [-0.032, 0.039] [NTC]
  NTg8                 (   56 cells) response range: [-0.074, 0.045] [NTC]
  NTg9                 (  261 cells) response range: [-0.029, 0.034] [NTC]
  tar-ATF2             ( 1102 cells) response range: [-0.015, 0.023]
  tar-BRD4             (  341 cells) response range: [-0.210, 0.149]
  tar-CAV1             (  882 cells) response range: [-0.013, 0.034]
  tar-CD86             ( 1197 cells) response range: [-0.019, 0.025]
  tar-CMTM6            (  817 cells) response range: [-0.034, 0.019]
  tar-CUL3             (  274 cells) response range: [-0.102, 0.086]
  tar-ETV7             (  841 cells) response range: [-0.021, 0.061]
  tar-IFNGR1           ( 1341 cells) response range: [-1.232, 0.456]
  tar-IFNGR2           ( 1213 cells) response range: [-1.231, 0.437]
  tar-IRF1             ( 1073 cells) response range: [-0.832, 0.572]
  tar-IRF7             (  614 cells) response range: [-0.016, 0.045]
  tar-JAK2             ( 1024 cells) response range: [-1.357, 0.481]
  tar-MARCH8           ( 1003 cells) response range: [-0.039, 0.055]
  tar-MYC              (  108 cells) response range: [-0.129, 0.094]
  tar-NFKBIA           (  787 cells) response range: [-0.059, 0.073]
  tar-PDCD1LG2         (  617 cells) response range: [-0.021, 0.019]
  tar-POU2F2           (  662 cells) response range: [-0.028, 0.037]
  tar-SMAD4            (  659 cells) response range: [-0.656, 0.514]
  tar-SPI1             (   48 cells) response range: [-0.107, 0.070]
  tar-STAT1            (  444 cells) response range: [-0.982, 0.466]
  tar-STAT2            (  661 cells) response range: [-0.682, 0.181]
  tar-STAT3            (  493 cells) response range: [-0.033, 0.043]
  tar-STAT5A           (  659 cells) response range: [-0.026, 0.032]
  tar-TNFRSF14         (  964 cells) response range: [-0.031, 0.038]
  tar-UBE2L6           (  518 cells) response range: [-0.031, 0.041]
  NTC null: mean |response| per gene = 0.0023  std across NTC guides = 0.0028
  Saved: /project/xuanyao/jiaming/deeplearning/results_papalexi_nobatch/beta0.01_dim128/response_scores.csv
  Saved: /project/xuanyao/jiaming/deeplearning/results_papalexi_nobatch/beta0.01_dim128/figures/gene_response_heatmap.png
  Saved: /project/xuanyao/jiaming/deeplearning/results_papalexi_nobatch/beta0.01_dim128/figures/effect_size_vs_null.png
  NTC noise floor (mean+2SD): 0.0035
  Saved: /project/xuanyao/jiaming/deeplearning/results_papalexi_nobatch/beta0.01_dim128/figures/top_genes_per_pert.png

[3/4] Clustering perturbations by response vectors...
  Saved: /project/xuanyao/jiaming/deeplearning/results_papalexi_nobatch/beta0.01_dim128/figures/perturbation_clustermap.png

[4/4] Running hallmark pathway enrichment...
  Saved: /project/xuanyao/jiaming/deeplearning/results_papalexi_nobatch/beta0.01_dim128/figures/pathway_enrichment.png

[Bonus] Comparing CVAE response vs naive differential expression...
  Mean Spearman ρ (CVAE vs DE): 0.552
  Mean top-20 gene overlap:     7.5/20
  Saved: /project/xuanyao/jiaming/deeplearning/results_papalexi_nobatch/beta0.01_dim128/cvae_vs_de_comparison.csv

All figures saved to: /project/xuanyao/jiaming/deeplearning/results_papalexi_nobatch/beta0.01_dim128/figures
Done!
Done: beta0.01_dim128
