=== Train: beta=0.01 latent_dim=128 (no phase) ===
Device: cpu
Loading data...
  20729 cells, 3725 genes, 35 perturbations
  Filtering 1 cells with unknown perturbation assignment.
  Extra covariates: 14 dims (3 continuous + 11 categorical OHE)
Log1p-normalizing expression data...
  Train: 17635 cells | Val: 3093 cells

Model: 3725 genes | 34 perturbations | latent_dim=128
  Trainable parameters: 9,113,997

Training for up to 100 epochs (early stop patience=15)...

 Epoch   Train Total   Train Recon    Train KL   Val Total   Val Recon        LR    Time
------------------------------------------------------------------------------------------
     1        0.1983        0.1968      0.1552      0.1449      0.1447   1.0e-03    3.2s
     2        0.1493        0.1491      0.0157      0.1434      0.1434   1.0e-03    3.5s
     3        0.1466        0.1465      0.0078      0.1439      0.1439   1.0e-03    3.9s
     4        0.1447        0.1447      0.0065      0.1433      0.1433   1.0e-03    3.8s
     5        0.1429        0.1428      0.0074      0.1438      0.1438   1.0e-03    3.6s
     6        0.1414        0.1413      0.0064      0.1426      0.1425   1.0e-03    3.3s
     7        0.1399        0.1398      0.0079      0.1411      0.1410   1.0e-03    4.1s
     8        0.1386        0.1385      0.0083      0.1402      0.1402   1.0e-03    4.1s
     9        0.1378        0.1377      0.0080      0.1399      0.1398   1.0e-03    3.5s
    10        0.1369        0.1369      0.0072      0.1384      0.1383   1.0e-03    3.7s
    11        0.1347        0.1344      0.0319      0.1352      0.1348   1.0e-03    3.7s
    12        0.1330        0.1326      0.0396      0.1341      0.1336   1.0e-03    3.7s
    13        0.1319        0.1314      0.0487      0.1328      0.1322   1.0e-03    4.2s
    14        0.1303        0.1297      0.0607      0.1307      0.1301   1.0e-03    3.6s
    15        0.1293        0.1286      0.0657      0.1301      0.1295   1.0e-03    3.6s
    16        0.1286        0.1279      0.0730      0.1293      0.1285   1.0e-03    3.9s
    17        0.1279        0.1271      0.0795      0.1281      0.1274   1.0e-03    3.5s
    18        0.1274        0.1266      0.0814      0.1285      0.1276   1.0e-03    4.5s
    19        0.1266        0.1257      0.0881      0.1273      0.1264   1.0e-03    3.9s
    20        0.1260        0.1251      0.0922      0.1264      0.1254   1.0e-03    4.0s
    21        0.1254        0.1244      0.0952      0.1262      0.1252   1.0e-03    4.1s
    22        0.1250        0.1240      0.0964      0.1250      0.1241   1.0e-03    4.3s
    23        0.1244        0.1234      0.0965      0.1244      0.1235   1.0e-03    4.4s
    24        0.1240        0.1230      0.0966      0.1246      0.1237   1.0e-03    3.6s
    25        0.1235        0.1225      0.0951      0.1237      0.1227   1.0e-03    4.0s
    26        0.1232        0.1222      0.0938      0.1236      0.1227   1.0e-03    3.7s
    27        0.1227        0.1218      0.0918      0.1234      0.1225   1.0e-03    3.7s
    28        0.1224        0.1215      0.0914      0.1234      0.1225   1.0e-03    4.2s
    29        0.1221        0.1212      0.0901      0.1226      0.1217   1.0e-03    4.3s
    30        0.1216        0.1207      0.0928      0.1222      0.1213   1.0e-03    3.7s
    31        0.1213        0.1203      0.0953      0.1219      0.1210   1.0e-03    3.7s
    32        0.1209        0.1200      0.0956      0.1216      0.1206   1.0e-03    3.8s
    33        0.1206        0.1197      0.0971      0.1216      0.1206   1.0e-03    3.8s
    34        0.1204        0.1195      0.0976      0.1213      0.1202   1.0e-03    3.9s
    35        0.1202        0.1193      0.0988      0.1209      0.1200   1.0e-03    3.4s
    36        0.1200        0.1191      0.0987      0.1208      0.1199   1.0e-03    3.2s
    37        0.1197        0.1187      0.0974      0.1207      0.1197   1.0e-03    3.9s
    38        0.1196        0.1186      0.0971      0.1205      0.1195   1.0e-03    3.9s
    39        0.1193        0.1183      0.0967      0.1202      0.1192   1.0e-03    4.3s
    40        0.1192        0.1183      0.0961      0.1202      0.1193   1.0e-03    3.8s
    41        0.1191        0.1181      0.0960      0.1201      0.1192   1.0e-03    4.0s
    42        0.1189        0.1179      0.0962      0.1199      0.1190   1.0e-03    4.3s
    43        0.1188        0.1178      0.0972      0.1199      0.1189   1.0e-03    3.9s
    44        0.1187        0.1177      0.0974      0.1197      0.1188   1.0e-03    4.1s
    45        0.1185        0.1175      0.0991      0.1197      0.1186   1.0e-03    4.0s
    46        0.1183        0.1173      0.1016      0.1194      0.1184   1.0e-03    3.8s
    47        0.1181        0.1171      0.1043      0.1192      0.1182   1.0e-03    4.0s
    48        0.1180        0.1170      0.1065      0.1191      0.1181   1.0e-03    3.9s
    49        0.1179        0.1168      0.1074      0.1191      0.1180   1.0e-03    3.8s
    50        0.1178        0.1167      0.1078      0.1192      0.1181   1.0e-03    4.2s
    51        0.1177        0.1166      0.1093      0.1190      0.1179   1.0e-03    3.8s
    52        0.1176        0.1165      0.1097      0.1190      0.1179   1.0e-03    3.9s
    53        0.1174        0.1163      0.1097      0.1189      0.1178   1.0e-03    4.0s
    54        0.1173        0.1162      0.1089      0.1187      0.1176   1.0e-03    4.0s
    55        0.1171        0.1160      0.1087      0.1187      0.1176   1.0e-03    4.1s
    56        0.1170        0.1159      0.1074      0.1186      0.1176   1.0e-03    4.0s
    57        0.1169        0.1158      0.1085      0.1186      0.1175   1.0e-03    4.0s
    58        0.1167        0.1157      0.1088      0.1186      0.1175   1.0e-03    3.9s
    59        0.1167        0.1156      0.1086      0.1185      0.1174   1.0e-03    3.9s
    60        0.1166        0.1155      0.1103      0.1186      0.1175   1.0e-03    4.2s
    61        0.1165        0.1154      0.1102      0.1186      0.1175   1.0e-03    3.7s
    62        0.1166        0.1155      0.1111      0.1184      0.1173   1.0e-03    4.0s
    63        0.1165        0.1154      0.1124      0.1184      0.1173   1.0e-03    3.7s
    64        0.1163        0.1152      0.1125      0.1184      0.1173   1.0e-03    4.0s
    65        0.1162        0.1151      0.1141      0.1182      0.1171   1.0e-03    3.9s
    66        0.1162        0.1150      0.1145      0.1183      0.1171   1.0e-03    3.8s
    67        0.1160        0.1149      0.1151      0.1181      0.1170   1.0e-03    4.1s
    68        0.1160        0.1148      0.1157      0.1182      0.1170   1.0e-03    3.9s
    69        0.1160        0.1148      0.1169      0.1182      0.1170   1.0e-03    4.0s
    70        0.1158        0.1146      0.1177      0.1183      0.1171   1.0e-03    3.7s
    71        0.1158        0.1146      0.1176      0.1181      0.1169   1.0e-03    3.8s
    72        0.1157        0.1146      0.1181      0.1181      0.1169   1.0e-03    4.3s
    73        0.1157        0.1145      0.1188      0.1180      0.1168   1.0e-03    4.2s
    74        0.1156        0.1144      0.1191      0.1180      0.1168   1.0e-03    3.9s
    75        0.1155        0.1143      0.1190      0.1180      0.1168   1.0e-03    3.2s
    76        0.1154        0.1142      0.1197      0.1181      0.1169   1.0e-03    3.8s
    77        0.1154        0.1142      0.1207      0.1180      0.1168   1.0e-03    3.7s
    78        0.1154        0.1142      0.1214      0.1180      0.1168   1.0e-03    3.2s
    79        0.1152        0.1140      0.1216      0.1180      0.1168   1.0e-03    3.0s
    80        0.1151        0.1139      0.1213      0.1179      0.1167   1.0e-03    3.0s
    81        0.1151        0.1138      0.1208      0.1179      0.1167   1.0e-03    3.0s
    82        0.1150        0.1138      0.1212      0.1181      0.1169   1.0e-03    3.3s
    83        0.1149        0.1137      0.1206      0.1178      0.1167   1.0e-03    2.9s
    84        0.1149        0.1136      0.1204      0.1179      0.1167   1.0e-03    2.8s
    85        0.1148        0.1136      0.1205      0.1179      0.1167   1.0e-03    2.9s
    86        0.1147        0.1135      0.1206      0.1180      0.1168   1.0e-03    3.0s
    87        0.1146        0.1134      0.1210      0.1180      0.1168   1.0e-03    2.9s
    88        0.1146        0.1134      0.1211      0.1180      0.1168   1.0e-03    3.4s
    89        0.1145        0.1133      0.1215      0.1180      0.1168   5.0e-04    2.8s
    90        0.1142        0.1130      0.1213      0.1176      0.1164   5.0e-04    2.9s
    91        0.1140        0.1128      0.1215      0.1177      0.1165   5.0e-04    2.9s
    92        0.1140        0.1128      0.1215      0.1177      0.1165   5.0e-04    2.9s
    93        0.1140        0.1128      0.1216      0.1178      0.1166   5.0e-04    2.8s
    94        0.1139        0.1126      0.1225      0.1177      0.1165   5.0e-04    3.1s
    95        0.1138        0.1126      0.1221      0.1178      0.1166   5.0e-04    2.9s
    96        0.1138        0.1125      0.1227      0.1178      0.1166   2.5e-04    3.0s
    97        0.1136        0.1124      0.1220      0.1177      0.1165   2.5e-04    2.9s
    98        0.1135        0.1123      0.1223      0.1177      0.1165   2.5e-04    2.9s
    99        0.1135        0.1123      0.1228      0.1177      0.1165   2.5e-04    2.9s
   100        0.1134        0.1122      0.1225      0.1177      0.1165   2.5e-04    3.1s

Done. Best val loss: 0.1176
Checkpoints and logs saved to: /project/xuanyao/jiaming/deeplearning/results_papalexi_nophase/beta0.01_dim128
=== Analyze ===
Device: cpu
Loading data...
  20729 cells, 3725 genes, 34 perturbations
Log1p-normalizing...
  Filtering 1 cells with unknown perturbation.

Loading model from model_best.pt...

[1/4] Computing latent embeddings...
  Silhouette score (perturbation clusters, excl. NTC): -0.0656
Running UMAP (this may take a few minutes)...
UMAP(min_dist=0.3, n_jobs=1, n_neighbors=30, random_state=42, verbose=True)
Fri May 15 13:13:12 2026 Construct fuzzy simplicial set
Fri May 15 13:13:12 2026 Finding Nearest Neighbors
Fri May 15 13:13:12 2026 Building RP forest with 12 trees
Fri May 15 13:13:17 2026 NN descent for 14 iterations
	 1  /  14
	 2  /  14
	Stopping threshold met -- exiting after 2 iterations
Fri May 15 13:13:29 2026 Finished Nearest Neighbor Search
Fri May 15 13:13:33 2026 Construct embedding
	completed  0  /  200 epochs
	completed  20  /  200 epochs
	completed  40  /  200 epochs
	completed  60  /  200 epochs
	completed  80  /  200 epochs
	completed  100  /  200 epochs
	completed  120  /  200 epochs
	completed  140  /  200 epochs
	completed  160  /  200 epochs
	completed  180  /  200 epochs
Fri May 15 13:13:52 2026 Finished embedding
  Saved: /project/xuanyao/jiaming/deeplearning/results_papalexi_nophase/beta0.01_dim128/figures/umap_latent.png
  Saved covariate UMAPs: umap_n_nonzero.png, umap_n_umis.png, umap_lane.png, umap_bio_rep.png, umap_phase.png, umap_p_mito.png
Running expression-PCA UMAP for covariate verification...
  Saved expression UMAP covariates: umap_expr_n_nonzero.png, umap_expr_n_umis.png, umap_expr_lane.png, umap_expr_bio_rep.png, umap_expr_phase.png, umap_expr_p_mito.png
  Saved: /project/xuanyao/jiaming/deeplearning/results_papalexi_nophase/beta0.01_dim128/figures/umap_per_perturbation.png

[2/4] Computing perturbation response scores (decode Δ vs NTC avg of 9 guides: ['NTg1', 'NTg10', 'NTg2', 'NTg3', 'NTg4']...)...
  NTg1                 (  303 cells) response range: [-0.068, 0.022] [NTC]
  NTg10                (  235 cells) response range: [-0.022, 0.043] [NTC]
  NTg2                 (  106 cells) response range: [-0.062, 0.052] [NTC]
  NTg3                 (  244 cells) response range: [-0.029, 0.015] [NTC]
  NTg4                 (  431 cells) response range: [-0.033, 0.029] [NTC]
  NTg5                 (  305 cells) response range: [-0.022, 0.046] [NTC]
  NTg7                 (  445 cells) response range: [-0.043, 0.061] [NTC]
  NTg8                 (   56 cells) response range: [-0.067, 0.063] [NTC]
  NTg9                 (  261 cells) response range: [-0.014, 0.025] [NTC]
  tar-ATF2             ( 1102 cells) response range: [-0.018, 0.036]
  tar-BRD4             (  341 cells) response range: [-0.266, 0.166]
  tar-CAV1             (  882 cells) response range: [-0.014, 0.032]
  tar-CD86             ( 1197 cells) response range: [-0.028, 0.019]
  tar-CMTM6            (  817 cells) response range: [-0.030, 0.026]
  tar-CUL3             (  274 cells) response range: [-0.125, 0.126]
  tar-ETV7             (  841 cells) response range: [-0.026, 0.056]
  tar-IFNGR1           ( 1341 cells) response range: [-1.280, 0.418]
  tar-IFNGR2           ( 1213 cells) response range: [-1.262, 0.381]
  tar-IRF1             ( 1073 cells) response range: [-0.820, 0.539]
  tar-IRF7             (  614 cells) response range: [-0.024, 0.045]
  tar-JAK2             ( 1024 cells) response range: [-1.408, 0.425]
  tar-MARCH8           ( 1003 cells) response range: [-0.024, 0.035]
  tar-MYC              (  108 cells) response range: [-0.114, 0.071]
  tar-NFKBIA           (  787 cells) response range: [-0.089, 0.043]
  tar-PDCD1LG2         (  617 cells) response range: [-0.023, 0.034]
  tar-POU2F2           (  662 cells) response range: [-0.024, 0.056]
  tar-SMAD4            (  659 cells) response range: [-0.666, 0.514]
  tar-SPI1             (   48 cells) response range: [-0.196, 0.100]
  tar-STAT1            (  444 cells) response range: [-1.022, 0.370]
  tar-STAT2            (  661 cells) response range: [-0.708, 0.163]
  tar-STAT3            (  493 cells) response range: [-0.034, 0.043]
  tar-STAT5A           (  659 cells) response range: [-0.039, 0.028]
  tar-TNFRSF14         (  964 cells) response range: [-0.034, 0.047]
  tar-UBE2L6           (  518 cells) response range: [-0.030, 0.057]
  NTC null: mean |response| per gene = 0.0021  std across NTC guides = 0.0026
  Saved: /project/xuanyao/jiaming/deeplearning/results_papalexi_nophase/beta0.01_dim128/response_scores.csv
  Saved: /project/xuanyao/jiaming/deeplearning/results_papalexi_nophase/beta0.01_dim128/figures/gene_response_heatmap.png
  Saved: /project/xuanyao/jiaming/deeplearning/results_papalexi_nophase/beta0.01_dim128/figures/effect_size_vs_null.png
  NTC noise floor (mean+2SD): 0.0033
  Saved: /project/xuanyao/jiaming/deeplearning/results_papalexi_nophase/beta0.01_dim128/figures/top_genes_per_pert.png

[3/4] Clustering perturbations by response vectors...
  Saved: /project/xuanyao/jiaming/deeplearning/results_papalexi_nophase/beta0.01_dim128/figures/perturbation_clustermap.png

[4/4] Running hallmark pathway enrichment...
  Saved: /project/xuanyao/jiaming/deeplearning/results_papalexi_nophase/beta0.01_dim128/figures/pathway_enrichment.png

[Bonus] Comparing CVAE response vs naive differential expression...
  Mean Spearman ρ (CVAE vs DE): 0.555
  Mean top-20 gene overlap:     6.6/20
  Saved: /project/xuanyao/jiaming/deeplearning/results_papalexi_nophase/beta0.01_dim128/cvae_vs_de_comparison.csv

All figures saved to: /project/xuanyao/jiaming/deeplearning/results_papalexi_nophase/beta0.01_dim128/figures
Done!
Done: beta0.01_dim128
