=== Train: beta=0.01 latent_dim=64 ===
Device: cpu
Loading data...
  20729 cells, 3725 genes, 35 perturbations
  Filtering 1 cells with unknown perturbation assignment.
  Extra covariates: 17 dims (3 continuous + 14 categorical OHE)
Log1p-normalizing expression data...
  Train: 17635 cells | Val: 3093 cells

Model: 3725 genes | 34 perturbations | latent_dim=64
  Trainable parameters: 9,068,557

Training for up to 100 epochs (early stop patience=15)...

 Epoch   Train Total   Train Recon    Train KL   Val Total   Val Recon        LR    Time
------------------------------------------------------------------------------------------
     1        0.1977        0.1962      0.1533      0.1445      0.1444   1.0e-03    2.9s
     2        0.1490        0.1489      0.0115      0.1431      0.1431   1.0e-03    3.0s
     3        0.1460        0.1460      0.0074      0.1428      0.1428   1.0e-03    3.0s
     4        0.1436        0.1435      0.0075      0.1415      0.1415   1.0e-03    3.0s
     5        0.1409        0.1408      0.0072      0.1408      0.1408   1.0e-03    2.9s
     6        0.1390        0.1390      0.0062      0.1396      0.1396   1.0e-03    3.0s
     7        0.1379        0.1378      0.0059      0.1383      0.1383   1.0e-03    3.2s
     8        0.1366        0.1365      0.0059      0.1370      0.1369   1.0e-03    2.9s
     9        0.1354        0.1353      0.0056      0.1360      0.1359   1.0e-03    3.0s
    10        0.1342        0.1341      0.0118      0.1342      0.1337   1.0e-03    2.9s
    11        0.1327        0.1323      0.0412      0.1328      0.1324   1.0e-03    2.9s
    12        0.1319        0.1314      0.0480      0.1318      0.1314   1.0e-03    2.9s
    13        0.1309        0.1303      0.0571      0.1303      0.1297   1.0e-03    2.9s
    14        0.1293        0.1286      0.0681      0.1293      0.1286   1.0e-03    3.0s
    15        0.1284        0.1277      0.0704      0.1285      0.1278   1.0e-03    3.0s
    16        0.1278        0.1271      0.0694      0.1283      0.1277   1.0e-03    2.9s
    17        0.1273        0.1266      0.0692      0.1277      0.1270   1.0e-03    3.0s
    18        0.1268        0.1260      0.0752      0.1272      0.1264   1.0e-03    3.0s
    19        0.1262        0.1254      0.0774      0.1270      0.1262   1.0e-03    3.1s
    20        0.1259        0.1251      0.0793      0.1264      0.1256   1.0e-03    3.1s
    21        0.1256        0.1247      0.0804      0.1262      0.1254   1.0e-03    3.1s
    22        0.1251        0.1242      0.0872      0.1257      0.1248   1.0e-03    3.1s
    23        0.1247        0.1238      0.0911      0.1251      0.1242   1.0e-03    3.0s
    24        0.1241        0.1231      0.0930      0.1247      0.1238   1.0e-03    3.0s
    25        0.1238        0.1229      0.0932      0.1247      0.1237   1.0e-03    3.0s
    26        0.1236        0.1227      0.0936      0.1242      0.1233   1.0e-03    3.0s
    27        0.1233        0.1223      0.0946      0.1240      0.1231   1.0e-03    3.0s
    28        0.1230        0.1221      0.0955      0.1238      0.1228   1.0e-03    3.1s
    29        0.1228        0.1219      0.0952      0.1237      0.1228   1.0e-03    3.0s
    30        0.1227        0.1218      0.0963      0.1237      0.1227   1.0e-03    3.0s
    31        0.1225        0.1215      0.0962      0.1235      0.1225   1.0e-03    3.0s
    32        0.1223        0.1214      0.0962      0.1233      0.1224   1.0e-03    3.0s
    33        0.1222        0.1213      0.0970      0.1232      0.1222   1.0e-03    3.1s
    34        0.1222        0.1212      0.0974      0.1232      0.1223   1.0e-03    3.1s
    35        0.1219        0.1209      0.0978      0.1231      0.1221   1.0e-03    3.0s
    36        0.1218        0.1208      0.0981      0.1234      0.1224   1.0e-03    3.0s
    37        0.1218        0.1208      0.0982      0.1230      0.1220   1.0e-03    3.1s
    38        0.1216        0.1206      0.0990      0.1230      0.1220   1.0e-03    3.0s
    39        0.1215        0.1205      0.0986      0.1229      0.1219   1.0e-03    3.0s
    40        0.1215        0.1205      0.0995      0.1230      0.1220   1.0e-03    3.1s
    41        0.1213        0.1203      0.0998      0.1228      0.1218   1.0e-03    3.0s
    42        0.1212        0.1202      0.1009      0.1228      0.1218   1.0e-03    2.9s
    43        0.1210        0.1200      0.1030      0.1226      0.1215   1.0e-03    3.0s
    44        0.1210        0.1199      0.1094      0.1223      0.1212   1.0e-03    3.0s
    45        0.1207        0.1196      0.1139      0.1221      0.1210   1.0e-03    2.9s
    46        0.1205        0.1193      0.1157      0.1222      0.1211   1.0e-03    3.0s
    47        0.1205        0.1193      0.1175      0.1220      0.1208   1.0e-03    3.0s
    48        0.1203        0.1192      0.1188      0.1220      0.1208   1.0e-03    3.0s
    49        0.1202        0.1190      0.1202      0.1218      0.1206   1.0e-03    3.0s
    50        0.1201        0.1189      0.1212      0.1218      0.1206   1.0e-03    3.0s
    51        0.1201        0.1189      0.1226      0.1217      0.1205   1.0e-03    2.9s
    52        0.1199        0.1187      0.1230      0.1217      0.1205   1.0e-03    3.0s
    53        0.1198        0.1185      0.1239      0.1216      0.1204   1.0e-03    3.0s
    54        0.1196        0.1183      0.1242      0.1219      0.1207   1.0e-03    2.9s
    55        0.1195        0.1183      0.1235      0.1215      0.1202   1.0e-03    2.9s
    56        0.1194        0.1182      0.1234      0.1214      0.1202   1.0e-03    2.9s
    57        0.1192        0.1180      0.1240      0.1214      0.1202   1.0e-03    2.9s
    58        0.1192        0.1180      0.1243      0.1215      0.1203   1.0e-03    3.0s
    59        0.1192        0.1179      0.1245      0.1213      0.1201   1.0e-03    3.0s
    60        0.1191        0.1178      0.1250      0.1214      0.1202   1.0e-03    2.9s
    61        0.1189        0.1177      0.1253      0.1214      0.1201   1.0e-03    3.0s
    62        0.1188        0.1176      0.1255      0.1213      0.1200   1.0e-03    3.0s
    63        0.1187        0.1175      0.1260      0.1214      0.1201   1.0e-03    2.9s
    64        0.1187        0.1175      0.1262      0.1214      0.1202   1.0e-03    3.0s
    65        0.1187        0.1174      0.1266      0.1214      0.1201   1.0e-03    2.9s
    66        0.1186        0.1173      0.1263      0.1214      0.1201   1.0e-03    2.9s
    67        0.1186        0.1173      0.1265      0.1214      0.1201   1.0e-03    3.0s
    68        0.1184        0.1171      0.1272      0.1213      0.1201   5.0e-04    2.9s
    69        0.1181        0.1168      0.1280      0.1211      0.1198   5.0e-04    2.9s
    70        0.1179        0.1166      0.1273      0.1211      0.1199   5.0e-04    2.9s
    71        0.1179        0.1166      0.1282      0.1211      0.1199   5.0e-04    2.9s
    72        0.1179        0.1166      0.1284      0.1211      0.1198   5.0e-04    2.9s
    73        0.1178        0.1166      0.1282      0.1211      0.1198   5.0e-04    3.0s
    74        0.1177        0.1165      0.1290      0.1212      0.1199   5.0e-04    3.0s
    75        0.1176        0.1163      0.1284      0.1211      0.1199   5.0e-04    3.0s
    76        0.1177        0.1164      0.1290      0.1212      0.1199   5.0e-04    2.9s
    77        0.1176        0.1163      0.1295      0.1212      0.1199   5.0e-04    2.9s
    78        0.1177        0.1164      0.1290      0.1212      0.1199   2.5e-04    3.0s
    79        0.1175        0.1162      0.1293      0.1211      0.1198   2.5e-04    3.0s
    80        0.1174        0.1161      0.1295      0.1211      0.1198   2.5e-04    3.0s
    81        0.1172        0.1160      0.1297      0.1211      0.1198   2.5e-04    3.0s
    82        0.1173        0.1160      0.1300      0.1210      0.1198   2.5e-04    2.9s
    83        0.1173        0.1160      0.1301      0.1211      0.1198   2.5e-04    2.9s
    84        0.1172        0.1159      0.1302      0.1211      0.1198   2.5e-04    2.9s
    85        0.1172        0.1159      0.1301      0.1211      0.1198   2.5e-04    2.9s
    86        0.1172        0.1159      0.1303      0.1211      0.1198   2.5e-04    2.9s
    87        0.1172        0.1159      0.1306      0.1211      0.1198   2.5e-04    2.9s
    88        0.1171        0.1158      0.1308      0.1211      0.1198   1.3e-04    2.9s
    89        0.1171        0.1158      0.1307      0.1211      0.1198   1.3e-04    2.9s
    90        0.1171        0.1158      0.1303      0.1211      0.1198   1.3e-04    2.9s
    91        0.1170        0.1157      0.1307      0.1211      0.1198   1.3e-04    2.9s
    92        0.1169        0.1156      0.1306      0.1211      0.1198   1.3e-04    2.9s
    93        0.1170        0.1157      0.1307      0.1211      0.1198   1.3e-04    2.9s
    94        0.1169        0.1156      0.1310      0.1211      0.1198   6.3e-05    2.9s
    95        0.1169        0.1156      0.1306      0.1211      0.1198   6.3e-05    2.9s
    96        0.1169        0.1156      0.1308      0.1211      0.1198   6.3e-05    2.8s
    97        0.1168        0.1155      0.1308      0.1211      0.1198   6.3e-05    2.8s

Early stopping at epoch 97 (no improvement for 15 epochs)

Done. Best val loss: 0.1210
Checkpoints and logs saved to: /project/xuanyao/jiaming/deeplearning/results_papalexi/beta0.01_dim64
=== Analyze ===
Device: cpu
Loading data...
  20729 cells, 3725 genes, 34 perturbations
Log1p-normalizing...
  Filtering 1 cells with unknown perturbation.

Loading model from model_best.pt...

[1/4] Computing latent embeddings...
  Silhouette score (perturbation clusters, excl. NTC): -0.0812
Running UMAP (this may take a few minutes)...
UMAP(min_dist=0.3, n_jobs=1, n_neighbors=30, random_state=42, verbose=True)
Thu May 14 11:49:35 2026 Construct fuzzy simplicial set
Thu May 14 11:49:35 2026 Finding Nearest Neighbors
Thu May 14 11:49:35 2026 Building RP forest with 12 trees
Thu May 14 11:49:39 2026 NN descent for 14 iterations
	 1  /  14
	 2  /  14
	Stopping threshold met -- exiting after 2 iterations
Thu May 14 11:49:50 2026 Finished Nearest Neighbor Search
Thu May 14 11:49:54 2026 Construct embedding
	completed  0  /  200 epochs
	completed  20  /  200 epochs
	completed  40  /  200 epochs
	completed  60  /  200 epochs
	completed  80  /  200 epochs
	completed  100  /  200 epochs
	completed  120  /  200 epochs
	completed  140  /  200 epochs
	completed  160  /  200 epochs
	completed  180  /  200 epochs
Thu May 14 11:50:13 2026 Finished embedding
  Saved: /project/xuanyao/jiaming/deeplearning/results_papalexi/beta0.01_dim64/figures/umap_latent.png
  Saved covariate UMAPs: umap_n_nonzero.png, umap_n_umis.png, umap_lane.png, umap_bio_rep.png, umap_phase.png, umap_p_mito.png
Running expression-PCA UMAP for covariate verification...
  Saved expression UMAP covariates: umap_expr_n_nonzero.png, umap_expr_n_umis.png, umap_expr_lane.png, umap_expr_bio_rep.png, umap_expr_phase.png, umap_expr_p_mito.png
  Saved: /project/xuanyao/jiaming/deeplearning/results_papalexi/beta0.01_dim64/figures/umap_per_perturbation.png

[2/4] Computing perturbation response scores (decode Δ vs NTC avg of 9 guides: ['NTg1', 'NTg10', 'NTg2', 'NTg3', 'NTg4']...)...
  NTg1                 (  303 cells) response range: [-0.119, 0.039] [NTC]
  NTg10                (  235 cells) response range: [-0.032, 0.082] [NTC]
  NTg2                 (  106 cells) response range: [-0.079, 0.041] [NTC]
  NTg3                 (  244 cells) response range: [-0.061, 0.054] [NTC]
  NTg4                 (  431 cells) response range: [-0.035, 0.038] [NTC]
  NTg5                 (  305 cells) response range: [-0.033, 0.063] [NTC]
  NTg7                 (  445 cells) response range: [-0.044, 0.039] [NTC]
  NTg8                 (   56 cells) response range: [-0.060, 0.055] [NTC]
  NTg9                 (  261 cells) response range: [-0.030, 0.043] [NTC]
  tar-ATF2             ( 1102 cells) response range: [-0.022, 0.026]
  tar-BRD4             (  341 cells) response range: [-0.354, 0.250]
  tar-CAV1             (  882 cells) response range: [-0.029, 0.043]
  tar-CD86             ( 1197 cells) response range: [-0.027, 0.042]
  tar-CMTM6            (  817 cells) response range: [-0.043, 0.031]
  tar-CUL3             (  274 cells) response range: [-0.132, 0.149]
  tar-ETV7             (  841 cells) response range: [-0.036, 0.073]
  tar-IFNGR1           ( 1341 cells) response range: [-1.280, 0.504]
  tar-IFNGR2           ( 1213 cells) response range: [-1.310, 0.509]
  tar-IRF1             ( 1073 cells) response range: [-0.877, 0.636]
  tar-IRF7             (  614 cells) response range: [-0.032, 0.040]
  tar-JAK2             ( 1024 cells) response range: [-1.409, 0.566]
  tar-MARCH8           ( 1003 cells) response range: [-0.029, 0.054]
  tar-MYC              (  108 cells) response range: [-0.127, 0.090]
  tar-NFKBIA           (  787 cells) response range: [-0.094, 0.068]
  tar-PDCD1LG2         (  617 cells) response range: [-0.034, 0.043]
  tar-POU2F2           (  662 cells) response range: [-0.034, 0.072]
  tar-SMAD4            (  659 cells) response range: [-0.871, 0.533]
  tar-SPI1             (   48 cells) response range: [-0.177, 0.104]
  tar-STAT1            (  444 cells) response range: [-1.109, 0.563]
  tar-STAT2            (  661 cells) response range: [-0.805, 0.166]
  tar-STAT3            (  493 cells) response range: [-0.051, 0.058]
  tar-STAT5A           (  659 cells) response range: [-0.029, 0.040]
  tar-TNFRSF14         (  964 cells) response range: [-0.029, 0.037]
  tar-UBE2L6           (  518 cells) response range: [-0.032, 0.051]
  NTC null: mean |response| per gene = 0.0030  std across NTC guides = 0.0036
  Saved: /project/xuanyao/jiaming/deeplearning/results_papalexi/beta0.01_dim64/response_scores.csv
  Saved: /project/xuanyao/jiaming/deeplearning/results_papalexi/beta0.01_dim64/figures/gene_response_heatmap.png
  Saved: /project/xuanyao/jiaming/deeplearning/results_papalexi/beta0.01_dim64/figures/effect_size_vs_null.png
  NTC noise floor (mean+2SD): 0.0039
  Saved: /project/xuanyao/jiaming/deeplearning/results_papalexi/beta0.01_dim64/figures/top_genes_per_pert.png

[3/4] Clustering perturbations by response vectors...
  Saved: /project/xuanyao/jiaming/deeplearning/results_papalexi/beta0.01_dim64/figures/perturbation_clustermap.png

[4/4] Running hallmark pathway enrichment...
  Saved: /project/xuanyao/jiaming/deeplearning/results_papalexi/beta0.01_dim64/figures/pathway_enrichment.png

[Bonus] Comparing CVAE response vs naive differential expression...
  Mean Spearman ρ (CVAE vs DE): 0.537
  Mean top-20 gene overlap:     6.7/20
  Saved: /project/xuanyao/jiaming/deeplearning/results_papalexi/beta0.01_dim64/cvae_vs_de_comparison.csv

All figures saved to: /project/xuanyao/jiaming/deeplearning/results_papalexi/beta0.01_dim64/figures
Done!
Done: beta0.01_dim64
