=== Train: beta=0.1 latent_dim=128 ===
Device: cpu
Loading data...
  20729 cells, 3725 genes, 35 perturbations
  Filtering 1 cells with unknown perturbation assignment.
  Extra covariates: 17 dims (3 continuous + 14 categorical OHE)
Log1p-normalizing expression data...
  Train: 17635 cells | Val: 3093 cells

Model: 3725 genes | 34 perturbations | latent_dim=128
  Trainable parameters: 9,117,837

Training for up to 100 epochs (early stop patience=15)...

 Epoch   Train Total   Train Recon    Train KL   Val Total   Val Recon        LR    Time
------------------------------------------------------------------------------------------
     1        0.2013        0.1990      0.0233      0.1446      0.1446   1.0e-03    2.6s
     2        0.1496        0.1491      0.0048      0.1435      0.1435   1.0e-03    2.7s
     3        0.1467        0.1464      0.0032      0.1440      0.1440   1.0e-03    2.6s
     4        0.1447        0.1445      0.0021      0.1433      0.1433   1.0e-03    2.7s
     5        0.1431        0.1430      0.0013      0.1419      0.1419   1.0e-03    2.7s
     6        0.1404        0.1403      0.0007      0.1420      0.1419   1.0e-03    2.8s
     7        0.1385        0.1385      0.0004      0.1407      0.1407   1.0e-03    2.9s
     8        0.1377        0.1377      0.0002      0.1396      0.1396   1.0e-03    2.8s
     9        0.1369        0.1368      0.0002      0.1388      0.1388   1.0e-03    2.9s
    10        0.1360        0.1360      0.0001      0.1381      0.1381   1.0e-03    2.9s
    11        0.1353        0.1353      0.0001      0.1370      0.1370   1.0e-03    2.8s
    12        0.1346        0.1345      0.0001      0.1359      0.1359   1.0e-03    2.8s
    13        0.1340        0.1340      0.0001      0.1355      0.1355   1.0e-03    2.9s
    14        0.1336        0.1336      0.0001      0.1350      0.1350   1.0e-03    2.9s
    15        0.1333        0.1333      0.0001      0.1347      0.1347   1.0e-03    2.9s
    16        0.1331        0.1331      0.0001      0.1347      0.1347   1.0e-03    2.8s
    17        0.1329        0.1329      0.0001      0.1344      0.1344   1.0e-03    2.9s
    18        0.1328        0.1328      0.0002      0.1342      0.1342   1.0e-03    2.9s
    19        0.1325        0.1323      0.0011      0.1337      0.1335   1.0e-03    3.0s
    20        0.1320        0.1315      0.0043      0.1327      0.1321   1.0e-03    3.0s
    21        0.1312        0.1306      0.0068      0.1317      0.1310   1.0e-03    3.0s
    22        0.1304        0.1295      0.0090      0.1305      0.1296   1.0e-03    3.0s
    23        0.1299        0.1289      0.0102      0.1300      0.1291   1.0e-03    3.0s
    24        0.1296        0.1285      0.0111      0.1298      0.1289   1.0e-03    3.0s
    25        0.1294        0.1282      0.0114      0.1295      0.1285   1.0e-03    2.9s
    26        0.1292        0.1280      0.0120      0.1293      0.1281   1.0e-03    2.9s
    27        0.1288        0.1276      0.0124      0.1291      0.1279   1.0e-03    3.0s
    28        0.1285        0.1273      0.0124      0.1289      0.1275   1.0e-03    3.0s
    29        0.1281        0.1268      0.0129      0.1290      0.1277   1.0e-03    3.0s
    30        0.1280        0.1267      0.0130      0.1285      0.1272   1.0e-03    3.0s
    31        0.1278        0.1265      0.0130      0.1285      0.1273   1.0e-03    3.0s
    32        0.1277        0.1263      0.0132      0.1281      0.1269   1.0e-03    2.9s
    33        0.1275        0.1262      0.0132      0.1284      0.1270   1.0e-03    3.0s
    34        0.1274        0.1260      0.0136      0.1280      0.1267   1.0e-03    3.0s
    35        0.1272        0.1258      0.0136      0.1279      0.1265   1.0e-03    3.0s
    36        0.1270        0.1256      0.0140      0.1276      0.1262   1.0e-03    3.1s
    37        0.1268        0.1253      0.0148      0.1276      0.1261   1.0e-03    3.0s
    38        0.1266        0.1251      0.0151      0.1272      0.1256   1.0e-03    2.9s
    39        0.1265        0.1249      0.0157      0.1271      0.1256   1.0e-03    3.0s
    40        0.1264        0.1247      0.0160      0.1270      0.1254   1.0e-03    3.0s
    41        0.1262        0.1246      0.0160      0.1269      0.1254   1.0e-03    2.9s
    42        0.1262        0.1246      0.0167      0.1272      0.1255   1.0e-03    3.0s
    43        0.1260        0.1243      0.0169      0.1269      0.1253   1.0e-03    2.9s
    44        0.1258        0.1241      0.0174      0.1268      0.1250   1.0e-03    3.0s
    45        0.1257        0.1239      0.0177      0.1268      0.1249   1.0e-03    2.9s
    46        0.1255        0.1237      0.0182      0.1265      0.1246   1.0e-03    3.0s
    47        0.1254        0.1236      0.0181      0.1266      0.1249   1.0e-03    2.9s
    48        0.1255        0.1237      0.0183      0.1264      0.1245   1.0e-03    2.9s
    49        0.1253        0.1234      0.0187      0.1265      0.1245   1.0e-03    3.0s
    50        0.1252        0.1233      0.0187      0.1265      0.1245   1.0e-03    2.9s
    51        0.1250        0.1231      0.0189      0.1263      0.1244   1.0e-03    2.9s
    52        0.1251        0.1232      0.0190      0.1264      0.1244   1.0e-03    2.9s
    53        0.1250        0.1231      0.0192      0.1263      0.1243   1.0e-03    2.9s
    54        0.1248        0.1229      0.0192      0.1264      0.1243   1.0e-03    2.9s
    55        0.1248        0.1229      0.0194      0.1262      0.1243   1.0e-03    2.9s
    56        0.1247        0.1228      0.0194      0.1262      0.1243   1.0e-03    3.0s
    57        0.1246        0.1227      0.0195      0.1263      0.1243   1.0e-03    2.9s
    58        0.1247        0.1227      0.0196      0.1262      0.1242   1.0e-03    3.0s
    59        0.1245        0.1226      0.0198      0.1262      0.1242   1.0e-03    2.9s
    60        0.1245        0.1225      0.0199      0.1262      0.1242   1.0e-03    2.9s
    61        0.1245        0.1225      0.0198      0.1261      0.1241   1.0e-03    2.9s
    62        0.1244        0.1224      0.0199      0.1263      0.1242   1.0e-03    2.9s
    63        0.1243        0.1223      0.0200      0.1262      0.1243   1.0e-03    2.8s
    64        0.1242        0.1222      0.0201      0.1262      0.1242   1.0e-03    2.8s
    65        0.1242        0.1221      0.0202      0.1262      0.1241   1.0e-03    2.6s
    66        0.1241        0.1221      0.0201      0.1260      0.1240   1.0e-03    2.6s
    67        0.1241        0.1221      0.0203      0.1260      0.1240   1.0e-03    2.6s
    68        0.1240        0.1220      0.0204      0.1261      0.1240   1.0e-03    2.6s
    69        0.1240        0.1220      0.0204      0.1262      0.1241   1.0e-03    2.6s
    70        0.1239        0.1218      0.0206      0.1262      0.1242   1.0e-03    2.6s
    71        0.1239        0.1219      0.0204      0.1261      0.1241   1.0e-03    2.7s
    72        0.1239        0.1219      0.0207      0.1260      0.1239   1.0e-03    2.6s
    73        0.1238        0.1218      0.0208      0.1261      0.1242   1.0e-03    2.7s
    74        0.1238        0.1217      0.0206      0.1261      0.1242   1.0e-03    2.6s
    75        0.1237        0.1216      0.0208      0.1261      0.1240   1.0e-03    2.6s
    76        0.1237        0.1216      0.0209      0.1262      0.1241   1.0e-03    2.7s
    77        0.1236        0.1215      0.0209      0.1261      0.1241   1.0e-03    2.6s
    78        0.1235        0.1214      0.0208      0.1262      0.1241   5.0e-04    2.6s
    79        0.1233        0.1212      0.0210      0.1259      0.1238   5.0e-04    2.6s
    80        0.1231        0.1210      0.0211      0.1259      0.1238   5.0e-04    2.5s
    81        0.1230        0.1209      0.0212      0.1259      0.1238   5.0e-04    2.6s
    82        0.1230        0.1209      0.0214      0.1260      0.1239   5.0e-04    2.6s
    83        0.1230        0.1208      0.0212      0.1260      0.1238   5.0e-04    2.5s
    84        0.1230        0.1208      0.0213      0.1259      0.1238   5.0e-04    2.6s
    85        0.1229        0.1208      0.0213      0.1260      0.1238   5.0e-04    2.7s
    86        0.1228        0.1207      0.0214      0.1260      0.1239   2.5e-04    2.6s
    87        0.1227        0.1205      0.0214      0.1259      0.1238   2.5e-04    2.6s
    88        0.1226        0.1205      0.0216      0.1259      0.1238   2.5e-04    2.6s
    89        0.1227        0.1206      0.0216      0.1259      0.1238   2.5e-04    2.6s
    90        0.1226        0.1204      0.0215      0.1259      0.1237   2.5e-04    2.5s
    91        0.1226        0.1204      0.0215      0.1259      0.1238   2.5e-04    2.5s
    92        0.1225        0.1204      0.0216      0.1259      0.1239   2.5e-04    2.6s
    93        0.1226        0.1204      0.0216      0.1259      0.1237   2.5e-04    2.6s
    94        0.1225        0.1203      0.0216      0.1259      0.1238   2.5e-04    2.6s
    95        0.1225        0.1203      0.0218      0.1260      0.1238   2.5e-04    2.6s
    96        0.1225        0.1204      0.0218      0.1260      0.1238   1.3e-04    2.6s
    97        0.1223        0.1202      0.0216      0.1259      0.1238   1.3e-04    2.6s
    98        0.1224        0.1202      0.0218      0.1259      0.1237   1.3e-04    2.5s
    99        0.1223        0.1201      0.0217      0.1259      0.1238   1.3e-04    2.6s
   100        0.1223        0.1201      0.0217      0.1259      0.1238   1.3e-04    2.6s

Done. Best val loss: 0.1259
Checkpoints and logs saved to: /project/xuanyao/jiaming/deeplearning/results_papalexi/beta0.1_dim128
=== Analyze ===
Device: cpu
Loading data...
  20729 cells, 3725 genes, 34 perturbations
Log1p-normalizing...
  Filtering 1 cells with unknown perturbation.

Loading model from model_best.pt...

[1/4] Computing latent embeddings...
  Silhouette score (perturbation clusters, excl. NTC): -0.1135
Running UMAP (this may take a few minutes)...
UMAP(min_dist=0.3, n_jobs=1, n_neighbors=30, random_state=42, verbose=True)
Thu May 14 11:55:47 2026 Construct fuzzy simplicial set
Thu May 14 11:55:47 2026 Finding Nearest Neighbors
Thu May 14 11:55:47 2026 Building RP forest with 12 trees
Thu May 14 11:55:52 2026 NN descent for 14 iterations
	 1  /  14
	 2  /  14
	Stopping threshold met -- exiting after 2 iterations
Thu May 14 11:56:02 2026 Finished Nearest Neighbor Search
Thu May 14 11:56:06 2026 Construct embedding
	completed  0  /  200 epochs
	completed  20  /  200 epochs
	completed  40  /  200 epochs
	completed  60  /  200 epochs
	completed  80  /  200 epochs
	completed  100  /  200 epochs
	completed  120  /  200 epochs
	completed  140  /  200 epochs
	completed  160  /  200 epochs
	completed  180  /  200 epochs
Thu May 14 11:56:24 2026 Finished embedding
  Saved: /project/xuanyao/jiaming/deeplearning/results_papalexi/beta0.1_dim128/figures/umap_latent.png
  Saved covariate UMAPs: umap_n_nonzero.png, umap_n_umis.png, umap_lane.png, umap_bio_rep.png, umap_phase.png, umap_p_mito.png
Running expression-PCA UMAP for covariate verification...
  Saved expression UMAP covariates: umap_expr_n_nonzero.png, umap_expr_n_umis.png, umap_expr_lane.png, umap_expr_bio_rep.png, umap_expr_phase.png, umap_expr_p_mito.png
  Saved: /project/xuanyao/jiaming/deeplearning/results_papalexi/beta0.1_dim128/figures/umap_per_perturbation.png

[2/4] Computing perturbation response scores (decode Δ vs NTC avg of 9 guides: ['NTg1', 'NTg10', 'NTg2', 'NTg3', 'NTg4']...)...
  NTg1                 (  303 cells) response range: [-0.121, 0.049] [NTC]
  NTg10                (  235 cells) response range: [-0.052, 0.040] [NTC]
  NTg2                 (  106 cells) response range: [-0.115, 0.026] [NTC]
  NTg3                 (  244 cells) response range: [-0.057, 0.060] [NTC]
  NTg4                 (  431 cells) response range: [-0.034, 0.061] [NTC]
  NTg5                 (  305 cells) response range: [-0.033, 0.067] [NTC]
  NTg7                 (  445 cells) response range: [-0.055, 0.043] [NTC]
  NTg8                 (   56 cells) response range: [-0.043, 0.049] [NTC]
  NTg9                 (  261 cells) response range: [-0.034, 0.057] [NTC]
  tar-ATF2             ( 1102 cells) response range: [-0.021, 0.039]
  tar-BRD4             (  341 cells) response range: [-0.339, 0.324]
  tar-CAV1             (  882 cells) response range: [-0.025, 0.033]
  tar-CD86             ( 1197 cells) response range: [-0.027, 0.022]
  tar-CMTM6            (  817 cells) response range: [-0.055, 0.027]
  tar-CUL3             (  274 cells) response range: [-0.177, 0.195]
  tar-ETV7             (  841 cells) response range: [-0.057, 0.113]
  tar-IFNGR1           ( 1341 cells) response range: [-1.599, 0.544]
  tar-IFNGR2           ( 1213 cells) response range: [-1.638, 0.562]
  tar-IRF1             ( 1073 cells) response range: [-0.886, 0.776]
  tar-IRF7             (  614 cells) response range: [-0.037, 0.028]
  tar-JAK2             ( 1024 cells) response range: [-1.772, 0.602]
  tar-MARCH8           ( 1003 cells) response range: [-0.030, 0.052]
  tar-MYC              (  108 cells) response range: [-0.238, 0.225]
  tar-NFKBIA           (  787 cells) response range: [-0.101, 0.097]
  tar-PDCD1LG2         (  617 cells) response range: [-0.042, 0.041]
  tar-POU2F2           (  662 cells) response range: [-0.044, 0.059]
  tar-SMAD4            (  659 cells) response range: [-0.983, 0.491]
  tar-SPI1             (   48 cells) response range: [-0.274, 0.166]
  tar-STAT1            (  444 cells) response range: [-1.583, 0.701]
  tar-STAT2            (  661 cells) response range: [-0.834, 0.168]
  tar-STAT3            (  493 cells) response range: [-0.051, 0.050]
  tar-STAT5A           (  659 cells) response range: [-0.067, 0.049]
  tar-TNFRSF14         (  964 cells) response range: [-0.033, 0.036]
  tar-UBE2L6           (  518 cells) response range: [-0.038, 0.079]
  NTC null: mean |response| per gene = 0.0032  std across NTC guides = 0.0039
  Saved: /project/xuanyao/jiaming/deeplearning/results_papalexi/beta0.1_dim128/response_scores.csv
  Saved: /project/xuanyao/jiaming/deeplearning/results_papalexi/beta0.1_dim128/figures/gene_response_heatmap.png
  Saved: /project/xuanyao/jiaming/deeplearning/results_papalexi/beta0.1_dim128/figures/effect_size_vs_null.png
  NTC noise floor (mean+2SD): 0.0042
  Saved: /project/xuanyao/jiaming/deeplearning/results_papalexi/beta0.1_dim128/figures/top_genes_per_pert.png

[3/4] Clustering perturbations by response vectors...
  Saved: /project/xuanyao/jiaming/deeplearning/results_papalexi/beta0.1_dim128/figures/perturbation_clustermap.png

[4/4] Running hallmark pathway enrichment...
  Saved: /project/xuanyao/jiaming/deeplearning/results_papalexi/beta0.1_dim128/figures/pathway_enrichment.png

[Bonus] Comparing CVAE response vs naive differential expression...
  Mean Spearman ρ (CVAE vs DE): 0.565
  Mean top-20 gene overlap:     7.2/20
  Saved: /project/xuanyao/jiaming/deeplearning/results_papalexi/beta0.1_dim128/cvae_vs_de_comparison.csv

All figures saved to: /project/xuanyao/jiaming/deeplearning/results_papalexi/beta0.1_dim128/figures
Done!
Done: beta0.1_dim128
