=== Train: beta=0.1 latent_dim=256 (no bio_rep, no lane) ===
Device: cpu
Loading data...
  20729 cells, 3725 genes, 35 perturbations
  Filtering 1 cells with unknown perturbation assignment.
  Extra covariates: 6 dims (3 continuous + 3 categorical OHE)
Log1p-normalizing expression data...
  Train: 17635 cells | Val: 3093 cells

Model: 3725 genes | 34 perturbations | latent_dim=256
  Trainable parameters: 9,202,317

Training for up to 100 epochs (early stop patience=15)...

 Epoch   Train Total   Train Recon    Train KL   Val Total   Val Recon        LR    Time
------------------------------------------------------------------------------------------
     1        0.2016        0.1988      0.0286      0.1447      0.1446   1.0e-03    2.9s
     2        0.1498        0.1493      0.0049      0.1436      0.1436   1.0e-03    3.1s
     3        0.1470        0.1467      0.0032      0.1451      0.1451   1.0e-03    3.2s
     4        0.1453        0.1450      0.0023      0.1456      0.1456   1.0e-03    3.1s
     5        0.1439        0.1438      0.0016      0.1449      0.1449   1.0e-03    3.1s
     6        0.1425        0.1424      0.0010      0.1443      0.1442   1.0e-03    3.2s
     7        0.1409        0.1409      0.0007      0.1457      0.1457   1.0e-03    3.1s
     8        0.1399        0.1399      0.0004      0.1441      0.1441   5.0e-04    3.1s
     9        0.1391        0.1391      0.0003      0.1444      0.1444   5.0e-04    3.1s
    10        0.1389        0.1388      0.0004      0.1436      0.1436   5.0e-04    3.1s
    11        0.1383        0.1381      0.0019      0.1424      0.1422   5.0e-04    3.1s
    12        0.1375        0.1371      0.0041      0.1401      0.1397   5.0e-04    3.2s
    13        0.1366        0.1360      0.0057      0.1397      0.1391   5.0e-04    3.1s
    14        0.1358        0.1351      0.0065      0.1387      0.1381   5.0e-04    3.1s
    15        0.1351        0.1344      0.0070      0.1382      0.1375   5.0e-04    3.1s
    16        0.1347        0.1340      0.0072      0.1380      0.1373   5.0e-04    3.2s
    17        0.1343        0.1336      0.0073      0.1372      0.1365   5.0e-04    3.1s
    18        0.1338        0.1331      0.0074      0.1366      0.1359   5.0e-04    3.1s
    19        0.1336        0.1328      0.0076      0.1359      0.1351   5.0e-04    3.3s
    20        0.1332        0.1324      0.0081      0.1345      0.1337   5.0e-04    3.2s
    21        0.1322        0.1313      0.0097      0.1335      0.1324   5.0e-04    3.3s
    22        0.1314        0.1303      0.0108      0.1327      0.1316   5.0e-04    3.2s
    23        0.1310        0.1299      0.0111      0.1323      0.1312   5.0e-04    3.2s
    24        0.1307        0.1296      0.0110      0.1315      0.1305   5.0e-04    3.2s
    25        0.1305        0.1294      0.0113      0.1317      0.1306   5.0e-04    3.2s
    26        0.1304        0.1292      0.0114      0.1316      0.1303   5.0e-04    3.2s
    27        0.1303        0.1291      0.0117      0.1311      0.1300   5.0e-04    3.2s
    28        0.1300        0.1289      0.0117      0.1312      0.1300   5.0e-04    3.2s
    29        0.1299        0.1287      0.0118      0.1308      0.1297   5.0e-04    3.2s
    30        0.1299        0.1287      0.0124      0.1312      0.1300   5.0e-04    3.2s
    31        0.1295        0.1283      0.0124      0.1307      0.1295   5.0e-04    3.2s
    32        0.1293        0.1281      0.0126      0.1308      0.1296   5.0e-04    3.2s
    33        0.1290        0.1277      0.0129      0.1304      0.1291   5.0e-04    3.1s
    34        0.1286        0.1273      0.0134      0.1302      0.1288   5.0e-04    3.2s
    35        0.1285        0.1271      0.0141      0.1297      0.1283   5.0e-04    3.2s
    36        0.1281        0.1266      0.0149      0.1297      0.1281   5.0e-04    3.2s
    37        0.1279        0.1263      0.0157      0.1288      0.1273   5.0e-04    3.2s
    38        0.1276        0.1260      0.0163      0.1283      0.1267   5.0e-04    3.3s
    39        0.1275        0.1258      0.0170      0.1278      0.1261   5.0e-04    3.2s
    40        0.1272        0.1255      0.0176      0.1279      0.1263   5.0e-04    3.3s
    41        0.1271        0.1253      0.0177      0.1274      0.1257   5.0e-04    3.2s
    42        0.1270        0.1252      0.0180      0.1273      0.1255   5.0e-04    3.1s
    43        0.1268        0.1249      0.0185      0.1273      0.1255   5.0e-04    3.2s
    44        0.1266        0.1247      0.0187      0.1272      0.1253   5.0e-04    3.2s
    45        0.1265        0.1246      0.0190      0.1271      0.1252   5.0e-04    3.3s
    46        0.1264        0.1245      0.0191      0.1266      0.1246   5.0e-04    3.2s
    47        0.1264        0.1245      0.0196      0.1265      0.1245   5.0e-04    3.2s
    48        0.1262        0.1243      0.0197      0.1262      0.1243   5.0e-04    3.2s
    49        0.1261        0.1241      0.0200      0.1262      0.1242   5.0e-04    3.2s
    50        0.1259        0.1238      0.0203      0.1259      0.1239   5.0e-04    3.2s
    51        0.1259        0.1238      0.0208      0.1256      0.1237   5.0e-04    3.2s
    52        0.1256        0.1236      0.0207      0.1257      0.1237   5.0e-04    3.1s
    53        0.1257        0.1236      0.0209      0.1259      0.1237   5.0e-04    3.2s
    54        0.1256        0.1234      0.0213      0.1254      0.1233   5.0e-04    3.1s
    55        0.1254        0.1232      0.0214      0.1252      0.1231   5.0e-04    3.1s
    56        0.1252        0.1231      0.0215      0.1250      0.1228   5.0e-04    3.2s
    57        0.1251        0.1230      0.0214      0.1252      0.1230   5.0e-04    3.1s
    58        0.1251        0.1229      0.0218      0.1249      0.1227   5.0e-04    3.1s
    59        0.1250        0.1228      0.0218      0.1249      0.1228   5.0e-04    3.1s
    60        0.1248        0.1226      0.0219      0.1248      0.1226   5.0e-04    3.2s
    61        0.1245        0.1223      0.0221      0.1249      0.1227   5.0e-04    3.1s
    62        0.1243        0.1221      0.0219      0.1246      0.1224   5.0e-04    3.3s
    63        0.1240        0.1218      0.0218      0.1244      0.1223   5.0e-04    3.1s
    64        0.1238        0.1216      0.0219      0.1244      0.1222   5.0e-04    3.2s
    65        0.1236        0.1213      0.0222      0.1241      0.1220   5.0e-04    3.1s
    66        0.1235        0.1213      0.0223      0.1240      0.1219   5.0e-04    3.2s
    67        0.1233        0.1211      0.0222      0.1242      0.1220   5.0e-04    3.2s
    68        0.1233        0.1211      0.0222      0.1239      0.1217   5.0e-04    3.2s
    69        0.1230        0.1208      0.0224      0.1239      0.1217   5.0e-04    3.2s
    70        0.1231        0.1208      0.0224      0.1240      0.1218   5.0e-04    3.1s
    71        0.1230        0.1208      0.0224      0.1238      0.1215   5.0e-04    3.1s
    72        0.1228        0.1206      0.0226      0.1236      0.1214   5.0e-04    3.2s
    73        0.1227        0.1205      0.0226      0.1235      0.1213   5.0e-04    3.3s
    74        0.1227        0.1204      0.0227      0.1237      0.1214   5.0e-04    3.1s
    75        0.1226        0.1203      0.0227      0.1237      0.1214   5.0e-04    3.1s
    76        0.1226        0.1203      0.0230      0.1235      0.1212   5.0e-04    3.1s
    77        0.1225        0.1202      0.0229      0.1233      0.1211   5.0e-04    3.1s
    78        0.1225        0.1202      0.0230      0.1236      0.1213   5.0e-04    3.2s
    79        0.1224        0.1201      0.0230      0.1234      0.1211   5.0e-04    3.1s
    80        0.1224        0.1201      0.0232      0.1234      0.1210   5.0e-04    3.0s
    81        0.1223        0.1200      0.0231      0.1234      0.1211   5.0e-04    2.9s
    82        0.1223        0.1200      0.0232      0.1233      0.1210   5.0e-04    3.0s
    83        0.1221        0.1198      0.0233      0.1234      0.1211   5.0e-04    3.0s
    84        0.1222        0.1198      0.0234      0.1233      0.1209   5.0e-04    3.1s
    85        0.1221        0.1197      0.0234      0.1232      0.1209   5.0e-04    2.9s
    86        0.1219        0.1196      0.0234      0.1232      0.1208   5.0e-04    3.0s
    87        0.1219        0.1195      0.0234      0.1232      0.1209   5.0e-04    3.0s
    88        0.1218        0.1195      0.0236      0.1232      0.1208   5.0e-04    3.0s
    89        0.1219        0.1195      0.0236      0.1232      0.1209   5.0e-04    3.1s
    90        0.1219        0.1195      0.0237      0.1234      0.1211   5.0e-04    3.0s
    91        0.1218        0.1194      0.0237      0.1231      0.1208   5.0e-04    3.0s
    92        0.1217        0.1194      0.0237      0.1231      0.1208   5.0e-04    3.0s
    93        0.1216        0.1192      0.0237      0.1231      0.1208   5.0e-04    3.0s
    94        0.1216        0.1193      0.0239      0.1232      0.1208   5.0e-04    2.9s
    95        0.1216        0.1192      0.0240      0.1231      0.1208   5.0e-04    3.0s
    96        0.1215        0.1191      0.0239      0.1230      0.1207   5.0e-04    3.0s
    97        0.1214        0.1190      0.0240      0.1232      0.1207   5.0e-04    3.0s
    98        0.1214        0.1190      0.0240      0.1231      0.1207   5.0e-04    3.1s
    99        0.1215        0.1190      0.0241      0.1231      0.1208   5.0e-04    2.9s
   100        0.1213        0.1189      0.0242      0.1230      0.1206   5.0e-04    2.9s

Done. Best val loss: 0.1230
Checkpoints and logs saved to: /project/xuanyao/jiaming/deeplearning/results_papalexi_nobatch/beta0.1_dim256
=== Analyze ===
Device: cpu
Loading data...
  20729 cells, 3725 genes, 34 perturbations
Log1p-normalizing...
  Filtering 1 cells with unknown perturbation.

Loading model from model_best.pt...

[1/4] Computing latent embeddings...
  Silhouette score (perturbation clusters, excl. NTC): -0.0871
Running UMAP (this may take a few minutes)...
UMAP(min_dist=0.3, n_jobs=1, n_neighbors=30, random_state=42, verbose=True)
Fri May 15 16:57:45 2026 Construct fuzzy simplicial set
Fri May 15 16:57:45 2026 Finding Nearest Neighbors
Fri May 15 16:57:45 2026 Building RP forest with 12 trees
Fri May 15 16:57:51 2026 NN descent for 14 iterations
	 1  /  14
	 2  /  14
	Stopping threshold met -- exiting after 2 iterations
Fri May 15 16:58:04 2026 Finished Nearest Neighbor Search
Fri May 15 16:58:09 2026 Construct embedding
	completed  0  /  200 epochs
	completed  20  /  200 epochs
	completed  40  /  200 epochs
	completed  60  /  200 epochs
	completed  80  /  200 epochs
	completed  100  /  200 epochs
	completed  120  /  200 epochs
	completed  140  /  200 epochs
	completed  160  /  200 epochs
	completed  180  /  200 epochs
Fri May 15 16:58:33 2026 Finished embedding
  Saved: /project/xuanyao/jiaming/deeplearning/results_papalexi_nobatch/beta0.1_dim256/figures/umap_latent.png
  Saved covariate UMAPs: umap_n_nonzero.png, umap_n_umis.png, umap_lane.png, umap_bio_rep.png, umap_phase.png, umap_p_mito.png
Running expression-PCA UMAP for covariate verification...
  Saved expression UMAP covariates: umap_expr_n_nonzero.png, umap_expr_n_umis.png, umap_expr_lane.png, umap_expr_bio_rep.png, umap_expr_phase.png, umap_expr_p_mito.png
  Saved: /project/xuanyao/jiaming/deeplearning/results_papalexi_nobatch/beta0.1_dim256/figures/umap_per_perturbation.png

[2/4] Computing perturbation response scores (decode Δ vs NTC avg of 9 guides: ['NTg1', 'NTg10', 'NTg2', 'NTg3', 'NTg4']...)...
  NTg1                 (  303 cells) response range: [-0.026, 0.034] [NTC]
  NTg10                (  235 cells) response range: [-0.076, 0.031] [NTC]
  NTg2                 (  106 cells) response range: [-0.048, 0.065] [NTC]
  NTg3                 (  244 cells) response range: [-0.058, 0.036] [NTC]
  NTg4                 (  431 cells) response range: [-0.037, 0.169] [NTC]
  NTg5                 (  305 cells) response range: [-0.021, 0.021] [NTC]
  NTg7                 (  445 cells) response range: [-0.039, 0.047] [NTC]
  NTg8                 (   56 cells) response range: [-0.087, 0.050] [NTC]
  NTg9                 (  261 cells) response range: [-0.024, 0.033] [NTC]
  tar-ATF2             ( 1102 cells) response range: [-0.027, 0.078]
  tar-BRD4             (  341 cells) response range: [-0.232, 0.245]
  tar-CAV1             (  882 cells) response range: [-0.037, 0.034]
  tar-CD86             ( 1197 cells) response range: [-0.024, 0.050]
  tar-CMTM6            (  817 cells) response range: [-0.034, 0.051]
  tar-CUL3             (  274 cells) response range: [-0.094, 0.140]
  tar-ETV7             (  841 cells) response range: [-0.030, 0.072]
  tar-IFNGR1           ( 1341 cells) response range: [-1.552, 0.567]
  tar-IFNGR2           ( 1213 cells) response range: [-1.605, 0.580]
  tar-IRF1             ( 1073 cells) response range: [-0.894, 0.744]
  tar-IRF7             (  614 cells) response range: [-0.020, 0.071]
  tar-JAK2             ( 1024 cells) response range: [-1.723, 0.602]
  tar-MARCH8           ( 1003 cells) response range: [-0.049, 0.064]
  tar-MYC              (  108 cells) response range: [-0.134, 0.143]
  tar-NFKBIA           (  787 cells) response range: [-0.088, 0.144]
  tar-PDCD1LG2         (  617 cells) response range: [-0.049, 0.038]
  tar-POU2F2           (  662 cells) response range: [-0.033, 0.097]
  tar-SMAD4            (  659 cells) response range: [-0.930, 0.525]
  tar-SPI1             (   48 cells) response range: [-0.158, 0.113]
  tar-STAT1            (  444 cells) response range: [-1.503, 0.716]
  tar-STAT2            (  661 cells) response range: [-0.729, 0.174]
  tar-STAT3            (  493 cells) response range: [-0.038, 0.051]
  tar-STAT5A           (  659 cells) response range: [-0.023, 0.066]
  tar-TNFRSF14         (  964 cells) response range: [-0.027, 0.026]
  tar-UBE2L6           (  518 cells) response range: [-0.031, 0.094]
  NTC null: mean |response| per gene = 0.0026  std across NTC guides = 0.0032
  Saved: /project/xuanyao/jiaming/deeplearning/results_papalexi_nobatch/beta0.1_dim256/response_scores.csv
  Saved: /project/xuanyao/jiaming/deeplearning/results_papalexi_nobatch/beta0.1_dim256/figures/gene_response_heatmap.png
  Saved: /project/xuanyao/jiaming/deeplearning/results_papalexi_nobatch/beta0.1_dim256/figures/effect_size_vs_null.png
  NTC noise floor (mean+2SD): 0.0043
  Saved: /project/xuanyao/jiaming/deeplearning/results_papalexi_nobatch/beta0.1_dim256/figures/top_genes_per_pert.png

[3/4] Clustering perturbations by response vectors...
  Saved: /project/xuanyao/jiaming/deeplearning/results_papalexi_nobatch/beta0.1_dim256/figures/perturbation_clustermap.png

[4/4] Running hallmark pathway enrichment...
  Saved: /project/xuanyao/jiaming/deeplearning/results_papalexi_nobatch/beta0.1_dim256/figures/pathway_enrichment.png

[Bonus] Comparing CVAE response vs naive differential expression...
  Mean Spearman ρ (CVAE vs DE): 0.577
  Mean top-20 gene overlap:     7.6/20
  Saved: /project/xuanyao/jiaming/deeplearning/results_papalexi_nobatch/beta0.1_dim256/cvae_vs_de_comparison.csv

All figures saved to: /project/xuanyao/jiaming/deeplearning/results_papalexi_nobatch/beta0.1_dim256/figures
Done!
Done: beta0.1_dim256
