=== Train: beta=1e-3 latent_dim=32 (no perturbation) ===
Device: cpu
Loading data...
  20729 cells, 3725 genes, 35 perturbations
  Filtering 1 cells with unknown perturbation assignment.
  Extra covariates: 17 dims (3 continuous + 14 categorical OHE)
Log1p-normalizing expression data...
  Train: 17635 cells | Val: 3093 cells

Model: 3725 genes | 34 perturbations | latent_dim=32
  Trainable parameters: 9,043,917

Training for up to 100 epochs (early stop patience=15)...

 Epoch   Train Total   Train Recon    Train KL   Val Total   Val Recon        LR    Time
------------------------------------------------------------------------------------------
     1        0.1958        0.1950      0.7622      0.1442      0.1440   1.0e-03    3.1s
     2        0.1481        0.1478      0.2199      0.1422      0.1420   1.0e-03    3.2s
     3        0.1445        0.1443      0.1796      0.1401      0.1399   1.0e-03    3.1s
     4        0.1416        0.1414      0.1943      0.1389      0.1387   1.0e-03    3.2s
     5        0.1399        0.1397      0.1623      0.1379      0.1377   1.0e-03    3.2s
     6        0.1370        0.1367      0.2620      0.1343      0.1340   1.0e-03    3.1s
     7        0.1340        0.1336      0.3384      0.1330      0.1327   1.0e-03    3.2s
     8        0.1324        0.1321      0.3430      0.1314      0.1311   1.0e-03    3.2s
     9        0.1311        0.1307      0.3516      0.1309      0.1305   1.0e-03    3.2s
    10        0.1291        0.1287      0.4282      0.1281      0.1276   1.0e-03    3.2s
    11        0.1275        0.1271      0.4540      0.1272      0.1267   1.0e-03    3.2s
    12        0.1269        0.1264      0.4547      0.1268      0.1263   1.0e-03    3.2s
    13        0.1263        0.1259      0.4485      0.1263      0.1259   1.0e-03    3.1s
    14        0.1259        0.1254      0.4455      0.1260      0.1256   1.0e-03    3.2s
    15        0.1253        0.1249      0.4422      0.1256      0.1252   1.0e-03    3.2s
    16        0.1249        0.1245      0.4407      0.1252      0.1248   1.0e-03    3.1s
    17        0.1245        0.1240      0.4528      0.1251      0.1247   1.0e-03    3.2s
    18        0.1241        0.1236      0.4506      0.1247      0.1242   1.0e-03    3.3s
    19        0.1237        0.1232      0.4581      0.1243      0.1238   1.0e-03    3.2s
    20        0.1234        0.1229      0.4606      0.1240      0.1235   1.0e-03    3.3s
    21        0.1229        0.1224      0.4805      0.1234      0.1229   1.0e-03    3.3s
    22        0.1223        0.1218      0.5186      0.1226      0.1221   1.0e-03    3.2s
    23        0.1217        0.1212      0.5324      0.1222      0.1217   1.0e-03    3.3s
    24        0.1211        0.1206      0.5437      0.1214      0.1208   1.0e-03    3.2s
    25        0.1205        0.1199      0.5642      0.1208      0.1202   1.0e-03    3.2s
    26        0.1200        0.1195      0.5883      0.1202      0.1196   1.0e-03    3.3s
    27        0.1194        0.1188      0.6109      0.1198      0.1191   1.0e-03    3.3s
    28        0.1190        0.1184      0.6157      0.1195      0.1189   1.0e-03    3.3s
    29        0.1187        0.1181      0.6057      0.1192      0.1186   1.0e-03    3.1s
    30        0.1184        0.1179      0.5915      0.1191      0.1185   1.0e-03    3.2s
    31        0.1183        0.1177      0.5910      0.1188      0.1183   1.0e-03    3.1s
    32        0.1181        0.1175      0.5851      0.1188      0.1182   1.0e-03    3.2s
    33        0.1179        0.1173      0.5817      0.1187      0.1181   1.0e-03    3.3s
    34        0.1176        0.1171      0.5787      0.1186      0.1180   1.0e-03    3.2s
    35        0.1175        0.1169      0.5798      0.1185      0.1179   1.0e-03    3.2s
    36        0.1174        0.1168      0.5776      0.1185      0.1179   1.0e-03    3.3s
    37        0.1173        0.1167      0.5789      0.1183      0.1177   1.0e-03    3.2s
    38        0.1170        0.1164      0.5798      0.1181      0.1175   1.0e-03    3.2s
    39        0.1169        0.1163      0.5833      0.1180      0.1175   1.0e-03    3.2s
    40        0.1167        0.1162      0.5877      0.1179      0.1173   1.0e-03    3.2s
    41        0.1165        0.1159      0.5905      0.1178      0.1172   1.0e-03    3.2s
    42        0.1164        0.1158      0.5946      0.1177      0.1171   1.0e-03    3.2s
    43        0.1163        0.1157      0.6024      0.1176      0.1170   1.0e-03    3.3s
    44        0.1163        0.1157      0.6072      0.1177      0.1170   1.0e-03    3.2s
    45        0.1160        0.1154      0.6151      0.1174      0.1168   1.0e-03    3.1s
    46        0.1159        0.1153      0.6257      0.1173      0.1167   1.0e-03    3.2s
    47        0.1158        0.1151      0.6366      0.1173      0.1166   1.0e-03    3.2s
    48        0.1157        0.1150      0.6469      0.1171      0.1164   1.0e-03    3.2s
    49        0.1155        0.1148      0.6619      0.1170      0.1163   1.0e-03    3.2s
    50        0.1153        0.1146      0.6649      0.1169      0.1162   1.0e-03    3.2s
    51        0.1152        0.1145      0.6656      0.1168      0.1162   1.0e-03    3.3s
    52        0.1151        0.1144      0.6720      0.1168      0.1161   1.0e-03    3.2s
    53        0.1150        0.1144      0.6664      0.1168      0.1161   1.0e-03    3.1s
    54        0.1149        0.1143      0.6660      0.1166      0.1160   1.0e-03    3.2s
    55        0.1148        0.1141      0.6644      0.1167      0.1160   1.0e-03    3.2s
    56        0.1148        0.1141      0.6611      0.1167      0.1160   1.0e-03    3.1s
    57        0.1147        0.1141      0.6616      0.1167      0.1161   1.0e-03    3.1s
    58        0.1146        0.1140      0.6630      0.1166      0.1160   1.0e-03    3.2s
    59        0.1144        0.1138      0.6604      0.1166      0.1159   1.0e-03    3.1s
    60        0.1144        0.1137      0.6620      0.1167      0.1160   1.0e-03    3.2s
    61        0.1143        0.1137      0.6625      0.1165      0.1159   1.0e-03    3.2s
    62        0.1143        0.1136      0.6626      0.1165      0.1158   1.0e-03    3.1s
    63        0.1142        0.1136      0.6610      0.1164      0.1158   1.0e-03    3.1s
    64        0.1141        0.1134      0.6633      0.1165      0.1158   1.0e-03    3.2s
    65        0.1140        0.1133      0.6613      0.1165      0.1158   1.0e-03    3.2s
    66        0.1139        0.1132      0.6630      0.1165      0.1158   1.0e-03    3.1s
    67        0.1139        0.1133      0.6643      0.1166      0.1159   1.0e-03    3.1s
    68        0.1140        0.1133      0.6620      0.1165      0.1158   1.0e-03    3.1s
    69        0.1138        0.1131      0.6621      0.1166      0.1159   5.0e-04    3.1s
    70        0.1135        0.1128      0.6652      0.1164      0.1157   5.0e-04    3.2s
    71        0.1133        0.1126      0.6655      0.1163      0.1156   5.0e-04    3.1s
    72        0.1132        0.1125      0.6646      0.1163      0.1156   5.0e-04    3.1s
    73        0.1132        0.1125      0.6672      0.1163      0.1157   5.0e-04    3.3s
    74        0.1131        0.1125      0.6698      0.1163      0.1156   5.0e-04    3.2s
    75        0.1131        0.1124      0.6679      0.1163      0.1157   5.0e-04    3.2s
    76        0.1131        0.1124      0.6697      0.1164      0.1157   5.0e-04    3.2s
    77        0.1131        0.1124      0.6666      0.1163      0.1156   2.5e-04    3.2s
    78        0.1129        0.1122      0.6694      0.1162      0.1156   2.5e-04    3.1s
    79        0.1129        0.1122      0.6685      0.1163      0.1156   2.5e-04    3.1s
    80        0.1129        0.1122      0.6676      0.1163      0.1156   2.5e-04    3.1s
    81        0.1128        0.1121      0.6686      0.1163      0.1156   2.5e-04    3.1s
    82        0.1128        0.1121      0.6697      0.1163      0.1156   2.5e-04    3.1s
    83        0.1127        0.1120      0.6704      0.1163      0.1156   2.5e-04    3.1s
    84        0.1127        0.1120      0.6682      0.1163      0.1156   1.3e-04    3.2s
    85        0.1127        0.1120      0.6711      0.1162      0.1156   1.3e-04    3.1s
    86        0.1126        0.1119      0.6713      0.1163      0.1156   1.3e-04    3.1s
    87        0.1126        0.1119      0.6715      0.1163      0.1156   1.3e-04    3.0s
    88        0.1125        0.1119      0.6706      0.1162      0.1156   1.3e-04    3.1s
    89        0.1125        0.1118      0.6720      0.1163      0.1156   1.3e-04    3.2s
    90        0.1125        0.1119      0.6719      0.1163      0.1156   6.3e-05    3.2s
    91        0.1125        0.1118      0.6713      0.1162      0.1156   6.3e-05    3.2s
    92        0.1124        0.1117      0.6719      0.1162      0.1156   6.3e-05    3.1s
    93        0.1125        0.1118      0.6716      0.1162      0.1156   6.3e-05    3.2s
    94        0.1124        0.1118      0.6711      0.1162      0.1156   6.3e-05    3.1s
    95        0.1125        0.1118      0.6715      0.1163      0.1156   6.3e-05    3.1s
    96        0.1125        0.1118      0.6713      0.1162      0.1156   6.3e-05    3.1s
    97        0.1124        0.1117      0.6720      0.1163      0.1156   6.3e-05    3.2s
    98        0.1124        0.1117      0.6722      0.1162      0.1156   6.3e-05    3.1s
    99        0.1124        0.1118      0.6719      0.1162      0.1156   6.3e-05    3.1s
   100        0.1123        0.1117      0.6720      0.1162      0.1156   3.1e-05    3.2s

Done. Best val loss: 0.1162
Checkpoints and logs saved to: /project/xuanyao/jiaming/deeplearning/results_papalexi_no_pert/beta1e-3_dim32
=== Analyze ===
Device: cpu
Loading data...
  20729 cells, 3725 genes, 34 perturbations
Log1p-normalizing...
  Filtering 1 cells with unknown perturbation.

Loading model from model_best.pt...

[1/4] Computing latent embeddings...
  Silhouette score (perturbation clusters, excl. NTC): -0.0426
Running UMAP (this may take a few minutes)...
UMAP(min_dist=0.3, n_jobs=1, n_neighbors=30, random_state=42, verbose=True)
Sat May 16 18:27:15 2026 Construct fuzzy simplicial set
Sat May 16 18:27:15 2026 Finding Nearest Neighbors
Sat May 16 18:27:15 2026 Building RP forest with 12 trees
Sat May 16 18:27:21 2026 NN descent for 14 iterations
	 1  /  14
	 2  /  14
	Stopping threshold met -- exiting after 2 iterations
Sat May 16 18:27:34 2026 Finished Nearest Neighbor Search
Sat May 16 18:27:39 2026 Construct embedding
	completed  0  /  200 epochs
	completed  20  /  200 epochs
	completed  40  /  200 epochs
	completed  60  /  200 epochs
	completed  80  /  200 epochs
	completed  100  /  200 epochs
	completed  120  /  200 epochs
	completed  140  /  200 epochs
	completed  160  /  200 epochs
	completed  180  /  200 epochs
Sat May 16 18:28:04 2026 Finished embedding
  Saved: /project/xuanyao/jiaming/deeplearning/results_papalexi_no_pert/beta1e-3_dim32/figures/umap_latent.png
  Saved covariate UMAPs: umap_n_nonzero.png, umap_n_umis.png, umap_lane.png, umap_bio_rep.png, umap_phase.png, umap_p_mito.png
Running expression-PCA UMAP for covariate verification...
  Saved expression UMAP covariates: umap_expr_n_nonzero.png, umap_expr_n_umis.png, umap_expr_lane.png, umap_expr_bio_rep.png, umap_expr_phase.png, umap_expr_p_mito.png
  Saved: /project/xuanyao/jiaming/deeplearning/results_papalexi_no_pert/beta1e-3_dim32/figures/umap_per_perturbation.png

[2/4] Computing perturbation response scores (decode Δ vs NTC avg of 9 guides: ['NTg1', 'NTg10', 'NTg2', 'NTg3', 'NTg4']...)...
  NTg1                 (  303 cells) response range: [-0.164, 0.090] [NTC]
  NTg10                (  235 cells) response range: [-0.054, 0.070] [NTC]
  NTg2                 (  106 cells) response range: [-0.052, 0.068] [NTC]
  NTg3                 (  244 cells) response range: [-0.065, 0.160] [NTC]
  NTg4                 (  431 cells) response range: [-0.068, 0.031] [NTC]
  NTg5                 (  305 cells) response range: [-0.094, 0.041] [NTC]
  NTg7                 (  445 cells) response range: [-0.070, 0.069] [NTC]
  NTg8                 (   56 cells) response range: [-0.031, 0.045] [NTC]
  NTg9                 (  261 cells) response range: [-0.045, 0.045] [NTC]
  tar-ATF2             ( 1102 cells) response range: [-0.054, 0.074]
  tar-BRD4             (  341 cells) response range: [-0.055, 0.086]
  tar-CAV1             (  882 cells) response range: [-0.044, 0.088]
  tar-CD86             ( 1197 cells) response range: [-0.023, 0.071]
  tar-CMTM6            (  817 cells) response range: [-0.069, 0.061]
  tar-CUL3             (  274 cells) response range: [-0.058, 0.066]
  tar-ETV7             (  841 cells) response range: [-0.068, 0.056]
  tar-IFNGR1           ( 1341 cells) response range: [-0.080, 0.074]
  tar-IFNGR2           ( 1213 cells) response range: [-0.059, 0.055]
  tar-IRF1             ( 1073 cells) response range: [-0.055, 0.091]
  tar-IRF7             (  614 cells) response range: [-0.061, 0.053]
  tar-JAK2             ( 1024 cells) response range: [-0.067, 0.058]
  tar-MARCH8           ( 1003 cells) response range: [-0.040, 0.085]
  tar-MYC              (  108 cells) response range: [-0.044, 0.062]
  tar-NFKBIA           (  787 cells) response range: [-0.065, 0.091]
  tar-PDCD1LG2         (  617 cells) response range: [-0.080, 0.083]
  tar-POU2F2           (  662 cells) response range: [-0.111, 0.057]
  tar-SMAD4            (  659 cells) response range: [-0.051, 0.042]
  tar-SPI1             (   48 cells) response range: [-0.108, 0.061]
  tar-STAT1            (  444 cells) response range: [-0.046, 0.041]
  tar-STAT2            (  661 cells) response range: [-0.064, 0.052]
  tar-STAT3            (  493 cells) response range: [-0.082, 0.057]
  tar-STAT5A           (  659 cells) response range: [-0.073, 0.110]
  tar-TNFRSF14         (  964 cells) response range: [-0.040, 0.078]
  tar-UBE2L6           (  518 cells) response range: [-0.112, 0.040]
  NTC null: mean |response| per gene = 0.0039  std across NTC guides = 0.0049
  Saved: /project/xuanyao/jiaming/deeplearning/results_papalexi_no_pert/beta1e-3_dim32/response_scores.csv
  Saved: /project/xuanyao/jiaming/deeplearning/results_papalexi_no_pert/beta1e-3_dim32/figures/gene_response_heatmap.png
  Saved: /project/xuanyao/jiaming/deeplearning/results_papalexi_no_pert/beta1e-3_dim32/figures/effect_size_vs_null.png
  NTC noise floor (mean+2SD): 0.0063
  Saved: /project/xuanyao/jiaming/deeplearning/results_papalexi_no_pert/beta1e-3_dim32/figures/top_genes_per_pert.png

[3/4] Clustering perturbations by response vectors...
  Saved: /project/xuanyao/jiaming/deeplearning/results_papalexi_no_pert/beta1e-3_dim32/figures/perturbation_clustermap.png

[4/4] Running hallmark pathway enrichment...
  Saved: /project/xuanyao/jiaming/deeplearning/results_papalexi_no_pert/beta1e-3_dim32/figures/pathway_enrichment.png

[Bonus] Comparing CVAE response vs naive differential expression...
  Mean Spearman ρ (CVAE vs DE): 0.520
  Mean top-20 gene overlap:     2.8/20
  Saved: /project/xuanyao/jiaming/deeplearning/results_papalexi_no_pert/beta1e-3_dim32/cvae_vs_de_comparison.csv

All figures saved to: /project/xuanyao/jiaming/deeplearning/results_papalexi_no_pert/beta1e-3_dim32/figures
Done!
Done: beta1e-3_dim32
