=== Train: beta=1e-4 latent_dim=32 (no perturbation) ===
Device: cpu
Loading data...
  20729 cells, 3725 genes, 35 perturbations
  Filtering 1 cells with unknown perturbation assignment.
  Extra covariates: 17 dims (3 continuous + 14 categorical OHE)
Log1p-normalizing expression data...
  Train: 17635 cells | Val: 3093 cells

Model: 3725 genes | 34 perturbations | latent_dim=32
  Trainable parameters: 9,043,917

Training for up to 100 epochs (early stop patience=15)...

 Epoch   Train Total   Train Recon    Train KL   Val Total   Val Recon        LR    Time
------------------------------------------------------------------------------------------
     1        0.1951        0.1949      1.6580      0.1444      0.1442   1.0e-03    2.9s
     2        0.1481        0.1480      0.8759      0.1424      0.1423   1.0e-03    3.1s
     3        0.1443        0.1441      1.1675      0.1396      0.1395   1.0e-03    3.0s
     4        0.1411        0.1409      1.4110      0.1380      0.1378   1.0e-03    3.1s
     5        0.1390        0.1388      1.4748      0.1357      0.1356   1.0e-03    3.1s
     6        0.1353        0.1352      1.5815      0.1324      0.1322   1.0e-03    3.1s
     7        0.1328        0.1327      1.7026      0.1313      0.1311   1.0e-03    3.1s
     8        0.1310        0.1308      1.6879      0.1287      0.1285   1.0e-03    3.0s
     9        0.1280        0.1278      1.8458      0.1269      0.1267   1.0e-03    3.0s
    10        0.1267        0.1265      1.8608      0.1260      0.1258   1.0e-03    3.1s
    11        0.1254        0.1253      1.9314      0.1249      0.1247   1.0e-03    3.1s
    12        0.1245        0.1243      1.9472      0.1241      0.1239   1.0e-03    3.1s
    13        0.1234        0.1232      2.0260      0.1228      0.1226   1.0e-03    3.0s
    14        0.1224        0.1222      2.0841      0.1220      0.1218   1.0e-03    3.1s
    15        0.1214        0.1212      2.1084      0.1212      0.1210   1.0e-03    3.1s
    16        0.1207        0.1205      2.1274      0.1203      0.1201   1.0e-03    3.1s
    17        0.1200        0.1198      2.1596      0.1200      0.1198   1.0e-03    3.0s
    18        0.1196        0.1194      2.2101      0.1196      0.1194   1.0e-03    3.1s
    19        0.1191        0.1189      2.2182      0.1194      0.1192   1.0e-03    3.2s
    20        0.1188        0.1185      2.2537      0.1189      0.1187   1.0e-03    3.1s
    21        0.1183        0.1181      2.2359      0.1183      0.1181   1.0e-03    3.2s
    22        0.1177        0.1175      2.2566      0.1177      0.1174   1.0e-03    3.2s
    23        0.1173        0.1171      2.2900      0.1173      0.1171   1.0e-03    3.1s
    24        0.1168        0.1166      2.3361      0.1167      0.1165   1.0e-03    3.2s
    25        0.1164        0.1162      2.3440      0.1165      0.1163   1.0e-03    3.3s
    26        0.1162        0.1159      2.3935      0.1162      0.1159   1.0e-03    3.2s
    27        0.1157        0.1155      2.3886      0.1159      0.1157   1.0e-03    3.1s
    28        0.1154        0.1152      2.4074      0.1157      0.1155   1.0e-03    3.1s
    29        0.1153        0.1150      2.4142      0.1156      0.1154   1.0e-03    3.1s
    30        0.1150        0.1148      2.4252      0.1153      0.1151   1.0e-03    3.1s
    31        0.1148        0.1146      2.4454      0.1151      0.1149   1.0e-03    3.1s
    32        0.1146        0.1143      2.4504      0.1149      0.1147   1.0e-03    3.2s
    33        0.1143        0.1141      2.4541      0.1149      0.1146   1.0e-03    3.1s
    34        0.1141        0.1139      2.4616      0.1147      0.1144   1.0e-03    3.1s
    35        0.1140        0.1138      2.4855      0.1147      0.1145   1.0e-03    3.1s
    36        0.1139        0.1136      2.4794      0.1147      0.1144   1.0e-03    3.1s
    37        0.1138        0.1135      2.4945      0.1146      0.1143   1.0e-03    3.1s
    38        0.1135        0.1133      2.4967      0.1144      0.1141   1.0e-03    3.1s
    39        0.1133        0.1131      2.5015      0.1143      0.1141   1.0e-03    3.1s
    40        0.1133        0.1131      2.5175      0.1143      0.1141   1.0e-03    3.1s
    41        0.1130        0.1127      2.5142      0.1141      0.1139   1.0e-03    3.0s
    42        0.1129        0.1126      2.5356      0.1141      0.1138   1.0e-03    3.2s
    43        0.1128        0.1125      2.5348      0.1139      0.1137   1.0e-03    3.2s
    44        0.1127        0.1124      2.5494      0.1139      0.1136   1.0e-03    3.1s
    45        0.1125        0.1122      2.5524      0.1138      0.1136   1.0e-03    3.2s
    46        0.1124        0.1121      2.5792      0.1137      0.1135   1.0e-03    3.1s
    47        0.1122        0.1120      2.5587      0.1137      0.1135   1.0e-03    3.0s
    48        0.1121        0.1119      2.5693      0.1136      0.1134   1.0e-03    3.0s
    49        0.1120        0.1117      2.5726      0.1135      0.1133   1.0e-03    3.2s
    50        0.1119        0.1116      2.5925      0.1135      0.1132   1.0e-03    3.1s
    51        0.1117        0.1115      2.5984      0.1136      0.1133   1.0e-03    3.1s
    52        0.1116        0.1114      2.6083      0.1136      0.1133   1.0e-03    3.2s
    53        0.1116        0.1113      2.5932      0.1134      0.1132   1.0e-03    3.1s
    54        0.1115        0.1113      2.6059      0.1133      0.1130   1.0e-03    3.1s
    55        0.1114        0.1111      2.6149      0.1133      0.1130   1.0e-03    3.0s
    56        0.1113        0.1111      2.6276      0.1132      0.1129   1.0e-03    3.0s
    57        0.1113        0.1110      2.6264      0.1132      0.1130   1.0e-03    3.1s
    58        0.1111        0.1109      2.6278      0.1132      0.1129   1.0e-03    3.1s
    59        0.1109        0.1106      2.6495      0.1131      0.1128   1.0e-03    3.1s
    60        0.1108        0.1105      2.6432      0.1131      0.1128   1.0e-03    3.1s
    61        0.1107        0.1105      2.6548      0.1131      0.1128   1.0e-03    3.1s
    62        0.1107        0.1104      2.6749      0.1129      0.1126   1.0e-03    3.1s
    63        0.1106        0.1104      2.6699      0.1130      0.1127   1.0e-03    3.1s
    64        0.1105        0.1103      2.6581      0.1129      0.1127   1.0e-03    3.0s
    65        0.1104        0.1101      2.6743      0.1129      0.1126   1.0e-03    3.1s
    66        0.1103        0.1100      2.6930      0.1128      0.1125   1.0e-03    3.2s
    67        0.1103        0.1100      2.6908      0.1128      0.1126   1.0e-03    3.1s
    68        0.1103        0.1100      2.6919      0.1129      0.1126   1.0e-03    3.1s
    69        0.1101        0.1098      2.6897      0.1128      0.1125   1.0e-03    3.0s
    70        0.1101        0.1098      2.6854      0.1128      0.1125   1.0e-03    3.1s
    71        0.1099        0.1096      2.6888      0.1128      0.1125   1.0e-03    3.1s
    72        0.1098        0.1096      2.6884      0.1128      0.1126   1.0e-03    3.0s
    73        0.1098        0.1095      2.7143      0.1127      0.1124   1.0e-03    3.0s
    74        0.1097        0.1094      2.6924      0.1128      0.1125   1.0e-03    3.0s
    75        0.1096        0.1094      2.7001      0.1127      0.1125   1.0e-03    3.0s
    76        0.1096        0.1093      2.6932      0.1128      0.1125   1.0e-03    3.1s
    77        0.1096        0.1093      2.7105      0.1128      0.1125   1.0e-03    3.0s
    78        0.1095        0.1092      2.7104      0.1127      0.1124   1.0e-03    3.0s
    79        0.1094        0.1092      2.7215      0.1127      0.1124   5.0e-04    3.1s
    80        0.1090        0.1088      2.7276      0.1124      0.1121   5.0e-04    3.1s
    81        0.1089        0.1086      2.7191      0.1125      0.1122   5.0e-04    3.0s
    82        0.1088        0.1085      2.7322      0.1124      0.1121   5.0e-04    3.1s
    83        0.1087        0.1085      2.7211      0.1124      0.1121   5.0e-04    3.0s
    84        0.1087        0.1084      2.7296      0.1124      0.1122   5.0e-04    3.1s
    85        0.1087        0.1084      2.7292      0.1124      0.1121   5.0e-04    3.1s
    86        0.1087        0.1084      2.7269      0.1125      0.1122   5.0e-04    3.0s
    87        0.1086        0.1083      2.7332      0.1125      0.1122   5.0e-04    3.1s
    88        0.1086        0.1083      2.7281      0.1124      0.1121   2.5e-04    3.1s
    89        0.1083        0.1080      2.7283      0.1123      0.1120   2.5e-04    3.1s
    90        0.1083        0.1080      2.7350      0.1124      0.1121   2.5e-04    3.1s
    91        0.1082        0.1080      2.7327      0.1123      0.1121   2.5e-04    3.1s
    92        0.1082        0.1079      2.7427      0.1123      0.1121   2.5e-04    3.1s
    93        0.1082        0.1079      2.7529      0.1124      0.1121   2.5e-04    3.2s
    94        0.1082        0.1079      2.7523      0.1124      0.1121   2.5e-04    3.0s
    95        0.1082        0.1079      2.7543      0.1123      0.1121   1.3e-04    3.0s
    96        0.1081        0.1078      2.7505      0.1123      0.1121   1.3e-04    3.0s
    97        0.1080        0.1077      2.7504      0.1123      0.1120   1.3e-04    3.0s
    98        0.1080        0.1077      2.7361      0.1123      0.1120   1.3e-04    3.0s
    99        0.1080        0.1077      2.7440      0.1123      0.1120   1.3e-04    3.0s
   100        0.1079        0.1077      2.7564      0.1123      0.1120   1.3e-04    3.0s

Done. Best val loss: 0.1123
Checkpoints and logs saved to: /project/xuanyao/jiaming/deeplearning/results_papalexi_no_pert/beta1e-4_dim32
=== Analyze ===
Device: cpu
Loading data...
  20729 cells, 3725 genes, 34 perturbations
Log1p-normalizing...
  Filtering 1 cells with unknown perturbation.

Loading model from model_best.pt...

[1/4] Computing latent embeddings...
  Silhouette score (perturbation clusters, excl. NTC): -0.0286
Running UMAP (this may take a few minutes)...
UMAP(min_dist=0.3, n_jobs=1, n_neighbors=30, random_state=42, verbose=True)
Sat May 16 18:27:05 2026 Construct fuzzy simplicial set
Sat May 16 18:27:05 2026 Finding Nearest Neighbors
Sat May 16 18:27:05 2026 Building RP forest with 12 trees
Sat May 16 18:27:11 2026 NN descent for 14 iterations
	 1  /  14
	 2  /  14
	 3  /  14
	Stopping threshold met -- exiting after 3 iterations
Sat May 16 18:27:25 2026 Finished Nearest Neighbor Search
Sat May 16 18:27:29 2026 Construct embedding
	completed  0  /  200 epochs
	completed  20  /  200 epochs
	completed  40  /  200 epochs
	completed  60  /  200 epochs
	completed  80  /  200 epochs
	completed  100  /  200 epochs
	completed  120  /  200 epochs
	completed  140  /  200 epochs
	completed  160  /  200 epochs
	completed  180  /  200 epochs
Sat May 16 18:27:55 2026 Finished embedding
  Saved: /project/xuanyao/jiaming/deeplearning/results_papalexi_no_pert/beta1e-4_dim32/figures/umap_latent.png
  Saved covariate UMAPs: umap_n_nonzero.png, umap_n_umis.png, umap_lane.png, umap_bio_rep.png, umap_phase.png, umap_p_mito.png
Running expression-PCA UMAP for covariate verification...
  Saved expression UMAP covariates: umap_expr_n_nonzero.png, umap_expr_n_umis.png, umap_expr_lane.png, umap_expr_bio_rep.png, umap_expr_phase.png, umap_expr_p_mito.png
  Saved: /project/xuanyao/jiaming/deeplearning/results_papalexi_no_pert/beta1e-4_dim32/figures/umap_per_perturbation.png

[2/4] Computing perturbation response scores (decode Δ vs NTC avg of 9 guides: ['NTg1', 'NTg10', 'NTg2', 'NTg3', 'NTg4']...)...
  NTg1                 (  303 cells) response range: [-0.117, 0.065] [NTC]
  NTg10                (  235 cells) response range: [-0.107, 0.034] [NTC]
  NTg2                 (  106 cells) response range: [-0.065, 0.087] [NTC]
  NTg3                 (  244 cells) response range: [-0.026, 0.115] [NTC]
  NTg4                 (  431 cells) response range: [-0.061, 0.038] [NTC]
  NTg5                 (  305 cells) response range: [-0.094, 0.029] [NTC]
  NTg7                 (  445 cells) response range: [-0.058, 0.052] [NTC]
  NTg8                 (   56 cells) response range: [-0.042, 0.045] [NTC]
  NTg9                 (  261 cells) response range: [-0.060, 0.050] [NTC]
  tar-ATF2             ( 1102 cells) response range: [-0.050, 0.039]
  tar-BRD4             (  341 cells) response range: [-0.102, 0.082]
  tar-CAV1             (  882 cells) response range: [-0.045, 0.052]
  tar-CD86             ( 1197 cells) response range: [-0.079, 0.057]
  tar-CMTM6            (  817 cells) response range: [-0.110, 0.082]
  tar-CUL3             (  274 cells) response range: [-0.085, 0.112]
  tar-ETV7             (  841 cells) response range: [-0.036, 0.077]
  tar-IFNGR1           ( 1341 cells) response range: [-0.030, 0.046]
  tar-IFNGR2           ( 1213 cells) response range: [-0.075, 0.045]
  tar-IRF1             ( 1073 cells) response range: [-0.121, 0.105]
  tar-IRF7             (  614 cells) response range: [-0.067, 0.043]
  tar-JAK2             ( 1024 cells) response range: [-0.034, 0.122]
  tar-MARCH8           ( 1003 cells) response range: [-0.093, 0.113]
  tar-MYC              (  108 cells) response range: [-0.123, 0.090]
  tar-NFKBIA           (  787 cells) response range: [-0.067, 0.084]
  tar-PDCD1LG2         (  617 cells) response range: [-0.051, 0.067]
  tar-POU2F2           (  662 cells) response range: [-0.033, 0.056]
  tar-SMAD4            (  659 cells) response range: [-0.040, 0.057]
  tar-SPI1             (   48 cells) response range: [-0.055, 0.046]
  tar-STAT1            (  444 cells) response range: [-0.076, 0.083]
  tar-STAT2            (  661 cells) response range: [-0.121, 0.122]
  tar-STAT3            (  493 cells) response range: [-0.053, 0.076]
  tar-STAT5A           (  659 cells) response range: [-0.084, 0.072]
  tar-TNFRSF14         (  964 cells) response range: [-0.071, 0.075]
  tar-UBE2L6           (  518 cells) response range: [-0.050, 0.082]
  NTC null: mean |response| per gene = 0.0035  std across NTC guides = 0.0044
  Saved: /project/xuanyao/jiaming/deeplearning/results_papalexi_no_pert/beta1e-4_dim32/response_scores.csv
  Saved: /project/xuanyao/jiaming/deeplearning/results_papalexi_no_pert/beta1e-4_dim32/figures/gene_response_heatmap.png
  Saved: /project/xuanyao/jiaming/deeplearning/results_papalexi_no_pert/beta1e-4_dim32/figures/effect_size_vs_null.png
  NTC noise floor (mean+2SD): 0.0054
  Saved: /project/xuanyao/jiaming/deeplearning/results_papalexi_no_pert/beta1e-4_dim32/figures/top_genes_per_pert.png

[3/4] Clustering perturbations by response vectors...
  Saved: /project/xuanyao/jiaming/deeplearning/results_papalexi_no_pert/beta1e-4_dim32/figures/perturbation_clustermap.png

[4/4] Running hallmark pathway enrichment...
  Saved: /project/xuanyao/jiaming/deeplearning/results_papalexi_no_pert/beta1e-4_dim32/figures/pathway_enrichment.png

[Bonus] Comparing CVAE response vs naive differential expression...
  Mean Spearman ρ (CVAE vs DE): 0.532
  Mean top-20 gene overlap:     2.6/20
  Saved: /project/xuanyao/jiaming/deeplearning/results_papalexi_no_pert/beta1e-4_dim32/cvae_vs_de_comparison.csv

All figures saved to: /project/xuanyao/jiaming/deeplearning/results_papalexi_no_pert/beta1e-4_dim32/figures
Done!
Done: beta1e-4_dim32
