=== Train: beta=1e-3 latent_dim=32 ===
Device: cpu
Loading data...
  20729 cells, 3725 genes, 35 perturbations
  Filtering 1 cells with unknown perturbation assignment.
  Extra covariates: 17 dims (3 continuous + 14 categorical OHE)
Log1p-normalizing expression data...
  Train: 17635 cells | Val: 3093 cells

Model: 3725 genes | 34 perturbations | latent_dim=32
  Trainable parameters: 9,043,917

Training for up to 100 epochs (early stop patience=15)...

 Epoch   Train Total   Train Recon    Train KL   Val Total   Val Recon        LR    Time
------------------------------------------------------------------------------------------
     1        0.1959        0.1951      0.8147      0.1442      0.1440   1.0e-03    3.0s
     2        0.1481        0.1479      0.2155      0.1422      0.1421   1.0e-03    3.2s
     3        0.1445        0.1443      0.1648      0.1400      0.1398   1.0e-03    3.3s
     4        0.1412        0.1410      0.2124      0.1383      0.1382   1.0e-03    3.2s
     5        0.1389        0.1387      0.2040      0.1360      0.1357   1.0e-03    3.1s
     6        0.1356        0.1353      0.2815      0.1335      0.1332   1.0e-03    3.2s
     7        0.1333        0.1329      0.3376      0.1316      0.1312   1.0e-03    3.2s
     8        0.1313        0.1309      0.3685      0.1294      0.1291   1.0e-03    3.2s
     9        0.1291        0.1287      0.3767      0.1283      0.1280   1.0e-03    3.2s
    10        0.1281        0.1277      0.3872      0.1277      0.1273   1.0e-03    3.1s
    11        0.1273        0.1269      0.4095      0.1270      0.1266   1.0e-03    3.2s
    12        0.1266        0.1261      0.4231      0.1264      0.1259   1.0e-03    3.2s
    13        0.1258        0.1254      0.4394      0.1256      0.1252   1.0e-03    3.2s
    14        0.1252        0.1247      0.4616      0.1252      0.1247   1.0e-03    3.2s
    15        0.1245        0.1241      0.4683      0.1247      0.1242   1.0e-03    3.1s
    16        0.1240        0.1235      0.4793      0.1241      0.1237   1.0e-03    3.1s
    17        0.1233        0.1228      0.5067      0.1233      0.1228   1.0e-03    3.2s
    18        0.1225        0.1219      0.5622      0.1225      0.1219   1.0e-03    3.2s
    19        0.1216        0.1210      0.5987      0.1215      0.1209   1.0e-03    3.2s
    20        0.1210        0.1203      0.6197      0.1209      0.1203   1.0e-03    3.3s
    21        0.1203        0.1196      0.6407      0.1201      0.1195   1.0e-03    3.2s
    22        0.1196        0.1190      0.6543      0.1197      0.1191   1.0e-03    3.2s
    23        0.1193        0.1186      0.6528      0.1194      0.1188   1.0e-03    3.2s
    24        0.1188        0.1182      0.6472      0.1191      0.1185   1.0e-03    3.2s
    25        0.1186        0.1179      0.6415      0.1190      0.1183   1.0e-03    3.2s
    26        0.1183        0.1177      0.6459      0.1186      0.1180   1.0e-03    3.2s
    27        0.1180        0.1173      0.6484      0.1184      0.1177   1.0e-03    3.2s
    28        0.1177        0.1170      0.6534      0.1182      0.1176   1.0e-03    3.3s
    29        0.1175        0.1168      0.6532      0.1179      0.1173   1.0e-03    3.2s
    30        0.1172        0.1165      0.6668      0.1176      0.1169   1.0e-03    3.2s
    31        0.1169        0.1162      0.6800      0.1173      0.1166   1.0e-03    3.3s
    32        0.1166        0.1159      0.6887      0.1171      0.1164   1.0e-03    3.2s
    33        0.1163        0.1156      0.6838      0.1170      0.1163   1.0e-03    3.2s
    34        0.1161        0.1154      0.6831      0.1167      0.1161   1.0e-03    3.2s
    35        0.1159        0.1153      0.6828      0.1167      0.1160   1.0e-03    3.2s
    36        0.1158        0.1151      0.6812      0.1167      0.1160   1.0e-03    3.2s
    37        0.1157        0.1150      0.6813      0.1166      0.1159   1.0e-03    3.3s
    38        0.1154        0.1147      0.6814      0.1164      0.1157   1.0e-03    3.1s
    39        0.1153        0.1146      0.6823      0.1164      0.1157   1.0e-03    3.2s
    40        0.1152        0.1145      0.6859      0.1163      0.1156   1.0e-03    3.2s
    41        0.1150        0.1143      0.6863      0.1162      0.1155   1.0e-03    3.2s
    42        0.1149        0.1142      0.6890      0.1161      0.1155   1.0e-03    3.1s
    43        0.1148        0.1141      0.6909      0.1161      0.1155   1.0e-03    3.2s
    44        0.1148        0.1141      0.6932      0.1161      0.1154   1.0e-03    3.1s
    45        0.1145        0.1138      0.6959      0.1160      0.1153   1.0e-03    3.2s
    46        0.1145        0.1138      0.6979      0.1160      0.1153   1.0e-03    3.1s
    47        0.1144        0.1137      0.7000      0.1159      0.1152   1.0e-03    3.2s
    48        0.1143        0.1136      0.6987      0.1158      0.1151   1.0e-03    3.2s
    49        0.1142        0.1135      0.7023      0.1160      0.1153   1.0e-03    3.2s
    50        0.1141        0.1134      0.7050      0.1158      0.1151   1.0e-03    3.2s
    51        0.1140        0.1133      0.7036      0.1160      0.1153   1.0e-03    3.1s
    52        0.1139        0.1132      0.7020      0.1158      0.1151   1.0e-03    3.1s
    53        0.1139        0.1132      0.7027      0.1158      0.1151   1.0e-03    3.1s
    54        0.1138        0.1131      0.7067      0.1158      0.1151   1.0e-03    3.1s
    55        0.1137        0.1130      0.7064      0.1158      0.1151   1.0e-03    3.2s
    56        0.1137        0.1130      0.7100      0.1159      0.1152   1.0e-03    3.1s
    57        0.1137        0.1129      0.7099      0.1158      0.1151   1.0e-03    3.2s
    58        0.1136        0.1128      0.7139      0.1157      0.1150   1.0e-03    3.2s
    59        0.1134        0.1126      0.7132      0.1158      0.1151   1.0e-03    3.1s
    60        0.1133        0.1125      0.7127      0.1158      0.1151   1.0e-03    3.2s
    61        0.1133        0.1125      0.7150      0.1158      0.1151   1.0e-03    3.1s
    62        0.1133        0.1125      0.7119      0.1158      0.1151   1.0e-03    3.2s
    63        0.1132        0.1125      0.7161      0.1157      0.1150   1.0e-03    3.1s
    64        0.1131        0.1123      0.7180      0.1157      0.1150   5.0e-04    3.1s
    65        0.1126        0.1119      0.7186      0.1155      0.1148   5.0e-04    3.1s
    66        0.1125        0.1118      0.7211      0.1155      0.1148   5.0e-04    3.2s
    67        0.1125        0.1118      0.7207      0.1155      0.1148   5.0e-04    3.1s
    68        0.1125        0.1118      0.7206      0.1155      0.1148   5.0e-04    3.1s
    69        0.1124        0.1117      0.7186      0.1156      0.1149   5.0e-04    3.2s
    70        0.1124        0.1117      0.7215      0.1156      0.1148   5.0e-04    3.1s
    71        0.1123        0.1116      0.7219      0.1156      0.1149   2.5e-04    3.1s
    72        0.1121        0.1113      0.7247      0.1155      0.1147   2.5e-04    3.2s
    73        0.1120        0.1113      0.7243      0.1155      0.1148   2.5e-04    3.1s
    74        0.1120        0.1113      0.7262      0.1155      0.1148   2.5e-04    3.1s
    75        0.1120        0.1112      0.7257      0.1155      0.1148   2.5e-04    3.1s
    76        0.1120        0.1113      0.7259      0.1155      0.1148   2.5e-04    3.1s
    77        0.1120        0.1113      0.7285      0.1155      0.1148   2.5e-04    3.2s
    78        0.1120        0.1112      0.7281      0.1155      0.1148   1.3e-04    3.1s
    79        0.1119        0.1112      0.7275      0.1155      0.1148   1.3e-04    3.2s
    80        0.1119        0.1112      0.7264      0.1155      0.1148   1.3e-04    3.2s
    81        0.1118        0.1111      0.7285      0.1155      0.1148   1.3e-04    3.2s
    82        0.1118        0.1111      0.7285      0.1155      0.1148   1.3e-04    3.1s
    83        0.1118        0.1110      0.7302      0.1155      0.1148   1.3e-04    3.2s
    84        0.1118        0.1110      0.7295      0.1155      0.1148   6.3e-05    3.1s
    85        0.1118        0.1110      0.7305      0.1155      0.1148   6.3e-05    3.2s
    86        0.1117        0.1110      0.7311      0.1155      0.1148   6.3e-05    3.1s
    87        0.1117        0.1110      0.7322      0.1155      0.1147   6.3e-05    3.2s

Early stopping at epoch 87 (no improvement for 15 epochs)

Done. Best val loss: 0.1155
Checkpoints and logs saved to: /project/xuanyao/jiaming/deeplearning/results_papalexi/beta1e-3_dim32
=== Analyze ===
Device: cpu
Loading data...
  20729 cells, 3725 genes, 34 perturbations
Log1p-normalizing...
  Filtering 1 cells with unknown perturbation.

Loading model from model_best.pt...

[1/4] Computing latent embeddings...
  Silhouette score (perturbation clusters, excl. NTC): -0.0538
Running UMAP (this may take a few minutes)...
UMAP(min_dist=0.3, n_jobs=1, n_neighbors=30, random_state=42, verbose=True)
Sat May 16 15:17:39 2026 Construct fuzzy simplicial set
Sat May 16 15:17:39 2026 Finding Nearest Neighbors
Sat May 16 15:17:39 2026 Building RP forest with 12 trees
Sat May 16 15:17:45 2026 NN descent for 14 iterations
	 1  /  14
	 2  /  14
	Stopping threshold met -- exiting after 2 iterations
Sat May 16 15:17:59 2026 Finished Nearest Neighbor Search
Sat May 16 15:18:05 2026 Construct embedding
	completed  0  /  200 epochs
	completed  20  /  200 epochs
	completed  40  /  200 epochs
	completed  60  /  200 epochs
	completed  80  /  200 epochs
	completed  100  /  200 epochs
	completed  120  /  200 epochs
	completed  140  /  200 epochs
	completed  160  /  200 epochs
	completed  180  /  200 epochs
Sat May 16 15:18:30 2026 Finished embedding
  Saved: /project/xuanyao/jiaming/deeplearning/results_papalexi/beta1e-3_dim32/figures/umap_latent.png
  Saved covariate UMAPs: umap_n_nonzero.png, umap_n_umis.png, umap_lane.png, umap_bio_rep.png, umap_phase.png, umap_p_mito.png
Running expression-PCA UMAP for covariate verification...
  Saved expression UMAP covariates: umap_expr_n_nonzero.png, umap_expr_n_umis.png, umap_expr_lane.png, umap_expr_bio_rep.png, umap_expr_phase.png, umap_expr_p_mito.png
  Saved: /project/xuanyao/jiaming/deeplearning/results_papalexi/beta1e-3_dim32/figures/umap_per_perturbation.png

[2/4] Computing perturbation response scores (decode Δ vs NTC avg of 9 guides: ['NTg1', 'NTg10', 'NTg2', 'NTg3', 'NTg4']...)...
  NTg1                 (  303 cells) response range: [-0.080, 0.026] [NTC]
  NTg10                (  235 cells) response range: [-0.031, 0.056] [NTC]
  NTg2                 (  106 cells) response range: [-0.073, 0.057] [NTC]
  NTg3                 (  244 cells) response range: [-0.042, 0.030] [NTC]
  NTg4                 (  431 cells) response range: [-0.046, 0.031] [NTC]
  NTg5                 (  305 cells) response range: [-0.034, 0.068] [NTC]
  NTg7                 (  445 cells) response range: [-0.041, 0.046] [NTC]
  NTg8                 (   56 cells) response range: [-0.130, 0.122] [NTC]
  NTg9                 (  261 cells) response range: [-0.024, 0.047] [NTC]
  tar-ATF2             ( 1102 cells) response range: [-0.019, 0.028]
  tar-BRD4             (  341 cells) response range: [-0.242, 0.178]
  tar-CAV1             (  882 cells) response range: [-0.026, 0.043]
  tar-CD86             ( 1197 cells) response range: [-0.036, 0.024]
  tar-CMTM6            (  817 cells) response range: [-0.028, 0.028]
  tar-CUL3             (  274 cells) response range: [-0.084, 0.102]
  tar-ETV7             (  841 cells) response range: [-0.052, 0.073]
  tar-IFNGR1           ( 1341 cells) response range: [-0.913, 0.348]
  tar-IFNGR2           ( 1213 cells) response range: [-0.928, 0.320]
  tar-IRF1             ( 1073 cells) response range: [-0.836, 0.634]
  tar-IRF7             (  614 cells) response range: [-0.033, 0.054]
  tar-JAK2             ( 1024 cells) response range: [-1.012, 0.369]
  tar-MARCH8           ( 1003 cells) response range: [-0.048, 0.040]
  tar-MYC              (  108 cells) response range: [-0.113, 0.094]
  tar-NFKBIA           (  787 cells) response range: [-0.065, 0.055]
  tar-PDCD1LG2         (  617 cells) response range: [-0.038, 0.019]
  tar-POU2F2           (  662 cells) response range: [-0.030, 0.057]
  tar-SMAD4            (  659 cells) response range: [-0.578, 0.562]
  tar-SPI1             (   48 cells) response range: [-0.162, 0.139]
  tar-STAT1            (  444 cells) response range: [-0.701, 0.298]
  tar-STAT2            (  661 cells) response range: [-0.575, 0.144]
  tar-STAT3            (  493 cells) response range: [-0.038, 0.025]
  tar-STAT5A           (  659 cells) response range: [-0.045, 0.035]
  tar-TNFRSF14         (  964 cells) response range: [-0.038, 0.043]
  tar-UBE2L6           (  518 cells) response range: [-0.041, 0.051]
  NTC null: mean |response| per gene = 0.0029  std across NTC guides = 0.0035
  Saved: /project/xuanyao/jiaming/deeplearning/results_papalexi/beta1e-3_dim32/response_scores.csv
  Saved: /project/xuanyao/jiaming/deeplearning/results_papalexi/beta1e-3_dim32/figures/gene_response_heatmap.png
  Saved: /project/xuanyao/jiaming/deeplearning/results_papalexi/beta1e-3_dim32/figures/effect_size_vs_null.png
  NTC noise floor (mean+2SD): 0.0045
  Saved: /project/xuanyao/jiaming/deeplearning/results_papalexi/beta1e-3_dim32/figures/top_genes_per_pert.png

[3/4] Clustering perturbations by response vectors...
  Saved: /project/xuanyao/jiaming/deeplearning/results_papalexi/beta1e-3_dim32/figures/perturbation_clustermap.png

[4/4] Running hallmark pathway enrichment...
  Saved: /project/xuanyao/jiaming/deeplearning/results_papalexi/beta1e-3_dim32/figures/pathway_enrichment.png

[Bonus] Comparing CVAE response vs naive differential expression...
  Mean Spearman ρ (CVAE vs DE): 0.531
  Mean top-20 gene overlap:     6.6/20
  Saved: /project/xuanyao/jiaming/deeplearning/results_papalexi/beta1e-3_dim32/cvae_vs_de_comparison.csv

All figures saved to: /project/xuanyao/jiaming/deeplearning/results_papalexi/beta1e-3_dim32/figures
Done!
Done: beta1e-3_dim32
