=== Train: beta=1e-4 latent_dim=64 ===
Device: cpu
Loading data...
  20729 cells, 3725 genes, 35 perturbations
  Filtering 1 cells with unknown perturbation assignment.
  Extra covariates: 17 dims (3 continuous + 14 categorical OHE)
Log1p-normalizing expression data...
  Train: 17635 cells | Val: 3093 cells

Model: 3725 genes | 34 perturbations | latent_dim=64
  Trainable parameters: 9,068,557

Training for up to 100 epochs (early stop patience=15)...

 Epoch   Train Total   Train Recon    Train KL   Val Total   Val Recon        LR    Time
------------------------------------------------------------------------------------------
     1        0.1953        0.1951      1.3514      0.1447      0.1445   1.0e-03    3.0s
     2        0.1489        0.1488      0.8507      0.1435      0.1434   1.0e-03    3.1s
     3        0.1463        0.1462      0.8271      0.1419      0.1418   1.0e-03    3.1s
     4        0.1428        0.1426      1.3292      0.1375      0.1373   1.0e-03    3.1s
     5        0.1378        0.1376      1.5619      0.1341      0.1340   1.0e-03    3.0s
     6        0.1345        0.1343      1.6188      0.1321      0.1319   1.0e-03    3.0s
     7        0.1322        0.1320      1.7548      0.1300      0.1298   1.0e-03    3.0s
     8        0.1290        0.1288      1.8190      0.1272      0.1270   1.0e-03    3.0s
     9        0.1268        0.1266      1.8601      0.1257      0.1255   1.0e-03    3.0s
    10        0.1253        0.1251      1.9054      0.1242      0.1240   1.0e-03    3.1s
    11        0.1240        0.1238      1.9575      0.1231      0.1229   1.0e-03    3.1s
    12        0.1227        0.1225      1.9655      0.1218      0.1216   1.0e-03    3.0s
    13        0.1217        0.1215      1.9939      0.1209      0.1207   1.0e-03    2.9s
    14        0.1207        0.1205      2.0380      0.1202      0.1200   1.0e-03    3.0s
    15        0.1201        0.1199      2.0633      0.1195      0.1193   1.0e-03    3.0s
    16        0.1194        0.1192      2.0566      0.1190      0.1188   1.0e-03    3.1s
    17        0.1189        0.1187      2.0776      0.1186      0.1184   1.0e-03    3.1s
    18        0.1183        0.1181      2.0922      0.1180      0.1178   1.0e-03    3.0s
    19        0.1177        0.1175      2.1273      0.1174      0.1172   1.0e-03    3.2s
    20        0.1173        0.1171      2.1369      0.1170      0.1167   1.0e-03    3.2s
    21        0.1169        0.1166      2.1492      0.1165      0.1163   1.0e-03    3.1s
    22        0.1163        0.1161      2.1913      0.1162      0.1160   1.0e-03    3.2s
    23        0.1159        0.1157      2.1938      0.1159      0.1157   1.0e-03    3.0s
    24        0.1155        0.1153      2.2388      0.1155      0.1153   1.0e-03    3.1s
    25        0.1153        0.1150      2.2480      0.1153      0.1150   1.0e-03    3.0s
    26        0.1150        0.1147      2.2584      0.1150      0.1148   1.0e-03    3.0s
    27        0.1147        0.1145      2.2692      0.1148      0.1146   1.0e-03    3.1s
    28        0.1144        0.1142      2.2735      0.1146      0.1144   1.0e-03    3.1s
    29        0.1142        0.1139      2.2814      0.1146      0.1143   1.0e-03    3.1s
    30        0.1140        0.1138      2.2826      0.1144      0.1142   1.0e-03    3.1s
    31        0.1138        0.1136      2.2945      0.1142      0.1140   1.0e-03    3.1s
    32        0.1136        0.1133      2.2966      0.1142      0.1140   1.0e-03    3.0s
    33        0.1134        0.1132      2.3120      0.1140      0.1138   1.0e-03    3.0s
    34        0.1133        0.1131      2.3260      0.1140      0.1138   1.0e-03    3.0s
    35        0.1130        0.1128      2.3383      0.1137      0.1135   1.0e-03    3.1s
    36        0.1129        0.1126      2.3402      0.1136      0.1134   1.0e-03    3.1s
    37        0.1127        0.1125      2.3710      0.1136      0.1133   1.0e-03    3.1s
    38        0.1125        0.1123      2.3640      0.1134      0.1132   1.0e-03    3.1s
    39        0.1123        0.1121      2.3712      0.1134      0.1131   1.0e-03    3.1s
    40        0.1122        0.1120      2.3702      0.1132      0.1130   1.0e-03    3.0s
    41        0.1120        0.1117      2.3859      0.1130      0.1128   1.0e-03    3.1s
    42        0.1118        0.1116      2.3970      0.1130      0.1127   1.0e-03    3.1s
    43        0.1116        0.1114      2.4012      0.1128      0.1126   1.0e-03    3.0s
    44        0.1116        0.1114      2.4215      0.1128      0.1126   1.0e-03    2.9s
    45        0.1115        0.1112      2.4100      0.1128      0.1126   1.0e-03    3.2s
    46        0.1112        0.1110      2.4209      0.1126      0.1124   1.0e-03    3.0s
    47        0.1112        0.1109      2.4337      0.1126      0.1123   1.0e-03    3.1s
    48        0.1111        0.1108      2.4249      0.1125      0.1123   1.0e-03    3.0s
    49        0.1109        0.1107      2.4217      0.1124      0.1122   1.0e-03    3.0s
    50        0.1108        0.1106      2.4436      0.1124      0.1122   1.0e-03    3.1s
    51        0.1108        0.1105      2.4536      0.1124      0.1121   1.0e-03    3.1s
    52        0.1106        0.1104      2.4592      0.1124      0.1122   1.0e-03    3.0s
    53        0.1105        0.1103      2.4332      0.1122      0.1120   1.0e-03    3.0s
    54        0.1104        0.1101      2.4630      0.1123      0.1120   1.0e-03    3.1s
    55        0.1103        0.1101      2.4679      0.1122      0.1120   1.0e-03    3.1s
    56        0.1103        0.1100      2.4753      0.1122      0.1119   1.0e-03    3.0s
    57        0.1101        0.1098      2.4616      0.1124      0.1121   1.0e-03    3.0s
    58        0.1100        0.1098      2.4694      0.1121      0.1118   1.0e-03    3.0s
    59        0.1100        0.1098      2.4827      0.1122      0.1120   1.0e-03    3.0s
    60        0.1099        0.1097      2.4663      0.1121      0.1119   1.0e-03    3.0s
    61        0.1098        0.1095      2.4797      0.1122      0.1119   1.0e-03    3.1s
    62        0.1097        0.1094      2.4772      0.1120      0.1118   1.0e-03    3.0s
    63        0.1096        0.1093      2.4895      0.1121      0.1119   1.0e-03    3.0s
    64        0.1095        0.1092      2.4864      0.1120      0.1117   1.0e-03    3.0s
    65        0.1095        0.1092      2.4809      0.1120      0.1118   1.0e-03    3.0s
    66        0.1094        0.1092      2.4815      0.1120      0.1118   1.0e-03    3.0s
    67        0.1094        0.1091      2.5057      0.1120      0.1117   1.0e-03    2.9s
    68        0.1092        0.1090      2.4951      0.1120      0.1117   1.0e-03    3.0s
    69        0.1092        0.1090      2.5063      0.1120      0.1117   1.0e-03    3.0s
    70        0.1091        0.1088      2.5157      0.1120      0.1118   1.0e-03    3.0s
    71        0.1091        0.1088      2.5019      0.1120      0.1117   1.0e-03    3.0s
    72        0.1090        0.1088      2.5002      0.1120      0.1118   1.0e-03    3.0s
    73        0.1089        0.1087      2.4977      0.1120      0.1117   1.0e-03    3.0s
    74        0.1088        0.1085      2.4976      0.1119      0.1117   1.0e-03    3.0s
    75        0.1086        0.1084      2.5116      0.1120      0.1117   1.0e-03    3.0s
    76        0.1086        0.1083      2.5101      0.1119      0.1116   1.0e-03    3.0s
    77        0.1086        0.1084      2.5082      0.1120      0.1117   1.0e-03    3.1s
    78        0.1086        0.1084      2.5184      0.1120      0.1117   1.0e-03    2.9s
    79        0.1085        0.1082      2.5099      0.1119      0.1116   1.0e-03    3.0s
    80        0.1085        0.1082      2.5164      0.1119      0.1117   1.0e-03    3.0s
    81        0.1083        0.1081      2.5208      0.1118      0.1115   1.0e-03    2.9s
    82        0.1083        0.1081      2.5064      0.1119      0.1116   1.0e-03    3.0s
    83        0.1082        0.1080      2.5236      0.1119      0.1117   1.0e-03    3.2s
    84        0.1081        0.1079      2.5353      0.1118      0.1115   1.0e-03    3.0s
    85        0.1081        0.1078      2.5302      0.1119      0.1117   1.0e-03    3.0s
    86        0.1080        0.1078      2.5294      0.1119      0.1116   1.0e-03    3.0s
    87        0.1081        0.1078      2.5276      0.1120      0.1118   5.0e-04    3.0s
    88        0.1075        0.1073      2.5382      0.1115      0.1113   5.0e-04    3.0s
    89        0.1074        0.1072      2.5371      0.1115      0.1113   5.0e-04    3.0s
    90        0.1074        0.1071      2.5346      0.1116      0.1113   5.0e-04    3.0s
    91        0.1073        0.1070      2.5505      0.1116      0.1114   5.0e-04    3.0s
    92        0.1072        0.1070      2.5508      0.1115      0.1112   5.0e-04    3.0s
    93        0.1072        0.1069      2.5488      0.1116      0.1113   5.0e-04    3.0s
    94        0.1071        0.1069      2.5440      0.1116      0.1114   5.0e-04    3.0s
    95        0.1071        0.1069      2.5519      0.1116      0.1113   5.0e-04    3.1s
    96        0.1072        0.1069      2.5644      0.1115      0.1113   5.0e-04    3.0s
    97        0.1070        0.1068      2.5501      0.1116      0.1114   5.0e-04    2.9s
    98        0.1070        0.1068      2.5681      0.1116      0.1113   2.5e-04    3.0s
    99        0.1068        0.1066      2.5525      0.1114      0.1112   2.5e-04    3.0s
   100        0.1067        0.1065      2.5543      0.1115      0.1112   2.5e-04    2.9s

Done. Best val loss: 0.1114
Checkpoints and logs saved to: /project/xuanyao/jiaming/deeplearning/results_papalexi/beta1e-4_dim64
=== Analyze ===
Device: cpu
Loading data...
  20729 cells, 3725 genes, 34 perturbations
Log1p-normalizing...
  Filtering 1 cells with unknown perturbation.

Loading model from model_best.pt...

[1/4] Computing latent embeddings...
  Silhouette score (perturbation clusters, excl. NTC): -0.0366
Running UMAP (this may take a few minutes)...
UMAP(min_dist=0.3, n_jobs=1, n_neighbors=30, random_state=42, verbose=True)
Sat May 16 15:18:05 2026 Construct fuzzy simplicial set
Sat May 16 15:18:05 2026 Finding Nearest Neighbors
Sat May 16 15:18:05 2026 Building RP forest with 12 trees
Sat May 16 15:18:11 2026 NN descent for 14 iterations
	 1  /  14
	 2  /  14
	 3  /  14
	Stopping threshold met -- exiting after 3 iterations
Sat May 16 15:18:24 2026 Finished Nearest Neighbor Search
Sat May 16 15:18:29 2026 Construct embedding
	completed  0  /  200 epochs
	completed  20  /  200 epochs
	completed  40  /  200 epochs
	completed  60  /  200 epochs
	completed  80  /  200 epochs
	completed  100  /  200 epochs
	completed  120  /  200 epochs
	completed  140  /  200 epochs
	completed  160  /  200 epochs
	completed  180  /  200 epochs
Sat May 16 15:18:54 2026 Finished embedding
  Saved: /project/xuanyao/jiaming/deeplearning/results_papalexi/beta1e-4_dim64/figures/umap_latent.png
  Saved covariate UMAPs: umap_n_nonzero.png, umap_n_umis.png, umap_lane.png, umap_bio_rep.png, umap_phase.png, umap_p_mito.png
Running expression-PCA UMAP for covariate verification...
  Saved expression UMAP covariates: umap_expr_n_nonzero.png, umap_expr_n_umis.png, umap_expr_lane.png, umap_expr_bio_rep.png, umap_expr_phase.png, umap_expr_p_mito.png
  Saved: /project/xuanyao/jiaming/deeplearning/results_papalexi/beta1e-4_dim64/figures/umap_per_perturbation.png

[2/4] Computing perturbation response scores (decode Δ vs NTC avg of 9 guides: ['NTg1', 'NTg10', 'NTg2', 'NTg3', 'NTg4']...)...
  NTg1                 (  303 cells) response range: [-0.030, 0.019] [NTC]
  NTg10                (  235 cells) response range: [-0.029, 0.092] [NTC]
  NTg2                 (  106 cells) response range: [-0.053, 0.032] [NTC]
  NTg3                 (  244 cells) response range: [-0.032, 0.033] [NTC]
  NTg4                 (  431 cells) response range: [-0.029, 0.054] [NTC]
  NTg5                 (  305 cells) response range: [-0.049, 0.031] [NTC]
  NTg7                 (  445 cells) response range: [-0.030, 0.027] [NTC]
  NTg8                 (   56 cells) response range: [-0.044, 0.034] [NTC]
  NTg9                 (  261 cells) response range: [-0.026, 0.027] [NTC]
  tar-ATF2             ( 1102 cells) response range: [-0.014, 0.025]
  tar-BRD4             (  341 cells) response range: [-0.178, 0.159]
  tar-CAV1             (  882 cells) response range: [-0.031, 0.030]
  tar-CD86             ( 1197 cells) response range: [-0.018, 0.021]
  tar-CMTM6            (  817 cells) response range: [-0.022, 0.030]
  tar-CUL3             (  274 cells) response range: [-0.120, 0.117]
  tar-ETV7             (  841 cells) response range: [-0.026, 0.048]
  tar-IFNGR1           ( 1341 cells) response range: [-0.584, 0.211]
  tar-IFNGR2           ( 1213 cells) response range: [-0.624, 0.213]
  tar-IRF1             ( 1073 cells) response range: [-0.735, 0.426]
  tar-IRF7             (  614 cells) response range: [-0.024, 0.037]
  tar-JAK2             ( 1024 cells) response range: [-0.645, 0.221]
  tar-MARCH8           ( 1003 cells) response range: [-0.018, 0.044]
  tar-MYC              (  108 cells) response range: [-0.096, 0.081]
  tar-NFKBIA           (  787 cells) response range: [-0.031, 0.058]
  tar-PDCD1LG2         (  617 cells) response range: [-0.025, 0.029]
  tar-POU2F2           (  662 cells) response range: [-0.024, 0.049]
  tar-SMAD4            (  659 cells) response range: [-0.483, 0.350]
  tar-SPI1             (   48 cells) response range: [-0.134, 0.145]
  tar-STAT1            (  444 cells) response range: [-0.518, 0.183]
  tar-STAT2            (  661 cells) response range: [-0.395, 0.080]
  tar-STAT3            (  493 cells) response range: [-0.022, 0.033]
  tar-STAT5A           (  659 cells) response range: [-0.028, 0.027]
  tar-TNFRSF14         (  964 cells) response range: [-0.032, 0.035]
  tar-UBE2L6           (  518 cells) response range: [-0.023, 0.035]
  NTC null: mean |response| per gene = 0.0022  std across NTC guides = 0.0026
  Saved: /project/xuanyao/jiaming/deeplearning/results_papalexi/beta1e-4_dim64/response_scores.csv
  Saved: /project/xuanyao/jiaming/deeplearning/results_papalexi/beta1e-4_dim64/figures/gene_response_heatmap.png
  Saved: /project/xuanyao/jiaming/deeplearning/results_papalexi/beta1e-4_dim64/figures/effect_size_vs_null.png
  NTC noise floor (mean+2SD): 0.0030
  Saved: /project/xuanyao/jiaming/deeplearning/results_papalexi/beta1e-4_dim64/figures/top_genes_per_pert.png

[3/4] Clustering perturbations by response vectors...
  Saved: /project/xuanyao/jiaming/deeplearning/results_papalexi/beta1e-4_dim64/figures/perturbation_clustermap.png

[4/4] Running hallmark pathway enrichment...
  Saved: /project/xuanyao/jiaming/deeplearning/results_papalexi/beta1e-4_dim64/figures/pathway_enrichment.png

[Bonus] Comparing CVAE response vs naive differential expression...
  Mean Spearman ρ (CVAE vs DE): 0.569
  Mean top-20 gene overlap:     6.9/20
  Saved: /project/xuanyao/jiaming/deeplearning/results_papalexi/beta1e-4_dim64/cvae_vs_de_comparison.csv

All figures saved to: /project/xuanyao/jiaming/deeplearning/results_papalexi/beta1e-4_dim64/figures
Done!
Done: beta1e-4_dim64
