=== Train: beta=1e-4 latent_dim=64 (no phase) ===
Device: cpu
Loading data...
  20729 cells, 3725 genes, 35 perturbations
  Filtering 1 cells with unknown perturbation assignment.
  Extra covariates: 14 dims (3 continuous + 11 categorical OHE)
Log1p-normalizing expression data...
  Train: 17635 cells | Val: 3093 cells

Model: 3725 genes | 34 perturbations | latent_dim=64
  Trainable parameters: 9,064,717

Training for up to 100 epochs (early stop patience=15)...

 Epoch   Train Total   Train Recon    Train KL   Val Total   Val Recon        LR    Time
------------------------------------------------------------------------------------------
     1        0.1947        0.1945      1.4154      0.1446      0.1444   1.0e-03    2.9s
     2        0.1491        0.1490      1.1127      0.1435      0.1435   1.0e-03    3.1s
     3        0.1463        0.1462      0.6369      0.1423      0.1422   1.0e-03    3.2s
     4        0.1442        0.1441      0.9313      0.1406      0.1405   1.0e-03    3.1s
     5        0.1404        0.1403      1.4125      0.1363      0.1361   1.0e-03    3.2s
     6        0.1359        0.1358      1.4812      0.1334      0.1333   1.0e-03    3.2s
     7        0.1331        0.1330      1.6001      0.1306      0.1304   1.0e-03    3.2s
     8        0.1297        0.1295      1.7934      0.1277      0.1275   1.0e-03    3.1s
     9        0.1274        0.1272      1.7884      0.1262      0.1260   1.0e-03    3.1s
    10        0.1260        0.1258      1.7583      0.1251      0.1249   1.0e-03    3.2s
    11        0.1250        0.1248      1.8611      0.1243      0.1241   1.0e-03    3.1s
    12        0.1239        0.1237      1.9389      0.1232      0.1230   1.0e-03    3.2s
    13        0.1229        0.1227      1.9049      0.1220      0.1218   1.0e-03    3.2s
    14        0.1216        0.1214      1.9398      0.1210      0.1208   1.0e-03    3.1s
    15        0.1207        0.1205      1.9835      0.1203      0.1201   1.0e-03    3.1s
    16        0.1200        0.1198      2.0284      0.1197      0.1195   1.0e-03    3.1s
    17        0.1193        0.1191      2.0610      0.1192      0.1190   1.0e-03    3.2s
    18        0.1189        0.1187      2.0418      0.1188      0.1186   1.0e-03    3.1s
    19        0.1185        0.1183      2.0792      0.1185      0.1183   1.0e-03    3.2s
    20        0.1181        0.1179      2.0693      0.1179      0.1177   1.0e-03    3.2s
    21        0.1175        0.1173      2.1120      0.1175      0.1173   1.0e-03    3.2s
    22        0.1171        0.1169      2.1299      0.1170      0.1168   1.0e-03    3.3s
    23        0.1167        0.1165      2.1361      0.1166      0.1164   1.0e-03    3.2s
    24        0.1162        0.1160      2.1607      0.1163      0.1161   1.0e-03    3.2s
    25        0.1159        0.1156      2.1787      0.1161      0.1158   1.0e-03    3.2s
    26        0.1156        0.1154      2.2050      0.1158      0.1156   1.0e-03    3.2s
    27        0.1152        0.1150      2.2216      0.1154      0.1152   1.0e-03    3.2s
    28        0.1149        0.1147      2.2462      0.1153      0.1150   1.0e-03    3.2s
    29        0.1148        0.1146      2.2487      0.1152      0.1150   1.0e-03    3.1s
    30        0.1145        0.1142      2.2424      0.1150      0.1148   1.0e-03    3.3s
    31        0.1142        0.1140      2.2681      0.1148      0.1145   1.0e-03    3.2s
    32        0.1140        0.1138      2.2680      0.1146      0.1144   1.0e-03    3.2s
    33        0.1138        0.1136      2.2933      0.1145      0.1142   1.0e-03    3.2s
    34        0.1136        0.1134      2.3022      0.1145      0.1142   1.0e-03    3.2s
    35        0.1134        0.1132      2.3105      0.1142      0.1139   1.0e-03    3.2s
    36        0.1132        0.1130      2.3369      0.1140      0.1137   1.0e-03    3.2s
    37        0.1130        0.1128      2.3202      0.1138      0.1136   1.0e-03    3.1s
    38        0.1128        0.1125      2.3259      0.1138      0.1135   1.0e-03    3.2s
    39        0.1128        0.1126      2.3415      0.1138      0.1135   1.0e-03    3.1s
    40        0.1125        0.1122      2.3509      0.1135      0.1132   1.0e-03    3.2s
    41        0.1123        0.1121      2.3636      0.1135      0.1133   1.0e-03    3.1s
    42        0.1122        0.1120      2.3659      0.1133      0.1130   1.0e-03    3.1s
    43        0.1121        0.1119      2.3717      0.1133      0.1130   1.0e-03    3.1s
    44        0.1119        0.1117      2.3749      0.1132      0.1130   1.0e-03    3.1s
    45        0.1117        0.1115      2.3757      0.1130      0.1128   1.0e-03    3.2s
    46        0.1116        0.1114      2.3850      0.1130      0.1128   1.0e-03    3.2s
    47        0.1115        0.1113      2.3922      0.1130      0.1127   1.0e-03    3.2s
    48        0.1114        0.1112      2.4051      0.1129      0.1126   1.0e-03    3.2s
    49        0.1113        0.1111      2.3996      0.1130      0.1128   1.0e-03    3.1s
    50        0.1112        0.1109      2.3907      0.1128      0.1126   1.0e-03    3.1s
    51        0.1111        0.1109      2.4063      0.1129      0.1126   1.0e-03    3.3s
    52        0.1110        0.1107      2.4066      0.1127      0.1125   1.0e-03    3.2s
    53        0.1108        0.1106      2.4179      0.1127      0.1124   1.0e-03    3.0s
    54        0.1108        0.1105      2.4204      0.1127      0.1124   1.0e-03    3.1s
    55        0.1107        0.1104      2.4385      0.1126      0.1124   1.0e-03    3.1s
    56        0.1107        0.1104      2.4323      0.1125      0.1122   1.0e-03    3.1s
    57        0.1104        0.1102      2.4243      0.1125      0.1122   1.0e-03    3.1s
    58        0.1104        0.1102      2.4220      0.1125      0.1122   1.0e-03    3.1s
    59        0.1103        0.1100      2.4406      0.1124      0.1121   1.0e-03    3.1s
    60        0.1102        0.1100      2.4390      0.1123      0.1121   1.0e-03    3.1s
    61        0.1101        0.1099      2.4594      0.1125      0.1122   1.0e-03    3.2s
    62        0.1100        0.1098      2.4444      0.1124      0.1122   1.0e-03    3.2s
    63        0.1100        0.1098      2.4495      0.1124      0.1122   1.0e-03    3.1s
    64        0.1099        0.1097      2.4454      0.1123      0.1121   1.0e-03    3.1s
    65        0.1098        0.1095      2.4511      0.1122      0.1120   1.0e-03    3.2s
    66        0.1098        0.1095      2.4578      0.1123      0.1120   1.0e-03    3.2s
    67        0.1097        0.1094      2.4605      0.1124      0.1121   1.0e-03    3.0s
    68        0.1097        0.1094      2.4673      0.1123      0.1120   1.0e-03    3.1s
    69        0.1096        0.1094      2.4551      0.1123      0.1121   1.0e-03    3.1s
    70        0.1095        0.1092      2.4670      0.1124      0.1121   1.0e-03    3.1s
    71        0.1094        0.1091      2.4756      0.1123      0.1120   5.0e-04    3.1s
    72        0.1090        0.1087      2.4773      0.1119      0.1117   5.0e-04    3.1s
    73        0.1088        0.1085      2.4848      0.1119      0.1117   5.0e-04    3.3s
    74        0.1087        0.1085      2.4761      0.1119      0.1116   5.0e-04    3.1s
    75        0.1087        0.1084      2.4721      0.1119      0.1117   5.0e-04    3.2s
    76        0.1086        0.1084      2.4766      0.1119      0.1117   5.0e-04    3.1s
    77        0.1087        0.1084      2.4782      0.1119      0.1116   5.0e-04    3.2s
    78        0.1086        0.1083      2.4827      0.1119      0.1116   5.0e-04    3.1s
    79        0.1085        0.1083      2.4773      0.1120      0.1117   5.0e-04    3.1s
    80        0.1085        0.1083      2.4835      0.1119      0.1116   2.5e-04    3.1s
    81        0.1082        0.1080      2.4837      0.1118      0.1115   2.5e-04    3.1s
    82        0.1082        0.1079      2.4910      0.1118      0.1116   2.5e-04    3.1s
    83        0.1082        0.1079      2.4926      0.1118      0.1116   2.5e-04    3.1s
    84        0.1082        0.1080      2.4889      0.1118      0.1116   2.5e-04    3.2s
    85        0.1080        0.1078      2.4915      0.1118      0.1116   2.5e-04    3.1s
    86        0.1081        0.1078      2.4799      0.1118      0.1116   2.5e-04    3.2s
    87        0.1081        0.1079      2.4868      0.1118      0.1116   1.3e-04    3.1s
    88        0.1080        0.1078      2.4936      0.1117      0.1115   1.3e-04    3.1s
    89        0.1079        0.1077      2.4902      0.1117      0.1115   1.3e-04    3.0s
    90        0.1079        0.1076      2.4942      0.1117      0.1115   1.3e-04    3.1s
    91        0.1079        0.1077      2.4997      0.1117      0.1115   1.3e-04    3.0s
    92        0.1078        0.1075      2.4975      0.1118      0.1115   1.3e-04    3.1s
    93        0.1078        0.1076      2.4954      0.1117      0.1114   1.3e-04    3.1s
    94        0.1079        0.1076      2.4897      0.1118      0.1115   1.3e-04    3.0s
    95        0.1078        0.1075      2.4891      0.1117      0.1115   1.3e-04    3.1s
    96        0.1079        0.1076      2.4892      0.1118      0.1115   1.3e-04    3.0s
    97        0.1078        0.1075      2.4917      0.1118      0.1115   1.3e-04    3.1s
    98        0.1079        0.1076      2.4909      0.1118      0.1115   1.3e-04    3.0s
    99        0.1078        0.1075      2.4971      0.1118      0.1115   6.3e-05    3.0s
   100        0.1077        0.1075      2.4991      0.1117      0.1115   6.3e-05    3.0s

Done. Best val loss: 0.1117
Checkpoints and logs saved to: /project/xuanyao/jiaming/deeplearning/results_papalexi_nophase/beta1e-4_dim64
=== Analyze ===
Device: cpu
Loading data...
  20729 cells, 3725 genes, 34 perturbations
Log1p-normalizing...
  Filtering 1 cells with unknown perturbation.

Loading model from model_best.pt...

[1/4] Computing latent embeddings...
  Silhouette score (perturbation clusters, excl. NTC): -0.0354
Running UMAP (this may take a few minutes)...
UMAP(min_dist=0.3, n_jobs=1, n_neighbors=30, random_state=42, verbose=True)
Sat May 16 15:25:38 2026 Construct fuzzy simplicial set
Sat May 16 15:25:38 2026 Finding Nearest Neighbors
Sat May 16 15:25:38 2026 Building RP forest with 12 trees
Sat May 16 15:25:45 2026 NN descent for 14 iterations
	 1  /  14
	 2  /  14
	 3  /  14
	Stopping threshold met -- exiting after 3 iterations
Sat May 16 15:25:58 2026 Finished Nearest Neighbor Search
Sat May 16 15:26:03 2026 Construct embedding
	completed  0  /  200 epochs
	completed  20  /  200 epochs
	completed  40  /  200 epochs
	completed  60  /  200 epochs
	completed  80  /  200 epochs
	completed  100  /  200 epochs
	completed  120  /  200 epochs
	completed  140  /  200 epochs
	completed  160  /  200 epochs
	completed  180  /  200 epochs
Sat May 16 15:26:29 2026 Finished embedding
  Saved: /project/xuanyao/jiaming/deeplearning/results_papalexi_nophase/beta1e-4_dim64/figures/umap_latent.png
  Saved covariate UMAPs: umap_n_nonzero.png, umap_n_umis.png, umap_lane.png, umap_bio_rep.png, umap_phase.png, umap_p_mito.png
Running expression-PCA UMAP for covariate verification...
  Saved expression UMAP covariates: umap_expr_n_nonzero.png, umap_expr_n_umis.png, umap_expr_lane.png, umap_expr_bio_rep.png, umap_expr_phase.png, umap_expr_p_mito.png
  Saved: /project/xuanyao/jiaming/deeplearning/results_papalexi_nophase/beta1e-4_dim64/figures/umap_per_perturbation.png

[2/4] Computing perturbation response scores (decode Δ vs NTC avg of 9 guides: ['NTg1', 'NTg10', 'NTg2', 'NTg3', 'NTg4']...)...
  NTg1                 (  303 cells) response range: [-0.074, 0.026] [NTC]
  NTg10                (  235 cells) response range: [-0.025, 0.066] [NTC]
  NTg2                 (  106 cells) response range: [-0.068, 0.053] [NTC]
  NTg3                 (  244 cells) response range: [-0.023, 0.023] [NTC]
  NTg4                 (  431 cells) response range: [-0.028, 0.025] [NTC]
  NTg5                 (  305 cells) response range: [-0.048, 0.056] [NTC]
  NTg7                 (  445 cells) response range: [-0.021, 0.030] [NTC]
  NTg8                 (   56 cells) response range: [-0.053, 0.030] [NTC]
  NTg9                 (  261 cells) response range: [-0.026, 0.032] [NTC]
  tar-ATF2             ( 1102 cells) response range: [-0.014, 0.024]
  tar-BRD4             (  341 cells) response range: [-0.166, 0.108]
  tar-CAV1             (  882 cells) response range: [-0.038, 0.026]
  tar-CD86             ( 1197 cells) response range: [-0.021, 0.015]
  tar-CMTM6            (  817 cells) response range: [-0.040, 0.039]
  tar-CUL3             (  274 cells) response range: [-0.081, 0.096]
  tar-ETV7             (  841 cells) response range: [-0.017, 0.050]
  tar-IFNGR1           ( 1341 cells) response range: [-0.585, 0.199]
  tar-IFNGR2           ( 1213 cells) response range: [-0.593, 0.215]
  tar-IRF1             ( 1073 cells) response range: [-0.741, 0.448]
  tar-IRF7             (  614 cells) response range: [-0.017, 0.029]
  tar-JAK2             ( 1024 cells) response range: [-0.657, 0.224]
  tar-MARCH8           ( 1003 cells) response range: [-0.022, 0.032]
  tar-MYC              (  108 cells) response range: [-0.125, 0.083]
  tar-NFKBIA           (  787 cells) response range: [-0.058, 0.052]
  tar-PDCD1LG2         (  617 cells) response range: [-0.028, 0.029]
  tar-POU2F2           (  662 cells) response range: [-0.029, 0.029]
  tar-SMAD4            (  659 cells) response range: [-0.548, 0.383]
  tar-SPI1             (   48 cells) response range: [-0.129, 0.121]
  tar-STAT1            (  444 cells) response range: [-0.515, 0.181]
  tar-STAT2            (  661 cells) response range: [-0.355, 0.077]
  tar-STAT3            (  493 cells) response range: [-0.042, 0.020]
  tar-STAT5A           (  659 cells) response range: [-0.038, 0.026]
  tar-TNFRSF14         (  964 cells) response range: [-0.018, 0.022]
  tar-UBE2L6           (  518 cells) response range: [-0.028, 0.030]
  NTC null: mean |response| per gene = 0.0019  std across NTC guides = 0.0023
  Saved: /project/xuanyao/jiaming/deeplearning/results_papalexi_nophase/beta1e-4_dim64/response_scores.csv
  Saved: /project/xuanyao/jiaming/deeplearning/results_papalexi_nophase/beta1e-4_dim64/figures/gene_response_heatmap.png
  Saved: /project/xuanyao/jiaming/deeplearning/results_papalexi_nophase/beta1e-4_dim64/figures/effect_size_vs_null.png
  NTC noise floor (mean+2SD): 0.0025
  Saved: /project/xuanyao/jiaming/deeplearning/results_papalexi_nophase/beta1e-4_dim64/figures/top_genes_per_pert.png

[3/4] Clustering perturbations by response vectors...
  Saved: /project/xuanyao/jiaming/deeplearning/results_papalexi_nophase/beta1e-4_dim64/figures/perturbation_clustermap.png

[4/4] Running hallmark pathway enrichment...
  Saved: /project/xuanyao/jiaming/deeplearning/results_papalexi_nophase/beta1e-4_dim64/figures/pathway_enrichment.png

[Bonus] Comparing CVAE response vs naive differential expression...
  Mean Spearman ρ (CVAE vs DE): 0.555
  Mean top-20 gene overlap:     7.0/20
  Saved: /project/xuanyao/jiaming/deeplearning/results_papalexi_nophase/beta1e-4_dim64/cvae_vs_de_comparison.csv

All figures saved to: /project/xuanyao/jiaming/deeplearning/results_papalexi_nophase/beta1e-4_dim64/figures
Done!
Done: beta1e-4_dim64
